********  (C) Copyright Rosetta Commons Member Institutions.  ***************
* Use of Rosetta for commercial purposes may require purchase of a license. *
********  See LICENSE.md or email license@uw.edu for more details. **********
core.init: Checking for fconfig files in pwd and ./rosetta/flags 
core.init: Rosetta version: 2025.37+HEAD.df75a9c48e df75a9c48e763e52a7aa3f5dfba077f4da88dbf5 https://github.com/RosettaCommons/rosetta.git 2025-09-03T12:23:30
core.init: Rosetta extras: []
core.init: command: rosetta_scripts @flags_r6_m10000
basic.random.init_random_generator: 'RNG device' seed mode, using '/dev/urandom', seed=-1878695559 seed_offset=0 real_seed=-1878695559
basic.random.init_random_generator: RandomGenerator:init: Normal mode, seed=-1878695559 RG_type=mt19937
core.init: found database environment variable ROSETTA3_DB: /usr/local/database
protocols.jd2.PDBJobInputter: Instantiate PDBJobInputter
protocols.jd2.PDBJobInputter: PDBJobInputter::fill_jobs
protocols.jd2.PDBJobInputter: pushed structure.pdb nstruct index 1
protocols.evaluation.ChiWellRmsdEvaluatorCreator: Evaluation Creator active ... 
protocols.jd2.PDBJobInputter: PDBJobInputter::pose_from_job
protocols.jd2.PDBJobInputter: filling pose from PDB structure.pdb
core.chemical.GlobalResidueTypeSet: Finished initializing fa_standard residue type set.  Created 985 residue types
core.chemical.GlobalResidueTypeSet: Total time to initialize 0.549959 seconds.
core.import_pose.import_pose: File 'structure.pdb' automatically determined to be of type PDB from contents.
protocols.rosetta_scripts.RosettaScriptsParser: dock_design_filename=relax_r6_m10000.xml
protocols.rosetta_scripts.RosettaScriptsParser: Validating input script...
protocols.rosetta_scripts.RosettaScriptsSchemaValidator: Generating XML Schema for rosetta_scripts...
protocols.rosetta_scripts.RosettaScriptsSchemaValidator: ...done
protocols.rosetta_scripts.RosettaScriptsSchemaValidator: Initializing schema validator...
protocols.rosetta_scripts.RosettaScriptsSchemaValidator: ...done
protocols.rosetta_scripts.RosettaScriptsParser: ...done
protocols.rosetta_scripts.RosettaScriptsParser: Parsed script:
<ROSETTASCRIPTS>
	<SCOREFXNS>
		<ScoreFunction name="beta_sf" weights="beta_nov16_cart"/>
	</SCOREFXNS>
	<RESIDUE_SELECTORS>
		<Neighborhood distance="10000" name="surrounding_move_map" resnums="55"/>
		<Not name="rest_move_map" selector="surrounding_move_map"/>
		<Neighborhood distance="6" name="surrounding_repack" resnums="55"/>
		<Not name="rest_repack" selector="surrounding_repack"/>
	</RESIDUE_SELECTORS>
	<TASKOPERATIONS>
		<InitializeFromCommandline name="init"/>
		<OperateOnResidueSubset name="repack_res" selector="surrounding_repack">
			<RestrictToRepackingRLT/>
		</OperateOnResidueSubset>
		<OperateOnResidueSubset name="no_repack" selector="rest_repack">
			<PreventRepackingRLT/>
		</OperateOnResidueSubset>
	</TASKOPERATIONS>
	<MOVE_MAP_FACTORIES>
		<MoveMapFactory bb="0" chi="0" name="local_mm">
			<Backbone enable="true" residue_selector="surrounding_move_map"/>
			<Chi enable="true" residue_selector="surrounding_move_map"/>
		</MoveMapFactory>
	</MOVE_MAP_FACTORIES>
	<MOVERS>
		<MutateResidue name="mutant" new_res="ALA" target="55A"/>
		<FastRelax cartesian="true" disable_design="true" movemap_factory="local_mm" name="relax" repeats="5" scorefxn="beta_sf" task_operations="init,repack_res,no_repack"/>
	</MOVERS>
	<PROTOCOLS>
		<Add mover_name="mutant"/>
		<Add mover_name="relax"/>
	</PROTOCOLS>
	<OUTPUT scorefxn="beta_sf"/>
</ROSETTASCRIPTS>
core.scoring.ScoreFunctionFactory: SCOREFUNCTION: beta_nov16_cart.wts
core.scoring.etable: Starting energy table calculation
core.scoring.etable: smooth_etable: changing atr/rep split to bottom of energy well
core.scoring.etable: smooth_etable: spline smoothing lj etables (maxdis = 6)
core.scoring.etable: smooth_etable: spline smoothing solvation etables (max_dis = 6)
core.scoring.etable: Finished calculating energy tables.
basic.io.database: Database file opened: scoring/score_functions/hbonds/ref2015_params/HBPoly1D.csv
basic.io.database: Database file opened: scoring/score_functions/hbonds/ref2015_params/HBFadeIntervals.csv
basic.io.database: Database file opened: scoring/score_functions/hbonds/ref2015_params/HBEval.csv
basic.io.database: Database file opened: scoring/score_functions/hbonds/ref2015_params/DonStrength.csv
basic.io.database: Database file opened: scoring/score_functions/hbonds/ref2015_params/AccStrength.csv
basic.io.database: Database file opened: scoring/score_functions/rama/fd_beta_nov2016/all.ramaProb
basic.io.database: Database file opened: scoring/score_functions/rama/fd_beta_nov2016/prepro.ramaProb
basic.io.database: Database file opened: scoring/score_functions/omega/omega_ppdep.all.txt
basic.io.database: Database file opened: scoring/score_functions/omega/omega_ppdep.gly.txt
basic.io.database: Database file opened: scoring/score_functions/omega/omega_ppdep.pro.txt
basic.io.database: Database file opened: scoring/score_functions/omega/omega_ppdep.valile.txt
basic.io.database: Database file opened: scoring/score_functions/P_AA_pp/P_AA
basic.io.database: Database file opened: scoring/score_functions/P_AA_pp/P_AA_n
core.scoring.P_AA: shapovalov_lib::shap_p_aa_pp_smooth_level of 1( aka low_smooth ) got activated.
basic.io.database: Database file opened: scoring/score_functions/P_AA_pp/shapovalov/10deg/kappa131/a20.prop
basic.io.database: Database file opened: scoring/score_functions/bondlength_bondangle/hydroxyl_torsion_preference.txt
core.energy_methods.CartesianBondedEnergy: Initializing IdealParametersDatabase with default Ks=300 , 80 , 80 , 10 , 80
basic.io.database: Database file opened: scoring/score_functions/bondlength_bondangle/default-lengths.txt
core.energy_methods.CartesianBondedEnergy: Read 759 bb-independent lengths.
basic.io.database: Database file opened: scoring/score_functions/bondlength_bondangle/default-angles.txt
core.energy_methods.CartesianBondedEnergy: Read 1434 bb-independent angles.
basic.io.database: Database file opened: scoring/score_functions/bondlength_bondangle/default-torsions.txt
core.energy_methods.CartesianBondedEnergy: Read 1 bb-independent torsions.
basic.io.database: Database file opened: scoring/score_functions/bondlength_bondangle/default-improper.txt
core.energy_methods.CartesianBondedEnergy: Read 529 bb-independent improper tors.
core.scoring.etable: Starting energy table calculation
core.scoring.etable: smooth_etable: changing atr/rep split to bottom of energy well
core.scoring.etable: smooth_etable: spline smoothing lj etables (maxdis = 6)
core.scoring.etable: smooth_etable: spline smoothing solvation etables (max_dis = 6)
core.scoring.etable: Finished calculating energy tables.
basic.io.database: Database file opened: scoring/score_functions/PairEPotential/pdb_pair_stats_fine
basic.io.database: Database file opened: scoring/score_functions/InterchainPotential/interchain_env_log.txt
basic.io.database: Database file opened: scoring/score_functions/InterchainPotential/interchain_pair_log.txt
basic.io.database: Database file opened: scoring/score_functions/EnvPairPotential/env_log.txt
basic.io.database: Database file opened: scoring/score_functions/EnvPairPotential/cbeta_den.txt
basic.io.database: Database file opened: scoring/score_functions/EnvPairPotential/pair_log.txt
basic.io.database: Database file opened: scoring/score_functions/EnvPairPotential/cenpack_log.txt
core.scoring.ramachandran: shapovalov_lib::shap_rama_smooth_level of 4( aka highest_smooth ) got activated.
basic.io.database: Database file opened: scoring/score_functions/rama/shapovalov/kappa25/all.ramaProb
protocols.jd2.parser.ScoreFunctionLoader: defined score function "beta_sf" with weights "beta_nov16_cart"
protocols.jd2.parser.TaskOperationLoader: Defined TaskOperation named "init" of type InitializeFromCommandline
protocols.jd2.parser.TaskOperationLoader: Defined TaskOperation named "repack_res" of type OperateOnResidueSubset
protocols.jd2.parser.TaskOperationLoader: Defined TaskOperation named "no_repack" of type OperateOnResidueSubset
protocols.jd2.parser.MoveMapFactoryLoader: Defined MoveMap named "local_mm"
protocols.rosetta_scripts.RosettaScriptsParser: Defined mover named "mutant" of type MutateResidue
protocols.relax.RelaxScriptManager: Reading relax scripts list from database.
core.scoring.ScoreFunctionFactory: SCOREFUNCTION: beta_nov16_cart.wts
protocols.relax.RelaxScriptManager: Looking for MonomerRelax2019.txt
protocols.relax.RelaxScriptManager: ================== Reading script file: /usr/local/database/sampling/relax_scripts/MonomerRelax2019.txt ==================
protocols.relax.RelaxScriptManager: repeat %%nrepeats%%
protocols.relax.RelaxScriptManager: coord_cst_weight 1.0
protocols.relax.RelaxScriptManager: scale:fa_rep 0.040
protocols.relax.RelaxScriptManager: repack
protocols.relax.RelaxScriptManager: scale:fa_rep 0.051
protocols.relax.RelaxScriptManager: min 0.01
protocols.relax.RelaxScriptManager: coord_cst_weight 0.5
protocols.relax.RelaxScriptManager: scale:fa_rep 0.265
protocols.relax.RelaxScriptManager: repack
protocols.relax.RelaxScriptManager: scale:fa_rep 0.280
protocols.relax.RelaxScriptManager: min 0.01
protocols.relax.RelaxScriptManager: coord_cst_weight 0.0
protocols.relax.RelaxScriptManager: scale:fa_rep 0.559
protocols.relax.RelaxScriptManager: repack
protocols.relax.RelaxScriptManager: scale:fa_rep 0.581
protocols.relax.RelaxScriptManager: min 0.01
protocols.relax.RelaxScriptManager: coord_cst_weight 0.0
protocols.relax.RelaxScriptManager: scale:fa_rep 1
protocols.relax.RelaxScriptManager: repack
protocols.relax.RelaxScriptManager: min 0.00001
protocols.relax.RelaxScriptManager: accept_to_best
protocols.relax.RelaxScriptManager: endrepeat
core.pack.task.xml_util: Object relax reading the following task_operations: Adding the following task operations
init repack_res no_repack 
core.select.movemap.util: Found MoveMapFactory local_mm
protocols.rosetta_scripts.RosettaScriptsParser: Defined mover named "relax" of type FastRelax
protocols.rosetta_scripts.ParsedProtocol: ParsedProtocol mover with the following settings
protocols.rosetta_scripts.ParsedProtocol: Added mover "mutant"
protocols.rosetta_scripts.ParsedProtocol: Added mover "relax"
protocols.jd2.PDBJobInputter: PDBJobInputter::pose_from_job
protocols.jd2.PDBJobInputter: filling pose from saved copy structure.pdb
protocols.rosetta_scripts.ParsedProtocol: =======================BEGIN MOVER MutateResidue - mutant=======================
protocols.rosetta_scripts.ParsedProtocol: =======================BEGIN MOVER FastRelax - relax=======================
core.energy_methods.CartesianBondedEnergy: Creating new peptide-bonded energy container (75)
basic.io.database: Database file opened: scoring/score_functions/elec_cp_reps.dat
core.scoring.elec.util: Read 40 countpair representative atoms
core.pack.dunbrack.RotamerLibrary: shapovalov_lib_fixes_enable option is true.
core.pack.dunbrack.RotamerLibrary: Binary rotamer library selected: /usr/local/database/rotamer/beta_nov2016/Dunbrack10.lib.bin
core.pack.dunbrack.RotamerLibrary: Using Dunbrack library binary file '/usr/local/database/rotamer/beta_nov2016/Dunbrack10.lib.bin'.
core.pack.dunbrack.RotamerLibrary: Dunbrack 2010 library took 0.046664 seconds to load from binary
protocols.relax.FastRelax: CMD: repeat  -173.549  0  0  0.55
protocols.relax.FastRelax: CMD: coord_cst_weight  -173.549  0  0  0.55
protocols.relax.FastRelax: CMD: scale:fa_rep  -217.971  0  0  0.022
core.pack.task: Packer task: initialize from command line() 
core.pack.pack_rotamers: built 35 rotamers at 5 positions.
core.pack.interaction_graph.interaction_graph_factory: Instantiating DensePDInteractionGraph
protocols.relax.FastRelax: CMD: repack  -217.971  0  0  0.022
protocols.relax.FastRelax: CMD: scale:fa_rep  -217.462  0  0  0.02805
protocols.relax.FastRelax: CMD: min  -337.599  0.813107  0.813107  0.02805
protocols.relax.FastRelax: CMD: coord_cst_weight  -337.599  0.813107  0.813107  0.02805
protocols.relax.FastRelax: CMD: scale:fa_rep  -193.948  0.813107  0.813107  0.14575
core.pack.task: Packer task: initialize from command line() 
core.pack.pack_rotamers: built 33 rotamers at 6 positions.
core.pack.interaction_graph.interaction_graph_factory: Instantiating DensePDInteractionGraph
protocols.relax.FastRelax: CMD: repack  -193.948  0.813107  0.813107  0.14575
protocols.relax.FastRelax: CMD: scale:fa_rep  -183.879  0.813107  0.813107  0.154
protocols.relax.FastRelax: CMD: min  -279.078  0.473141  0.473141  0.154
protocols.relax.FastRelax: CMD: coord_cst_weight  -279.078  0.473141  0.473141  0.154
protocols.relax.FastRelax: CMD: scale:fa_rep  -243.282  0.473141  0.473141  0.30745
core.pack.task: Packer task: initialize from command line() 
core.pack.pack_rotamers: built 29 rotamers at 5 positions.
core.pack.interaction_graph.interaction_graph_factory: Instantiating DensePDInteractionGraph
protocols.relax.FastRelax: CMD: repack  -243.282  0.473141  0.473141  0.30745
protocols.relax.FastRelax: CMD: scale:fa_rep  -240.46  0.473141  0.473141  0.31955
protocols.relax.FastRelax: CMD: min  -252.766  0.321362  0.321362  0.31955
protocols.relax.FastRelax: CMD: coord_cst_weight  -252.766  0.321362  0.321362  0.31955
protocols.relax.FastRelax: CMD: scale:fa_rep  -225.805  0.321362  0.321362  0.55
core.pack.task: Packer task: initialize from command line() 
core.pack.pack_rotamers: built 31 rotamers at 5 positions.
core.pack.interaction_graph.interaction_graph_factory: Instantiating DensePDInteractionGraph
protocols.relax.FastRelax: CMD: repack  -225.805  0.321362  0.321362  0.55
protocols.relax.FastRelax: CMD: min  -231.713  0.270375  0.270375  0.55
protocols.relax.FastRelax: MRP: 0  -231.713  -231.713  0.270375  0.270375  
protocols.relax.FastRelax: CMD: accept_to_best  -231.713  0.270375  0.270375  0.55
protocols.relax.FastRelax: CMD: endrepeat  -231.713  0.270375  0.270375  0.55
protocols.relax.FastRelax: CMD: coord_cst_weight  -231.713  0.270375  0.270375  0.55
protocols.relax.FastRelax: CMD: scale:fa_rep  -270.749  0.270375  0.270375  0.022
core.pack.task: Packer task: initialize from command line() 
core.pack.pack_rotamers: built 32 rotamers at 5 positions.
core.pack.interaction_graph.interaction_graph_factory: Instantiating DensePDInteractionGraph
protocols.relax.FastRelax: CMD: repack  -270.749  0.270375  0.270375  0.022
protocols.relax.FastRelax: CMD: scale:fa_rep  -270.302  0.270375  0.270375  0.02805
protocols.relax.FastRelax: CMD: min  -338.479  0.838187  0.838187  0.02805
protocols.relax.FastRelax: CMD: coord_cst_weight  -338.479  0.838187  0.838187  0.02805
protocols.relax.FastRelax: CMD: scale:fa_rep  -195.813  0.838187  0.838187  0.14575
core.pack.task: Packer task: initialize from command line() 
core.pack.pack_rotamers: built 30 rotamers at 5 positions.
core.pack.interaction_graph.interaction_graph_factory: Instantiating DensePDInteractionGraph
protocols.relax.FastRelax: CMD: repack  -195.813  0.838187  0.838187  0.14575
protocols.relax.FastRelax: CMD: scale:fa_rep  -185.813  0.838187  0.838187  0.154
protocols.relax.FastRelax: CMD: min  -278.863  0.51452  0.51452  0.154
protocols.relax.FastRelax: CMD: coord_cst_weight  -278.863  0.51452  0.51452  0.154
protocols.relax.FastRelax: CMD: scale:fa_rep  -242.369  0.51452  0.51452  0.30745
core.pack.task: Packer task: initialize from command line() 
core.pack.pack_rotamers: built 31 rotamers at 5 positions.
core.pack.interaction_graph.interaction_graph_factory: Instantiating DensePDInteractionGraph
protocols.relax.FastRelax: CMD: repack  -242.369  0.51452  0.51452  0.30745
protocols.relax.FastRelax: CMD: scale:fa_rep  -239.491  0.51452  0.51452  0.31955
protocols.relax.FastRelax: CMD: min  -252.876  0.32266  0.32266  0.31955
protocols.relax.FastRelax: CMD: coord_cst_weight  -252.876  0.32266  0.32266  0.31955
protocols.relax.FastRelax: CMD: scale:fa_rep  -225.876  0.32266  0.32266  0.55
core.pack.task: Packer task: initialize from command line() 
core.pack.pack_rotamers: built 31 rotamers at 5 positions.
core.pack.interaction_graph.interaction_graph_factory: Instantiating DensePDInteractionGraph
protocols.relax.FastRelax: CMD: repack  -225.876  0.32266  0.32266  0.55
protocols.relax.FastRelax: CMD: min  -231.776  0.281875  0.281875  0.55
protocols.relax.FastRelax: MRP: 1  -231.776  -231.776  0.281875  0.281875  
protocols.relax.FastRelax: CMD: accept_to_best  -231.776  0.281875  0.281875  0.55
protocols.relax.FastRelax: CMD: endrepeat  -231.776  0.281875  0.281875  0.55
protocols.relax.FastRelax: CMD: coord_cst_weight  -231.776  0.281875  0.281875  0.55
protocols.relax.FastRelax: CMD: scale:fa_rep  -270.903  0.281875  0.281875  0.022
core.pack.task: Packer task: initialize from command line() 
core.pack.pack_rotamers: built 33 rotamers at 5 positions.
core.pack.interaction_graph.interaction_graph_factory: Instantiating DensePDInteractionGraph
protocols.relax.FastRelax: CMD: repack  -270.903  0.281875  0.281875  0.022
protocols.relax.FastRelax: CMD: scale:fa_rep  -270.454  0.281875  0.281875  0.02805
protocols.relax.FastRelax: CMD: min  -338.536  0.833026  0.833026  0.02805
protocols.relax.FastRelax: CMD: coord_cst_weight  -338.536  0.833026  0.833026  0.02805
protocols.relax.FastRelax: CMD: scale:fa_rep  -196.055  0.833026  0.833026  0.14575
core.pack.task: Packer task: initialize from command line() 
core.pack.pack_rotamers: built 30 rotamers at 5 positions.
core.pack.interaction_graph.interaction_graph_factory: Instantiating DensePDInteractionGraph
protocols.relax.FastRelax: CMD: repack  -196.055  0.833026  0.833026  0.14575
protocols.relax.FastRelax: CMD: scale:fa_rep  -186.068  0.833026  0.833026  0.154
protocols.relax.FastRelax: CMD: min  -279.213  0.506332  0.506332  0.154
protocols.relax.FastRelax: CMD: coord_cst_weight  -279.213  0.506332  0.506332  0.154
protocols.relax.FastRelax: CMD: scale:fa_rep  -242.97  0.506332  0.506332  0.30745
core.pack.task: Packer task: initialize from command line() 
core.pack.pack_rotamers: built 29 rotamers at 5 positions.
core.pack.interaction_graph.interaction_graph_factory: Instantiating DensePDInteractionGraph
protocols.relax.FastRelax: CMD: repack  -242.97  0.506332  0.506332  0.30745
protocols.relax.FastRelax: CMD: scale:fa_rep  -240.112  0.506332  0.506332  0.31955
protocols.relax.FastRelax: CMD: min  -252.906  0.333875  0.333875  0.31955
protocols.relax.FastRelax: CMD: coord_cst_weight  -252.906  0.333875  0.333875  0.31955
protocols.relax.FastRelax: CMD: scale:fa_rep  -225.804  0.333875  0.333875  0.55
core.pack.task: Packer task: initialize from command line() 
core.pack.pack_rotamers: built 31 rotamers at 5 positions.
core.pack.interaction_graph.interaction_graph_factory: Instantiating DensePDInteractionGraph
protocols.relax.FastRelax: CMD: repack  -225.804  0.333875  0.333875  0.55
protocols.relax.FastRelax: CMD: min  -232.033  0.28573  0.28573  0.55
protocols.relax.FastRelax: MRP: 2  -232.033  -232.033  0.28573  0.28573  
protocols.relax.FastRelax: CMD: accept_to_best  -232.033  0.28573  0.28573  0.55
protocols.relax.FastRelax: CMD: endrepeat  -232.033  0.28573  0.28573  0.55
protocols.relax.FastRelax: CMD: coord_cst_weight  -232.033  0.28573  0.28573  0.55
protocols.relax.FastRelax: CMD: scale:fa_rep  -270.811  0.28573  0.28573  0.022
core.pack.task: Packer task: initialize from command line() 
core.pack.pack_rotamers: built 41 rotamers at 5 positions.
core.pack.interaction_graph.interaction_graph_factory: Instantiating DensePDInteractionGraph
protocols.relax.FastRelax: CMD: repack  -270.811  0.28573  0.28573  0.022
protocols.relax.FastRelax: CMD: scale:fa_rep  -270.367  0.28573  0.28573  0.02805
protocols.relax.FastRelax: CMD: min  -338.511  0.835556  0.835556  0.02805
protocols.relax.FastRelax: CMD: coord_cst_weight  -338.511  0.835556  0.835556  0.02805
protocols.relax.FastRelax: CMD: scale:fa_rep  -195.6  0.835556  0.835556  0.14575
core.pack.task: Packer task: initialize from command line() 
core.pack.pack_rotamers: built 30 rotamers at 5 positions.
core.pack.interaction_graph.interaction_graph_factory: Instantiating DensePDInteractionGraph
protocols.relax.FastRelax: CMD: repack  -195.6  0.835556  0.835556  0.14575
protocols.relax.FastRelax: CMD: scale:fa_rep  -185.582  0.835556  0.835556  0.154
protocols.relax.FastRelax: CMD: min  -279.351  0.507316  0.507316  0.154
protocols.relax.FastRelax: CMD: coord_cst_weight  -279.351  0.507316  0.507316  0.154
protocols.relax.FastRelax: CMD: scale:fa_rep  -243.316  0.507316  0.507316  0.30745
core.pack.task: Packer task: initialize from command line() 
core.pack.pack_rotamers: built 31 rotamers at 5 positions.
core.pack.interaction_graph.interaction_graph_factory: Instantiating DensePDInteractionGraph
protocols.relax.FastRelax: CMD: repack  -243.316  0.507316  0.507316  0.30745
protocols.relax.FastRelax: CMD: scale:fa_rep  -240.475  0.507316  0.507316  0.31955
protocols.relax.FastRelax: CMD: min  -252.88  0.343468  0.343468  0.31955
protocols.relax.FastRelax: CMD: coord_cst_weight  -252.88  0.343468  0.343468  0.31955
protocols.relax.FastRelax: CMD: scale:fa_rep  -226.015  0.343468  0.343468  0.55
core.pack.task: Packer task: initialize from command line() 
core.pack.pack_rotamers: built 31 rotamers at 5 positions.
core.pack.interaction_graph.interaction_graph_factory: Instantiating DensePDInteractionGraph
protocols.relax.FastRelax: CMD: repack  -226.015  0.343468  0.343468  0.55
protocols.relax.FastRelax: CMD: min  -232.027  0.295912  0.295912  0.55
protocols.relax.FastRelax: MRP: 3  -232.027  -232.033  0.28573  0.28573  
protocols.relax.FastRelax: CMD: accept_to_best  -232.027  0.295912  0.295912  0.55
protocols.relax.FastRelax: CMD: endrepeat  -232.027  0.295912  0.295912  0.55
protocols.relax.FastRelax: CMD: coord_cst_weight  -232.027  0.295912  0.295912  0.55
protocols.relax.FastRelax: CMD: scale:fa_rep  -270.879  0.295912  0.295912  0.022
core.pack.task: Packer task: initialize from command line() 
core.pack.pack_rotamers: built 41 rotamers at 5 positions.
core.pack.interaction_graph.interaction_graph_factory: Instantiating DensePDInteractionGraph
protocols.relax.FastRelax: CMD: repack  -270.879  0.295912  0.295912  0.022
protocols.relax.FastRelax: CMD: scale:fa_rep  -270.434  0.295912  0.295912  0.02805
protocols.relax.FastRelax: CMD: min  -338.479  0.849  0.849  0.02805
protocols.relax.FastRelax: CMD: coord_cst_weight  -338.479  0.849  0.849  0.02805
protocols.relax.FastRelax: CMD: scale:fa_rep  -194.764  0.849  0.849  0.14575
core.pack.task: Packer task: initialize from command line() 
core.pack.pack_rotamers: built 30 rotamers at 5 positions.
core.pack.interaction_graph.interaction_graph_factory: Instantiating DensePDInteractionGraph
protocols.relax.FastRelax: CMD: repack  -194.764  0.849  0.849  0.14575
protocols.relax.FastRelax: CMD: scale:fa_rep  -184.691  0.849  0.849  0.154
protocols.relax.FastRelax: CMD: min  -279.261  0.524489  0.524489  0.154
protocols.relax.FastRelax: CMD: coord_cst_weight  -279.261  0.524489  0.524489  0.154
protocols.relax.FastRelax: CMD: scale:fa_rep  -242.354  0.524489  0.524489  0.30745
core.pack.task: Packer task: initialize from command line() 
core.pack.pack_rotamers: built 31 rotamers at 5 positions.
core.pack.interaction_graph.interaction_graph_factory: Instantiating DensePDInteractionGraph
protocols.relax.FastRelax: CMD: repack  -242.354  0.524489  0.524489  0.30745
protocols.relax.FastRelax: CMD: scale:fa_rep  -239.444  0.524489  0.524489  0.31955
protocols.relax.FastRelax: CMD: min  -253.063  0.358995  0.358995  0.31955
protocols.relax.FastRelax: CMD: coord_cst_weight  -253.063  0.358995  0.358995  0.31955
protocols.relax.FastRelax: CMD: scale:fa_rep  -225.89  0.358995  0.358995  0.55
core.pack.task: Packer task: initialize from command line() 
core.pack.pack_rotamers: built 31 rotamers at 5 positions.
core.pack.interaction_graph.interaction_graph_factory: Instantiating DensePDInteractionGraph
protocols.relax.FastRelax: CMD: repack  -225.89  0.358995  0.358995  0.55
protocols.relax.FastRelax: CMD: min  -232.255  0.31217  0.31217  0.55
protocols.relax.FastRelax: MRP: 4  -232.255  -232.255  0.31217  0.31217  
protocols.relax.FastRelax: CMD: accept_to_best  -232.255  0.31217  0.31217  0.55
protocols.relax.FastRelax: CMD: endrepeat  -232.255  0.31217  0.31217  0.55
protocols::checkpoint: Deleting checkpoints of FastRelax
protocols.rosetta_scripts.ParsedProtocol: setting status to success
protocols.jd2.JobDistributor: flags_r6_m10000_structure_0001 reported success in 72 seconds
protocols.jd2.JobDistributor: no more batches to process... 
protocols.jd2.JobDistributor: 1 jobs considered, 1 jobs attempted in 72 seconds
basic.citation_manager.CitationManager: 
The following Rosetta modules were used during this run of Rosetta, and should be cited:

rosetta_scripts Application's citation(s):
Fleishman SJ, Leaver-Fay A, Corn JE, Strauch E-M, Khare SD, Koga N, Ashworth J, Murphy P, Richter F, Lemmon G, Meiler J, and Baker D.  (2011).  RosettaScripts: A Scripting Language Interface to the Rosetta Macromolecular Modeling Suite.  PLoS ONE 6(6):e20161.  doi: 10.1371/journal.pone.0020161.

FastRelax Mover's citation(s):
*Tyka MD, *Keedy DA, André I, Dimaio F, Song Y, Richardson DC, Richardson JS, and Baker D.  (2011).  Alternate states of proteins revealed by detailed energy landscape mapping.  J Mol Biol 405(2):607-18.  doi: 10.1016/j.jmb.2010.11.008.  (*Co-primary authors.)

Khatib F, Cooper S, Tyka MD, Xu K, Makedon I, Popovic Z, Baker D, and Players F.  (2011).  Algorithm discovery by protein folding game players.  Proc Natl Acad Sci USA 108(47):18949-53.  doi: 10.1073/pnas.1115898108.

Maguire JB, Haddox HK, Strickland D, Halabiya SF, Coventry B, Griffin JR, Pulavarti SVSRK, Cummins M, Thieker DF, Klavins E, Szyperski T, DiMaio F, Baker D, and Kuhlman B.  (2021).  Perturbing the energy landscape for improved packing during computational protein design.  Proteins 89(4):436-449.  doi: 10.1002/prot.26030.


The following UNPUBLISHED Rosetta modules were used during this run of Rosetta.  Their authors should be included in the author list when this work is published:

NeighborhoodResidueSelector ResidueSelector's author(s):
Robert Lindner, Natural Sciences and Mathematics, Ruperto-Carola University, Heidelberg, Germany [rlindner@mpimf-heidelberg.mpg.de]
Jared Adolf-Bryfogle, Schief lab, Scripps Research Institute [jadolfbr@gmail.com]
Gerard Daniel, Institue for Protein Design, University of Washington [gerardda@uw.edu]


