********  (C) Copyright Rosetta Commons Member Institutions.  ***************
* Use of Rosetta for commercial purposes may require purchase of a license. *
********  See LICENSE.md or email license@uw.edu for more details. **********
core.init: Checking for fconfig files in pwd and ./rosetta/flags 
core.init: Rosetta version: 2025.37+HEAD.df75a9c48e df75a9c48e763e52a7aa3f5dfba077f4da88dbf5 https://github.com/RosettaCommons/rosetta.git 2025-09-03T12:23:30
core.init: Rosetta extras: []
core.init: command: rosetta_scripts -database /usr/local/database -s structure_ignorechain.pdb -nstruct 1 @flags_prepare_relax
basic.random.init_random_generator: 'RNG device' seed mode, using '/dev/urandom', seed=-66657698 seed_offset=0 real_seed=-66657698
basic.random.init_random_generator: RandomGenerator:init: Normal mode, seed=-66657698 RG_type=mt19937
protocols.jd2.PDBJobInputter: Instantiate PDBJobInputter
protocols.jd2.PDBJobInputter: PDBJobInputter::fill_jobs
protocols.jd2.PDBJobInputter: pushed structure_ignorechain.pdb nstruct index 1
protocols.evaluation.ChiWellRmsdEvaluatorCreator: Evaluation Creator active ... 
protocols.jd2.PDBJobInputter: PDBJobInputter::pose_from_job
protocols.jd2.PDBJobInputter: filling pose from PDB structure_ignorechain.pdb
core.chemical.GlobalResidueTypeSet: Finished initializing fa_standard residue type set.  Created 985 residue types
core.chemical.GlobalResidueTypeSet: Total time to initialize 0.608811 seconds.
core.import_pose.import_pose: File 'structure_ignorechain.pdb' automatically determined to be of type PDB from contents.
core.scoring.ScoreFunctionFactory: SCOREFUNCTION: beta_nov16.wts
core.scoring.etable: Starting energy table calculation
core.scoring.etable: smooth_etable: changing atr/rep split to bottom of energy well
core.scoring.etable: smooth_etable: spline smoothing lj etables (maxdis = 6)
core.scoring.etable: smooth_etable: spline smoothing solvation etables (max_dis = 6)
core.scoring.etable: Finished calculating energy tables.
basic.io.database: Database file opened: scoring/score_functions/hbonds/ref2015_params/HBPoly1D.csv
basic.io.database: Database file opened: scoring/score_functions/hbonds/ref2015_params/HBFadeIntervals.csv
basic.io.database: Database file opened: scoring/score_functions/hbonds/ref2015_params/HBEval.csv
basic.io.database: Database file opened: scoring/score_functions/hbonds/ref2015_params/DonStrength.csv
basic.io.database: Database file opened: scoring/score_functions/hbonds/ref2015_params/AccStrength.csv
basic.io.database: Database file opened: scoring/score_functions/rama/fd_beta_nov2016/all.ramaProb
basic.io.database: Database file opened: scoring/score_functions/rama/fd_beta_nov2016/prepro.ramaProb
basic.io.database: Database file opened: scoring/score_functions/omega/omega_ppdep.all.txt
basic.io.database: Database file opened: scoring/score_functions/omega/omega_ppdep.gly.txt
basic.io.database: Database file opened: scoring/score_functions/omega/omega_ppdep.pro.txt
basic.io.database: Database file opened: scoring/score_functions/omega/omega_ppdep.valile.txt
basic.io.database: Database file opened: scoring/score_functions/P_AA_pp/P_AA
basic.io.database: Database file opened: scoring/score_functions/P_AA_pp/P_AA_n
core.scoring.P_AA: shapovalov_lib::shap_p_aa_pp_smooth_level of 1( aka low_smooth ) got activated.
basic.io.database: Database file opened: scoring/score_functions/P_AA_pp/shapovalov/10deg/kappa131/a20.prop
basic.io.database: Database file opened: scoring/score_functions/bondlength_bondangle/hydroxyl_torsion_preference.txt
basic.io.database: Database file opened: scoring/score_functions/elec_cp_reps.dat
core.scoring.elec.util: Read 40 countpair representative atoms
core.pack.dunbrack.RotamerLibrary: shapovalov_lib_fixes_enable option is true.
core.pack.dunbrack.RotamerLibrary: Binary rotamer library selected: /usr/local/database/rotamer/beta_nov2016/Dunbrack10.lib.bin
core.pack.dunbrack.RotamerLibrary: Using Dunbrack library binary file '/usr/local/database/rotamer/beta_nov2016/Dunbrack10.lib.bin'.
core.pack.dunbrack.RotamerLibrary: Dunbrack 2010 library took 0.049685 seconds to load from binary
core.pack.task: Packer task: initialize from command line() 
core.pack.pack_rotamers: built 192 rotamers at 75 positions.
core.pack.interaction_graph.interaction_graph_factory: Instantiating DensePDInteractionGraph
protocols.rosetta_scripts.RosettaScriptsParser: dock_design_filename=prepare_relax_no_cart.xml
protocols.rosetta_scripts.RosettaScriptsParser: Validating input script...
protocols.rosetta_scripts.RosettaScriptsSchemaValidator: Generating XML Schema for rosetta_scripts...
protocols.rosetta_scripts.RosettaScriptsSchemaValidator: ...done
protocols.rosetta_scripts.RosettaScriptsSchemaValidator: Initializing schema validator...
protocols.rosetta_scripts.RosettaScriptsSchemaValidator: ...done
protocols.rosetta_scripts.RosettaScriptsParser: ...done
protocols.rosetta_scripts.RosettaScriptsParser: Parsed script:
<ROSETTASCRIPTS>
	<SCOREFXNS>
		<ScoreFunction name="beta_sf_no_cart" weights="beta_nov16"/>
	</SCOREFXNS>
	<MOVERS>
		<FastRelax disable_design="true" name="relax" repeats="5" scorefxn="beta_sf_no_cart"/>
	</MOVERS>
	<PROTOCOLS>
		<Add mover_name="relax"/>
	</PROTOCOLS>
	<OUTPUT scorefxn="beta_sf_no_cart"/>
</ROSETTASCRIPTS>
core.scoring.ScoreFunctionFactory: SCOREFUNCTION: beta_nov16.wts
core.scoring.etable: Starting energy table calculation
core.scoring.etable: smooth_etable: changing atr/rep split to bottom of energy well
core.scoring.etable: smooth_etable: spline smoothing lj etables (maxdis = 6)
core.scoring.etable: smooth_etable: spline smoothing solvation etables (max_dis = 6)
core.scoring.etable: Finished calculating energy tables.
basic.io.database: Database file opened: scoring/score_functions/PairEPotential/pdb_pair_stats_fine
basic.io.database: Database file opened: scoring/score_functions/InterchainPotential/interchain_env_log.txt
basic.io.database: Database file opened: scoring/score_functions/InterchainPotential/interchain_pair_log.txt
basic.io.database: Database file opened: scoring/score_functions/EnvPairPotential/env_log.txt
basic.io.database: Database file opened: scoring/score_functions/EnvPairPotential/cbeta_den.txt
basic.io.database: Database file opened: scoring/score_functions/EnvPairPotential/pair_log.txt
basic.io.database: Database file opened: scoring/score_functions/EnvPairPotential/cenpack_log.txt
core.scoring.ramachandran: shapovalov_lib::shap_rama_smooth_level of 4( aka highest_smooth ) got activated.
basic.io.database: Database file opened: scoring/score_functions/rama/shapovalov/kappa25/all.ramaProb
protocols.jd2.parser.ScoreFunctionLoader: defined score function "beta_sf_no_cart" with weights "beta_nov16"
protocols.relax.RelaxScriptManager: Reading relax scripts list from database.
core.scoring.ScoreFunctionFactory: SCOREFUNCTION: beta_nov16.wts
protocols.relax.RelaxScriptManager: Looking for MonomerRelax2019.txt
protocols.relax.RelaxScriptManager: ================== Reading script file: /usr/local/database/sampling/relax_scripts/MonomerRelax2019.txt ==================
protocols.relax.RelaxScriptManager: repeat %%nrepeats%%
protocols.relax.RelaxScriptManager: coord_cst_weight 1.0
protocols.relax.RelaxScriptManager: scale:fa_rep 0.040
protocols.relax.RelaxScriptManager: repack
protocols.relax.RelaxScriptManager: scale:fa_rep 0.051
protocols.relax.RelaxScriptManager: min 0.01
protocols.relax.RelaxScriptManager: coord_cst_weight 0.5
protocols.relax.RelaxScriptManager: scale:fa_rep 0.265
protocols.relax.RelaxScriptManager: repack
protocols.relax.RelaxScriptManager: scale:fa_rep 0.280
protocols.relax.RelaxScriptManager: min 0.01
protocols.relax.RelaxScriptManager: coord_cst_weight 0.0
protocols.relax.RelaxScriptManager: scale:fa_rep 0.559
protocols.relax.RelaxScriptManager: repack
protocols.relax.RelaxScriptManager: scale:fa_rep 0.581
protocols.relax.RelaxScriptManager: min 0.01
protocols.relax.RelaxScriptManager: coord_cst_weight 0.0
protocols.relax.RelaxScriptManager: scale:fa_rep 1
protocols.relax.RelaxScriptManager: repack
protocols.relax.RelaxScriptManager: min 0.00001
protocols.relax.RelaxScriptManager: accept_to_best
protocols.relax.RelaxScriptManager: endrepeat
protocols.rosetta_scripts.RosettaScriptsParser: Defined mover named "relax" of type FastRelax
protocols.rosetta_scripts.ParsedProtocol: ParsedProtocol mover with the following settings
protocols.rosetta_scripts.ParsedProtocol: Added mover "relax"
protocols.jd2.PDBJobInputter: PDBJobInputter::pose_from_job
protocols.jd2.PDBJobInputter: filling pose from saved copy structure_ignorechain.pdb
protocols.rosetta_scripts.ParsedProtocol: =======================BEGIN MOVER FastRelax - relax=======================
protocols.relax.FastRelax: CMD: repeat  -246.99  0  0  0.55
protocols.relax.FastRelax: CMD: coord_cst_weight  -246.99  0  0  0.55
protocols.relax.FastRelax: CMD: scale:fa_rep  -290.667  0  0  0.022
core.pack.task: Packer task: initialize from command line() 
core.pack.pack_rotamers: built 2028 rotamers at 75 positions.
core.pack.interaction_graph.interaction_graph_factory: Instantiating DensePDInteractionGraph
protocols.relax.FastRelax: CMD: repack  -293.541  0  0  0.022
protocols.relax.FastRelax: CMD: scale:fa_rep  -292.28  0  0  0.02805
protocols.relax.FastRelax: CMD: min  -328.019  0.472605  0.472605  0.02805
protocols.relax.FastRelax: CMD: coord_cst_weight  -328.019  0.472605  0.472605  0.02805
protocols.relax.FastRelax: CMD: scale:fa_rep  -246.03  0.472605  0.472605  0.14575
core.pack.task: Packer task: initialize from command line() 
core.pack.pack_rotamers: built 2326 rotamers at 75 positions.
core.pack.interaction_graph.interaction_graph_factory: Instantiating DensePDInteractionGraph
protocols.relax.FastRelax: CMD: repack  -253.414  0.472605  0.472605  0.14575
protocols.relax.FastRelax: CMD: scale:fa_rep  -248.404  0.472605  0.472605  0.154
protocols.relax.FastRelax: CMD: min  -290.113  0.219444  0.219444  0.154
protocols.relax.FastRelax: CMD: coord_cst_weight  -290.113  0.219444  0.219444  0.154
protocols.relax.FastRelax: CMD: scale:fa_rep  -260.821  0.219444  0.219444  0.30745
core.pack.task: Packer task: initialize from command line() 
core.pack.pack_rotamers: built 2052 rotamers at 75 positions.
core.pack.interaction_graph.interaction_graph_factory: Instantiating DensePDInteractionGraph
protocols.relax.FastRelax: CMD: repack  -260.986  0.219444  0.219444  0.30745
protocols.relax.FastRelax: CMD: scale:fa_rep  -258.691  0.219444  0.219444  0.31955
protocols.relax.FastRelax: CMD: min  -263.97  0.17712  0.17712  0.31955
protocols.relax.FastRelax: CMD: coord_cst_weight  -263.97  0.17712  0.17712  0.31955
protocols.relax.FastRelax: CMD: scale:fa_rep  -232.679  0.17712  0.17712  0.55
core.pack.task: Packer task: initialize from command line() 
core.pack.pack_rotamers: built 1802 rotamers at 75 positions.
core.pack.interaction_graph.interaction_graph_factory: Instantiating DensePDInteractionGraph
protocols.relax.FastRelax: CMD: repack  -232.955  0.17712  0.17712  0.55
protocols.relax.FastRelax: CMD: min  -250.488  0.200622  0.200622  0.55
protocols.relax.FastRelax: MRP: 0  -250.488  -250.488  0.200622  0.200622  
protocols.relax.FastRelax: CMD: accept_to_best  -250.488  0.200622  0.200622  0.55
protocols.relax.FastRelax: CMD: endrepeat  -250.488  0.200622  0.200622  0.55
protocols.relax.FastRelax: CMD: coord_cst_weight  -250.488  0.200622  0.200622  0.55
protocols.relax.FastRelax: CMD: scale:fa_rep  -291.285  0.200622  0.200622  0.022
core.pack.task: Packer task: initialize from command line() 
core.pack.pack_rotamers: built 2227 rotamers at 75 positions.
core.pack.interaction_graph.interaction_graph_factory: Instantiating DensePDInteractionGraph
protocols.relax.FastRelax: CMD: repack  -294.842  0.200622  0.200622  0.022
protocols.relax.FastRelax: CMD: scale:fa_rep  -293.672  0.200622  0.200622  0.02805
protocols.relax.FastRelax: CMD: min  -333.223  0.567978  0.567978  0.02805
protocols.relax.FastRelax: CMD: coord_cst_weight  -333.223  0.567978  0.567978  0.02805
protocols.relax.FastRelax: CMD: scale:fa_rep  -239.512  0.567978  0.567978  0.14575
core.pack.task: Packer task: initialize from command line() 
core.pack.pack_rotamers: built 2539 rotamers at 75 positions.
core.pack.interaction_graph.interaction_graph_factory: Instantiating DensePDInteractionGraph
protocols.relax.FastRelax: CMD: repack  -244.473  0.567978  0.567978  0.14575
protocols.relax.FastRelax: CMD: scale:fa_rep  -238.535  0.567978  0.567978  0.154
protocols.relax.FastRelax: CMD: min  -289.268  0.328903  0.328903  0.154
protocols.relax.FastRelax: CMD: coord_cst_weight  -289.268  0.328903  0.328903  0.154
protocols.relax.FastRelax: CMD: scale:fa_rep  -257.662  0.328903  0.328903  0.30745
core.pack.task: Packer task: initialize from command line() 
core.pack.pack_rotamers: built 2157 rotamers at 75 positions.
core.pack.interaction_graph.interaction_graph_factory: Instantiating DensePDInteractionGraph
protocols.relax.FastRelax: CMD: repack  -258.025  0.328903  0.328903  0.30745
protocols.relax.FastRelax: CMD: scale:fa_rep  -255.515  0.328903  0.328903  0.31955
protocols.relax.FastRelax: CMD: min  -266.862  0.248322  0.248322  0.31955
protocols.relax.FastRelax: CMD: coord_cst_weight  -266.862  0.248322  0.248322  0.31955
protocols.relax.FastRelax: CMD: scale:fa_rep  -238.946  0.248322  0.248322  0.55
core.pack.task: Packer task: initialize from command line() 
core.pack.pack_rotamers: built 1956 rotamers at 75 positions.
core.pack.interaction_graph.interaction_graph_factory: Instantiating DensePDInteractionGraph
protocols.relax.FastRelax: CMD: repack  -238.97  0.248322  0.248322  0.55
protocols.relax.FastRelax: CMD: min  -249.748  0.230804  0.230804  0.55
protocols.relax.FastRelax: MRP: 1  -249.748  -250.488  0.200622  0.200622  
protocols.relax.FastRelax: CMD: accept_to_best  -249.748  0.230804  0.230804  0.55
protocols.relax.FastRelax: CMD: endrepeat  -249.748  0.230804  0.230804  0.55
protocols.relax.FastRelax: CMD: coord_cst_weight  -249.748  0.230804  0.230804  0.55
protocols.relax.FastRelax: CMD: scale:fa_rep  -290.35  0.230804  0.230804  0.022
core.pack.task: Packer task: initialize from command line() 
core.pack.pack_rotamers: built 2226 rotamers at 75 positions.
core.pack.interaction_graph.interaction_graph_factory: Instantiating DensePDInteractionGraph
protocols.relax.FastRelax: CMD: repack  -294.349  0.230804  0.230804  0.022
protocols.relax.FastRelax: CMD: scale:fa_rep  -292.779  0.230804  0.230804  0.02805
protocols.relax.FastRelax: CMD: min  -331.849  0.591558  0.591558  0.02805
protocols.relax.FastRelax: CMD: coord_cst_weight  -331.849  0.591558  0.591558  0.02805
protocols.relax.FastRelax: CMD: scale:fa_rep  -231.179  0.591558  0.591558  0.14575
core.pack.task: Packer task: initialize from command line() 
core.pack.pack_rotamers: built 2132 rotamers at 75 positions.
core.pack.interaction_graph.interaction_graph_factory: Instantiating DensePDInteractionGraph
protocols.relax.FastRelax: CMD: repack  -244.804  0.591558  0.591558  0.14575
protocols.relax.FastRelax: CMD: scale:fa_rep  -239.159  0.591558  0.591558  0.154
protocols.relax.FastRelax: CMD: min  -285.654  0.379003  0.379003  0.154
protocols.relax.FastRelax: CMD: coord_cst_weight  -285.654  0.379003  0.379003  0.154
protocols.relax.FastRelax: CMD: scale:fa_rep  -252.767  0.379003  0.379003  0.30745
core.pack.task: Packer task: initialize from command line() 
core.pack.pack_rotamers: built 2037 rotamers at 75 positions.
core.pack.interaction_graph.interaction_graph_factory: Instantiating DensePDInteractionGraph
protocols.relax.FastRelax: CMD: repack  -253.212  0.379003  0.379003  0.30745
protocols.relax.FastRelax: CMD: scale:fa_rep  -250.637  0.379003  0.379003  0.31955
protocols.relax.FastRelax: CMD: min  -265.605  0.305077  0.305077  0.31955
protocols.relax.FastRelax: CMD: coord_cst_weight  -265.605  0.305077  0.305077  0.31955
protocols.relax.FastRelax: CMD: scale:fa_rep  -239.302  0.305077  0.305077  0.55
core.pack.task: Packer task: initialize from command line() 
core.pack.pack_rotamers: built 1853 rotamers at 75 positions.
core.pack.interaction_graph.interaction_graph_factory: Instantiating DensePDInteractionGraph
protocols.relax.FastRelax: CMD: repack  -239.702  0.305077  0.305077  0.55
protocols.relax.FastRelax: CMD: min  -248.282  0.276304  0.276304  0.55
protocols.relax.FastRelax: MRP: 2  -248.282  -250.488  0.200622  0.200622  
protocols.relax.FastRelax: CMD: accept_to_best  -248.282  0.276304  0.276304  0.55
protocols.relax.FastRelax: CMD: endrepeat  -248.282  0.276304  0.276304  0.55
protocols.relax.FastRelax: CMD: coord_cst_weight  -248.282  0.276304  0.276304  0.55
protocols.relax.FastRelax: CMD: scale:fa_rep  -289.332  0.276304  0.276304  0.022
core.pack.task: Packer task: initialize from command line() 
core.pack.pack_rotamers: built 2078 rotamers at 75 positions.
core.pack.interaction_graph.interaction_graph_factory: Instantiating DensePDInteractionGraph
protocols.relax.FastRelax: CMD: repack  -293.532  0.276304  0.276304  0.022
protocols.relax.FastRelax: CMD: scale:fa_rep  -292.57  0.276304  0.276304  0.02805
protocols.relax.FastRelax: CMD: min  -329.15  0.567325  0.567325  0.02805
protocols.relax.FastRelax: CMD: coord_cst_weight  -329.15  0.567325  0.567325  0.02805
protocols.relax.FastRelax: CMD: scale:fa_rep  -236.053  0.567325  0.567325  0.14575
core.pack.task: Packer task: initialize from command line() 
core.pack.pack_rotamers: built 2520 rotamers at 75 positions.
core.pack.interaction_graph.interaction_graph_factory: Instantiating DensePDInteractionGraph
protocols.relax.FastRelax: CMD: repack  -249.69  0.567325  0.567325  0.14575
protocols.relax.FastRelax: CMD: scale:fa_rep  -244.8  0.567325  0.567325  0.154
protocols.relax.FastRelax: CMD: min  -282.891  0.360869  0.360869  0.154
protocols.relax.FastRelax: CMD: coord_cst_weight  -282.891  0.360869  0.360869  0.154
protocols.relax.FastRelax: CMD: scale:fa_rep  -251.537  0.360869  0.360869  0.30745
core.pack.task: Packer task: initialize from command line() 
core.pack.pack_rotamers: built 2088 rotamers at 75 positions.
core.pack.interaction_graph.interaction_graph_factory: Instantiating DensePDInteractionGraph
protocols.relax.FastRelax: CMD: repack  -251.681  0.360869  0.360869  0.30745
protocols.relax.FastRelax: CMD: scale:fa_rep  -249.216  0.360869  0.360869  0.31955
protocols.relax.FastRelax: CMD: min  -261.328  0.325688  0.325688  0.31955
protocols.relax.FastRelax: CMD: coord_cst_weight  -261.328  0.325688  0.325688  0.31955
protocols.relax.FastRelax: CMD: scale:fa_rep  -234.744  0.325688  0.325688  0.55
core.pack.task: Packer task: initialize from command line() 
core.pack.pack_rotamers: built 1698 rotamers at 75 positions.
core.pack.interaction_graph.interaction_graph_factory: Instantiating DensePDInteractionGraph
protocols.relax.FastRelax: CMD: repack  -234.882  0.325688  0.325688  0.55
protocols.relax.FastRelax: CMD: min  -244.702  0.39958  0.39958  0.55
protocols.relax.FastRelax: MRP: 3  -244.702  -250.488  0.200622  0.200622  
protocols.relax.FastRelax: CMD: accept_to_best  -244.702  0.39958  0.39958  0.55
protocols.relax.FastRelax: CMD: endrepeat  -244.702  0.39958  0.39958  0.55
protocols.relax.FastRelax: CMD: coord_cst_weight  -244.702  0.39958  0.39958  0.55
protocols.relax.FastRelax: CMD: scale:fa_rep  -285.604  0.39958  0.39958  0.022
core.pack.task: Packer task: initialize from command line() 
core.pack.pack_rotamers: built 2045 rotamers at 75 positions.
core.pack.interaction_graph.interaction_graph_factory: Instantiating DensePDInteractionGraph
protocols.relax.FastRelax: CMD: repack  -290.129  0.39958  0.39958  0.022
protocols.relax.FastRelax: CMD: scale:fa_rep  -289.342  0.39958  0.39958  0.02805
protocols.relax.FastRelax: CMD: min  -329.914  0.586902  0.586902  0.02805
protocols.relax.FastRelax: CMD: coord_cst_weight  -329.914  0.586902  0.586902  0.02805
protocols.relax.FastRelax: CMD: scale:fa_rep  -236.109  0.586902  0.586902  0.14575
core.pack.task: Packer task: initialize from command line() 
core.pack.pack_rotamers: built 2201 rotamers at 75 positions.
core.pack.interaction_graph.interaction_graph_factory: Instantiating DensePDInteractionGraph
protocols.relax.FastRelax: CMD: repack  -241.633  0.586902  0.586902  0.14575
protocols.relax.FastRelax: CMD: scale:fa_rep  -235.958  0.586902  0.586902  0.154
protocols.relax.FastRelax: CMD: min  -282.907  0.369807  0.369807  0.154
protocols.relax.FastRelax: CMD: coord_cst_weight  -282.907  0.369807  0.369807  0.154
protocols.relax.FastRelax: CMD: scale:fa_rep  -252.104  0.369807  0.369807  0.30745
core.pack.task: Packer task: initialize from command line() 
core.pack.pack_rotamers: built 2081 rotamers at 75 positions.
core.pack.interaction_graph.interaction_graph_factory: Instantiating DensePDInteractionGraph
protocols.relax.FastRelax: CMD: repack  -252.841  0.369807  0.369807  0.30745
protocols.relax.FastRelax: CMD: scale:fa_rep  -250.379  0.369807  0.369807  0.31955
protocols.relax.FastRelax: CMD: min  -259.106  0.367095  0.367095  0.31955
protocols.relax.FastRelax: CMD: coord_cst_weight  -259.106  0.367095  0.367095  0.31955
protocols.relax.FastRelax: CMD: scale:fa_rep  -229.575  0.367095  0.367095  0.55
core.pack.task: Packer task: initialize from command line() 
core.pack.pack_rotamers: built 1824 rotamers at 75 positions.
core.pack.interaction_graph.interaction_graph_factory: Instantiating DensePDInteractionGraph
protocols.relax.FastRelax: CMD: repack  -230.068  0.367095  0.367095  0.55
protocols.relax.FastRelax: CMD: min  -244.188  0.434295  0.434295  0.55
protocols.relax.FastRelax: MRP: 4  -244.188  -250.488  0.200622  0.200622  
protocols.relax.FastRelax: CMD: accept_to_best  -244.188  0.434295  0.434295  0.55
protocols.relax.FastRelax: CMD: endrepeat  -244.188  0.434295  0.434295  0.55
protocols::checkpoint: Deleting checkpoints of FastRelax
protocols.rosetta_scripts.ParsedProtocol: setting status to success
protocols.jd2.JobDistributor: structure_ignorechain_0001 reported success in 32 seconds
protocols.jd2.JobDistributor: no more batches to process... 
protocols.jd2.JobDistributor: 1 jobs considered, 1 jobs attempted in 32 seconds
basic.citation_manager.CitationManager: 
The following Rosetta modules were used during this run of Rosetta, and should be cited:

rosetta_scripts Application's citation(s):
Fleishman SJ, Leaver-Fay A, Corn JE, Strauch E-M, Khare SD, Koga N, Ashworth J, Murphy P, Richter F, Lemmon G, Meiler J, and Baker D.  (2011).  RosettaScripts: A Scripting Language Interface to the Rosetta Macromolecular Modeling Suite.  PLoS ONE 6(6):e20161.  doi: 10.1371/journal.pone.0020161.

FastRelax Mover's citation(s):
*Tyka MD, *Keedy DA, André I, Dimaio F, Song Y, Richardson DC, Richardson JS, and Baker D.  (2011).  Alternate states of proteins revealed by detailed energy landscape mapping.  J Mol Biol 405(2):607-18.  doi: 10.1016/j.jmb.2010.11.008.  (*Co-primary authors.)

Khatib F, Cooper S, Tyka MD, Xu K, Makedon I, Popovic Z, Baker D, and Players F.  (2011).  Algorithm discovery by protein folding game players.  Proc Natl Acad Sci USA 108(47):18949-53.  doi: 10.1073/pnas.1115898108.

Maguire JB, Haddox HK, Strickland D, Halabiya SF, Coventry B, Griffin JR, Pulavarti SVSRK, Cummins M, Thieker DF, Klavins E, Szyperski T, DiMaio F, Baker D, and Kuhlman B.  (2021).  Perturbing the energy landscape for improved packing during computational protein design.  Proteins 89(4):436-449.  doi: 10.1002/prot.26030.


