********  (C) Copyright Rosetta Commons Member Institutions.  ***************
* Use of Rosetta for commercial purposes may require purchase of a license. *
********  See LICENSE.md or email license@uw.edu for more details. **********
core.init: Checking for fconfig files in pwd and ./rosetta/flags 
core.init: Rosetta version: 2025.37+HEAD.df75a9c48e df75a9c48e763e52a7aa3f5dfba077f4da88dbf5 https://github.com/RosettaCommons/rosetta.git 2025-09-03T12:23:30
core.init: Rosetta extras: []
core.init: command: rosetta_scripts -database /usr/local/database @flags_relax
basic.random.init_random_generator: 'RNG device' seed mode, using '/dev/urandom', seed=-1998436320 seed_offset=0 real_seed=-1998436320
basic.random.init_random_generator: RandomGenerator:init: Normal mode, seed=-1998436320 RG_type=mt19937
protocols.jd2.PDBJobInputter: Instantiate PDBJobInputter
protocols.jd2.PDBJobInputter: PDBJobInputter::fill_jobs
protocols.jd2.PDBJobInputter: pushed structure.pdb nstruct index 1
protocols.evaluation.ChiWellRmsdEvaluatorCreator: Evaluation Creator active ... 
protocols.jd2.PDBJobInputter: PDBJobInputter::pose_from_job
protocols.jd2.PDBJobInputter: filling pose from PDB structure.pdb
core.chemical.GlobalResidueTypeSet: Finished initializing fa_standard residue type set.  Created 985 residue types
core.chemical.GlobalResidueTypeSet: Total time to initialize 0.550913 seconds.
core.import_pose.import_pose: File 'structure.pdb' automatically determined to be of type PDB from contents.
protocols.rosetta_scripts.RosettaScriptsParser: dock_design_filename=relax.xml
protocols.rosetta_scripts.RosettaScriptsParser: Validating input script...
protocols.rosetta_scripts.RosettaScriptsSchemaValidator: Generating XML Schema for rosetta_scripts...
protocols.rosetta_scripts.RosettaScriptsSchemaValidator: ...done
protocols.rosetta_scripts.RosettaScriptsSchemaValidator: Initializing schema validator...
protocols.rosetta_scripts.RosettaScriptsSchemaValidator: ...done
protocols.rosetta_scripts.RosettaScriptsParser: ...done
protocols.rosetta_scripts.RosettaScriptsParser: Parsed script:
<ROSETTASCRIPTS>
	<SCOREFXNS>
		<ScoreFunction name="beta_sf" weights="beta_nov16"/>
	</SCOREFXNS>
	<RESIDUE_SELECTORS>
		<Neighborhood distance="10000.0" name="surrounding_move_map" resnums="55A"/>
		<Not name="rest_move_map" selector="surrounding_move_map"/>
		<Neighborhood distance="10.0" name="surrounding_repack" resnums="55A"/>
		<Not name="rest_repack" selector="surrounding_repack"/>
	</RESIDUE_SELECTORS>
	<TASKOPERATIONS>
		<OperateOnResidueSubset name="repack_res" selector="surrounding_repack">
			<RestrictToRepackingRLT/>
		</OperateOnResidueSubset>
		<OperateOnResidueSubset name="no_repack" selector="rest_repack">
			<PreventRepackingRLT/>
		</OperateOnResidueSubset>
	</TASKOPERATIONS>
	<MOVE_MAP_FACTORIES>
		<MoveMapFactory bb="0" chi="0" name="local_mm">
			<Backbone enable="true" residue_selector="surrounding_move_map"/>
			<Chi enable="true" residue_selector="surrounding_move_map"/>
		</MoveMapFactory>
	</MOVE_MAP_FACTORIES>
	<MOVERS>
		<MutateResidue name="mutant1" new_res="ALA" target="55A"/>
		<FastRelax disable_design="true" movemap_factory="local_mm" name="relax" repeats="5" scorefxn="beta_sf" task_operations="repack_res,no_repack"/>
	</MOVERS>
	<PROTOCOLS>
		<Add mover_name="mutant1"/>
		<Add mover_name="relax"/>
	</PROTOCOLS>
	<OUTPUT scorefxn="beta_sf"/>
</ROSETTASCRIPTS>
core.scoring.ScoreFunctionFactory: SCOREFUNCTION: beta_nov16.wts
core.scoring.etable: Starting energy table calculation
core.scoring.etable: smooth_etable: changing atr/rep split to bottom of energy well
core.scoring.etable: smooth_etable: spline smoothing lj etables (maxdis = 6)
core.scoring.etable: smooth_etable: spline smoothing solvation etables (max_dis = 6)
core.scoring.etable: Finished calculating energy tables.
basic.io.database: Database file opened: scoring/score_functions/hbonds/ref2015_params/HBPoly1D.csv
basic.io.database: Database file opened: scoring/score_functions/hbonds/ref2015_params/HBFadeIntervals.csv
basic.io.database: Database file opened: scoring/score_functions/hbonds/ref2015_params/HBEval.csv
basic.io.database: Database file opened: scoring/score_functions/hbonds/ref2015_params/DonStrength.csv
basic.io.database: Database file opened: scoring/score_functions/hbonds/ref2015_params/AccStrength.csv
basic.io.database: Database file opened: scoring/score_functions/rama/fd_beta_nov2016/all.ramaProb
basic.io.database: Database file opened: scoring/score_functions/rama/fd_beta_nov2016/prepro.ramaProb
basic.io.database: Database file opened: scoring/score_functions/omega/omega_ppdep.all.txt
basic.io.database: Database file opened: scoring/score_functions/omega/omega_ppdep.gly.txt
basic.io.database: Database file opened: scoring/score_functions/omega/omega_ppdep.pro.txt
basic.io.database: Database file opened: scoring/score_functions/omega/omega_ppdep.valile.txt
basic.io.database: Database file opened: scoring/score_functions/P_AA_pp/P_AA
basic.io.database: Database file opened: scoring/score_functions/P_AA_pp/P_AA_n
core.scoring.P_AA: shapovalov_lib::shap_p_aa_pp_smooth_level of 1( aka low_smooth ) got activated.
basic.io.database: Database file opened: scoring/score_functions/P_AA_pp/shapovalov/10deg/kappa131/a20.prop
basic.io.database: Database file opened: scoring/score_functions/bondlength_bondangle/hydroxyl_torsion_preference.txt
core.scoring.etable: Starting energy table calculation
core.scoring.etable: smooth_etable: changing atr/rep split to bottom of energy well
core.scoring.etable: smooth_etable: spline smoothing lj etables (maxdis = 6)
core.scoring.etable: smooth_etable: spline smoothing solvation etables (max_dis = 6)
core.scoring.etable: Finished calculating energy tables.
basic.io.database: Database file opened: scoring/score_functions/PairEPotential/pdb_pair_stats_fine
basic.io.database: Database file opened: scoring/score_functions/InterchainPotential/interchain_env_log.txt
basic.io.database: Database file opened: scoring/score_functions/InterchainPotential/interchain_pair_log.txt
basic.io.database: Database file opened: scoring/score_functions/EnvPairPotential/env_log.txt
basic.io.database: Database file opened: scoring/score_functions/EnvPairPotential/cbeta_den.txt
basic.io.database: Database file opened: scoring/score_functions/EnvPairPotential/pair_log.txt
basic.io.database: Database file opened: scoring/score_functions/EnvPairPotential/cenpack_log.txt
core.scoring.ramachandran: shapovalov_lib::shap_rama_smooth_level of 4( aka highest_smooth ) got activated.
basic.io.database: Database file opened: scoring/score_functions/rama/shapovalov/kappa25/all.ramaProb
protocols.jd2.parser.ScoreFunctionLoader: defined score function "beta_sf" with weights "beta_nov16"
protocols.jd2.parser.TaskOperationLoader: Defined TaskOperation named "repack_res" of type OperateOnResidueSubset
protocols.jd2.parser.TaskOperationLoader: Defined TaskOperation named "no_repack" of type OperateOnResidueSubset
protocols.jd2.parser.MoveMapFactoryLoader: Defined MoveMap named "local_mm"
protocols.rosetta_scripts.RosettaScriptsParser: Defined mover named "mutant1" of type MutateResidue
protocols.relax.RelaxScriptManager: Reading relax scripts list from database.
core.scoring.ScoreFunctionFactory: SCOREFUNCTION: beta_nov16.wts
protocols.relax.RelaxScriptManager: Looking for MonomerRelax2019.txt
protocols.relax.RelaxScriptManager: ================== Reading script file: /usr/local/database/sampling/relax_scripts/MonomerRelax2019.txt ==================
protocols.relax.RelaxScriptManager: repeat %%nrepeats%%
protocols.relax.RelaxScriptManager: coord_cst_weight 1.0
protocols.relax.RelaxScriptManager: scale:fa_rep 0.040
protocols.relax.RelaxScriptManager: repack
protocols.relax.RelaxScriptManager: scale:fa_rep 0.051
protocols.relax.RelaxScriptManager: min 0.01
protocols.relax.RelaxScriptManager: coord_cst_weight 0.5
protocols.relax.RelaxScriptManager: scale:fa_rep 0.265
protocols.relax.RelaxScriptManager: repack
protocols.relax.RelaxScriptManager: scale:fa_rep 0.280
protocols.relax.RelaxScriptManager: min 0.01
protocols.relax.RelaxScriptManager: coord_cst_weight 0.0
protocols.relax.RelaxScriptManager: scale:fa_rep 0.559
protocols.relax.RelaxScriptManager: repack
protocols.relax.RelaxScriptManager: scale:fa_rep 0.581
protocols.relax.RelaxScriptManager: min 0.01
protocols.relax.RelaxScriptManager: coord_cst_weight 0.0
protocols.relax.RelaxScriptManager: scale:fa_rep 1
protocols.relax.RelaxScriptManager: repack
protocols.relax.RelaxScriptManager: min 0.00001
protocols.relax.RelaxScriptManager: accept_to_best
protocols.relax.RelaxScriptManager: endrepeat
core.pack.task.xml_util: Object relax reading the following task_operations: Adding the following task operations
repack_res no_repack 
core.select.movemap.util: Found MoveMapFactory local_mm
protocols.rosetta_scripts.RosettaScriptsParser: Defined mover named "relax" of type FastRelax
protocols.rosetta_scripts.ParsedProtocol: ParsedProtocol mover with the following settings
protocols.rosetta_scripts.ParsedProtocol: Added mover "mutant1"
protocols.rosetta_scripts.ParsedProtocol: Added mover "relax"
protocols.jd2.PDBJobInputter: PDBJobInputter::pose_from_job
protocols.jd2.PDBJobInputter: filling pose from saved copy structure.pdb
protocols.rosetta_scripts.ParsedProtocol: =======================BEGIN MOVER MutateResidue - mutant1=======================
protocols.rosetta_scripts.ParsedProtocol: =======================BEGIN MOVER FastRelax - relax=======================
basic.io.database: Database file opened: scoring/score_functions/elec_cp_reps.dat
core.scoring.elec.util: Read 40 countpair representative atoms
core.pack.dunbrack.RotamerLibrary: shapovalov_lib_fixes_enable option is true.
core.pack.dunbrack.RotamerLibrary: Binary rotamer library selected: /usr/local/database/rotamer/beta_nov2016/Dunbrack10.lib.bin
core.pack.dunbrack.RotamerLibrary: Using Dunbrack library binary file '/usr/local/database/rotamer/beta_nov2016/Dunbrack10.lib.bin'.
core.pack.dunbrack.RotamerLibrary: Dunbrack 2010 library took 0.049997 seconds to load from binary
protocols.relax.FastRelax: CMD: repeat  -208.514  0  0  0.55
protocols.relax.FastRelax: CMD: coord_cst_weight  -208.514  0  0  0.55
protocols.relax.FastRelax: CMD: scale:fa_rep  -252.935  0  0  0.022
core.pack.pack_rotamers: built 143 rotamers at 16 positions.
core.pack.interaction_graph.interaction_graph_factory: Instantiating DensePDInteractionGraph
protocols.relax.FastRelax: CMD: repack  -252.935  0  0  0.022
protocols.relax.FastRelax: CMD: scale:fa_rep  -252.426  0  0  0.02805
protocols.relax.FastRelax: CMD: min  -295.683  0.526866  0.526866  0.02805
protocols.relax.FastRelax: CMD: coord_cst_weight  -295.683  0.526866  0.526866  0.02805
protocols.relax.FastRelax: CMD: scale:fa_rep  -210.805  0.526866  0.526866  0.14575
core.pack.pack_rotamers: built 134 rotamers at 18 positions.
core.pack.interaction_graph.interaction_graph_factory: Instantiating DensePDInteractionGraph
protocols.relax.FastRelax: CMD: repack  -210.805  0.526866  0.526866  0.14575
protocols.relax.FastRelax: CMD: scale:fa_rep  -204.855  0.526866  0.526866  0.154
protocols.relax.FastRelax: CMD: min  -260.017  0.25153  0.25153  0.154
protocols.relax.FastRelax: CMD: coord_cst_weight  -260.017  0.25153  0.25153  0.154
protocols.relax.FastRelax: CMD: scale:fa_rep  -231.984  0.25153  0.25153  0.30745
core.pack.pack_rotamers: built 124 rotamers at 16 positions.
core.pack.interaction_graph.interaction_graph_factory: Instantiating DensePDInteractionGraph
protocols.relax.FastRelax: CMD: repack  -231.984  0.25153  0.25153  0.30745
protocols.relax.FastRelax: CMD: scale:fa_rep  -229.774  0.25153  0.25153  0.31955
protocols.relax.FastRelax: CMD: min  -236.305  0.176837  0.176837  0.31955
protocols.relax.FastRelax: CMD: coord_cst_weight  -236.305  0.176837  0.176837  0.31955
protocols.relax.FastRelax: CMD: scale:fa_rep  -208.943  0.176837  0.176837  0.55
core.pack.pack_rotamers: built 120 rotamers at 16 positions.
core.pack.interaction_graph.interaction_graph_factory: Instantiating DensePDInteractionGraph
protocols.relax.FastRelax: CMD: repack  -208.943  0.176837  0.176837  0.55
protocols.relax.FastRelax: CMD: min  -248.036  0.14989  0.14989  0.55
protocols.relax.FastRelax: MRP: 0  -248.036  -248.036  0.14989  0.14989  
protocols.relax.FastRelax: CMD: accept_to_best  -248.036  0.14989  0.14989  0.55
protocols.relax.FastRelax: CMD: endrepeat  -248.036  0.14989  0.14989  0.55
protocols.relax.FastRelax: CMD: coord_cst_weight  -248.036  0.14989  0.14989  0.55
protocols.relax.FastRelax: CMD: scale:fa_rep  -287.353  0.14989  0.14989  0.022
core.pack.pack_rotamers: built 150 rotamers at 16 positions.
core.pack.interaction_graph.interaction_graph_factory: Instantiating DensePDInteractionGraph
protocols.relax.FastRelax: CMD: repack  -287.353  0.14989  0.14989  0.022
protocols.relax.FastRelax: CMD: scale:fa_rep  -286.902  0.14989  0.14989  0.02805
protocols.relax.FastRelax: CMD: min  -328.185  0.631304  0.631304  0.02805
protocols.relax.FastRelax: CMD: coord_cst_weight  -328.185  0.631304  0.631304  0.02805
protocols.relax.FastRelax: CMD: scale:fa_rep  -235.399  0.631304  0.631304  0.14575
core.pack.pack_rotamers: built 133 rotamers at 18 positions.
core.pack.interaction_graph.interaction_graph_factory: Instantiating DensePDInteractionGraph
protocols.relax.FastRelax: CMD: repack  -235.399  0.631304  0.631304  0.14575
protocols.relax.FastRelax: CMD: scale:fa_rep  -228.895  0.631304  0.631304  0.154
protocols.relax.FastRelax: CMD: min  -289.507  0.303323  0.303323  0.154
protocols.relax.FastRelax: CMD: coord_cst_weight  -289.507  0.303323  0.303323  0.154
protocols.relax.FastRelax: CMD: scale:fa_rep  -261.266  0.303323  0.303323  0.30745
core.pack.pack_rotamers: built 125 rotamers at 16 positions.
core.pack.interaction_graph.interaction_graph_factory: Instantiating DensePDInteractionGraph
protocols.relax.FastRelax: CMD: repack  -261.266  0.303323  0.303323  0.30745
protocols.relax.FastRelax: CMD: scale:fa_rep  -259.039  0.303323  0.303323  0.31955
protocols.relax.FastRelax: CMD: min  -265.52  0.223563  0.223563  0.31955
protocols.relax.FastRelax: CMD: coord_cst_weight  -265.52  0.223563  0.223563  0.31955
protocols.relax.FastRelax: CMD: scale:fa_rep  -237.46  0.223563  0.223563  0.55
core.pack.pack_rotamers: built 122 rotamers at 16 positions.
core.pack.interaction_graph.interaction_graph_factory: Instantiating DensePDInteractionGraph
protocols.relax.FastRelax: CMD: repack  -237.46  0.223563  0.223563  0.55
protocols.relax.FastRelax: CMD: min  -248.08  0.146574  0.146574  0.55
protocols.relax.FastRelax: MRP: 1  -248.08  -248.08  0.146574  0.146574  
protocols.relax.FastRelax: CMD: accept_to_best  -248.08  0.146574  0.146574  0.55
protocols.relax.FastRelax: CMD: endrepeat  -248.08  0.146574  0.146574  0.55
protocols.relax.FastRelax: CMD: coord_cst_weight  -248.08  0.146574  0.146574  0.55
protocols.relax.FastRelax: CMD: scale:fa_rep  -287.353  0.146574  0.146574  0.022
core.pack.pack_rotamers: built 149 rotamers at 16 positions.
core.pack.interaction_graph.interaction_graph_factory: Instantiating DensePDInteractionGraph
protocols.relax.FastRelax: CMD: repack  -287.353  0.146574  0.146574  0.022
protocols.relax.FastRelax: CMD: scale:fa_rep  -286.903  0.146574  0.146574  0.02805
protocols.relax.FastRelax: CMD: min  -329.089  0.638449  0.638449  0.02805
protocols.relax.FastRelax: CMD: coord_cst_weight  -329.089  0.638449  0.638449  0.02805
protocols.relax.FastRelax: CMD: scale:fa_rep  -234.795  0.638449  0.638449  0.14575
core.pack.pack_rotamers: built 131 rotamers at 18 positions.
core.pack.interaction_graph.interaction_graph_factory: Instantiating DensePDInteractionGraph
protocols.relax.FastRelax: CMD: repack  -234.795  0.638449  0.638449  0.14575
protocols.relax.FastRelax: CMD: scale:fa_rep  -228.186  0.638449  0.638449  0.154
protocols.relax.FastRelax: CMD: min  -289.298  0.316038  0.316038  0.154
protocols.relax.FastRelax: CMD: coord_cst_weight  -289.298  0.316038  0.316038  0.154
protocols.relax.FastRelax: CMD: scale:fa_rep  -260.376  0.316038  0.316038  0.30745
core.pack.pack_rotamers: built 125 rotamers at 16 positions.
core.pack.interaction_graph.interaction_graph_factory: Instantiating DensePDInteractionGraph
protocols.relax.FastRelax: CMD: repack  -260.376  0.316038  0.316038  0.30745
protocols.relax.FastRelax: CMD: scale:fa_rep  -258.095  0.316038  0.316038  0.31955
protocols.relax.FastRelax: CMD: min  -265.111  0.211261  0.211261  0.31955
protocols.relax.FastRelax: CMD: coord_cst_weight  -265.111  0.211261  0.211261  0.31955
protocols.relax.FastRelax: CMD: scale:fa_rep  -237.001  0.211261  0.211261  0.55
core.pack.pack_rotamers: built 122 rotamers at 16 positions.
core.pack.interaction_graph.interaction_graph_factory: Instantiating DensePDInteractionGraph
protocols.relax.FastRelax: CMD: repack  -237.001  0.211261  0.211261  0.55
protocols.relax.FastRelax: CMD: min  -248.054  0.14283  0.14283  0.55
protocols.relax.FastRelax: MRP: 2  -248.054  -248.08  0.146574  0.146574  
protocols.relax.FastRelax: CMD: accept_to_best  -248.054  0.14283  0.14283  0.55
protocols.relax.FastRelax: CMD: endrepeat  -248.054  0.14283  0.14283  0.55
protocols.relax.FastRelax: CMD: coord_cst_weight  -248.054  0.14283  0.14283  0.55
protocols.relax.FastRelax: CMD: scale:fa_rep  -287.439  0.14283  0.14283  0.022
core.pack.pack_rotamers: built 150 rotamers at 16 positions.
core.pack.interaction_graph.interaction_graph_factory: Instantiating DensePDInteractionGraph
protocols.relax.FastRelax: CMD: repack  -287.439  0.14283  0.14283  0.022
protocols.relax.FastRelax: CMD: scale:fa_rep  -286.988  0.14283  0.14283  0.02805
protocols.relax.FastRelax: CMD: min  -325.704  0.575769  0.575769  0.02805
protocols.relax.FastRelax: CMD: coord_cst_weight  -325.704  0.575769  0.575769  0.02805
protocols.relax.FastRelax: CMD: scale:fa_rep  -238.423  0.575769  0.575769  0.14575
core.pack.pack_rotamers: built 129 rotamers at 17 positions.
core.pack.interaction_graph.interaction_graph_factory: Instantiating DensePDInteractionGraph
protocols.relax.FastRelax: CMD: repack  -238.423  0.575769  0.575769  0.14575
protocols.relax.FastRelax: CMD: scale:fa_rep  -232.305  0.575769  0.575769  0.154
protocols.relax.FastRelax: CMD: min  -289.36  0.28463  0.28463  0.154
protocols.relax.FastRelax: CMD: coord_cst_weight  -289.36  0.28463  0.28463  0.154
protocols.relax.FastRelax: CMD: scale:fa_rep  -261.663  0.28463  0.28463  0.30745
core.pack.pack_rotamers: built 125 rotamers at 16 positions.
core.pack.interaction_graph.interaction_graph_factory: Instantiating DensePDInteractionGraph
protocols.relax.FastRelax: CMD: repack  -261.663  0.28463  0.28463  0.30745
protocols.relax.FastRelax: CMD: scale:fa_rep  -259.479  0.28463  0.28463  0.31955
protocols.relax.FastRelax: CMD: min  -267.277  0.193166  0.193166  0.31955
protocols.relax.FastRelax: CMD: coord_cst_weight  -267.277  0.193166  0.193166  0.31955
protocols.relax.FastRelax: CMD: scale:fa_rep  -241.836  0.193166  0.193166  0.55
core.pack.pack_rotamers: built 122 rotamers at 16 positions.
core.pack.interaction_graph.interaction_graph_factory: Instantiating DensePDInteractionGraph
protocols.relax.FastRelax: CMD: repack  -241.836  0.193166  0.193166  0.55
protocols.relax.FastRelax: CMD: min  -248.077  0.14194  0.14194  0.55
protocols.relax.FastRelax: MRP: 3  -248.077  -248.08  0.146574  0.146574  
protocols.relax.FastRelax: CMD: accept_to_best  -248.077  0.14194  0.14194  0.55
protocols.relax.FastRelax: CMD: endrepeat  -248.077  0.14194  0.14194  0.55
protocols.relax.FastRelax: CMD: coord_cst_weight  -248.077  0.14194  0.14194  0.55
protocols.relax.FastRelax: CMD: scale:fa_rep  -287.407  0.14194  0.14194  0.022
core.pack.pack_rotamers: built 151 rotamers at 16 positions.
core.pack.interaction_graph.interaction_graph_factory: Instantiating DensePDInteractionGraph
protocols.relax.FastRelax: CMD: repack  -287.407  0.14194  0.14194  0.022
protocols.relax.FastRelax: CMD: scale:fa_rep  -286.956  0.14194  0.14194  0.02805
protocols.relax.FastRelax: CMD: min  -325.631  0.56974  0.56974  0.02805
protocols.relax.FastRelax: CMD: coord_cst_weight  -325.631  0.56974  0.56974  0.02805
protocols.relax.FastRelax: CMD: scale:fa_rep  -241.468  0.56974  0.56974  0.14575
core.pack.pack_rotamers: built 130 rotamers at 17 positions.
core.pack.interaction_graph.interaction_graph_factory: Instantiating DensePDInteractionGraph
protocols.relax.FastRelax: CMD: repack  -241.468  0.56974  0.56974  0.14575
protocols.relax.FastRelax: CMD: scale:fa_rep  -235.569  0.56974  0.56974  0.154
protocols.relax.FastRelax: CMD: min  -289.128  0.293535  0.293535  0.154
protocols.relax.FastRelax: CMD: coord_cst_weight  -289.128  0.293535  0.293535  0.154
protocols.relax.FastRelax: CMD: scale:fa_rep  -260.406  0.293535  0.293535  0.30745
core.pack.pack_rotamers: built 126 rotamers at 16 positions.
core.pack.interaction_graph.interaction_graph_factory: Instantiating DensePDInteractionGraph
protocols.relax.FastRelax: CMD: repack  -260.406  0.293535  0.293535  0.30745
protocols.relax.FastRelax: CMD: scale:fa_rep  -258.142  0.293535  0.293535  0.31955
protocols.relax.FastRelax: CMD: min  -266.683  0.1912  0.1912  0.31955
protocols.relax.FastRelax: CMD: coord_cst_weight  -266.683  0.1912  0.1912  0.31955
protocols.relax.FastRelax: CMD: scale:fa_rep  -240.289  0.1912  0.1912  0.55
core.pack.pack_rotamers: built 122 rotamers at 16 positions.
core.pack.interaction_graph.interaction_graph_factory: Instantiating DensePDInteractionGraph
protocols.relax.FastRelax: CMD: repack  -240.289  0.1912  0.1912  0.55
protocols.relax.FastRelax: CMD: min  -246.665  0.165042  0.165042  0.55
protocols.relax.FastRelax: MRP: 4  -246.665  -248.08  0.146574  0.146574  
protocols.relax.FastRelax: CMD: accept_to_best  -246.665  0.165042  0.165042  0.55
protocols.relax.FastRelax: CMD: endrepeat  -246.665  0.165042  0.165042  0.55
protocols::checkpoint: Deleting checkpoints of FastRelax
protocols.rosetta_scripts.ParsedProtocol: setting status to success
protocols.jd2.JobDistributor: structure_0001 reported success in 13 seconds
protocols.jd2.JobDistributor: no more batches to process... 
protocols.jd2.JobDistributor: 1 jobs considered, 1 jobs attempted in 13 seconds
basic.citation_manager.CitationManager: 
The following Rosetta modules were used during this run of Rosetta, and should be cited:

rosetta_scripts Application's citation(s):
Fleishman SJ, Leaver-Fay A, Corn JE, Strauch E-M, Khare SD, Koga N, Ashworth J, Murphy P, Richter F, Lemmon G, Meiler J, and Baker D.  (2011).  RosettaScripts: A Scripting Language Interface to the Rosetta Macromolecular Modeling Suite.  PLoS ONE 6(6):e20161.  doi: 10.1371/journal.pone.0020161.

FastRelax Mover's citation(s):
*Tyka MD, *Keedy DA, André I, Dimaio F, Song Y, Richardson DC, Richardson JS, and Baker D.  (2011).  Alternate states of proteins revealed by detailed energy landscape mapping.  J Mol Biol 405(2):607-18.  doi: 10.1016/j.jmb.2010.11.008.  (*Co-primary authors.)

Khatib F, Cooper S, Tyka MD, Xu K, Makedon I, Popovic Z, Baker D, and Players F.  (2011).  Algorithm discovery by protein folding game players.  Proc Natl Acad Sci USA 108(47):18949-53.  doi: 10.1073/pnas.1115898108.

Maguire JB, Haddox HK, Strickland D, Halabiya SF, Coventry B, Griffin JR, Pulavarti SVSRK, Cummins M, Thieker DF, Klavins E, Szyperski T, DiMaio F, Baker D, and Kuhlman B.  (2021).  Perturbing the energy landscape for improved packing during computational protein design.  Proteins 89(4):436-449.  doi: 10.1002/prot.26030.


The following UNPUBLISHED Rosetta modules were used during this run of Rosetta.  Their authors should be included in the author list when this work is published:

NeighborhoodResidueSelector ResidueSelector's author(s):
Robert Lindner, Natural Sciences and Mathematics, Ruperto-Carola University, Heidelberg, Germany [rlindner@mpimf-heidelberg.mpg.de]
Jared Adolf-Bryfogle, Schief lab, Scripps Research Institute [jadolfbr@gmail.com]
Gerard Daniel, Institue for Protein Design, University of Washington [gerardda@uw.edu]


