********  (C) Copyright Rosetta Commons Member Institutions.  ***************
* Use of Rosetta for commercial purposes may require purchase of a license. *
********  See LICENSE.md or email license@uw.edu for more details. **********
core.init: Checking for fconfig files in pwd and ./rosetta/flags 
core.init: Rosetta version: 2025.37+HEAD.df75a9c48e df75a9c48e763e52a7aa3f5dfba077f4da88dbf5 https://github.com/RosettaCommons/rosetta.git 2025-09-03T12:23:30
core.init: Rosetta extras: []
core.init: command: rosetta_scripts -database /usr/local/database @flags_relax
basic.random.init_random_generator: 'RNG device' seed mode, using '/dev/urandom', seed=1276004066 seed_offset=0 real_seed=1276004066
basic.random.init_random_generator: RandomGenerator:init: Normal mode, seed=1276004066 RG_type=mt19937
protocols.jd2.PDBJobInputter: Instantiate PDBJobInputter
protocols.jd2.PDBJobInputter: PDBJobInputter::fill_jobs
protocols.jd2.PDBJobInputter: pushed structure.pdb nstruct index 1
protocols.evaluation.ChiWellRmsdEvaluatorCreator: Evaluation Creator active ... 
protocols.jd2.PDBJobInputter: PDBJobInputter::pose_from_job
protocols.jd2.PDBJobInputter: filling pose from PDB structure.pdb
core.chemical.GlobalResidueTypeSet: Finished initializing fa_standard residue type set.  Created 985 residue types
core.chemical.GlobalResidueTypeSet: Total time to initialize 0.562701 seconds.
core.import_pose.import_pose: File 'structure.pdb' automatically determined to be of type PDB from contents.
protocols.rosetta_scripts.RosettaScriptsParser: dock_design_filename=relax.xml
protocols.rosetta_scripts.RosettaScriptsParser: Validating input script...
protocols.rosetta_scripts.RosettaScriptsSchemaValidator: Generating XML Schema for rosetta_scripts...
protocols.rosetta_scripts.RosettaScriptsSchemaValidator: ...done
protocols.rosetta_scripts.RosettaScriptsSchemaValidator: Initializing schema validator...
protocols.rosetta_scripts.RosettaScriptsSchemaValidator: ...done
protocols.rosetta_scripts.RosettaScriptsParser: ...done
protocols.rosetta_scripts.RosettaScriptsParser: Parsed script:
<ROSETTASCRIPTS>
	<SCOREFXNS>
		<ScoreFunction name="beta_sf" weights="beta_nov16"/>
	</SCOREFXNS>
	<RESIDUE_SELECTORS>
		<Neighborhood distance="10000.0" name="surrounding_move_map" resnums="55A"/>
		<Not name="rest_move_map" selector="surrounding_move_map"/>
		<Neighborhood distance="10000.0" name="surrounding_repack" resnums="55A"/>
		<Not name="rest_repack" selector="surrounding_repack"/>
	</RESIDUE_SELECTORS>
	<TASKOPERATIONS>
		<InitializeFromCommandline name="init"/>
		<OperateOnResidueSubset name="repack_res" selector="surrounding_repack">
			<RestrictToRepackingRLT/>
		</OperateOnResidueSubset>
		<OperateOnResidueSubset name="no_repack" selector="rest_repack">
			<PreventRepackingRLT/>
		</OperateOnResidueSubset>
	</TASKOPERATIONS>
	<MOVE_MAP_FACTORIES>
		<MoveMapFactory bb="0" chi="0" name="local_mm">
			<Backbone enable="true" residue_selector="surrounding_move_map"/>
			<Chi enable="true" residue_selector="surrounding_move_map"/>
		</MoveMapFactory>
	</MOVE_MAP_FACTORIES>
	<MOVERS>
		<MutateResidue name="mutant1" new_res="ALA" target="55A"/>
		<FastRelax disable_design="true" movemap_factory="local_mm" name="relax" repeats="5" scorefxn="beta_sf" task_operations="repack_res,no_repack"/>
	</MOVERS>
	<PROTOCOLS>
		<Add mover_name="mutant1"/>
		<Add mover_name="relax"/>
	</PROTOCOLS>
	<OUTPUT scorefxn="beta_sf"/>
</ROSETTASCRIPTS>
core.scoring.ScoreFunctionFactory: SCOREFUNCTION: beta_nov16.wts
core.scoring.etable: Starting energy table calculation
core.scoring.etable: smooth_etable: changing atr/rep split to bottom of energy well
core.scoring.etable: smooth_etable: spline smoothing lj etables (maxdis = 6)
core.scoring.etable: smooth_etable: spline smoothing solvation etables (max_dis = 6)
core.scoring.etable: Finished calculating energy tables.
basic.io.database: Database file opened: scoring/score_functions/hbonds/ref2015_params/HBPoly1D.csv
basic.io.database: Database file opened: scoring/score_functions/hbonds/ref2015_params/HBFadeIntervals.csv
basic.io.database: Database file opened: scoring/score_functions/hbonds/ref2015_params/HBEval.csv
basic.io.database: Database file opened: scoring/score_functions/hbonds/ref2015_params/DonStrength.csv
basic.io.database: Database file opened: scoring/score_functions/hbonds/ref2015_params/AccStrength.csv
basic.io.database: Database file opened: scoring/score_functions/rama/fd_beta_nov2016/all.ramaProb
basic.io.database: Database file opened: scoring/score_functions/rama/fd_beta_nov2016/prepro.ramaProb
basic.io.database: Database file opened: scoring/score_functions/omega/omega_ppdep.all.txt
basic.io.database: Database file opened: scoring/score_functions/omega/omega_ppdep.gly.txt
basic.io.database: Database file opened: scoring/score_functions/omega/omega_ppdep.pro.txt
basic.io.database: Database file opened: scoring/score_functions/omega/omega_ppdep.valile.txt
basic.io.database: Database file opened: scoring/score_functions/P_AA_pp/P_AA
basic.io.database: Database file opened: scoring/score_functions/P_AA_pp/P_AA_n
core.scoring.P_AA: shapovalov_lib::shap_p_aa_pp_smooth_level of 1( aka low_smooth ) got activated.
basic.io.database: Database file opened: scoring/score_functions/P_AA_pp/shapovalov/10deg/kappa131/a20.prop
basic.io.database: Database file opened: scoring/score_functions/bondlength_bondangle/hydroxyl_torsion_preference.txt
core.scoring.etable: Starting energy table calculation
core.scoring.etable: smooth_etable: changing atr/rep split to bottom of energy well
core.scoring.etable: smooth_etable: spline smoothing lj etables (maxdis = 6)
core.scoring.etable: smooth_etable: spline smoothing solvation etables (max_dis = 6)
core.scoring.etable: Finished calculating energy tables.
basic.io.database: Database file opened: scoring/score_functions/PairEPotential/pdb_pair_stats_fine
basic.io.database: Database file opened: scoring/score_functions/InterchainPotential/interchain_env_log.txt
basic.io.database: Database file opened: scoring/score_functions/InterchainPotential/interchain_pair_log.txt
basic.io.database: Database file opened: scoring/score_functions/EnvPairPotential/env_log.txt
basic.io.database: Database file opened: scoring/score_functions/EnvPairPotential/cbeta_den.txt
basic.io.database: Database file opened: scoring/score_functions/EnvPairPotential/pair_log.txt
basic.io.database: Database file opened: scoring/score_functions/EnvPairPotential/cenpack_log.txt
core.scoring.ramachandran: shapovalov_lib::shap_rama_smooth_level of 4( aka highest_smooth ) got activated.
basic.io.database: Database file opened: scoring/score_functions/rama/shapovalov/kappa25/all.ramaProb
protocols.jd2.parser.ScoreFunctionLoader: defined score function "beta_sf" with weights "beta_nov16"
protocols.jd2.parser.TaskOperationLoader: Defined TaskOperation named "init" of type InitializeFromCommandline
protocols.jd2.parser.TaskOperationLoader: Defined TaskOperation named "repack_res" of type OperateOnResidueSubset
protocols.jd2.parser.TaskOperationLoader: Defined TaskOperation named "no_repack" of type OperateOnResidueSubset
protocols.jd2.parser.MoveMapFactoryLoader: Defined MoveMap named "local_mm"
protocols.rosetta_scripts.RosettaScriptsParser: Defined mover named "mutant1" of type MutateResidue
protocols.relax.RelaxScriptManager: Reading relax scripts list from database.
core.scoring.ScoreFunctionFactory: SCOREFUNCTION: beta_nov16.wts
protocols.relax.RelaxScriptManager: Looking for MonomerRelax2019.txt
protocols.relax.RelaxScriptManager: ================== Reading script file: /usr/local/database/sampling/relax_scripts/MonomerRelax2019.txt ==================
protocols.relax.RelaxScriptManager: repeat %%nrepeats%%
protocols.relax.RelaxScriptManager: coord_cst_weight 1.0
protocols.relax.RelaxScriptManager: scale:fa_rep 0.040
protocols.relax.RelaxScriptManager: repack
protocols.relax.RelaxScriptManager: scale:fa_rep 0.051
protocols.relax.RelaxScriptManager: min 0.01
protocols.relax.RelaxScriptManager: coord_cst_weight 0.5
protocols.relax.RelaxScriptManager: scale:fa_rep 0.265
protocols.relax.RelaxScriptManager: repack
protocols.relax.RelaxScriptManager: scale:fa_rep 0.280
protocols.relax.RelaxScriptManager: min 0.01
protocols.relax.RelaxScriptManager: coord_cst_weight 0.0
protocols.relax.RelaxScriptManager: scale:fa_rep 0.559
protocols.relax.RelaxScriptManager: repack
protocols.relax.RelaxScriptManager: scale:fa_rep 0.581
protocols.relax.RelaxScriptManager: min 0.01
protocols.relax.RelaxScriptManager: coord_cst_weight 0.0
protocols.relax.RelaxScriptManager: scale:fa_rep 1
protocols.relax.RelaxScriptManager: repack
protocols.relax.RelaxScriptManager: min 0.00001
protocols.relax.RelaxScriptManager: accept_to_best
protocols.relax.RelaxScriptManager: endrepeat
core.pack.task.xml_util: Object relax reading the following task_operations: Adding the following task operations
repack_res no_repack 
core.select.movemap.util: Found MoveMapFactory local_mm
protocols.rosetta_scripts.RosettaScriptsParser: Defined mover named "relax" of type FastRelax
protocols.rosetta_scripts.ParsedProtocol: ParsedProtocol mover with the following settings
protocols.rosetta_scripts.ParsedProtocol: Added mover "mutant1"
protocols.rosetta_scripts.ParsedProtocol: Added mover "relax"
protocols.jd2.PDBJobInputter: PDBJobInputter::pose_from_job
protocols.jd2.PDBJobInputter: filling pose from saved copy structure.pdb
protocols.rosetta_scripts.ParsedProtocol: =======================BEGIN MOVER MutateResidue - mutant1=======================
protocols.rosetta_scripts.ParsedProtocol: =======================BEGIN MOVER FastRelax - relax=======================
basic.io.database: Database file opened: scoring/score_functions/elec_cp_reps.dat
core.scoring.elec.util: Read 40 countpair representative atoms
core.pack.dunbrack.RotamerLibrary: shapovalov_lib_fixes_enable option is true.
core.pack.dunbrack.RotamerLibrary: Binary rotamer library selected: /usr/local/database/rotamer/beta_nov2016/Dunbrack10.lib.bin
core.pack.dunbrack.RotamerLibrary: Using Dunbrack library binary file '/usr/local/database/rotamer/beta_nov2016/Dunbrack10.lib.bin'.
core.pack.dunbrack.RotamerLibrary: Dunbrack 2010 library took 0.048164 seconds to load from binary
protocols.relax.FastRelax: CMD: repeat  -208.514  0  0  0.55
protocols.relax.FastRelax: CMD: coord_cst_weight  -208.514  0  0  0.55
protocols.relax.FastRelax: CMD: scale:fa_rep  -252.935  0  0  0.022
core.pack.pack_rotamers: built 1041 rotamers at 75 positions.
core.pack.interaction_graph.interaction_graph_factory: Instantiating DensePDInteractionGraph
protocols.relax.FastRelax: CMD: repack  -284.936  0  0  0.022
protocols.relax.FastRelax: CMD: scale:fa_rep  -283.617  0  0  0.02805
protocols.relax.FastRelax: CMD: min  -325.631  0.531449  0.531449  0.02805
protocols.relax.FastRelax: CMD: coord_cst_weight  -325.631  0.531449  0.531449  0.02805
protocols.relax.FastRelax: CMD: scale:fa_rep  -232.376  0.531449  0.531449  0.14575
core.pack.pack_rotamers: built 982 rotamers at 75 positions.
core.pack.interaction_graph.interaction_graph_factory: Instantiating DensePDInteractionGraph
protocols.relax.FastRelax: CMD: repack  -234.679  0.531449  0.531449  0.14575
protocols.relax.FastRelax: CMD: scale:fa_rep  -228.538  0.531449  0.531449  0.154
protocols.relax.FastRelax: CMD: min  -285.931  0.254946  0.254946  0.154
protocols.relax.FastRelax: CMD: coord_cst_weight  -285.931  0.254946  0.254946  0.154
protocols.relax.FastRelax: CMD: scale:fa_rep  -255.04  0.254946  0.254946  0.30745
core.pack.pack_rotamers: built 961 rotamers at 75 positions.
core.pack.interaction_graph.interaction_graph_factory: Instantiating DensePDInteractionGraph
protocols.relax.FastRelax: CMD: repack  -255.102  0.254946  0.254946  0.30745
protocols.relax.FastRelax: CMD: scale:fa_rep  -252.667  0.254946  0.254946  0.31955
protocols.relax.FastRelax: CMD: min  -263.23  0.172906  0.172906  0.31955
protocols.relax.FastRelax: CMD: coord_cst_weight  -263.23  0.172906  0.172906  0.31955
protocols.relax.FastRelax: CMD: scale:fa_rep  -236.359  0.172906  0.172906  0.55
core.pack.pack_rotamers: built 934 rotamers at 75 positions.
core.pack.interaction_graph.interaction_graph_factory: Instantiating DensePDInteractionGraph
protocols.relax.FastRelax: CMD: repack  -236.388  0.172906  0.172906  0.55
protocols.relax.FastRelax: CMD: min  -247.831  0.192325  0.192325  0.55
protocols.relax.FastRelax: MRP: 0  -247.831  -247.831  0.192325  0.192325  
protocols.relax.FastRelax: CMD: accept_to_best  -247.831  0.192325  0.192325  0.55
protocols.relax.FastRelax: CMD: endrepeat  -247.831  0.192325  0.192325  0.55
protocols.relax.FastRelax: CMD: coord_cst_weight  -247.831  0.192325  0.192325  0.55
protocols.relax.FastRelax: CMD: scale:fa_rep  -287.72  0.192325  0.192325  0.022
core.pack.pack_rotamers: built 1055 rotamers at 75 positions.
core.pack.interaction_graph.interaction_graph_factory: Instantiating DensePDInteractionGraph
protocols.relax.FastRelax: CMD: repack  -289.054  0.192325  0.192325  0.022
protocols.relax.FastRelax: CMD: scale:fa_rep  -288.094  0.192325  0.192325  0.02805
protocols.relax.FastRelax: CMD: min  -330.429  0.596025  0.596025  0.02805
protocols.relax.FastRelax: CMD: coord_cst_weight  -330.429  0.596025  0.596025  0.02805
protocols.relax.FastRelax: CMD: scale:fa_rep  -238.626  0.596025  0.596025  0.14575
core.pack.pack_rotamers: built 986 rotamers at 75 positions.
core.pack.interaction_graph.interaction_graph_factory: Instantiating DensePDInteractionGraph
protocols.relax.FastRelax: CMD: repack  -239.247  0.596025  0.596025  0.14575
protocols.relax.FastRelax: CMD: scale:fa_rep  -232.897  0.596025  0.596025  0.154
protocols.relax.FastRelax: CMD: min  -287.532  0.300749  0.300749  0.154
protocols.relax.FastRelax: CMD: coord_cst_weight  -287.532  0.300749  0.300749  0.154
protocols.relax.FastRelax: CMD: scale:fa_rep  -255.767  0.300749  0.300749  0.30745
core.pack.pack_rotamers: built 965 rotamers at 75 positions.
core.pack.interaction_graph.interaction_graph_factory: Instantiating DensePDInteractionGraph
protocols.relax.FastRelax: CMD: repack  -255.767  0.300749  0.300749  0.30745
protocols.relax.FastRelax: CMD: scale:fa_rep  -253.263  0.300749  0.300749  0.31955
protocols.relax.FastRelax: CMD: min  -266.787  0.232806  0.232806  0.31955
protocols.relax.FastRelax: CMD: coord_cst_weight  -266.787  0.232806  0.232806  0.31955
protocols.relax.FastRelax: CMD: scale:fa_rep  -240.799  0.232806  0.232806  0.55
core.pack.pack_rotamers: built 932 rotamers at 75 positions.
core.pack.interaction_graph.interaction_graph_factory: Instantiating DensePDInteractionGraph
protocols.relax.FastRelax: CMD: repack  -240.823  0.232806  0.232806  0.55
protocols.relax.FastRelax: CMD: min  -247.229  0.21248  0.21248  0.55
protocols.relax.FastRelax: MRP: 1  -247.229  -247.831  0.192325  0.192325  
protocols.relax.FastRelax: CMD: accept_to_best  -247.229  0.21248  0.21248  0.55
protocols.relax.FastRelax: CMD: endrepeat  -247.229  0.21248  0.21248  0.55
protocols.relax.FastRelax: CMD: coord_cst_weight  -247.229  0.21248  0.21248  0.55
protocols.relax.FastRelax: CMD: scale:fa_rep  -287.204  0.21248  0.21248  0.022
core.pack.pack_rotamers: built 1055 rotamers at 75 positions.
core.pack.interaction_graph.interaction_graph_factory: Instantiating DensePDInteractionGraph
protocols.relax.FastRelax: CMD: repack  -289.183  0.21248  0.21248  0.022
protocols.relax.FastRelax: CMD: scale:fa_rep  -288.064  0.21248  0.21248  0.02805
protocols.relax.FastRelax: CMD: min  -320.18  0.490804  0.490804  0.02805
protocols.relax.FastRelax: CMD: coord_cst_weight  -320.18  0.490804  0.490804  0.02805
protocols.relax.FastRelax: CMD: scale:fa_rep  -242.593  0.490804  0.490804  0.14575
core.pack.pack_rotamers: built 994 rotamers at 75 positions.
core.pack.interaction_graph.interaction_graph_factory: Instantiating DensePDInteractionGraph
protocols.relax.FastRelax: CMD: repack  -248.661  0.490804  0.490804  0.14575
protocols.relax.FastRelax: CMD: scale:fa_rep  -243.795  0.490804  0.490804  0.154
protocols.relax.FastRelax: CMD: min  -285.888  0.292669  0.292669  0.154
protocols.relax.FastRelax: CMD: coord_cst_weight  -285.888  0.292669  0.292669  0.154
protocols.relax.FastRelax: CMD: scale:fa_rep  -258.601  0.292669  0.292669  0.30745
core.pack.pack_rotamers: built 965 rotamers at 75 positions.
core.pack.interaction_graph.interaction_graph_factory: Instantiating DensePDInteractionGraph
protocols.relax.FastRelax: CMD: repack  -258.601  0.292669  0.292669  0.30745
protocols.relax.FastRelax: CMD: scale:fa_rep  -256.45  0.292669  0.292669  0.31955
protocols.relax.FastRelax: CMD: min  -264.493  0.240049  0.240049  0.31955
protocols.relax.FastRelax: CMD: coord_cst_weight  -264.493  0.240049  0.240049  0.31955
protocols.relax.FastRelax: CMD: scale:fa_rep  -238.495  0.240049  0.240049  0.55
core.pack.pack_rotamers: built 929 rotamers at 75 positions.
core.pack.interaction_graph.interaction_graph_factory: Instantiating DensePDInteractionGraph
protocols.relax.FastRelax: CMD: repack  -238.453  0.240049  0.240049  0.55
protocols.relax.FastRelax: CMD: min  -247.004  0.213558  0.213558  0.55
protocols.relax.FastRelax: MRP: 2  -247.004  -247.831  0.192325  0.192325  
protocols.relax.FastRelax: CMD: accept_to_best  -247.004  0.213558  0.213558  0.55
protocols.relax.FastRelax: CMD: endrepeat  -247.004  0.213558  0.213558  0.55
protocols.relax.FastRelax: CMD: coord_cst_weight  -247.004  0.213558  0.213558  0.55
protocols.relax.FastRelax: CMD: scale:fa_rep  -286.97  0.213558  0.213558  0.022
core.pack.pack_rotamers: built 1056 rotamers at 75 positions.
core.pack.interaction_graph.interaction_graph_factory: Instantiating DensePDInteractionGraph
protocols.relax.FastRelax: CMD: repack  -288.943  0.213558  0.213558  0.022
protocols.relax.FastRelax: CMD: scale:fa_rep  -287.585  0.213558  0.213558  0.02805
protocols.relax.FastRelax: CMD: min  -330.604  0.626175  0.626175  0.02805
protocols.relax.FastRelax: CMD: coord_cst_weight  -330.604  0.626175  0.626175  0.02805
protocols.relax.FastRelax: CMD: scale:fa_rep  -238.283  0.626175  0.626175  0.14575
core.pack.pack_rotamers: built 991 rotamers at 75 positions.
core.pack.interaction_graph.interaction_graph_factory: Instantiating DensePDInteractionGraph
protocols.relax.FastRelax: CMD: repack  -239.927  0.626175  0.626175  0.14575
protocols.relax.FastRelax: CMD: scale:fa_rep  -233.702  0.626175  0.626175  0.154
protocols.relax.FastRelax: CMD: min  -288.747  0.359968  0.359968  0.154
protocols.relax.FastRelax: CMD: coord_cst_weight  -288.747  0.359968  0.359968  0.154
protocols.relax.FastRelax: CMD: scale:fa_rep  -258.909  0.359968  0.359968  0.30745
core.pack.pack_rotamers: built 985 rotamers at 75 positions.
core.pack.interaction_graph.interaction_graph_factory: Instantiating DensePDInteractionGraph
protocols.relax.FastRelax: CMD: repack  -258.967  0.359968  0.359968  0.30745
protocols.relax.FastRelax: CMD: scale:fa_rep  -256.614  0.359968  0.359968  0.31955
protocols.relax.FastRelax: CMD: min  -263.045  0.309055  0.309055  0.31955
protocols.relax.FastRelax: CMD: coord_cst_weight  -263.045  0.309055  0.309055  0.31955
protocols.relax.FastRelax: CMD: scale:fa_rep  -232.295  0.309055  0.309055  0.55
core.pack.pack_rotamers: built 939 rotamers at 75 positions.
core.pack.interaction_graph.interaction_graph_factory: Instantiating DensePDInteractionGraph
protocols.relax.FastRelax: CMD: repack  -232.346  0.309055  0.309055  0.55
protocols.relax.FastRelax: CMD: min  -247.014  0.302233  0.302233  0.55
protocols.relax.FastRelax: MRP: 3  -247.014  -247.831  0.192325  0.192325  
protocols.relax.FastRelax: CMD: accept_to_best  -247.014  0.302233  0.302233  0.55
protocols.relax.FastRelax: CMD: endrepeat  -247.014  0.302233  0.302233  0.55
protocols.relax.FastRelax: CMD: coord_cst_weight  -247.014  0.302233  0.302233  0.55
protocols.relax.FastRelax: CMD: scale:fa_rep  -286.988  0.302233  0.302233  0.022
core.pack.pack_rotamers: built 1075 rotamers at 75 positions.
core.pack.interaction_graph.interaction_graph_factory: Instantiating DensePDInteractionGraph
protocols.relax.FastRelax: CMD: repack  -288.709  0.302233  0.302233  0.022
protocols.relax.FastRelax: CMD: scale:fa_rep  -287.663  0.302233  0.302233  0.02805
protocols.relax.FastRelax: CMD: min  -322.096  0.615053  0.615053  0.02805
protocols.relax.FastRelax: CMD: coord_cst_weight  -322.096  0.615053  0.615053  0.02805
protocols.relax.FastRelax: CMD: scale:fa_rep  -213.282  0.615053  0.615053  0.14575
core.pack.pack_rotamers: built 987 rotamers at 75 positions.
core.pack.interaction_graph.interaction_graph_factory: Instantiating DensePDInteractionGraph
protocols.relax.FastRelax: CMD: repack  -221.522  0.615053  0.615053  0.14575
protocols.relax.FastRelax: CMD: scale:fa_rep  -214.711  0.615053  0.615053  0.154
protocols.relax.FastRelax: CMD: min  -284.091  0.448775  0.448775  0.154
protocols.relax.FastRelax: CMD: coord_cst_weight  -284.091  0.448775  0.448775  0.154
protocols.relax.FastRelax: CMD: scale:fa_rep  -253.719  0.448775  0.448775  0.30745
core.pack.pack_rotamers: built 971 rotamers at 75 positions.
core.pack.interaction_graph.interaction_graph_factory: Instantiating DensePDInteractionGraph
protocols.relax.FastRelax: CMD: repack  -253.719  0.448775  0.448775  0.30745
protocols.relax.FastRelax: CMD: scale:fa_rep  -251.324  0.448775  0.448775  0.31955
protocols.relax.FastRelax: CMD: min  -259.189  0.384679  0.384679  0.31955
protocols.relax.FastRelax: CMD: coord_cst_weight  -259.189  0.384679  0.384679  0.31955
protocols.relax.FastRelax: CMD: scale:fa_rep  -230.523  0.384679  0.384679  0.55
core.pack.pack_rotamers: built 951 rotamers at 75 positions.
core.pack.interaction_graph.interaction_graph_factory: Instantiating DensePDInteractionGraph
protocols.relax.FastRelax: CMD: repack  -230.625  0.384679  0.384679  0.55
protocols.relax.FastRelax: CMD: min  -246.173  0.357772  0.357772  0.55
protocols.relax.FastRelax: MRP: 4  -246.173  -247.831  0.192325  0.192325  
protocols.relax.FastRelax: CMD: accept_to_best  -246.173  0.357772  0.357772  0.55
protocols.relax.FastRelax: CMD: endrepeat  -246.173  0.357772  0.357772  0.55
protocols::checkpoint: Deleting checkpoints of FastRelax
protocols.rosetta_scripts.ParsedProtocol: setting status to success
protocols.jd2.JobDistributor: structure_0001 reported success in 17 seconds
protocols.jd2.JobDistributor: no more batches to process... 
protocols.jd2.JobDistributor: 1 jobs considered, 1 jobs attempted in 17 seconds
basic.citation_manager.CitationManager: 
The following Rosetta modules were used during this run of Rosetta, and should be cited:

rosetta_scripts Application's citation(s):
Fleishman SJ, Leaver-Fay A, Corn JE, Strauch E-M, Khare SD, Koga N, Ashworth J, Murphy P, Richter F, Lemmon G, Meiler J, and Baker D.  (2011).  RosettaScripts: A Scripting Language Interface to the Rosetta Macromolecular Modeling Suite.  PLoS ONE 6(6):e20161.  doi: 10.1371/journal.pone.0020161.

FastRelax Mover's citation(s):
*Tyka MD, *Keedy DA, André I, Dimaio F, Song Y, Richardson DC, Richardson JS, and Baker D.  (2011).  Alternate states of proteins revealed by detailed energy landscape mapping.  J Mol Biol 405(2):607-18.  doi: 10.1016/j.jmb.2010.11.008.  (*Co-primary authors.)

Khatib F, Cooper S, Tyka MD, Xu K, Makedon I, Popovic Z, Baker D, and Players F.  (2011).  Algorithm discovery by protein folding game players.  Proc Natl Acad Sci USA 108(47):18949-53.  doi: 10.1073/pnas.1115898108.

Maguire JB, Haddox HK, Strickland D, Halabiya SF, Coventry B, Griffin JR, Pulavarti SVSRK, Cummins M, Thieker DF, Klavins E, Szyperski T, DiMaio F, Baker D, and Kuhlman B.  (2021).  Perturbing the energy landscape for improved packing during computational protein design.  Proteins 89(4):436-449.  doi: 10.1002/prot.26030.


The following UNPUBLISHED Rosetta modules were used during this run of Rosetta.  Their authors should be included in the author list when this work is published:

NeighborhoodResidueSelector ResidueSelector's author(s):
Robert Lindner, Natural Sciences and Mathematics, Ruperto-Carola University, Heidelberg, Germany [rlindner@mpimf-heidelberg.mpg.de]
Jared Adolf-Bryfogle, Schief lab, Scripps Research Institute [jadolfbr@gmail.com]
Gerard Daniel, Institue for Protein Design, University of Washington [gerardda@uw.edu]


