********  (C) Copyright Rosetta Commons Member Institutions.  ***************
* Use of Rosetta for commercial purposes may require purchase of a license. *
********  See LICENSE.md or email license@uw.edu for more details. **********
core.init: Checking for fconfig files in pwd and ./rosetta/flags 
core.init: Rosetta version: 2025.37+HEAD.df75a9c48e df75a9c48e763e52a7aa3f5dfba077f4da88dbf5 https://github.com/RosettaCommons/rosetta.git 2025-09-03T12:23:30
core.init: Rosetta extras: []
core.init: command: rosetta_scripts @flags_r9_m10000
basic.random.init_random_generator: 'RNG device' seed mode, using '/dev/urandom', seed=-529598550 seed_offset=0 real_seed=-529598550
basic.random.init_random_generator: RandomGenerator:init: Normal mode, seed=-529598550 RG_type=mt19937
core.init: found database environment variable ROSETTA3_DB: /usr/local/database
protocols.jd2.PDBJobInputter: Instantiate PDBJobInputter
protocols.jd2.PDBJobInputter: PDBJobInputter::fill_jobs
protocols.jd2.PDBJobInputter: pushed prepare_gfp_raw_0001.pdb nstruct index 1
protocols.evaluation.ChiWellRmsdEvaluatorCreator: Evaluation Creator active ... 
protocols.jd2.PDBJobInputter: PDBJobInputter::pose_from_job
protocols.jd2.PDBJobInputter: filling pose from PDB prepare_gfp_raw_0001.pdb
core.chemical.GlobalResidueTypeSet: Finished initializing fa_standard residue type set.  Created 985 residue types
core.chemical.GlobalResidueTypeSet: Total time to initialize 0.555178 seconds.
core.import_pose.import_pose: File 'prepare_gfp_raw_0001.pdb' automatically determined to be of type PDB from contents.
protocols.rosetta_scripts.RosettaScriptsParser: dock_design_filename=relax_r9_m10000.xml
protocols.rosetta_scripts.RosettaScriptsParser: Validating input script...
protocols.rosetta_scripts.RosettaScriptsSchemaValidator: Generating XML Schema for rosetta_scripts...
protocols.rosetta_scripts.RosettaScriptsSchemaValidator: ...done
protocols.rosetta_scripts.RosettaScriptsSchemaValidator: Initializing schema validator...
protocols.rosetta_scripts.RosettaScriptsSchemaValidator: ...done
protocols.rosetta_scripts.RosettaScriptsParser: ...done
protocols.rosetta_scripts.RosettaScriptsParser: Parsed script:
<ROSETTASCRIPTS>
	<SCOREFXNS>
		<ScoreFunction name="beta_sf" weights="beta_nov16_cart"/>
	</SCOREFXNS>
	<RESIDUE_SELECTORS>
		<Neighborhood distance="10000" name="surrounding_move_map" resnums="55"/>
		<Not name="rest_move_map" selector="surrounding_move_map"/>
		<Neighborhood distance="9" name="surrounding_repack" resnums="55"/>
		<Not name="rest_repack" selector="surrounding_repack"/>
	</RESIDUE_SELECTORS>
	<TASKOPERATIONS>
		<InitializeFromCommandline name="init"/>
		<OperateOnResidueSubset name="repack_res" selector="surrounding_repack">
			<RestrictToRepackingRLT/>
		</OperateOnResidueSubset>
		<OperateOnResidueSubset name="no_repack" selector="rest_repack">
			<PreventRepackingRLT/>
		</OperateOnResidueSubset>
	</TASKOPERATIONS>
	<MOVE_MAP_FACTORIES>
		<MoveMapFactory bb="0" chi="0" name="local_mm">
			<Backbone enable="true" residue_selector="surrounding_move_map"/>
			<Chi enable="true" residue_selector="surrounding_move_map"/>
		</MoveMapFactory>
	</MOVE_MAP_FACTORIES>
	<MOVERS>
		<MutateResidue name="mutant" new_res="ALA" target="45A"/>
		<FastRelax cartesian="true" disable_design="true" movemap_factory="local_mm" name="relax" repeats="5" scorefxn="beta_sf" task_operations="init,repack_res,no_repack"/>
	</MOVERS>
	<PROTOCOLS>
		<Add mover_name="mutant"/>
		<Add mover_name="relax"/>
	</PROTOCOLS>
	<OUTPUT scorefxn="beta_sf"/>
</ROSETTASCRIPTS>
core.scoring.ScoreFunctionFactory: SCOREFUNCTION: beta_nov16_cart.wts
core.scoring.etable: Starting energy table calculation
core.scoring.etable: smooth_etable: changing atr/rep split to bottom of energy well
core.scoring.etable: smooth_etable: spline smoothing lj etables (maxdis = 6)
core.scoring.etable: smooth_etable: spline smoothing solvation etables (max_dis = 6)
core.scoring.etable: Finished calculating energy tables.
basic.io.database: Database file opened: scoring/score_functions/hbonds/ref2015_params/HBPoly1D.csv
basic.io.database: Database file opened: scoring/score_functions/hbonds/ref2015_params/HBFadeIntervals.csv
basic.io.database: Database file opened: scoring/score_functions/hbonds/ref2015_params/HBEval.csv
basic.io.database: Database file opened: scoring/score_functions/hbonds/ref2015_params/DonStrength.csv
basic.io.database: Database file opened: scoring/score_functions/hbonds/ref2015_params/AccStrength.csv
basic.io.database: Database file opened: scoring/score_functions/rama/fd_beta_nov2016/all.ramaProb
basic.io.database: Database file opened: scoring/score_functions/rama/fd_beta_nov2016/prepro.ramaProb
basic.io.database: Database file opened: scoring/score_functions/omega/omega_ppdep.all.txt
basic.io.database: Database file opened: scoring/score_functions/omega/omega_ppdep.gly.txt
basic.io.database: Database file opened: scoring/score_functions/omega/omega_ppdep.pro.txt
basic.io.database: Database file opened: scoring/score_functions/omega/omega_ppdep.valile.txt
basic.io.database: Database file opened: scoring/score_functions/P_AA_pp/P_AA
basic.io.database: Database file opened: scoring/score_functions/P_AA_pp/P_AA_n
core.scoring.P_AA: shapovalov_lib::shap_p_aa_pp_smooth_level of 1( aka low_smooth ) got activated.
basic.io.database: Database file opened: scoring/score_functions/P_AA_pp/shapovalov/10deg/kappa131/a20.prop
basic.io.database: Database file opened: scoring/score_functions/bondlength_bondangle/hydroxyl_torsion_preference.txt
core.energy_methods.CartesianBondedEnergy: Initializing IdealParametersDatabase with default Ks=300 , 80 , 80 , 10 , 80
basic.io.database: Database file opened: scoring/score_functions/bondlength_bondangle/default-lengths.txt
core.energy_methods.CartesianBondedEnergy: Read 759 bb-independent lengths.
basic.io.database: Database file opened: scoring/score_functions/bondlength_bondangle/default-angles.txt
core.energy_methods.CartesianBondedEnergy: Read 1434 bb-independent angles.
basic.io.database: Database file opened: scoring/score_functions/bondlength_bondangle/default-torsions.txt
core.energy_methods.CartesianBondedEnergy: Read 1 bb-independent torsions.
basic.io.database: Database file opened: scoring/score_functions/bondlength_bondangle/default-improper.txt
core.energy_methods.CartesianBondedEnergy: Read 529 bb-independent improper tors.
core.scoring.etable: Starting energy table calculation
core.scoring.etable: smooth_etable: changing atr/rep split to bottom of energy well
core.scoring.etable: smooth_etable: spline smoothing lj etables (maxdis = 6)
core.scoring.etable: smooth_etable: spline smoothing solvation etables (max_dis = 6)
core.scoring.etable: Finished calculating energy tables.
basic.io.database: Database file opened: scoring/score_functions/PairEPotential/pdb_pair_stats_fine
basic.io.database: Database file opened: scoring/score_functions/InterchainPotential/interchain_env_log.txt
basic.io.database: Database file opened: scoring/score_functions/InterchainPotential/interchain_pair_log.txt
basic.io.database: Database file opened: scoring/score_functions/EnvPairPotential/env_log.txt
basic.io.database: Database file opened: scoring/score_functions/EnvPairPotential/cbeta_den.txt
basic.io.database: Database file opened: scoring/score_functions/EnvPairPotential/pair_log.txt
basic.io.database: Database file opened: scoring/score_functions/EnvPairPotential/cenpack_log.txt
core.scoring.ramachandran: shapovalov_lib::shap_rama_smooth_level of 4( aka highest_smooth ) got activated.
basic.io.database: Database file opened: scoring/score_functions/rama/shapovalov/kappa25/all.ramaProb
protocols.jd2.parser.ScoreFunctionLoader: defined score function "beta_sf" with weights "beta_nov16_cart"
protocols.jd2.parser.TaskOperationLoader: Defined TaskOperation named "init" of type InitializeFromCommandline
protocols.jd2.parser.TaskOperationLoader: Defined TaskOperation named "repack_res" of type OperateOnResidueSubset
protocols.jd2.parser.TaskOperationLoader: Defined TaskOperation named "no_repack" of type OperateOnResidueSubset
protocols.jd2.parser.MoveMapFactoryLoader: Defined MoveMap named "local_mm"
protocols.rosetta_scripts.RosettaScriptsParser: Defined mover named "mutant" of type MutateResidue
protocols.relax.RelaxScriptManager: Reading relax scripts list from database.
core.scoring.ScoreFunctionFactory: SCOREFUNCTION: beta_nov16_cart.wts
protocols.relax.RelaxScriptManager: Looking for MonomerRelax2019.txt
protocols.relax.RelaxScriptManager: ================== Reading script file: /usr/local/database/sampling/relax_scripts/MonomerRelax2019.txt ==================
protocols.relax.RelaxScriptManager: repeat %%nrepeats%%
protocols.relax.RelaxScriptManager: coord_cst_weight 1.0
protocols.relax.RelaxScriptManager: scale:fa_rep 0.040
protocols.relax.RelaxScriptManager: repack
protocols.relax.RelaxScriptManager: scale:fa_rep 0.051
protocols.relax.RelaxScriptManager: min 0.01
protocols.relax.RelaxScriptManager: coord_cst_weight 0.5
protocols.relax.RelaxScriptManager: scale:fa_rep 0.265
protocols.relax.RelaxScriptManager: repack
protocols.relax.RelaxScriptManager: scale:fa_rep 0.280
protocols.relax.RelaxScriptManager: min 0.01
protocols.relax.RelaxScriptManager: coord_cst_weight 0.0
protocols.relax.RelaxScriptManager: scale:fa_rep 0.559
protocols.relax.RelaxScriptManager: repack
protocols.relax.RelaxScriptManager: scale:fa_rep 0.581
protocols.relax.RelaxScriptManager: min 0.01
protocols.relax.RelaxScriptManager: coord_cst_weight 0.0
protocols.relax.RelaxScriptManager: scale:fa_rep 1
protocols.relax.RelaxScriptManager: repack
protocols.relax.RelaxScriptManager: min 0.00001
protocols.relax.RelaxScriptManager: accept_to_best
protocols.relax.RelaxScriptManager: endrepeat
core.pack.task.xml_util: Object relax reading the following task_operations: Adding the following task operations
init repack_res no_repack 
core.select.movemap.util: Found MoveMapFactory local_mm
protocols.rosetta_scripts.RosettaScriptsParser: Defined mover named "relax" of type FastRelax
protocols.rosetta_scripts.ParsedProtocol: ParsedProtocol mover with the following settings
protocols.rosetta_scripts.ParsedProtocol: Added mover "mutant"
protocols.rosetta_scripts.ParsedProtocol: Added mover "relax"
protocols.jd2.PDBJobInputter: PDBJobInputter::pose_from_job
protocols.jd2.PDBJobInputter: filling pose from saved copy prepare_gfp_raw_0001.pdb
protocols.rosetta_scripts.ParsedProtocol: =======================BEGIN MOVER MutateResidue - mutant=======================
protocols.rosetta_scripts.ParsedProtocol: =======================BEGIN MOVER FastRelax - relax=======================
core.energy_methods.CartesianBondedEnergy: Creating new peptide-bonded energy container (225)
basic.io.database: Database file opened: scoring/score_functions/elec_cp_reps.dat
core.scoring.elec.util: Read 40 countpair representative atoms
core.pack.dunbrack.RotamerLibrary: shapovalov_lib_fixes_enable option is true.
core.pack.dunbrack.RotamerLibrary: Binary rotamer library selected: /usr/local/database/rotamer/beta_nov2016/Dunbrack10.lib.bin
core.pack.dunbrack.RotamerLibrary: Using Dunbrack library binary file '/usr/local/database/rotamer/beta_nov2016/Dunbrack10.lib.bin'.
core.pack.dunbrack.RotamerLibrary: Dunbrack 2010 library took 0.114342 seconds to load from binary
protocols.relax.FastRelax: CMD: repeat  -805.658  0  0  0.55
protocols.relax.FastRelax: CMD: coord_cst_weight  -805.658  0  0  0.55
protocols.relax.FastRelax: CMD: scale:fa_rep  -930.562  0  0  0.022
core.pack.task: Packer task: initialize from command line() 
core.pack.pack_rotamers: built 255 rotamers at 16 positions.
core.pack.interaction_graph.interaction_graph_factory: Instantiating DensePDInteractionGraph
protocols.relax.FastRelax: CMD: repack  -931.292  0  0  0.022
protocols.relax.FastRelax: CMD: scale:fa_rep  -929.416  0  0  0.02805
protocols.relax.FastRelax: CMD: min  -1156.84  1.17423  1.17423  0.02805
protocols.relax.FastRelax: CMD: coord_cst_weight  -1156.84  1.17423  1.17423  0.02805
protocols.relax.FastRelax: CMD: scale:fa_rep  -679.016  1.17423  1.17423  0.14575
core.pack.task: Packer task: initialize from command line() 
core.pack.pack_rotamers: built 284 rotamers at 25 positions.
core.pack.interaction_graph.interaction_graph_factory: Instantiating DensePDInteractionGraph
protocols.relax.FastRelax: CMD: repack  -679.663  1.17423  1.17423  0.14575
protocols.relax.FastRelax: CMD: scale:fa_rep  -646.197  1.17423  1.17423  0.154
protocols.relax.FastRelax: CMD: min  -961.843  0.575593  0.575593  0.154
protocols.relax.FastRelax: CMD: coord_cst_weight  -961.843  0.575593  0.575593  0.154
protocols.relax.FastRelax: CMD: scale:fa_rep  -840.901  0.575593  0.575593  0.30745
core.pack.task: Packer task: initialize from command line() 
core.pack.pack_rotamers: built 248 rotamers at 21 positions.
core.pack.interaction_graph.interaction_graph_factory: Instantiating DensePDInteractionGraph
protocols.relax.FastRelax: CMD: repack  -840.901  0.575593  0.575593  0.30745
protocols.relax.FastRelax: CMD: scale:fa_rep  -831.365  0.575593  0.575593  0.31955
core.optimization.LineMinimizer: Inaccurate G in step= 9.53674e-09 Deriv= -1.34119 Finite Diff= 0.212562
core.optimization.LineMinimizer: Inaccurate G in step= 4.56661e-09 Deriv= -0.536339 Finite Diff= 0.255525
core.optimization.LineMinimizer: Inaccurate G in step= 5.38005e-09 Deriv= -0.35907 Finite Diff= 0.410262
core.optimization.LineMinimizer: Inaccurate G in step= 7.90194e-09 Deriv= -1.42907 Finite Diff= 0.267429
core.optimization.LineMinimizer: Inaccurate G in step= 1.44407e-09 Deriv= -0.240398 Finite Diff= 0.140684
core.optimization.LineMinimizer: Inaccurate G in step= 9.06726e-09 Deriv= -0.397432 Finite Diff= 0.120191
core.optimization.LineMinimizer: Inaccurate G in step= 2.96046e-09 Deriv= -0.328808 Finite Diff= 0.105605
core.optimization.LineMinimizer: Inaccurate G in step= 1.79683e-06 Deriv= -18.0288 Finite Diff= 2.55805
core.optimization.Minimizer: Line search failed even after resetting Hessian; aborting at iter#720
protocols.relax.FastRelax: CMD: min  -872.824  0.341621  0.341621  0.31955
protocols.relax.FastRelax: CMD: coord_cst_weight  -872.824  0.341621  0.341621  0.31955
protocols.relax.FastRelax: CMD: scale:fa_rep  -780.218  0.341621  0.341621  0.55
core.pack.task: Packer task: initialize from command line() 
core.pack.pack_rotamers: built 198 rotamers at 19 positions.
core.pack.interaction_graph.interaction_graph_factory: Instantiating DensePDInteractionGraph
protocols.relax.FastRelax: CMD: repack  -780.218  0.341621  0.341621  0.55
core.optimization.LineMinimizer: Inaccurate G in step= 4.76837e-09 Deriv= -1.53878 Finite Diff= 0.410914
core.optimization.LineMinimizer: Inaccurate G in step= 8.85562e-09 Deriv= -0.218906 Finite Diff= 0.0295526
core.optimization.LineMinimizer: Inaccurate G in step= 7.38771e-09 Deriv= -0.221055 Finite Diff= 0.0503978
core.optimization.LineMinimizer: Inaccurate G in step= 1.84852e-08 Deriv= -0.078228 Finite Diff= 0.0475898
core.optimization.LineMinimizer: Inaccurate G in step= 4.17878e-09 Deriv= -0.0575743 Finite Diff= 0.102865
core.optimization.LineMinimizer: Inaccurate G in step= 9.24928e-09 Deriv= -0.00937437 Finite Diff= 0.0118612
core.optimization.LineMinimizer: Inaccurate G in step= 1.91407e-06 Deriv= -15.8878 Finite Diff= -0.586885
core.optimization.Minimizer: Line search failed even after resetting Hessian; aborting at iter#799
protocols.relax.FastRelax: CMD: min  -802.627  0.228543  0.228543  0.55
protocols.relax.FastRelax: MRP: 0  -802.627  -802.627  0.228543  0.228543  
protocols.relax.FastRelax: CMD: accept_to_best  -802.627  0.228543  0.228543  0.55
protocols.relax.FastRelax: CMD: endrepeat  -802.627  0.228543  0.228543  0.55
protocols.relax.FastRelax: CMD: coord_cst_weight  -802.627  0.228543  0.228543  0.55
protocols.relax.FastRelax: CMD: scale:fa_rep  -934.171  0.228543  0.228543  0.022
core.pack.task: Packer task: initialize from command line() 
core.pack.pack_rotamers: built 270 rotamers at 18 positions.
core.pack.interaction_graph.interaction_graph_factory: Instantiating DensePDInteractionGraph
protocols.relax.FastRelax: CMD: repack  -934.602  0.228543  0.228543  0.022
protocols.relax.FastRelax: CMD: scale:fa_rep  -932.962  0.228543  0.228543  0.02805
protocols.relax.FastRelax: CMD: min  -1156.99  1.1454  1.1454  0.02805
protocols.relax.FastRelax: CMD: coord_cst_weight  -1156.99  1.1454  1.1454  0.02805
protocols.relax.FastRelax: CMD: scale:fa_rep  -685.074  1.1454  1.1454  0.14575
core.pack.task: Packer task: initialize from command line() 
core.pack.pack_rotamers: built 288 rotamers at 25 positions.
core.pack.interaction_graph.interaction_graph_factory: Instantiating DensePDInteractionGraph
protocols.relax.FastRelax: CMD: repack  -685.074  1.1454  1.1454  0.14575
protocols.relax.FastRelax: CMD: scale:fa_rep  -651.995  1.1454  1.1454  0.154
protocols.relax.FastRelax: CMD: min  -962.299  0.58286  0.58286  0.154
protocols.relax.FastRelax: CMD: coord_cst_weight  -962.299  0.58286  0.58286  0.154
protocols.relax.FastRelax: CMD: scale:fa_rep  -842.484  0.58286  0.58286  0.30745
core.pack.task: Packer task: initialize from command line() 
core.pack.pack_rotamers: built 248 rotamers at 21 positions.
core.pack.interaction_graph.interaction_graph_factory: Instantiating DensePDInteractionGraph
protocols.relax.FastRelax: CMD: repack  -842.484  0.58286  0.58286  0.30745
protocols.relax.FastRelax: CMD: scale:fa_rep  -833.036  0.58286  0.58286  0.31955
core.optimization.LineMinimizer: Inaccurate G in step= 9.53674e-09 Deriv= -2.49166 Finite Diff= 0.926399
core.optimization.LineMinimizer: Inaccurate G in step= 3.08331e-09 Deriv= -0.426165 Finite Diff= 0.36868
core.optimization.LineMinimizer: Inaccurate G in step= 5.11745e-09 Deriv= -0.983626 Finite Diff= 0.248814
core.optimization.LineMinimizer: Inaccurate G in step= 4.12509e-09 Deriv= -0.30416 Finite Diff= 0.307348
core.optimization.LineMinimizer: Inaccurate G in step= 6.36569e-09 Deriv= -0.139826 Finite Diff= 0.10337
core.optimization.LineMinimizer: Inaccurate G in step= 4.43634e-09 Deriv= -21.4831 Finite Diff= 5.20272
core.optimization.LineMinimizer: Inaccurate G in step= 1.60729e-06 Deriv= -22.5316 Finite Diff= -2.18372
core.optimization.Minimizer: Line search failed even after resetting Hessian; aborting at iter#1394
protocols.relax.FastRelax: CMD: min  -873.695  0.370674  0.370674  0.31955
protocols.relax.FastRelax: CMD: coord_cst_weight  -873.695  0.370674  0.370674  0.31955
protocols.relax.FastRelax: CMD: scale:fa_rep  -782.138  0.370674  0.370674  0.55
core.pack.task: Packer task: initialize from command line() 
core.pack.pack_rotamers: built 234 rotamers at 20 positions.
core.pack.interaction_graph.interaction_graph_factory: Instantiating DensePDInteractionGraph
protocols.relax.FastRelax: CMD: repack  -782.138  0.370674  0.370674  0.55
core.optimization.LineMinimizer: Inaccurate G in step= 2.38419e-09 Deriv= -0.499371 Finite Diff= 0.150824
core.optimization.LineMinimizer: Inaccurate G in step= 5.87593e-09 Deriv= -0.1155 Finite Diff= 0.0139885
core.optimization.LineMinimizer: Inaccurate G in step= 5.81742e-09 Deriv= -0.172569 Finite Diff= 0.103907
core.optimization.LineMinimizer: Inaccurate G in step= 4.59686e-09 Deriv= -0.0749825 Finite Diff= 0.034995
core.optimization.LineMinimizer: Inaccurate G in step= 2.89305e-09 Deriv= -0.110027 Finite Diff= 0.0143433
core.optimization.LineMinimizer: Inaccurate G in step= 1.55614e-09 Deriv= -0.194855 Finite Diff= 0.0783903
core.optimization.LineMinimizer: Inaccurate G in step= 8.10564e-09 Deriv= -0.0892109 Finite Diff= 0.0432271
core.optimization.LineMinimizer: Inaccurate G in step= 2.51979e-09 Deriv= -0.0247477 Finite Diff= 0.0526523
core.optimization.LineMinimizer: Inaccurate G in step= 1.72494e-06 Deriv= -19.5628 Finite Diff= 3.65028
core.optimization.Minimizer: Line search failed even after resetting Hessian; aborting at iter#693
protocols.relax.FastRelax: CMD: min  -802.867  0.276314  0.276314  0.55
protocols.relax.FastRelax: MRP: 1  -802.867  -802.867  0.276314  0.276314  
protocols.relax.FastRelax: CMD: accept_to_best  -802.867  0.276314  0.276314  0.55
protocols.relax.FastRelax: CMD: endrepeat  -802.867  0.276314  0.276314  0.55
protocols.relax.FastRelax: CMD: coord_cst_weight  -802.867  0.276314  0.276314  0.55
protocols.relax.FastRelax: CMD: scale:fa_rep  -934.502  0.276314  0.276314  0.022
core.pack.task: Packer task: initialize from command line() 
core.pack.pack_rotamers: built 253 rotamers at 17 positions.
core.pack.interaction_graph.interaction_graph_factory: Instantiating DensePDInteractionGraph
protocols.relax.FastRelax: CMD: repack  -934.947  0.276314  0.276314  0.022
protocols.relax.FastRelax: CMD: scale:fa_rep  -933.306  0.276314  0.276314  0.02805
protocols.relax.FastRelax: CMD: min  -1156.37  1.1555  1.1555  0.02805
protocols.relax.FastRelax: CMD: coord_cst_weight  -1156.37  1.1555  1.1555  0.02805
protocols.relax.FastRelax: CMD: scale:fa_rep  -688.205  1.1555  1.1555  0.14575
core.pack.task: Packer task: initialize from command line() 
core.pack.pack_rotamers: built 288 rotamers at 25 positions.
core.pack.interaction_graph.interaction_graph_factory: Instantiating DensePDInteractionGraph
protocols.relax.FastRelax: CMD: repack  -688.205  1.1555  1.1555  0.14575
protocols.relax.FastRelax: CMD: scale:fa_rep  -655.389  1.1555  1.1555  0.154
protocols.relax.FastRelax: CMD: min  -962.613  0.616502  0.616502  0.154
protocols.relax.FastRelax: CMD: coord_cst_weight  -962.613  0.616502  0.616502  0.154
protocols.relax.FastRelax: CMD: scale:fa_rep  -842.912  0.616502  0.616502  0.30745
core.pack.task: Packer task: initialize from command line() 
core.pack.pack_rotamers: built 247 rotamers at 21 positions.
core.pack.interaction_graph.interaction_graph_factory: Instantiating DensePDInteractionGraph
protocols.relax.FastRelax: CMD: repack  -842.912  0.616502  0.616502  0.30745
protocols.relax.FastRelax: CMD: scale:fa_rep  -833.473  0.616502  0.616502  0.31955
core.optimization.LineMinimizer: Inaccurate G in step= 4.76837e-09 Deriv= -0.441273 Finite Diff= 0.0990391
core.optimization.LineMinimizer: Inaccurate G in step= 3.76749e-09 Deriv= -0.353441 Finite Diff= 0.386431
core.optimization.LineMinimizer: Inaccurate G in step= 4.42785e-09 Deriv= -0.129524 Finite Diff= 0.227202
core.optimization.LineMinimizer: Inaccurate G in step= 3.38572e-09 Deriv= -0.676862 Finite Diff= 0.650646
core.optimization.LineMinimizer: Inaccurate G in step= 3.11676e-09 Deriv= -0.82118 Finite Diff= 0.379825
core.optimization.LineMinimizer: Inaccurate G in step= 1.73892e-06 Deriv= -19.2496 Finite Diff= 1.14425
core.optimization.Minimizer: Line search failed even after resetting Hessian; aborting at iter#1123
protocols.relax.FastRelax: CMD: min  -873.731  0.396497  0.396497  0.31955
protocols.relax.FastRelax: CMD: coord_cst_weight  -873.731  0.396497  0.396497  0.31955
protocols.relax.FastRelax: CMD: scale:fa_rep  -782.046  0.396497  0.396497  0.55
core.pack.task: Packer task: initialize from command line() 
core.pack.pack_rotamers: built 233 rotamers at 20 positions.
core.pack.interaction_graph.interaction_graph_factory: Instantiating DensePDInteractionGraph
protocols.relax.FastRelax: CMD: repack  -782.046  0.396497  0.396497  0.55
core.optimization.LineMinimizer: Inaccurate G in step= 9.53674e-09 Deriv= -1.91231 Finite Diff= 1.27877
core.optimization.LineMinimizer: Inaccurate G in step= 1.43607e-08 Deriv= -0.443925 Finite Diff= 0.0954098
core.optimization.LineMinimizer: Inaccurate G in step= 1.12251e-08 Deriv= -0.129413 Finite Diff= 0.0389721
core.optimization.LineMinimizer: Inaccurate G in step= 5.84655e-09 Deriv= -0.145372 Finite Diff= 0.0768082
core.optimization.LineMinimizer: Inaccurate G in step= 1.70846e-06 Deriv= -19.9421 Finite Diff= 1.34479
core.optimization.Minimizer: Line search failed even after resetting Hessian; aborting at iter#621
protocols.relax.FastRelax: CMD: min  -802.874  0.308956  0.308956  0.55
protocols.relax.FastRelax: MRP: 2  -802.874  -802.874  0.308956  0.308956  
protocols.relax.FastRelax: CMD: accept_to_best  -802.874  0.308956  0.308956  0.55
protocols.relax.FastRelax: CMD: endrepeat  -802.874  0.308956  0.308956  0.55
protocols.relax.FastRelax: CMD: coord_cst_weight  -802.874  0.308956  0.308956  0.55
protocols.relax.FastRelax: CMD: scale:fa_rep  -934.486  0.308956  0.308956  0.022
core.pack.task: Packer task: initialize from command line() 
core.pack.pack_rotamers: built 253 rotamers at 17 positions.
core.pack.interaction_graph.interaction_graph_factory: Instantiating DensePDInteractionGraph
protocols.relax.FastRelax: CMD: repack  -934.932  0.308956  0.308956  0.022
protocols.relax.FastRelax: CMD: scale:fa_rep  -933.292  0.308956  0.308956  0.02805
protocols.relax.FastRelax: CMD: min  -1156.42  1.15969  1.15969  0.02805
protocols.relax.FastRelax: CMD: coord_cst_weight  -1156.42  1.15969  1.15969  0.02805
protocols.relax.FastRelax: CMD: scale:fa_rep  -688.555  1.15969  1.15969  0.14575
core.pack.task: Packer task: initialize from command line() 
core.pack.pack_rotamers: built 288 rotamers at 25 positions.
core.pack.interaction_graph.interaction_graph_factory: Instantiating DensePDInteractionGraph
protocols.relax.FastRelax: CMD: repack  -688.555  1.15969  1.15969  0.14575
protocols.relax.FastRelax: CMD: scale:fa_rep  -655.761  1.15969  1.15969  0.154
protocols.relax.FastRelax: CMD: min  -962.689  0.625462  0.625462  0.154
protocols.relax.FastRelax: CMD: coord_cst_weight  -962.689  0.625462  0.625462  0.154
protocols.relax.FastRelax: CMD: scale:fa_rep  -843.279  0.625462  0.625462  0.30745
core.pack.task: Packer task: initialize from command line() 
core.pack.pack_rotamers: built 248 rotamers at 21 positions.
core.pack.interaction_graph.interaction_graph_factory: Instantiating DensePDInteractionGraph
protocols.relax.FastRelax: CMD: repack  -843.279  0.625462  0.625462  0.30745
protocols.relax.FastRelax: CMD: scale:fa_rep  -833.863  0.625462  0.625462  0.31955
core.optimization.LineMinimizer: Inaccurate G in step= 4.76837e-09 Deriv= -1.62804 Finite Diff= 0.165391
core.optimization.LineMinimizer: Inaccurate G in step= 2.94574e-09 Deriv= -6.99828 Finite Diff= 17.2591
core.optimization.LineMinimizer: Inaccurate G in step= 9.47024e-09 Deriv= -0.192944 Finite Diff= 0.00453775
core.optimization.LineMinimizer: Inaccurate G in step= 3.96511e-09 Deriv= -0.991398 Finite Diff= 0.261516
core.optimization.LineMinimizer: Inaccurate G in step= 3.10233e-09 Deriv= -0.175759 Finite Diff= 0.13339
core.optimization.LineMinimizer: Inaccurate G in step= 1.7352e-06 Deriv= -19.3322 Finite Diff= -1.02516
core.optimization.Minimizer: Line search failed even after resetting Hessian; aborting at iter#1148
protocols.relax.FastRelax: CMD: min  -873.773  0.421378  0.421378  0.31955
protocols.relax.FastRelax: CMD: coord_cst_weight  -873.773  0.421378  0.421378  0.31955
protocols.relax.FastRelax: CMD: scale:fa_rep  -781.945  0.421378  0.421378  0.55
core.pack.task: Packer task: initialize from command line() 
core.pack.pack_rotamers: built 233 rotamers at 20 positions.
core.pack.interaction_graph.interaction_graph_factory: Instantiating DensePDInteractionGraph
protocols.relax.FastRelax: CMD: repack  -781.945  0.421378  0.421378  0.55
core.optimization.LineMinimizer: Inaccurate G in step= 1.90735e-08 Deriv= -0.865852 Finite Diff= 0.034678
core.optimization.LineMinimizer: Inaccurate G in step= 6.79292e-09 Deriv= -0.283799 Finite Diff= 0.0975881
core.optimization.LineMinimizer: Inaccurate G in step= 2.71801e-09 Deriv= -0.433618 Finite Diff= 0.0765438
core.optimization.LineMinimizer: Inaccurate G in step= 8.38503e-09 Deriv= -0.117181 Finite Diff= 0.0419494
core.optimization.LineMinimizer: Inaccurate G in step= 9.17335e-09 Deriv= -0.101343 Finite Diff= 0.125679
core.optimization.LineMinimizer: Inaccurate G in step= 3.32109e-09 Deriv= -0.0411765 Finite Diff= 0.244415
core.optimization.LineMinimizer: Inaccurate G in step= 1.29134e-06 Deriv= -34.9061 Finite Diff= -0.546286
core.optimization.Minimizer: Line search failed even after resetting Hessian; aborting at iter#643
protocols.relax.FastRelax: CMD: min  -802.878  0.335009  0.335009  0.55
protocols.relax.FastRelax: MRP: 3  -802.878  -802.878  0.335009  0.335009  
protocols.relax.FastRelax: CMD: accept_to_best  -802.878  0.335009  0.335009  0.55
protocols.relax.FastRelax: CMD: endrepeat  -802.878  0.335009  0.335009  0.55
protocols.relax.FastRelax: CMD: coord_cst_weight  -802.878  0.335009  0.335009  0.55
protocols.relax.FastRelax: CMD: scale:fa_rep  -934.595  0.335009  0.335009  0.022
core.pack.task: Packer task: initialize from command line() 
core.pack.pack_rotamers: built 253 rotamers at 17 positions.
core.pack.interaction_graph.interaction_graph_factory: Instantiating DensePDInteractionGraph
protocols.relax.FastRelax: CMD: repack  -935.041  0.335009  0.335009  0.022
protocols.relax.FastRelax: CMD: scale:fa_rep  -933.4  0.335009  0.335009  0.02805
protocols.relax.FastRelax: CMD: min  -1156.4  1.16608  1.16608  0.02805
protocols.relax.FastRelax: CMD: coord_cst_weight  -1156.4  1.16608  1.16608  0.02805
protocols.relax.FastRelax: CMD: scale:fa_rep  -688.513  1.16608  1.16608  0.14575
core.pack.task: Packer task: initialize from command line() 
core.pack.pack_rotamers: built 288 rotamers at 25 positions.
core.pack.interaction_graph.interaction_graph_factory: Instantiating DensePDInteractionGraph
protocols.relax.FastRelax: CMD: repack  -688.513  1.16608  1.16608  0.14575
protocols.relax.FastRelax: CMD: scale:fa_rep  -655.717  1.16608  1.16608  0.154
protocols.relax.FastRelax: CMD: min  -962.891  0.630203  0.630203  0.154
protocols.relax.FastRelax: CMD: coord_cst_weight  -962.891  0.630203  0.630203  0.154
protocols.relax.FastRelax: CMD: scale:fa_rep  -844.005  0.630203  0.630203  0.30745
core.pack.task: Packer task: initialize from command line() 
core.pack.pack_rotamers: built 248 rotamers at 21 positions.
core.pack.interaction_graph.interaction_graph_factory: Instantiating DensePDInteractionGraph
protocols.relax.FastRelax: CMD: repack  -844.005  0.630203  0.630203  0.30745
protocols.relax.FastRelax: CMD: scale:fa_rep  -834.631  0.630203  0.630203  0.31955
core.optimization.LineMinimizer: Inaccurate G in step= 1.90735e-08 Deriv= -1.16604 Finite Diff= 0.237983
core.optimization.LineMinimizer: Inaccurate G in step= 5.5892e-09 Deriv= -1.66134 Finite Diff= 1.31292
core.optimization.LineMinimizer: Inaccurate G in step= 3.26578e-09 Deriv= -0.08517 Finite Diff= 0.101093
core.optimization.LineMinimizer: Inaccurate G in step= 3.38247e-09 Deriv= -0.0788405 Finite Diff= 0.17575
core.optimization.LineMinimizer: Inaccurate G in step= 2.99159e-09 Deriv= -0.0713263 Finite Diff= 0.185564
core.optimization.LineMinimizer: Inaccurate G in step= 4.41345e-09 Deriv= -0.186687 Finite Diff= 0.124855
core.optimization.LineMinimizer: Inaccurate G in step= 2.83874e-09 Deriv= -0.0151107 Finite Diff= 0.112776
core.optimization.LineMinimizer: Inaccurate G in step= 3.53707e-09 Deriv= -1.3905 Finite Diff= 0.315501
core.optimization.LineMinimizer: Inaccurate G in step= 5.54662e-09 Deriv= -0.0137628 Finite Diff= 0.012093
core.optimization.LineMinimizer: Inaccurate G in step= 2.30356e-06 Deriv= -10.9694 Finite Diff= 2.87316
core.optimization.Minimizer: Line search failed even after resetting Hessian; aborting at iter#1325
protocols.relax.FastRelax: CMD: min  -873.612  0.437099  0.437099  0.31955
protocols.relax.FastRelax: CMD: coord_cst_weight  -873.612  0.437099  0.437099  0.31955
protocols.relax.FastRelax: CMD: scale:fa_rep  -781.409  0.437099  0.437099  0.55
core.pack.task: Packer task: initialize from command line() 
core.pack.pack_rotamers: built 231 rotamers at 20 positions.
core.pack.interaction_graph.interaction_graph_factory: Instantiating DensePDInteractionGraph
protocols.relax.FastRelax: CMD: repack  -781.409  0.437099  0.437099  0.55
core.optimization.LineMinimizer: Inaccurate G in step= 4.76837e-09 Deriv= -1.4597 Finite Diff= 0.0713825
core.optimization.LineMinimizer: Inaccurate G in step= 2.83394e-09 Deriv= -0.360745 Finite Diff= 0.136475
core.optimization.LineMinimizer: Inaccurate G in step= 1.62608e-06 Deriv= -22.0139 Finite Diff= -1.40097
core.optimization.Minimizer: Line search failed even after resetting Hessian; aborting at iter#666
protocols.relax.FastRelax: CMD: min  -802.883  0.351656  0.351656  0.55
protocols.relax.FastRelax: MRP: 4  -802.883  -802.883  0.351656  0.351656  
protocols.relax.FastRelax: CMD: accept_to_best  -802.883  0.351656  0.351656  0.55
protocols.relax.FastRelax: CMD: endrepeat  -802.883  0.351656  0.351656  0.55
protocols::checkpoint: Deleting checkpoints of FastRelax
protocols.rosetta_scripts.ParsedProtocol: setting status to success
protocols.jd2.JobDistributor: flags_r9_m10000_prepare_gfp_raw_0001_0001 reported success in 803 seconds
protocols.jd2.JobDistributor: no more batches to process... 
protocols.jd2.JobDistributor: 1 jobs considered, 1 jobs attempted in 803 seconds
basic.citation_manager.CitationManager: 
The following Rosetta modules were used during this run of Rosetta, and should be cited:

rosetta_scripts Application's citation(s):
Fleishman SJ, Leaver-Fay A, Corn JE, Strauch E-M, Khare SD, Koga N, Ashworth J, Murphy P, Richter F, Lemmon G, Meiler J, and Baker D.  (2011).  RosettaScripts: A Scripting Language Interface to the Rosetta Macromolecular Modeling Suite.  PLoS ONE 6(6):e20161.  doi: 10.1371/journal.pone.0020161.

FastRelax Mover's citation(s):
*Tyka MD, *Keedy DA, André I, Dimaio F, Song Y, Richardson DC, Richardson JS, and Baker D.  (2011).  Alternate states of proteins revealed by detailed energy landscape mapping.  J Mol Biol 405(2):607-18.  doi: 10.1016/j.jmb.2010.11.008.  (*Co-primary authors.)

Khatib F, Cooper S, Tyka MD, Xu K, Makedon I, Popovic Z, Baker D, and Players F.  (2011).  Algorithm discovery by protein folding game players.  Proc Natl Acad Sci USA 108(47):18949-53.  doi: 10.1073/pnas.1115898108.

Maguire JB, Haddox HK, Strickland D, Halabiya SF, Coventry B, Griffin JR, Pulavarti SVSRK, Cummins M, Thieker DF, Klavins E, Szyperski T, DiMaio F, Baker D, and Kuhlman B.  (2021).  Perturbing the energy landscape for improved packing during computational protein design.  Proteins 89(4):436-449.  doi: 10.1002/prot.26030.


The following UNPUBLISHED Rosetta modules were used during this run of Rosetta.  Their authors should be included in the author list when this work is published:

NeighborhoodResidueSelector ResidueSelector's author(s):
Robert Lindner, Natural Sciences and Mathematics, Ruperto-Carola University, Heidelberg, Germany [rlindner@mpimf-heidelberg.mpg.de]
Jared Adolf-Bryfogle, Schief lab, Scripps Research Institute [jadolfbr@gmail.com]
Gerard Daniel, Institue for Protein Design, University of Washington [gerardda@uw.edu]


