********  (C) Copyright Rosetta Commons Member Institutions.  ***************
* Use of Rosetta for commercial purposes may require purchase of a license. *
********  See LICENSE.md or email license@uw.edu for more details. **********
core.init: Checking for fconfig files in pwd and ./rosetta/flags 
core.init: Rosetta version: 2025.37+HEAD.df75a9c48e df75a9c48e763e52a7aa3f5dfba077f4da88dbf5 https://github.com/RosettaCommons/rosetta.git 2025-09-03T12:23:30
core.init: Rosetta extras: []
core.init: command: rosetta_scripts @flags_r10000_m40
basic.random.init_random_generator: 'RNG device' seed mode, using '/dev/urandom', seed=-1249096812 seed_offset=0 real_seed=-1249096812
basic.random.init_random_generator: RandomGenerator:init: Normal mode, seed=-1249096812 RG_type=mt19937
core.init: found database environment variable ROSETTA3_DB: /usr/local/database
protocols.jd2.PDBJobInputter: Instantiate PDBJobInputter
protocols.jd2.PDBJobInputter: PDBJobInputter::fill_jobs
protocols.jd2.PDBJobInputter: pushed prepare_gfp_raw_0001.pdb nstruct index 1
protocols.evaluation.ChiWellRmsdEvaluatorCreator: Evaluation Creator active ... 
protocols.jd2.PDBJobInputter: PDBJobInputter::pose_from_job
protocols.jd2.PDBJobInputter: filling pose from PDB prepare_gfp_raw_0001.pdb
core.chemical.GlobalResidueTypeSet: Finished initializing fa_standard residue type set.  Created 985 residue types
core.chemical.GlobalResidueTypeSet: Total time to initialize 0.614092 seconds.
core.import_pose.import_pose: File 'prepare_gfp_raw_0001.pdb' automatically determined to be of type PDB from contents.
protocols.rosetta_scripts.RosettaScriptsParser: dock_design_filename=relax_r10000_m40.xml
protocols.rosetta_scripts.RosettaScriptsParser: Validating input script...
protocols.rosetta_scripts.RosettaScriptsSchemaValidator: Generating XML Schema for rosetta_scripts...
protocols.rosetta_scripts.RosettaScriptsSchemaValidator: ...done
protocols.rosetta_scripts.RosettaScriptsSchemaValidator: Initializing schema validator...
protocols.rosetta_scripts.RosettaScriptsSchemaValidator: ...done
protocols.rosetta_scripts.RosettaScriptsParser: ...done
protocols.rosetta_scripts.RosettaScriptsParser: Parsed script:
<ROSETTASCRIPTS>
	<SCOREFXNS>
		<ScoreFunction name="beta_sf" weights="beta_nov16_cart"/>
	</SCOREFXNS>
	<RESIDUE_SELECTORS>
		<Neighborhood distance="40" name="surrounding_move_map" resnums="55"/>
		<Not name="rest_move_map" selector="surrounding_move_map"/>
		<Neighborhood distance="10000" name="surrounding_repack" resnums="55"/>
		<Not name="rest_repack" selector="surrounding_repack"/>
	</RESIDUE_SELECTORS>
	<TASKOPERATIONS>
		<InitializeFromCommandline name="init"/>
		<OperateOnResidueSubset name="repack_res" selector="surrounding_repack">
			<RestrictToRepackingRLT/>
		</OperateOnResidueSubset>
		<OperateOnResidueSubset name="no_repack" selector="rest_repack">
			<PreventRepackingRLT/>
		</OperateOnResidueSubset>
	</TASKOPERATIONS>
	<MOVE_MAP_FACTORIES>
		<MoveMapFactory bb="0" chi="0" name="local_mm">
			<Backbone enable="true" residue_selector="surrounding_move_map"/>
			<Chi enable="true" residue_selector="surrounding_move_map"/>
		</MoveMapFactory>
	</MOVE_MAP_FACTORIES>
	<MOVERS>
		<MutateResidue name="mutant" new_res="ALA" target="45A"/>
		<FastRelax cartesian="true" disable_design="true" movemap_factory="local_mm" name="relax" repeats="5" scorefxn="beta_sf" task_operations="init,repack_res,no_repack"/>
	</MOVERS>
	<PROTOCOLS>
		<Add mover_name="mutant"/>
		<Add mover_name="relax"/>
	</PROTOCOLS>
	<OUTPUT scorefxn="beta_sf"/>
</ROSETTASCRIPTS>
core.scoring.ScoreFunctionFactory: SCOREFUNCTION: beta_nov16_cart.wts
core.scoring.etable: Starting energy table calculation
core.scoring.etable: smooth_etable: changing atr/rep split to bottom of energy well
core.scoring.etable: smooth_etable: spline smoothing lj etables (maxdis = 6)
core.scoring.etable: smooth_etable: spline smoothing solvation etables (max_dis = 6)
core.scoring.etable: Finished calculating energy tables.
basic.io.database: Database file opened: scoring/score_functions/hbonds/ref2015_params/HBPoly1D.csv
basic.io.database: Database file opened: scoring/score_functions/hbonds/ref2015_params/HBFadeIntervals.csv
basic.io.database: Database file opened: scoring/score_functions/hbonds/ref2015_params/HBEval.csv
basic.io.database: Database file opened: scoring/score_functions/hbonds/ref2015_params/DonStrength.csv
basic.io.database: Database file opened: scoring/score_functions/hbonds/ref2015_params/AccStrength.csv
basic.io.database: Database file opened: scoring/score_functions/rama/fd_beta_nov2016/all.ramaProb
basic.io.database: Database file opened: scoring/score_functions/rama/fd_beta_nov2016/prepro.ramaProb
basic.io.database: Database file opened: scoring/score_functions/omega/omega_ppdep.all.txt
basic.io.database: Database file opened: scoring/score_functions/omega/omega_ppdep.gly.txt
basic.io.database: Database file opened: scoring/score_functions/omega/omega_ppdep.pro.txt
basic.io.database: Database file opened: scoring/score_functions/omega/omega_ppdep.valile.txt
basic.io.database: Database file opened: scoring/score_functions/P_AA_pp/P_AA
basic.io.database: Database file opened: scoring/score_functions/P_AA_pp/P_AA_n
core.scoring.P_AA: shapovalov_lib::shap_p_aa_pp_smooth_level of 1( aka low_smooth ) got activated.
basic.io.database: Database file opened: scoring/score_functions/P_AA_pp/shapovalov/10deg/kappa131/a20.prop
basic.io.database: Database file opened: scoring/score_functions/bondlength_bondangle/hydroxyl_torsion_preference.txt
core.energy_methods.CartesianBondedEnergy: Initializing IdealParametersDatabase with default Ks=300 , 80 , 80 , 10 , 80
basic.io.database: Database file opened: scoring/score_functions/bondlength_bondangle/default-lengths.txt
core.energy_methods.CartesianBondedEnergy: Read 759 bb-independent lengths.
basic.io.database: Database file opened: scoring/score_functions/bondlength_bondangle/default-angles.txt
core.energy_methods.CartesianBondedEnergy: Read 1434 bb-independent angles.
basic.io.database: Database file opened: scoring/score_functions/bondlength_bondangle/default-torsions.txt
core.energy_methods.CartesianBondedEnergy: Read 1 bb-independent torsions.
basic.io.database: Database file opened: scoring/score_functions/bondlength_bondangle/default-improper.txt
core.energy_methods.CartesianBondedEnergy: Read 529 bb-independent improper tors.
core.scoring.etable: Starting energy table calculation
core.scoring.etable: smooth_etable: changing atr/rep split to bottom of energy well
core.scoring.etable: smooth_etable: spline smoothing lj etables (maxdis = 6)
core.scoring.etable: smooth_etable: spline smoothing solvation etables (max_dis = 6)
core.scoring.etable: Finished calculating energy tables.
basic.io.database: Database file opened: scoring/score_functions/PairEPotential/pdb_pair_stats_fine
basic.io.database: Database file opened: scoring/score_functions/InterchainPotential/interchain_env_log.txt
basic.io.database: Database file opened: scoring/score_functions/InterchainPotential/interchain_pair_log.txt
basic.io.database: Database file opened: scoring/score_functions/EnvPairPotential/env_log.txt
basic.io.database: Database file opened: scoring/score_functions/EnvPairPotential/cbeta_den.txt
basic.io.database: Database file opened: scoring/score_functions/EnvPairPotential/pair_log.txt
basic.io.database: Database file opened: scoring/score_functions/EnvPairPotential/cenpack_log.txt
core.scoring.ramachandran: shapovalov_lib::shap_rama_smooth_level of 4( aka highest_smooth ) got activated.
basic.io.database: Database file opened: scoring/score_functions/rama/shapovalov/kappa25/all.ramaProb
protocols.jd2.parser.ScoreFunctionLoader: defined score function "beta_sf" with weights "beta_nov16_cart"
protocols.jd2.parser.TaskOperationLoader: Defined TaskOperation named "init" of type InitializeFromCommandline
protocols.jd2.parser.TaskOperationLoader: Defined TaskOperation named "repack_res" of type OperateOnResidueSubset
protocols.jd2.parser.TaskOperationLoader: Defined TaskOperation named "no_repack" of type OperateOnResidueSubset
protocols.jd2.parser.MoveMapFactoryLoader: Defined MoveMap named "local_mm"
protocols.rosetta_scripts.RosettaScriptsParser: Defined mover named "mutant" of type MutateResidue
protocols.relax.RelaxScriptManager: Reading relax scripts list from database.
core.scoring.ScoreFunctionFactory: SCOREFUNCTION: beta_nov16_cart.wts
protocols.relax.RelaxScriptManager: Looking for MonomerRelax2019.txt
protocols.relax.RelaxScriptManager: ================== Reading script file: /usr/local/database/sampling/relax_scripts/MonomerRelax2019.txt ==================
protocols.relax.RelaxScriptManager: repeat %%nrepeats%%
protocols.relax.RelaxScriptManager: coord_cst_weight 1.0
protocols.relax.RelaxScriptManager: scale:fa_rep 0.040
protocols.relax.RelaxScriptManager: repack
protocols.relax.RelaxScriptManager: scale:fa_rep 0.051
protocols.relax.RelaxScriptManager: min 0.01
protocols.relax.RelaxScriptManager: coord_cst_weight 0.5
protocols.relax.RelaxScriptManager: scale:fa_rep 0.265
protocols.relax.RelaxScriptManager: repack
protocols.relax.RelaxScriptManager: scale:fa_rep 0.280
protocols.relax.RelaxScriptManager: min 0.01
protocols.relax.RelaxScriptManager: coord_cst_weight 0.0
protocols.relax.RelaxScriptManager: scale:fa_rep 0.559
protocols.relax.RelaxScriptManager: repack
protocols.relax.RelaxScriptManager: scale:fa_rep 0.581
protocols.relax.RelaxScriptManager: min 0.01
protocols.relax.RelaxScriptManager: coord_cst_weight 0.0
protocols.relax.RelaxScriptManager: scale:fa_rep 1
protocols.relax.RelaxScriptManager: repack
protocols.relax.RelaxScriptManager: min 0.00001
protocols.relax.RelaxScriptManager: accept_to_best
protocols.relax.RelaxScriptManager: endrepeat
core.pack.task.xml_util: Object relax reading the following task_operations: Adding the following task operations
init repack_res no_repack 
core.select.movemap.util: Found MoveMapFactory local_mm
protocols.rosetta_scripts.RosettaScriptsParser: Defined mover named "relax" of type FastRelax
protocols.rosetta_scripts.ParsedProtocol: ParsedProtocol mover with the following settings
protocols.rosetta_scripts.ParsedProtocol: Added mover "mutant"
protocols.rosetta_scripts.ParsedProtocol: Added mover "relax"
protocols.jd2.PDBJobInputter: PDBJobInputter::pose_from_job
protocols.jd2.PDBJobInputter: filling pose from saved copy prepare_gfp_raw_0001.pdb
protocols.rosetta_scripts.ParsedProtocol: =======================BEGIN MOVER MutateResidue - mutant=======================
protocols.rosetta_scripts.ParsedProtocol: =======================BEGIN MOVER FastRelax - relax=======================
core.energy_methods.CartesianBondedEnergy: Creating new peptide-bonded energy container (225)
basic.io.database: Database file opened: scoring/score_functions/elec_cp_reps.dat
core.scoring.elec.util: Read 40 countpair representative atoms
core.pack.dunbrack.RotamerLibrary: shapovalov_lib_fixes_enable option is true.
core.pack.dunbrack.RotamerLibrary: Binary rotamer library selected: /usr/local/database/rotamer/beta_nov2016/Dunbrack10.lib.bin
core.pack.dunbrack.RotamerLibrary: Using Dunbrack library binary file '/usr/local/database/rotamer/beta_nov2016/Dunbrack10.lib.bin'.
core.pack.dunbrack.RotamerLibrary: Dunbrack 2010 library took 0.090036 seconds to load from binary
protocols.relax.FastRelax: CMD: repeat  -805.658  0  0  0.55
protocols.relax.FastRelax: CMD: coord_cst_weight  -805.658  0  0  0.55
protocols.relax.FastRelax: CMD: scale:fa_rep  -930.562  0  0  0.022
core.pack.task: Packer task: initialize from command line() 
core.pack.pack_rotamers: built 4353 rotamers at 225 positions.
core.pack.interaction_graph.interaction_graph_factory: Instantiating DensePDInteractionGraph
protocols.relax.FastRelax: CMD: repack  -936.653  0  0  0.022
protocols.relax.FastRelax: CMD: scale:fa_rep  -932.606  0  0  0.02805
protocols.relax.FastRelax: CMD: min  -1158.39  1.04537  1.04537  0.02805
protocols.relax.FastRelax: CMD: coord_cst_weight  -1158.39  1.04537  1.04537  0.02805
protocols.relax.FastRelax: CMD: scale:fa_rep  -676.923  1.04537  1.04537  0.14575
core.pack.task: Packer task: initialize from command line() 
core.pack.pack_rotamers: built 3952 rotamers at 225 positions.
core.pack.interaction_graph.interaction_graph_factory: Instantiating DensePDInteractionGraph
protocols.relax.FastRelax: CMD: repack  -684.75  1.04537  1.04537  0.14575
protocols.relax.FastRelax: CMD: scale:fa_rep  -652.152  1.04537  1.04537  0.154
protocols.relax.FastRelax: CMD: min  -966.106  0.573706  0.573706  0.154
protocols.relax.FastRelax: CMD: coord_cst_weight  -966.106  0.573706  0.573706  0.154
protocols.relax.FastRelax: CMD: scale:fa_rep  -846.424  0.573706  0.573706  0.30745
core.pack.task: Packer task: initialize from command line() 
core.pack.pack_rotamers: built 3862 rotamers at 225 positions.
core.pack.interaction_graph.interaction_graph_factory: Instantiating DensePDInteractionGraph
protocols.relax.FastRelax: CMD: repack  -846.46  0.573706  0.573706  0.30745
protocols.relax.FastRelax: CMD: scale:fa_rep  -837.017  0.573706  0.573706  0.31955
core.optimization.LineMinimizer: Inaccurate G in step= 9.53674e-09 Deriv= -0.641919 Finite Diff= 0.0240564
core.optimization.LineMinimizer: Inaccurate G in step= 5.92984e-09 Deriv= -0.449292 Finite Diff= 0.0646863
core.optimization.LineMinimizer: Inaccurate G in step= 7.98002e-09 Deriv= -0.116437 Finite Diff= 0.0154716
core.optimization.LineMinimizer: Inaccurate G in step= 6.48134e-09 Deriv= -0.048528 Finite Diff= 0.0573228
core.optimization.LineMinimizer: Inaccurate G in step= 2.19046e-06 Deriv= -12.1314 Finite Diff= 1.52668
core.optimization.Minimizer: Line search failed even after resetting Hessian; aborting at iter#800
protocols.relax.FastRelax: CMD: min  -878.294  0.36696  0.36696  0.31955
protocols.relax.FastRelax: CMD: coord_cst_weight  -878.294  0.36696  0.36696  0.31955
protocols.relax.FastRelax: CMD: scale:fa_rep  -785.372  0.36696  0.36696  0.55
core.pack.task: Packer task: initialize from command line() 
core.pack.pack_rotamers: built 3812 rotamers at 225 positions.
core.pack.interaction_graph.interaction_graph_factory: Instantiating DensePDInteractionGraph
protocols.relax.FastRelax: CMD: repack  -785.37  0.36696  0.36696  0.55
core.optimization.LineMinimizer: Inaccurate G in step= 3.8147e-08 Deriv= -0.331553 Finite Diff= 0.0127405
core.optimization.LineMinimizer: Inaccurate G in step= 1.21615e-08 Deriv= -0.0641283 Finite Diff= 0.0102175
core.optimization.LineMinimizer: Inaccurate G in step= 9.92853e-09 Deriv= -0.0321881 Finite Diff= 0.00364127
core.optimization.LineMinimizer: Inaccurate G in step= 6.54936e-09 Deriv= -7.64764 Finite Diff= 0.207
core.optimization.LineMinimizer: Inaccurate G in step= 1.95897e-06 Deriv= -15.1679 Finite Diff= 0.242699
core.optimization.Minimizer: Line search failed even after resetting Hessian; aborting at iter#771
protocols.relax.FastRelax: CMD: min  -808.116  0.234896  0.234896  0.55
protocols.relax.FastRelax: MRP: 0  -808.116  -808.116  0.234896  0.234896  
protocols.relax.FastRelax: CMD: accept_to_best  -808.116  0.234896  0.234896  0.55
protocols.relax.FastRelax: CMD: endrepeat  -808.116  0.234896  0.234896  0.55
protocols.relax.FastRelax: CMD: coord_cst_weight  -808.116  0.234896  0.234896  0.55
protocols.relax.FastRelax: CMD: scale:fa_rep  -938.871  0.234896  0.234896  0.022
core.pack.task: Packer task: initialize from command line() 
core.pack.pack_rotamers: built 4373 rotamers at 225 positions.
core.pack.interaction_graph.interaction_graph_factory: Instantiating DensePDInteractionGraph
protocols.relax.FastRelax: CMD: repack  -946.478  0.234896  0.234896  0.022
protocols.relax.FastRelax: CMD: scale:fa_rep  -942.955  0.234896  0.234896  0.02805
protocols.relax.FastRelax: CMD: min  -1161.87  1.08704  1.08704  0.02805
protocols.relax.FastRelax: CMD: coord_cst_weight  -1161.87  1.08704  1.08704  0.02805
protocols.relax.FastRelax: CMD: scale:fa_rep  -693.944  1.08704  1.08704  0.14575
core.pack.task: Packer task: initialize from command line() 
core.pack.pack_rotamers: built 3973 rotamers at 225 positions.
core.pack.interaction_graph.interaction_graph_factory: Instantiating DensePDInteractionGraph
protocols.relax.FastRelax: CMD: repack  -684.547  1.08704  1.08704  0.14575
protocols.relax.FastRelax: CMD: scale:fa_rep  -652.221  1.08704  1.08704  0.154
protocols.relax.FastRelax: CMD: min  -966.965  0.613581  0.613581  0.154
protocols.relax.FastRelax: CMD: coord_cst_weight  -966.965  0.613581  0.613581  0.154
protocols.relax.FastRelax: CMD: scale:fa_rep  -846.336  0.613581  0.613581  0.30745
core.pack.task: Packer task: initialize from command line() 
core.pack.pack_rotamers: built 3857 rotamers at 225 positions.
core.pack.interaction_graph.interaction_graph_factory: Instantiating DensePDInteractionGraph
protocols.relax.FastRelax: CMD: repack  -846.324  0.613581  0.613581  0.30745
protocols.relax.FastRelax: CMD: scale:fa_rep  -836.812  0.613581  0.613581  0.31955
core.optimization.LineMinimizer: Inaccurate G in step= 1.90735e-08 Deriv= -0.381177 Finite Diff= -0.00219941
core.optimization.LineMinimizer: Inaccurate G in step= 2.09852e-08 Deriv= -0.12752 Finite Diff= 0.00764407
core.optimization.LineMinimizer: Inaccurate G in step= 9.15055e-09 Deriv= -0.0374572 Finite Diff= 0.0695249
core.optimization.LineMinimizer: Inaccurate G in step= 5.63997e-09 Deriv= -0.0108119 Finite Diff= 0.00334612
core.optimization.LineMinimizer: Inaccurate G in step= 7.92586e-09 Deriv= -0.0108687 Finite Diff= 0.0479943
core.optimization.LineMinimizer: Inaccurate G in step= 2.84724e-09 Deriv= -0.00703863 Finite Diff= 0.252669
core.optimization.LineMinimizer: Inaccurate G in step= 2.34723e-06 Deriv= -10.565 Finite Diff= 6.3437
core.optimization.Minimizer: Line search failed even after resetting Hessian; aborting at iter#833
protocols.relax.FastRelax: CMD: min  -876.866  0.398154  0.398154  0.31955
protocols.relax.FastRelax: CMD: coord_cst_weight  -876.866  0.398154  0.398154  0.31955
protocols.relax.FastRelax: CMD: scale:fa_rep  -783.362  0.398154  0.398154  0.55
core.pack.task: Packer task: initialize from command line() 
core.pack.pack_rotamers: built 3805 rotamers at 225 positions.
core.pack.interaction_graph.interaction_graph_factory: Instantiating DensePDInteractionGraph
protocols.relax.FastRelax: CMD: repack  -783.612  0.398154  0.398154  0.55
core.optimization.LineMinimizer: Inaccurate G in step= 4.76837e-09 Deriv= -1.67647 Finite Diff= 0.0528574
core.optimization.LineMinimizer: Inaccurate G in step= 1.91496e-08 Deriv= -0.0622883 Finite Diff= 0.0323554
core.optimization.LineMinimizer: Inaccurate G in step= 2.17006e-06 Deriv= -12.3605 Finite Diff= 5.53622
core.optimization.Minimizer: Line search failed even after resetting Hessian; aborting at iter#937
protocols.relax.FastRelax: CMD: min  -806.127  0.265951  0.265951  0.55
protocols.relax.FastRelax: MRP: 1  -806.127  -808.116  0.234896  0.234896  
protocols.relax.FastRelax: CMD: accept_to_best  -806.127  0.265951  0.265951  0.55
protocols.relax.FastRelax: CMD: endrepeat  -806.127  0.265951  0.265951  0.55
protocols.relax.FastRelax: CMD: coord_cst_weight  -806.127  0.265951  0.265951  0.55
protocols.relax.FastRelax: CMD: scale:fa_rep  -937.91  0.265951  0.265951  0.022
core.pack.task: Packer task: initialize from command line() 
core.pack.pack_rotamers: built 4364 rotamers at 225 positions.
core.pack.interaction_graph.interaction_graph_factory: Instantiating DensePDInteractionGraph
protocols.relax.FastRelax: CMD: repack  -946.161  0.265951  0.265951  0.022
protocols.relax.FastRelax: CMD: scale:fa_rep  -942.525  0.265951  0.265951  0.02805
protocols.relax.FastRelax: CMD: min  -1164.11  1.13771  1.13771  0.02805
protocols.relax.FastRelax: CMD: coord_cst_weight  -1164.11  1.13771  1.13771  0.02805
protocols.relax.FastRelax: CMD: scale:fa_rep  -690.932  1.13771  1.13771  0.14575
core.pack.task: Packer task: initialize from command line() 
core.pack.pack_rotamers: built 3968 rotamers at 225 positions.
core.pack.interaction_graph.interaction_graph_factory: Instantiating DensePDInteractionGraph
protocols.relax.FastRelax: CMD: repack  -698.174  1.13771  1.13771  0.14575
protocols.relax.FastRelax: CMD: scale:fa_rep  -666.159  1.13771  1.13771  0.154
protocols.relax.FastRelax: CMD: min  -967.661  0.635216  0.635216  0.154
protocols.relax.FastRelax: CMD: coord_cst_weight  -967.661  0.635216  0.635216  0.154
protocols.relax.FastRelax: CMD: scale:fa_rep  -847.024  0.635216  0.635216  0.30745
core.pack.task: Packer task: initialize from command line() 
core.pack.pack_rotamers: built 3824 rotamers at 225 positions.
core.pack.interaction_graph.interaction_graph_factory: Instantiating DensePDInteractionGraph
protocols.relax.FastRelax: CMD: repack  -847.012  0.635216  0.635216  0.30745
protocols.relax.FastRelax: CMD: scale:fa_rep  -837.499  0.635216  0.635216  0.31955
core.optimization.LineMinimizer: Inaccurate G in step= 9.53674e-09 Deriv= -0.250612 Finite Diff= 0.0116587
core.optimization.LineMinimizer: Inaccurate G in step= 8.05474e-09 Deriv= -0.0372416 Finite Diff= 0.0124065
core.optimization.LineMinimizer: Inaccurate G in step= 2.5783e-06 Deriv= -8.75617 Finite Diff= 5.61898
core.optimization.Minimizer: Line search failed even after resetting Hessian; aborting at iter#916
protocols.relax.FastRelax: CMD: min  -877.856  0.418708  0.418708  0.31955
protocols.relax.FastRelax: CMD: coord_cst_weight  -877.856  0.418708  0.418708  0.31955
protocols.relax.FastRelax: CMD: scale:fa_rep  -784.092  0.418708  0.418708  0.55
core.pack.task: Packer task: initialize from command line() 
core.pack.pack_rotamers: built 3781 rotamers at 225 positions.
core.pack.interaction_graph.interaction_graph_factory: Instantiating DensePDInteractionGraph
protocols.relax.FastRelax: CMD: repack  -784.097  0.418708  0.418708  0.55
core.optimization.LineMinimizer: Inaccurate G in step= 3.8147e-08 Deriv= -4.41058 Finite Diff= -0.0239819
core.optimization.LineMinimizer: Inaccurate G in step= 8.74566e-09 Deriv= -2.32988 Finite Diff= 0.539884
core.optimization.LineMinimizer: Inaccurate G in step= 7.74641e-09 Deriv= -0.061014 Finite Diff= 0.0355307
core.optimization.LineMinimizer: Inaccurate G in step= 4.03034e-09 Deriv= -0.0314281 Finite Diff= 0.132492
core.optimization.LineMinimizer: Inaccurate G in step= 5.33034e-09 Deriv= -0.0587976 Finite Diff= 0.0851211
core.optimization.LineMinimizer: Inaccurate G in step= 1.46109e-06 Deriv= -27.2662 Finite Diff= 6.56576
core.optimization.Minimizer: Line search failed even after resetting Hessian; aborting at iter#965
protocols.relax.FastRelax: CMD: min  -805.802  0.291114  0.291114  0.55
protocols.relax.FastRelax: MRP: 2  -805.802  -808.116  0.234896  0.234896  
protocols.relax.FastRelax: CMD: accept_to_best  -805.802  0.291114  0.291114  0.55
protocols.relax.FastRelax: CMD: endrepeat  -805.802  0.291114  0.291114  0.55
protocols.relax.FastRelax: CMD: coord_cst_weight  -805.802  0.291114  0.291114  0.55
protocols.relax.FastRelax: CMD: scale:fa_rep  -939.295  0.291114  0.291114  0.022
core.pack.task: Packer task: initialize from command line() 
core.pack.pack_rotamers: built 4354 rotamers at 225 positions.
core.pack.interaction_graph.interaction_graph_factory: Instantiating DensePDInteractionGraph
protocols.relax.FastRelax: CMD: repack  -947.612  0.291114  0.291114  0.022
protocols.relax.FastRelax: CMD: scale:fa_rep  -943.787  0.291114  0.291114  0.02805
protocols.relax.FastRelax: CMD: min  -1164.16  1.15441  1.15441  0.02805
protocols.relax.FastRelax: CMD: coord_cst_weight  -1164.16  1.15441  1.15441  0.02805
protocols.relax.FastRelax: CMD: scale:fa_rep  -688.68  1.15441  1.15441  0.14575
core.pack.task: Packer task: initialize from command line() 
core.pack.pack_rotamers: built 3958 rotamers at 225 positions.
core.pack.interaction_graph.interaction_graph_factory: Instantiating DensePDInteractionGraph
protocols.relax.FastRelax: CMD: repack  -693.156  1.15441  1.15441  0.14575
protocols.relax.FastRelax: CMD: scale:fa_rep  -661.351  1.15441  1.15441  0.154
protocols.relax.FastRelax: CMD: min  -963.253  0.656087  0.656087  0.154
protocols.relax.FastRelax: CMD: coord_cst_weight  -963.253  0.656087  0.656087  0.154
protocols.relax.FastRelax: CMD: scale:fa_rep  -841.073  0.656087  0.656087  0.30745
core.pack.task: Packer task: initialize from command line() 
core.pack.pack_rotamers: built 3823 rotamers at 225 positions.
core.pack.interaction_graph.interaction_graph_factory: Instantiating DensePDInteractionGraph
protocols.relax.FastRelax: CMD: repack  -841.061  0.656087  0.656087  0.30745
protocols.relax.FastRelax: CMD: scale:fa_rep  -831.427  0.656087  0.656087  0.31955
core.optimization.LineMinimizer: Inaccurate G in step= 4.76837e-09 Deriv= -1.67704 Finite Diff= 0.0655651
core.optimization.LineMinimizer: Inaccurate G in step= 1.51567e-08 Deriv= -0.334597 Finite Diff= 0.0998654
core.optimization.LineMinimizer: Inaccurate G in step= 4.19456e-09 Deriv= -0.0484182 Finite Diff= 0.123646
core.optimization.LineMinimizer: Inaccurate G in step= 2.23582e-06 Deriv= -11.6441 Finite Diff= 1.63391
core.optimization.Minimizer: Line search failed even after resetting Hessian; aborting at iter#758
protocols.relax.FastRelax: CMD: min  -873.243  0.420695  0.420695  0.31955
protocols.relax.FastRelax: CMD: coord_cst_weight  -873.243  0.420695  0.420695  0.31955
protocols.relax.FastRelax: CMD: scale:fa_rep  -779.374  0.420695  0.420695  0.55
core.pack.task: Packer task: initialize from command line() 
core.pack.pack_rotamers: built 3771 rotamers at 225 positions.
core.pack.interaction_graph.interaction_graph_factory: Instantiating DensePDInteractionGraph
protocols.relax.FastRelax: CMD: repack  -779.373  0.420695  0.420695  0.55
core.optimization.LineMinimizer: Inaccurate G in step= 9.53674e-09 Deriv= -0.593299 Finite Diff= 1.31946
core.optimization.LineMinimizer: Inaccurate G in step= 5.02203e-09 Deriv= -0.133153 Finite Diff= 0.0210983
core.optimization.LineMinimizer: Inaccurate G in step= 5.16202e-09 Deriv= -0.0588597 Finite Diff= 0.0242261
core.optimization.LineMinimizer: Inaccurate G in step= 3.54578e-09 Deriv= -0.108467 Finite Diff= 0.178492
core.optimization.LineMinimizer: Inaccurate G in step= 3.28665e-09 Deriv= -0.0426771 Finite Diff= 0.0269806
core.optimization.LineMinimizer: Inaccurate G in step= 4.27109e-09 Deriv= -0.0226363 Finite Diff= 0.128564
core.optimization.LineMinimizer: Inaccurate G in step= 5.17149e-09 Deriv= -0.211934 Finite Diff= 0.0331729
core.optimization.LineMinimizer: Inaccurate G in step= 2.08979e-06 Deriv= -13.3283 Finite Diff= 3.08176
core.optimization.Minimizer: Line search failed even after resetting Hessian; aborting at iter#1044
protocols.relax.FastRelax: CMD: min  -800.41  0.30054  0.30054  0.55
protocols.relax.FastRelax: MRP: 3  -800.41  -808.116  0.234896  0.234896  
protocols.relax.FastRelax: CMD: accept_to_best  -800.41  0.30054  0.30054  0.55
protocols.relax.FastRelax: CMD: endrepeat  -800.41  0.30054  0.30054  0.55
protocols.relax.FastRelax: CMD: coord_cst_weight  -800.41  0.30054  0.30054  0.55
protocols.relax.FastRelax: CMD: scale:fa_rep  -934.4  0.30054  0.30054  0.022
core.pack.task: Packer task: initialize from command line() 
core.pack.pack_rotamers: built 4366 rotamers at 225 positions.
core.pack.interaction_graph.interaction_graph_factory: Instantiating DensePDInteractionGraph
protocols.relax.FastRelax: CMD: repack  -944.806  0.30054  0.30054  0.022
protocols.relax.FastRelax: CMD: scale:fa_rep  -940.799  0.30054  0.30054  0.02805
protocols.relax.FastRelax: CMD: min  -1164.61  1.13832  1.13832  0.02805
protocols.relax.FastRelax: CMD: coord_cst_weight  -1164.61  1.13832  1.13832  0.02805
protocols.relax.FastRelax: CMD: scale:fa_rep  -674.232  1.13832  1.13832  0.14575
core.pack.task: Packer task: initialize from command line() 
core.pack.pack_rotamers: built 3975 rotamers at 225 positions.
core.pack.interaction_graph.interaction_graph_factory: Instantiating DensePDInteractionGraph
protocols.relax.FastRelax: CMD: repack  -682.5  1.13832  1.13832  0.14575
protocols.relax.FastRelax: CMD: scale:fa_rep  -649.459  1.13832  1.13832  0.154
protocols.relax.FastRelax: CMD: min  -965.098  0.623108  0.623108  0.154
protocols.relax.FastRelax: CMD: coord_cst_weight  -965.098  0.623108  0.623108  0.154
protocols.relax.FastRelax: CMD: scale:fa_rep  -844.786  0.623108  0.623108  0.30745
core.pack.task: Packer task: initialize from command line() 
core.pack.pack_rotamers: built 3837 rotamers at 225 positions.
core.pack.interaction_graph.interaction_graph_factory: Instantiating DensePDInteractionGraph
protocols.relax.FastRelax: CMD: repack  -844.77  0.623108  0.623108  0.30745
protocols.relax.FastRelax: CMD: scale:fa_rep  -835.283  0.623108  0.623108  0.31955
core.optimization.LineMinimizer: Inaccurate G in step= 4.76837e-09 Deriv= -0.495012 Finite Diff= 0.16644
core.optimization.LineMinimizer: Inaccurate G in step= 1.78531e-08 Deriv= -0.0785127 Finite Diff= 0.00906787
core.optimization.LineMinimizer: Inaccurate G in step= 2.31966e-06 Deriv= -10.8176 Finite Diff= 3.91901
core.optimization.Minimizer: Line search failed even after resetting Hessian; aborting at iter#799
protocols.relax.FastRelax: CMD: min  -875.363  0.404604  0.404604  0.31955
protocols.relax.FastRelax: CMD: coord_cst_weight  -875.363  0.404604  0.404604  0.31955
protocols.relax.FastRelax: CMD: scale:fa_rep  -782.025  0.404604  0.404604  0.55
core.pack.task: Packer task: initialize from command line() 
core.pack.pack_rotamers: built 3775 rotamers at 225 positions.
core.pack.interaction_graph.interaction_graph_factory: Instantiating DensePDInteractionGraph
protocols.relax.FastRelax: CMD: repack  -782.03  0.404604  0.404604  0.55
core.optimization.LineMinimizer: Inaccurate G in step= 4.76837e-09 Deriv= -0.651661 Finite Diff= 0.0231504
core.optimization.LineMinimizer: Inaccurate G in step= 2.6315e-09 Deriv= -0.229457 Finite Diff= 0.178296
core.optimization.LineMinimizer: Inaccurate G in step= 6.92495e-09 Deriv= -0.0608219 Finite Diff= 0.0889637
core.optimization.LineMinimizer: Inaccurate G in step= 3.12142e-09 Deriv= -0.0443312 Finite Diff= 0.0733893
core.optimization.LineMinimizer: Inaccurate G in step= 4.46777e-09 Deriv= -0.279763 Finite Diff= 0.25591
core.optimization.LineMinimizer: Inaccurate G in step= 3.3962e-09 Deriv= -0.344574 Finite Diff= 0.311616
core.optimization.LineMinimizer: Inaccurate G in step= 2.08914e-06 Deriv= -13.3365 Finite Diff= 6.24921
core.optimization.Minimizer: Line search failed even after resetting Hessian; aborting at iter#690
protocols.relax.FastRelax: CMD: min  -803.553  0.279709  0.279709  0.55
protocols.relax.FastRelax: MRP: 4  -803.553  -808.116  0.234896  0.234896  
protocols.relax.FastRelax: CMD: accept_to_best  -803.553  0.279709  0.279709  0.55
protocols.relax.FastRelax: CMD: endrepeat  -803.553  0.279709  0.279709  0.55
protocols::checkpoint: Deleting checkpoints of FastRelax
protocols.rosetta_scripts.ParsedProtocol: setting status to success
protocols.jd2.JobDistributor: flags_r10000_m40_prepare_gfp_raw_0001_0001 reported success in 785 seconds
protocols.jd2.JobDistributor: no more batches to process... 
protocols.jd2.JobDistributor: 1 jobs considered, 1 jobs attempted in 785 seconds
basic.citation_manager.CitationManager: 
The following Rosetta modules were used during this run of Rosetta, and should be cited:

rosetta_scripts Application's citation(s):
Fleishman SJ, Leaver-Fay A, Corn JE, Strauch E-M, Khare SD, Koga N, Ashworth J, Murphy P, Richter F, Lemmon G, Meiler J, and Baker D.  (2011).  RosettaScripts: A Scripting Language Interface to the Rosetta Macromolecular Modeling Suite.  PLoS ONE 6(6):e20161.  doi: 10.1371/journal.pone.0020161.

FastRelax Mover's citation(s):
*Tyka MD, *Keedy DA, André I, Dimaio F, Song Y, Richardson DC, Richardson JS, and Baker D.  (2011).  Alternate states of proteins revealed by detailed energy landscape mapping.  J Mol Biol 405(2):607-18.  doi: 10.1016/j.jmb.2010.11.008.  (*Co-primary authors.)

Khatib F, Cooper S, Tyka MD, Xu K, Makedon I, Popovic Z, Baker D, and Players F.  (2011).  Algorithm discovery by protein folding game players.  Proc Natl Acad Sci USA 108(47):18949-53.  doi: 10.1073/pnas.1115898108.

Maguire JB, Haddox HK, Strickland D, Halabiya SF, Coventry B, Griffin JR, Pulavarti SVSRK, Cummins M, Thieker DF, Klavins E, Szyperski T, DiMaio F, Baker D, and Kuhlman B.  (2021).  Perturbing the energy landscape for improved packing during computational protein design.  Proteins 89(4):436-449.  doi: 10.1002/prot.26030.


The following UNPUBLISHED Rosetta modules were used during this run of Rosetta.  Their authors should be included in the author list when this work is published:

NeighborhoodResidueSelector ResidueSelector's author(s):
Robert Lindner, Natural Sciences and Mathematics, Ruperto-Carola University, Heidelberg, Germany [rlindner@mpimf-heidelberg.mpg.de]
Jared Adolf-Bryfogle, Schief lab, Scripps Research Institute [jadolfbr@gmail.com]
Gerard Daniel, Institue for Protein Design, University of Washington [gerardda@uw.edu]


