********  (C) Copyright Rosetta Commons Member Institutions.  ***************
* Use of Rosetta for commercial purposes may require purchase of a license. *
********  See LICENSE.md or email license@uw.edu for more details. **********
core.init: Checking for fconfig files in pwd and ./rosetta/flags 
core.init: Rosetta version: 2025.37+HEAD.df75a9c48e df75a9c48e763e52a7aa3f5dfba077f4da88dbf5 https://github.com/RosettaCommons/rosetta.git 2025-09-03T12:23:30
core.init: Rosetta extras: []
core.init: command: rosetta_scripts @flags_r10000_m25
basic.random.init_random_generator: 'RNG device' seed mode, using '/dev/urandom', seed=7807584 seed_offset=0 real_seed=7807584
basic.random.init_random_generator: RandomGenerator:init: Normal mode, seed=7807584 RG_type=mt19937
core.init: found database environment variable ROSETTA3_DB: /usr/local/database
protocols.jd2.PDBJobInputter: Instantiate PDBJobInputter
protocols.jd2.PDBJobInputter: PDBJobInputter::fill_jobs
protocols.jd2.PDBJobInputter: pushed prepare_gfp_raw_0001.pdb nstruct index 1
protocols.evaluation.ChiWellRmsdEvaluatorCreator: Evaluation Creator active ... 
protocols.jd2.PDBJobInputter: PDBJobInputter::pose_from_job
protocols.jd2.PDBJobInputter: filling pose from PDB prepare_gfp_raw_0001.pdb
core.chemical.GlobalResidueTypeSet: Finished initializing fa_standard residue type set.  Created 985 residue types
core.chemical.GlobalResidueTypeSet: Total time to initialize 0.553194 seconds.
core.import_pose.import_pose: File 'prepare_gfp_raw_0001.pdb' automatically determined to be of type PDB from contents.
protocols.rosetta_scripts.RosettaScriptsParser: dock_design_filename=relax_r10000_m25.xml
protocols.rosetta_scripts.RosettaScriptsParser: Validating input script...
protocols.rosetta_scripts.RosettaScriptsSchemaValidator: Generating XML Schema for rosetta_scripts...
protocols.rosetta_scripts.RosettaScriptsSchemaValidator: ...done
protocols.rosetta_scripts.RosettaScriptsSchemaValidator: Initializing schema validator...
protocols.rosetta_scripts.RosettaScriptsSchemaValidator: ...done
protocols.rosetta_scripts.RosettaScriptsParser: ...done
protocols.rosetta_scripts.RosettaScriptsParser: Parsed script:
<ROSETTASCRIPTS>
	<SCOREFXNS>
		<ScoreFunction name="beta_sf" weights="beta_nov16_cart"/>
	</SCOREFXNS>
	<RESIDUE_SELECTORS>
		<Neighborhood distance="25" name="surrounding_move_map" resnums="55"/>
		<Not name="rest_move_map" selector="surrounding_move_map"/>
		<Neighborhood distance="10000" name="surrounding_repack" resnums="55"/>
		<Not name="rest_repack" selector="surrounding_repack"/>
	</RESIDUE_SELECTORS>
	<TASKOPERATIONS>
		<InitializeFromCommandline name="init"/>
		<OperateOnResidueSubset name="repack_res" selector="surrounding_repack">
			<RestrictToRepackingRLT/>
		</OperateOnResidueSubset>
		<OperateOnResidueSubset name="no_repack" selector="rest_repack">
			<PreventRepackingRLT/>
		</OperateOnResidueSubset>
	</TASKOPERATIONS>
	<MOVE_MAP_FACTORIES>
		<MoveMapFactory bb="0" chi="0" name="local_mm">
			<Backbone enable="true" residue_selector="surrounding_move_map"/>
			<Chi enable="true" residue_selector="surrounding_move_map"/>
		</MoveMapFactory>
	</MOVE_MAP_FACTORIES>
	<MOVERS>
		<MutateResidue name="mutant" new_res="ALA" target="45A"/>
		<FastRelax cartesian="true" disable_design="true" movemap_factory="local_mm" name="relax" repeats="5" scorefxn="beta_sf" task_operations="init,repack_res,no_repack"/>
	</MOVERS>
	<PROTOCOLS>
		<Add mover_name="mutant"/>
		<Add mover_name="relax"/>
	</PROTOCOLS>
	<OUTPUT scorefxn="beta_sf"/>
</ROSETTASCRIPTS>
core.scoring.ScoreFunctionFactory: SCOREFUNCTION: beta_nov16_cart.wts
core.scoring.etable: Starting energy table calculation
core.scoring.etable: smooth_etable: changing atr/rep split to bottom of energy well
core.scoring.etable: smooth_etable: spline smoothing lj etables (maxdis = 6)
core.scoring.etable: smooth_etable: spline smoothing solvation etables (max_dis = 6)
core.scoring.etable: Finished calculating energy tables.
basic.io.database: Database file opened: scoring/score_functions/hbonds/ref2015_params/HBPoly1D.csv
basic.io.database: Database file opened: scoring/score_functions/hbonds/ref2015_params/HBFadeIntervals.csv
basic.io.database: Database file opened: scoring/score_functions/hbonds/ref2015_params/HBEval.csv
basic.io.database: Database file opened: scoring/score_functions/hbonds/ref2015_params/DonStrength.csv
basic.io.database: Database file opened: scoring/score_functions/hbonds/ref2015_params/AccStrength.csv
basic.io.database: Database file opened: scoring/score_functions/rama/fd_beta_nov2016/all.ramaProb
basic.io.database: Database file opened: scoring/score_functions/rama/fd_beta_nov2016/prepro.ramaProb
basic.io.database: Database file opened: scoring/score_functions/omega/omega_ppdep.all.txt
basic.io.database: Database file opened: scoring/score_functions/omega/omega_ppdep.gly.txt
basic.io.database: Database file opened: scoring/score_functions/omega/omega_ppdep.pro.txt
basic.io.database: Database file opened: scoring/score_functions/omega/omega_ppdep.valile.txt
basic.io.database: Database file opened: scoring/score_functions/P_AA_pp/P_AA
basic.io.database: Database file opened: scoring/score_functions/P_AA_pp/P_AA_n
core.scoring.P_AA: shapovalov_lib::shap_p_aa_pp_smooth_level of 1( aka low_smooth ) got activated.
basic.io.database: Database file opened: scoring/score_functions/P_AA_pp/shapovalov/10deg/kappa131/a20.prop
basic.io.database: Database file opened: scoring/score_functions/bondlength_bondangle/hydroxyl_torsion_preference.txt
core.energy_methods.CartesianBondedEnergy: Initializing IdealParametersDatabase with default Ks=300 , 80 , 80 , 10 , 80
basic.io.database: Database file opened: scoring/score_functions/bondlength_bondangle/default-lengths.txt
core.energy_methods.CartesianBondedEnergy: Read 759 bb-independent lengths.
basic.io.database: Database file opened: scoring/score_functions/bondlength_bondangle/default-angles.txt
core.energy_methods.CartesianBondedEnergy: Read 1434 bb-independent angles.
basic.io.database: Database file opened: scoring/score_functions/bondlength_bondangle/default-torsions.txt
core.energy_methods.CartesianBondedEnergy: Read 1 bb-independent torsions.
basic.io.database: Database file opened: scoring/score_functions/bondlength_bondangle/default-improper.txt
core.energy_methods.CartesianBondedEnergy: Read 529 bb-independent improper tors.
core.scoring.etable: Starting energy table calculation
core.scoring.etable: smooth_etable: changing atr/rep split to bottom of energy well
core.scoring.etable: smooth_etable: spline smoothing lj etables (maxdis = 6)
core.scoring.etable: smooth_etable: spline smoothing solvation etables (max_dis = 6)
core.scoring.etable: Finished calculating energy tables.
basic.io.database: Database file opened: scoring/score_functions/PairEPotential/pdb_pair_stats_fine
basic.io.database: Database file opened: scoring/score_functions/InterchainPotential/interchain_env_log.txt
basic.io.database: Database file opened: scoring/score_functions/InterchainPotential/interchain_pair_log.txt
basic.io.database: Database file opened: scoring/score_functions/EnvPairPotential/env_log.txt
basic.io.database: Database file opened: scoring/score_functions/EnvPairPotential/cbeta_den.txt
basic.io.database: Database file opened: scoring/score_functions/EnvPairPotential/pair_log.txt
basic.io.database: Database file opened: scoring/score_functions/EnvPairPotential/cenpack_log.txt
core.scoring.ramachandran: shapovalov_lib::shap_rama_smooth_level of 4( aka highest_smooth ) got activated.
basic.io.database: Database file opened: scoring/score_functions/rama/shapovalov/kappa25/all.ramaProb
protocols.jd2.parser.ScoreFunctionLoader: defined score function "beta_sf" with weights "beta_nov16_cart"
protocols.jd2.parser.TaskOperationLoader: Defined TaskOperation named "init" of type InitializeFromCommandline
protocols.jd2.parser.TaskOperationLoader: Defined TaskOperation named "repack_res" of type OperateOnResidueSubset
protocols.jd2.parser.TaskOperationLoader: Defined TaskOperation named "no_repack" of type OperateOnResidueSubset
protocols.jd2.parser.MoveMapFactoryLoader: Defined MoveMap named "local_mm"
protocols.rosetta_scripts.RosettaScriptsParser: Defined mover named "mutant" of type MutateResidue
protocols.relax.RelaxScriptManager: Reading relax scripts list from database.
core.scoring.ScoreFunctionFactory: SCOREFUNCTION: beta_nov16_cart.wts
protocols.relax.RelaxScriptManager: Looking for MonomerRelax2019.txt
protocols.relax.RelaxScriptManager: ================== Reading script file: /usr/local/database/sampling/relax_scripts/MonomerRelax2019.txt ==================
protocols.relax.RelaxScriptManager: repeat %%nrepeats%%
protocols.relax.RelaxScriptManager: coord_cst_weight 1.0
protocols.relax.RelaxScriptManager: scale:fa_rep 0.040
protocols.relax.RelaxScriptManager: repack
protocols.relax.RelaxScriptManager: scale:fa_rep 0.051
protocols.relax.RelaxScriptManager: min 0.01
protocols.relax.RelaxScriptManager: coord_cst_weight 0.5
protocols.relax.RelaxScriptManager: scale:fa_rep 0.265
protocols.relax.RelaxScriptManager: repack
protocols.relax.RelaxScriptManager: scale:fa_rep 0.280
protocols.relax.RelaxScriptManager: min 0.01
protocols.relax.RelaxScriptManager: coord_cst_weight 0.0
protocols.relax.RelaxScriptManager: scale:fa_rep 0.559
protocols.relax.RelaxScriptManager: repack
protocols.relax.RelaxScriptManager: scale:fa_rep 0.581
protocols.relax.RelaxScriptManager: min 0.01
protocols.relax.RelaxScriptManager: coord_cst_weight 0.0
protocols.relax.RelaxScriptManager: scale:fa_rep 1
protocols.relax.RelaxScriptManager: repack
protocols.relax.RelaxScriptManager: min 0.00001
protocols.relax.RelaxScriptManager: accept_to_best
protocols.relax.RelaxScriptManager: endrepeat
core.pack.task.xml_util: Object relax reading the following task_operations: Adding the following task operations
init repack_res no_repack 
core.select.movemap.util: Found MoveMapFactory local_mm
protocols.rosetta_scripts.RosettaScriptsParser: Defined mover named "relax" of type FastRelax
protocols.rosetta_scripts.ParsedProtocol: ParsedProtocol mover with the following settings
protocols.rosetta_scripts.ParsedProtocol: Added mover "mutant"
protocols.rosetta_scripts.ParsedProtocol: Added mover "relax"
protocols.jd2.PDBJobInputter: PDBJobInputter::pose_from_job
protocols.jd2.PDBJobInputter: filling pose from saved copy prepare_gfp_raw_0001.pdb
protocols.rosetta_scripts.ParsedProtocol: =======================BEGIN MOVER MutateResidue - mutant=======================
protocols.rosetta_scripts.ParsedProtocol: =======================BEGIN MOVER FastRelax - relax=======================
core.energy_methods.CartesianBondedEnergy: Creating new peptide-bonded energy container (225)
basic.io.database: Database file opened: scoring/score_functions/elec_cp_reps.dat
core.scoring.elec.util: Read 40 countpair representative atoms
core.pack.dunbrack.RotamerLibrary: shapovalov_lib_fixes_enable option is true.
core.pack.dunbrack.RotamerLibrary: Binary rotamer library selected: /usr/local/database/rotamer/beta_nov2016/Dunbrack10.lib.bin
core.pack.dunbrack.RotamerLibrary: Using Dunbrack library binary file '/usr/local/database/rotamer/beta_nov2016/Dunbrack10.lib.bin'.
core.pack.dunbrack.RotamerLibrary: Dunbrack 2010 library took 0.048862 seconds to load from binary
protocols.relax.FastRelax: CMD: repeat  -805.658  0  0  0.55
protocols.relax.FastRelax: CMD: coord_cst_weight  -805.658  0  0  0.55
protocols.relax.FastRelax: CMD: scale:fa_rep  -930.562  0  0  0.022
core.pack.task: Packer task: initialize from command line() 
core.pack.pack_rotamers: built 4353 rotamers at 225 positions.
core.pack.interaction_graph.interaction_graph_factory: Instantiating DensePDInteractionGraph
protocols.relax.FastRelax: CMD: repack  -937.044  0  0  0.022
protocols.relax.FastRelax: CMD: scale:fa_rep  -934.073  0  0  0.02805
protocols.relax.FastRelax: CMD: min  -1093.17  0.957128  0.957128  0.02805
protocols.relax.FastRelax: CMD: coord_cst_weight  -1093.17  0.957128  0.957128  0.02805
protocols.relax.FastRelax: CMD: scale:fa_rep  -737.232  0.957128  0.957128  0.14575
core.pack.task: Packer task: initialize from command line() 
core.pack.pack_rotamers: built 3964 rotamers at 225 positions.
core.pack.interaction_graph.interaction_graph_factory: Instantiating DensePDInteractionGraph
protocols.relax.FastRelax: CMD: repack  -737.2  0.957128  0.957128  0.14575
protocols.relax.FastRelax: CMD: scale:fa_rep  -712.691  0.957128  0.957128  0.154
protocols.relax.FastRelax: CMD: min  -942.577  0.529367  0.529367  0.154
protocols.relax.FastRelax: CMD: coord_cst_weight  -942.577  0.529367  0.529367  0.154
protocols.relax.FastRelax: CMD: scale:fa_rep  -841.535  0.529367  0.529367  0.30745
core.pack.task: Packer task: initialize from command line() 
core.pack.pack_rotamers: built 3894 rotamers at 225 positions.
core.pack.interaction_graph.interaction_graph_factory: Instantiating DensePDInteractionGraph
protocols.relax.FastRelax: CMD: repack  -846.352  0.529367  0.529367  0.30745
protocols.relax.FastRelax: CMD: scale:fa_rep  -838.591  0.529367  0.529367  0.31955
protocols.relax.FastRelax: CMD: min  -866.347  0.364473  0.364473  0.31955
protocols.relax.FastRelax: CMD: coord_cst_weight  -866.347  0.364473  0.364473  0.31955
protocols.relax.FastRelax: CMD: scale:fa_rep  -779.916  0.364473  0.364473  0.55
core.pack.task: Packer task: initialize from command line() 
core.pack.pack_rotamers: built 3827 rotamers at 225 positions.
core.pack.interaction_graph.interaction_graph_factory: Instantiating DensePDInteractionGraph
protocols.relax.FastRelax: CMD: repack  -780.24  0.364473  0.364473  0.55
protocols.relax.FastRelax: CMD: min  -799.55  0.240349  0.240349  0.55
protocols.relax.FastRelax: MRP: 0  -799.55  -799.55  0.240349  0.240349  
protocols.relax.FastRelax: CMD: accept_to_best  -799.55  0.240349  0.240349  0.55
protocols.relax.FastRelax: CMD: endrepeat  -799.55  0.240349  0.240349  0.55
protocols.relax.FastRelax: CMD: coord_cst_weight  -799.55  0.240349  0.240349  0.55
protocols.relax.FastRelax: CMD: scale:fa_rep  -935.523  0.240349  0.240349  0.022
core.pack.task: Packer task: initialize from command line() 
core.pack.pack_rotamers: built 4395 rotamers at 225 positions.
core.pack.interaction_graph.interaction_graph_factory: Instantiating DensePDInteractionGraph
protocols.relax.FastRelax: CMD: repack  -943.735  0.240349  0.240349  0.022
protocols.relax.FastRelax: CMD: scale:fa_rep  -940.401  0.240349  0.240349  0.02805
protocols.relax.FastRelax: CMD: min  -1096.4  0.966316  0.966316  0.02805
protocols.relax.FastRelax: CMD: coord_cst_weight  -1096.4  0.966316  0.966316  0.02805
protocols.relax.FastRelax: CMD: scale:fa_rep  -745.681  0.966316  0.966316  0.14575
core.pack.task: Packer task: initialize from command line() 
core.pack.pack_rotamers: built 4001 rotamers at 225 positions.
core.pack.interaction_graph.interaction_graph_factory: Instantiating DensePDInteractionGraph
protocols.relax.FastRelax: CMD: repack  -746.026  0.966316  0.966316  0.14575
protocols.relax.FastRelax: CMD: scale:fa_rep  -722.035  0.966316  0.966316  0.154
protocols.relax.FastRelax: CMD: min  -942.66  0.553222  0.553222  0.154
protocols.relax.FastRelax: CMD: coord_cst_weight  -942.66  0.553222  0.553222  0.154
protocols.relax.FastRelax: CMD: scale:fa_rep  -842.397  0.553222  0.553222  0.30745
core.pack.task: Packer task: initialize from command line() 
core.pack.pack_rotamers: built 3899 rotamers at 225 positions.
core.pack.interaction_graph.interaction_graph_factory: Instantiating DensePDInteractionGraph
protocols.relax.FastRelax: CMD: repack  -844.726  0.553222  0.553222  0.30745
protocols.relax.FastRelax: CMD: scale:fa_rep  -836.82  0.553222  0.553222  0.31955
protocols.relax.FastRelax: CMD: min  -866.122  0.379229  0.379229  0.31955
protocols.relax.FastRelax: CMD: coord_cst_weight  -866.122  0.379229  0.379229  0.31955
protocols.relax.FastRelax: CMD: scale:fa_rep  -779.077  0.379229  0.379229  0.55
core.pack.task: Packer task: initialize from command line() 
core.pack.pack_rotamers: built 3828 rotamers at 225 positions.
core.pack.interaction_graph.interaction_graph_factory: Instantiating DensePDInteractionGraph
protocols.relax.FastRelax: CMD: repack  -779.63  0.379229  0.379229  0.55
protocols.relax.FastRelax: CMD: min  -797.129  0.253776  0.253776  0.55
protocols.relax.FastRelax: MRP: 1  -797.129  -799.55  0.240349  0.240349  
protocols.relax.FastRelax: CMD: accept_to_best  -797.129  0.253776  0.253776  0.55
protocols.relax.FastRelax: CMD: endrepeat  -797.129  0.253776  0.253776  0.55
protocols.relax.FastRelax: CMD: coord_cst_weight  -797.129  0.253776  0.253776  0.55
protocols.relax.FastRelax: CMD: scale:fa_rep  -934.699  0.253776  0.253776  0.022
core.pack.task: Packer task: initialize from command line() 
core.pack.pack_rotamers: built 4370 rotamers at 225 positions.
core.pack.interaction_graph.interaction_graph_factory: Instantiating DensePDInteractionGraph
protocols.relax.FastRelax: CMD: repack  -943.412  0.253776  0.253776  0.022
protocols.relax.FastRelax: CMD: scale:fa_rep  -940.432  0.253776  0.253776  0.02805
protocols.relax.FastRelax: CMD: min  -1098.63  0.982675  0.982675  0.02805
protocols.relax.FastRelax: CMD: coord_cst_weight  -1098.63  0.982675  0.982675  0.02805
protocols.relax.FastRelax: CMD: scale:fa_rep  -746.669  0.982675  0.982675  0.14575
core.pack.task: Packer task: initialize from command line() 
core.pack.pack_rotamers: built 3992 rotamers at 225 positions.
core.pack.interaction_graph.interaction_graph_factory: Instantiating DensePDInteractionGraph
protocols.relax.FastRelax: CMD: repack  -746.337  0.982675  0.982675  0.14575
protocols.relax.FastRelax: CMD: scale:fa_rep  -722.238  0.982675  0.982675  0.154
protocols.relax.FastRelax: CMD: min  -943.42  0.565735  0.565735  0.154
protocols.relax.FastRelax: CMD: coord_cst_weight  -943.42  0.565735  0.565735  0.154
protocols.relax.FastRelax: CMD: scale:fa_rep  -843.653  0.565735  0.565735  0.30745
core.pack.task: Packer task: initialize from command line() 
core.pack.pack_rotamers: built 3904 rotamers at 225 positions.
core.pack.interaction_graph.interaction_graph_factory: Instantiating DensePDInteractionGraph
protocols.relax.FastRelax: CMD: repack  -847.019  0.565735  0.565735  0.30745
protocols.relax.FastRelax: CMD: scale:fa_rep  -839.152  0.565735  0.565735  0.31955
protocols.relax.FastRelax: CMD: min  -868.306  0.350385  0.350385  0.31955
protocols.relax.FastRelax: CMD: coord_cst_weight  -868.306  0.350385  0.350385  0.31955
protocols.relax.FastRelax: CMD: scale:fa_rep  -781.982  0.350385  0.350385  0.55
core.pack.task: Packer task: initialize from command line() 
core.pack.pack_rotamers: built 3825 rotamers at 225 positions.
core.pack.interaction_graph.interaction_graph_factory: Instantiating DensePDInteractionGraph
protocols.relax.FastRelax: CMD: repack  -782.375  0.350385  0.350385  0.55
protocols.relax.FastRelax: CMD: min  -799.019  0.248365  0.248365  0.55
protocols.relax.FastRelax: MRP: 2  -799.019  -799.55  0.240349  0.240349  
protocols.relax.FastRelax: CMD: accept_to_best  -799.019  0.248365  0.248365  0.55
protocols.relax.FastRelax: CMD: endrepeat  -799.019  0.248365  0.248365  0.55
protocols.relax.FastRelax: CMD: coord_cst_weight  -799.019  0.248365  0.248365  0.55
protocols.relax.FastRelax: CMD: scale:fa_rep  -936.439  0.248365  0.248365  0.022
core.pack.task: Packer task: initialize from command line() 
core.pack.pack_rotamers: built 4367 rotamers at 225 positions.
core.pack.interaction_graph.interaction_graph_factory: Instantiating DensePDInteractionGraph
protocols.relax.FastRelax: CMD: repack  -944.179  0.248365  0.248365  0.022
protocols.relax.FastRelax: CMD: scale:fa_rep  -941.081  0.248365  0.248365  0.02805
protocols.relax.FastRelax: CMD: min  -1098.04  0.954437  0.954437  0.02805
protocols.relax.FastRelax: CMD: coord_cst_weight  -1098.04  0.954437  0.954437  0.02805
protocols.relax.FastRelax: CMD: scale:fa_rep  -751.105  0.954437  0.954437  0.14575
core.pack.task: Packer task: initialize from command line() 
core.pack.pack_rotamers: built 3993 rotamers at 225 positions.
core.pack.interaction_graph.interaction_graph_factory: Instantiating DensePDInteractionGraph
protocols.relax.FastRelax: CMD: repack  -750.089  0.954437  0.954437  0.14575
protocols.relax.FastRelax: CMD: scale:fa_rep  -726.321  0.954437  0.954437  0.154
protocols.relax.FastRelax: CMD: min  -942.93  0.558817  0.558817  0.154
protocols.relax.FastRelax: CMD: coord_cst_weight  -942.93  0.558817  0.558817  0.154
protocols.relax.FastRelax: CMD: scale:fa_rep  -842.853  0.558817  0.558817  0.30745
core.pack.task: Packer task: initialize from command line() 
core.pack.pack_rotamers: built 3912 rotamers at 225 positions.
core.pack.interaction_graph.interaction_graph_factory: Instantiating DensePDInteractionGraph
protocols.relax.FastRelax: CMD: repack  -846.793  0.558817  0.558817  0.30745
protocols.relax.FastRelax: CMD: scale:fa_rep  -838.939  0.558817  0.558817  0.31955
protocols.relax.FastRelax: CMD: min  -868.241  0.359306  0.359306  0.31955
protocols.relax.FastRelax: CMD: coord_cst_weight  -868.241  0.359306  0.359306  0.31955
protocols.relax.FastRelax: CMD: scale:fa_rep  -781.869  0.359306  0.359306  0.55
core.pack.task: Packer task: initialize from command line() 
core.pack.pack_rotamers: built 3824 rotamers at 225 positions.
core.pack.interaction_graph.interaction_graph_factory: Instantiating DensePDInteractionGraph
protocols.relax.FastRelax: CMD: repack  -782.53  0.359306  0.359306  0.55
protocols.relax.FastRelax: CMD: min  -799.388  0.252363  0.252363  0.55
protocols.relax.FastRelax: MRP: 3  -799.388  -799.55  0.240349  0.240349  
protocols.relax.FastRelax: CMD: accept_to_best  -799.388  0.252363  0.252363  0.55
protocols.relax.FastRelax: CMD: endrepeat  -799.388  0.252363  0.252363  0.55
protocols.relax.FastRelax: CMD: coord_cst_weight  -799.388  0.252363  0.252363  0.55
protocols.relax.FastRelax: CMD: scale:fa_rep  -936.65  0.252363  0.252363  0.022
core.pack.task: Packer task: initialize from command line() 
core.pack.pack_rotamers: built 4368 rotamers at 225 positions.
core.pack.interaction_graph.interaction_graph_factory: Instantiating DensePDInteractionGraph
protocols.relax.FastRelax: CMD: repack  -944.43  0.252363  0.252363  0.022
protocols.relax.FastRelax: CMD: scale:fa_rep  -941.335  0.252363  0.252363  0.02805
protocols.relax.FastRelax: CMD: min  -1098.96  0.984351  0.984351  0.02805
protocols.relax.FastRelax: CMD: coord_cst_weight  -1098.96  0.984351  0.984351  0.02805
protocols.relax.FastRelax: CMD: scale:fa_rep  -748.809  0.984351  0.984351  0.14575
core.pack.task: Packer task: initialize from command line() 
core.pack.pack_rotamers: built 3987 rotamers at 225 positions.
core.pack.interaction_graph.interaction_graph_factory: Instantiating DensePDInteractionGraph
protocols.relax.FastRelax: CMD: repack  -747.71  0.984351  0.984351  0.14575
protocols.relax.FastRelax: CMD: scale:fa_rep  -723.85  0.984351  0.984351  0.154
protocols.relax.FastRelax: CMD: min  -942.485  0.557395  0.557395  0.154
protocols.relax.FastRelax: CMD: coord_cst_weight  -942.485  0.557395  0.557395  0.154
protocols.relax.FastRelax: CMD: scale:fa_rep  -842.814  0.557395  0.557395  0.30745
core.pack.task: Packer task: initialize from command line() 
core.pack.pack_rotamers: built 3907 rotamers at 225 positions.
core.pack.interaction_graph.interaction_graph_factory: Instantiating DensePDInteractionGraph
protocols.relax.FastRelax: CMD: repack  -846.955  0.557395  0.557395  0.30745
protocols.relax.FastRelax: CMD: scale:fa_rep  -839.096  0.557395  0.557395  0.31955
protocols.relax.FastRelax: CMD: min  -868.151  0.360973  0.360973  0.31955
protocols.relax.FastRelax: CMD: coord_cst_weight  -868.151  0.360973  0.360973  0.31955
protocols.relax.FastRelax: CMD: scale:fa_rep  -781.719  0.360973  0.360973  0.55
core.pack.task: Packer task: initialize from command line() 
core.pack.pack_rotamers: built 3820 rotamers at 225 positions.
core.pack.interaction_graph.interaction_graph_factory: Instantiating DensePDInteractionGraph
protocols.relax.FastRelax: CMD: repack  -782.094  0.360973  0.360973  0.55
protocols.relax.FastRelax: CMD: min  -798.94  0.251299  0.251299  0.55
protocols.relax.FastRelax: MRP: 4  -798.94  -799.55  0.240349  0.240349  
protocols.relax.FastRelax: CMD: accept_to_best  -798.94  0.251299  0.251299  0.55
protocols.relax.FastRelax: CMD: endrepeat  -798.94  0.251299  0.251299  0.55
protocols::checkpoint: Deleting checkpoints of FastRelax
protocols.rosetta_scripts.ParsedProtocol: setting status to success
protocols.jd2.JobDistributor: flags_r10000_m25_prepare_gfp_raw_0001_0001 reported success in 426 seconds
protocols.jd2.JobDistributor: no more batches to process... 
protocols.jd2.JobDistributor: 1 jobs considered, 1 jobs attempted in 426 seconds
basic.citation_manager.CitationManager: 
The following Rosetta modules were used during this run of Rosetta, and should be cited:

rosetta_scripts Application's citation(s):
Fleishman SJ, Leaver-Fay A, Corn JE, Strauch E-M, Khare SD, Koga N, Ashworth J, Murphy P, Richter F, Lemmon G, Meiler J, and Baker D.  (2011).  RosettaScripts: A Scripting Language Interface to the Rosetta Macromolecular Modeling Suite.  PLoS ONE 6(6):e20161.  doi: 10.1371/journal.pone.0020161.

FastRelax Mover's citation(s):
*Tyka MD, *Keedy DA, André I, Dimaio F, Song Y, Richardson DC, Richardson JS, and Baker D.  (2011).  Alternate states of proteins revealed by detailed energy landscape mapping.  J Mol Biol 405(2):607-18.  doi: 10.1016/j.jmb.2010.11.008.  (*Co-primary authors.)

Khatib F, Cooper S, Tyka MD, Xu K, Makedon I, Popovic Z, Baker D, and Players F.  (2011).  Algorithm discovery by protein folding game players.  Proc Natl Acad Sci USA 108(47):18949-53.  doi: 10.1073/pnas.1115898108.

Maguire JB, Haddox HK, Strickland D, Halabiya SF, Coventry B, Griffin JR, Pulavarti SVSRK, Cummins M, Thieker DF, Klavins E, Szyperski T, DiMaio F, Baker D, and Kuhlman B.  (2021).  Perturbing the energy landscape for improved packing during computational protein design.  Proteins 89(4):436-449.  doi: 10.1002/prot.26030.


The following UNPUBLISHED Rosetta modules were used during this run of Rosetta.  Their authors should be included in the author list when this work is published:

NeighborhoodResidueSelector ResidueSelector's author(s):
Robert Lindner, Natural Sciences and Mathematics, Ruperto-Carola University, Heidelberg, Germany [rlindner@mpimf-heidelberg.mpg.de]
Jared Adolf-Bryfogle, Schief lab, Scripps Research Institute [jadolfbr@gmail.com]
Gerard Daniel, Institue for Protein Design, University of Washington [gerardda@uw.edu]


