********  (C) Copyright Rosetta Commons Member Institutions.  ***************
* Use of Rosetta for commercial purposes may require purchase of a license. *
********  See LICENSE.md or email license@uw.edu for more details. **********
core.init: Checking for fconfig files in pwd and ./rosetta/flags 
core.init: Rosetta version: 2025.37+HEAD.df75a9c48e df75a9c48e763e52a7aa3f5dfba077f4da88dbf5 https://github.com/RosettaCommons/rosetta.git 2025-09-03T12:23:30
core.init: Rosetta extras: []
core.init: command: rosetta_scripts @flags_r15_m10000
basic.random.init_random_generator: 'RNG device' seed mode, using '/dev/urandom', seed=-1358365199 seed_offset=0 real_seed=-1358365199
basic.random.init_random_generator: RandomGenerator:init: Normal mode, seed=-1358365199 RG_type=mt19937
core.init: found database environment variable ROSETTA3_DB: /usr/local/database
protocols.jd2.PDBJobInputter: Instantiate PDBJobInputter
protocols.jd2.PDBJobInputter: PDBJobInputter::fill_jobs
protocols.jd2.PDBJobInputter: pushed prepare_gfp_raw_0001.pdb nstruct index 1
protocols.evaluation.ChiWellRmsdEvaluatorCreator: Evaluation Creator active ... 
protocols.jd2.PDBJobInputter: PDBJobInputter::pose_from_job
protocols.jd2.PDBJobInputter: filling pose from PDB prepare_gfp_raw_0001.pdb
core.chemical.GlobalResidueTypeSet: Finished initializing fa_standard residue type set.  Created 985 residue types
core.chemical.GlobalResidueTypeSet: Total time to initialize 0.587609 seconds.
core.import_pose.import_pose: File 'prepare_gfp_raw_0001.pdb' automatically determined to be of type PDB from contents.
protocols.rosetta_scripts.RosettaScriptsParser: dock_design_filename=relax_r15_m10000.xml
protocols.rosetta_scripts.RosettaScriptsParser: Validating input script...
protocols.rosetta_scripts.RosettaScriptsSchemaValidator: Generating XML Schema for rosetta_scripts...
protocols.rosetta_scripts.RosettaScriptsSchemaValidator: ...done
protocols.rosetta_scripts.RosettaScriptsSchemaValidator: Initializing schema validator...
protocols.rosetta_scripts.RosettaScriptsSchemaValidator: ...done
protocols.rosetta_scripts.RosettaScriptsParser: ...done
protocols.rosetta_scripts.RosettaScriptsParser: Parsed script:
<ROSETTASCRIPTS>
	<SCOREFXNS>
		<ScoreFunction name="beta_sf" weights="beta_nov16_cart"/>
	</SCOREFXNS>
	<RESIDUE_SELECTORS>
		<Neighborhood distance="10000" name="surrounding_move_map" resnums="55"/>
		<Not name="rest_move_map" selector="surrounding_move_map"/>
		<Neighborhood distance="15" name="surrounding_repack" resnums="55"/>
		<Not name="rest_repack" selector="surrounding_repack"/>
	</RESIDUE_SELECTORS>
	<TASKOPERATIONS>
		<InitializeFromCommandline name="init"/>
		<OperateOnResidueSubset name="repack_res" selector="surrounding_repack">
			<RestrictToRepackingRLT/>
		</OperateOnResidueSubset>
		<OperateOnResidueSubset name="no_repack" selector="rest_repack">
			<PreventRepackingRLT/>
		</OperateOnResidueSubset>
	</TASKOPERATIONS>
	<MOVE_MAP_FACTORIES>
		<MoveMapFactory bb="0" chi="0" name="local_mm">
			<Backbone enable="true" residue_selector="surrounding_move_map"/>
			<Chi enable="true" residue_selector="surrounding_move_map"/>
		</MoveMapFactory>
	</MOVE_MAP_FACTORIES>
	<MOVERS>
		<MutateResidue name="mutant" new_res="ALA" target="45A"/>
		<FastRelax cartesian="true" disable_design="true" movemap_factory="local_mm" name="relax" repeats="5" scorefxn="beta_sf" task_operations="init,repack_res,no_repack"/>
	</MOVERS>
	<PROTOCOLS>
		<Add mover_name="mutant"/>
		<Add mover_name="relax"/>
	</PROTOCOLS>
	<OUTPUT scorefxn="beta_sf"/>
</ROSETTASCRIPTS>
core.scoring.ScoreFunctionFactory: SCOREFUNCTION: beta_nov16_cart.wts
core.scoring.etable: Starting energy table calculation
core.scoring.etable: smooth_etable: changing atr/rep split to bottom of energy well
core.scoring.etable: smooth_etable: spline smoothing lj etables (maxdis = 6)
core.scoring.etable: smooth_etable: spline smoothing solvation etables (max_dis = 6)
core.scoring.etable: Finished calculating energy tables.
basic.io.database: Database file opened: scoring/score_functions/hbonds/ref2015_params/HBPoly1D.csv
basic.io.database: Database file opened: scoring/score_functions/hbonds/ref2015_params/HBFadeIntervals.csv
basic.io.database: Database file opened: scoring/score_functions/hbonds/ref2015_params/HBEval.csv
basic.io.database: Database file opened: scoring/score_functions/hbonds/ref2015_params/DonStrength.csv
basic.io.database: Database file opened: scoring/score_functions/hbonds/ref2015_params/AccStrength.csv
basic.io.database: Database file opened: scoring/score_functions/rama/fd_beta_nov2016/all.ramaProb
basic.io.database: Database file opened: scoring/score_functions/rama/fd_beta_nov2016/prepro.ramaProb
basic.io.database: Database file opened: scoring/score_functions/omega/omega_ppdep.all.txt
basic.io.database: Database file opened: scoring/score_functions/omega/omega_ppdep.gly.txt
basic.io.database: Database file opened: scoring/score_functions/omega/omega_ppdep.pro.txt
basic.io.database: Database file opened: scoring/score_functions/omega/omega_ppdep.valile.txt
basic.io.database: Database file opened: scoring/score_functions/P_AA_pp/P_AA
basic.io.database: Database file opened: scoring/score_functions/P_AA_pp/P_AA_n
core.scoring.P_AA: shapovalov_lib::shap_p_aa_pp_smooth_level of 1( aka low_smooth ) got activated.
basic.io.database: Database file opened: scoring/score_functions/P_AA_pp/shapovalov/10deg/kappa131/a20.prop
basic.io.database: Database file opened: scoring/score_functions/bondlength_bondangle/hydroxyl_torsion_preference.txt
core.energy_methods.CartesianBondedEnergy: Initializing IdealParametersDatabase with default Ks=300 , 80 , 80 , 10 , 80
basic.io.database: Database file opened: scoring/score_functions/bondlength_bondangle/default-lengths.txt
core.energy_methods.CartesianBondedEnergy: Read 759 bb-independent lengths.
basic.io.database: Database file opened: scoring/score_functions/bondlength_bondangle/default-angles.txt
core.energy_methods.CartesianBondedEnergy: Read 1434 bb-independent angles.
basic.io.database: Database file opened: scoring/score_functions/bondlength_bondangle/default-torsions.txt
core.energy_methods.CartesianBondedEnergy: Read 1 bb-independent torsions.
basic.io.database: Database file opened: scoring/score_functions/bondlength_bondangle/default-improper.txt
core.energy_methods.CartesianBondedEnergy: Read 529 bb-independent improper tors.
core.scoring.etable: Starting energy table calculation
core.scoring.etable: smooth_etable: changing atr/rep split to bottom of energy well
core.scoring.etable: smooth_etable: spline smoothing lj etables (maxdis = 6)
core.scoring.etable: smooth_etable: spline smoothing solvation etables (max_dis = 6)
core.scoring.etable: Finished calculating energy tables.
basic.io.database: Database file opened: scoring/score_functions/PairEPotential/pdb_pair_stats_fine
basic.io.database: Database file opened: scoring/score_functions/InterchainPotential/interchain_env_log.txt
basic.io.database: Database file opened: scoring/score_functions/InterchainPotential/interchain_pair_log.txt
basic.io.database: Database file opened: scoring/score_functions/EnvPairPotential/env_log.txt
basic.io.database: Database file opened: scoring/score_functions/EnvPairPotential/cbeta_den.txt
basic.io.database: Database file opened: scoring/score_functions/EnvPairPotential/pair_log.txt
basic.io.database: Database file opened: scoring/score_functions/EnvPairPotential/cenpack_log.txt
core.scoring.ramachandran: shapovalov_lib::shap_rama_smooth_level of 4( aka highest_smooth ) got activated.
basic.io.database: Database file opened: scoring/score_functions/rama/shapovalov/kappa25/all.ramaProb
protocols.jd2.parser.ScoreFunctionLoader: defined score function "beta_sf" with weights "beta_nov16_cart"
protocols.jd2.parser.TaskOperationLoader: Defined TaskOperation named "init" of type InitializeFromCommandline
protocols.jd2.parser.TaskOperationLoader: Defined TaskOperation named "repack_res" of type OperateOnResidueSubset
protocols.jd2.parser.TaskOperationLoader: Defined TaskOperation named "no_repack" of type OperateOnResidueSubset
protocols.jd2.parser.MoveMapFactoryLoader: Defined MoveMap named "local_mm"
protocols.rosetta_scripts.RosettaScriptsParser: Defined mover named "mutant" of type MutateResidue
protocols.relax.RelaxScriptManager: Reading relax scripts list from database.
core.scoring.ScoreFunctionFactory: SCOREFUNCTION: beta_nov16_cart.wts
protocols.relax.RelaxScriptManager: Looking for MonomerRelax2019.txt
protocols.relax.RelaxScriptManager: ================== Reading script file: /usr/local/database/sampling/relax_scripts/MonomerRelax2019.txt ==================
protocols.relax.RelaxScriptManager: repeat %%nrepeats%%
protocols.relax.RelaxScriptManager: coord_cst_weight 1.0
protocols.relax.RelaxScriptManager: scale:fa_rep 0.040
protocols.relax.RelaxScriptManager: repack
protocols.relax.RelaxScriptManager: scale:fa_rep 0.051
protocols.relax.RelaxScriptManager: min 0.01
protocols.relax.RelaxScriptManager: coord_cst_weight 0.5
protocols.relax.RelaxScriptManager: scale:fa_rep 0.265
protocols.relax.RelaxScriptManager: repack
protocols.relax.RelaxScriptManager: scale:fa_rep 0.280
protocols.relax.RelaxScriptManager: min 0.01
protocols.relax.RelaxScriptManager: coord_cst_weight 0.0
protocols.relax.RelaxScriptManager: scale:fa_rep 0.559
protocols.relax.RelaxScriptManager: repack
protocols.relax.RelaxScriptManager: scale:fa_rep 0.581
protocols.relax.RelaxScriptManager: min 0.01
protocols.relax.RelaxScriptManager: coord_cst_weight 0.0
protocols.relax.RelaxScriptManager: scale:fa_rep 1
protocols.relax.RelaxScriptManager: repack
protocols.relax.RelaxScriptManager: min 0.00001
protocols.relax.RelaxScriptManager: accept_to_best
protocols.relax.RelaxScriptManager: endrepeat
core.pack.task.xml_util: Object relax reading the following task_operations: Adding the following task operations
init repack_res no_repack 
core.select.movemap.util: Found MoveMapFactory local_mm
protocols.rosetta_scripts.RosettaScriptsParser: Defined mover named "relax" of type FastRelax
protocols.rosetta_scripts.ParsedProtocol: ParsedProtocol mover with the following settings
protocols.rosetta_scripts.ParsedProtocol: Added mover "mutant"
protocols.rosetta_scripts.ParsedProtocol: Added mover "relax"
protocols.jd2.PDBJobInputter: PDBJobInputter::pose_from_job
protocols.jd2.PDBJobInputter: filling pose from saved copy prepare_gfp_raw_0001.pdb
protocols.rosetta_scripts.ParsedProtocol: =======================BEGIN MOVER MutateResidue - mutant=======================
protocols.rosetta_scripts.ParsedProtocol: =======================BEGIN MOVER FastRelax - relax=======================
core.energy_methods.CartesianBondedEnergy: Creating new peptide-bonded energy container (225)
basic.io.database: Database file opened: scoring/score_functions/elec_cp_reps.dat
core.scoring.elec.util: Read 40 countpair representative atoms
core.pack.dunbrack.RotamerLibrary: shapovalov_lib_fixes_enable option is true.
core.pack.dunbrack.RotamerLibrary: Binary rotamer library selected: /usr/local/database/rotamer/beta_nov2016/Dunbrack10.lib.bin
core.pack.dunbrack.RotamerLibrary: Using Dunbrack library binary file '/usr/local/database/rotamer/beta_nov2016/Dunbrack10.lib.bin'.
core.pack.dunbrack.RotamerLibrary: Dunbrack 2010 library took 0.104039 seconds to load from binary
protocols.relax.FastRelax: CMD: repeat  -805.658  0  0  0.55
protocols.relax.FastRelax: CMD: coord_cst_weight  -805.658  0  0  0.55
protocols.relax.FastRelax: CMD: scale:fa_rep  -930.562  0  0  0.022
core.pack.task: Packer task: initialize from command line() 
core.pack.pack_rotamers: built 1268 rotamers at 78 positions.
core.pack.interaction_graph.interaction_graph_factory: Instantiating DensePDInteractionGraph
protocols.relax.FastRelax: CMD: repack  -933.13  0  0  0.022
protocols.relax.FastRelax: CMD: scale:fa_rep  -931.122  0  0  0.02805
protocols.relax.FastRelax: CMD: min  -1155.95  1.13713  1.13713  0.02805
protocols.relax.FastRelax: CMD: coord_cst_weight  -1155.95  1.13713  1.13713  0.02805
protocols.relax.FastRelax: CMD: scale:fa_rep  -675.474  1.13713  1.13713  0.14575
core.pack.task: Packer task: initialize from command line() 
core.pack.pack_rotamers: built 1109 rotamers at 87 positions.
core.pack.interaction_graph.interaction_graph_factory: Instantiating DensePDInteractionGraph
protocols.relax.FastRelax: CMD: repack  -676.653  1.13713  1.13713  0.14575
protocols.relax.FastRelax: CMD: scale:fa_rep  -643.377  1.13713  1.13713  0.154
protocols.relax.FastRelax: CMD: min  -961.628  0.57404  0.57404  0.154
protocols.relax.FastRelax: CMD: coord_cst_weight  -961.628  0.57404  0.57404  0.154
protocols.relax.FastRelax: CMD: scale:fa_rep  -840.868  0.57404  0.57404  0.30745
core.pack.task: Packer task: initialize from command line() 
core.pack.pack_rotamers: built 1122 rotamers at 84 positions.
core.pack.interaction_graph.interaction_graph_factory: Instantiating DensePDInteractionGraph
protocols.relax.FastRelax: CMD: repack  -840.868  0.57404  0.57404  0.30745
protocols.relax.FastRelax: CMD: scale:fa_rep  -831.346  0.57404  0.57404  0.31955
core.optimization.LineMinimizer: Inaccurate G in step= 4.76837e-09 Deriv= -0.625155 Finite Diff= 0.265288
core.optimization.LineMinimizer: Inaccurate G in step= 6.46382e-09 Deriv= -0.167796 Finite Diff= 0.00309552
core.optimization.LineMinimizer: Inaccurate G in step= 5.61179e-09 Deriv= -0.115668 Finite Diff= 0.0754834
core.optimization.LineMinimizer: Inaccurate G in step= 5.71879e-09 Deriv= -0.0204636 Finite Diff= 0.0242132
core.optimization.LineMinimizer: Inaccurate G in step= 9.22714e-09 Deriv= -0.0440406 Finite Diff= 0.0083043
core.optimization.LineMinimizer: Inaccurate G in step= 2.98599e-09 Deriv= -0.0614753 Finite Diff= 0.0631639
core.optimization.LineMinimizer: Inaccurate G in step= 1.71836e-06 Deriv= -19.7129 Finite Diff= 4.48985
core.optimization.Minimizer: Line search failed even after resetting Hessian; aborting at iter#1319
protocols.relax.FastRelax: CMD: min  -872.872  0.345461  0.345461  0.31955
protocols.relax.FastRelax: CMD: coord_cst_weight  -872.872  0.345461  0.345461  0.31955
protocols.relax.FastRelax: CMD: scale:fa_rep  -781.341  0.345461  0.345461  0.55
core.pack.task: Packer task: initialize from command line() 
core.pack.pack_rotamers: built 1040 rotamers at 80 positions.
core.pack.interaction_graph.interaction_graph_factory: Instantiating DensePDInteractionGraph
protocols.relax.FastRelax: CMD: repack  -781.341  0.345461  0.345461  0.55
core.optimization.LineMinimizer: Inaccurate G in step= 1.19209e-09 Deriv= -0.287122 Finite Diff= 0.307655
core.optimization.LineMinimizer: Inaccurate G in step= 6.21821e-09 Deriv= -0.32674 Finite Diff= 0.0326715
core.optimization.LineMinimizer: Inaccurate G in step= 1.18894e-08 Deriv= -0.117428 Finite Diff= -0.00599539
core.optimization.LineMinimizer: Inaccurate G in step= 2.98034e-09 Deriv= -0.0755823 Finite Diff= 0.0622917
core.optimization.LineMinimizer: Inaccurate G in step= 5.69636e-09 Deriv= -9.8791 Finite Diff= 1.20465
core.optimization.LineMinimizer: Inaccurate G in step= 1.38368e-06 Deriv= -30.4025 Finite Diff= 3.91723
core.optimization.Minimizer: Line search failed even after resetting Hessian; aborting at iter#802
protocols.relax.FastRelax: CMD: min  -801.996  0.234284  0.234284  0.55
protocols.relax.FastRelax: MRP: 0  -801.996  -801.996  0.234284  0.234284  
protocols.relax.FastRelax: CMD: accept_to_best  -801.996  0.234284  0.234284  0.55
protocols.relax.FastRelax: CMD: endrepeat  -801.996  0.234284  0.234284  0.55
protocols.relax.FastRelax: CMD: coord_cst_weight  -801.996  0.234284  0.234284  0.55
protocols.relax.FastRelax: CMD: scale:fa_rep  -932.996  0.234284  0.234284  0.022
core.pack.task: Packer task: initialize from command line() 
core.pack.pack_rotamers: built 1291 rotamers at 78 positions.
core.pack.interaction_graph.interaction_graph_factory: Instantiating DensePDInteractionGraph
protocols.relax.FastRelax: CMD: repack  -935.753  0.234284  0.234284  0.022
protocols.relax.FastRelax: CMD: scale:fa_rep  -933.51  0.234284  0.234284  0.02805
protocols.relax.FastRelax: CMD: min  -1157.52  1.15338  1.15338  0.02805
protocols.relax.FastRelax: CMD: coord_cst_weight  -1157.52  1.15338  1.15338  0.02805
protocols.relax.FastRelax: CMD: scale:fa_rep  -678.202  1.15338  1.15338  0.14575
core.pack.task: Packer task: initialize from command line() 
core.pack.pack_rotamers: built 1104 rotamers at 87 positions.
core.pack.interaction_graph.interaction_graph_factory: Instantiating DensePDInteractionGraph
protocols.relax.FastRelax: CMD: repack  -678.202  1.15338  1.15338  0.14575
protocols.relax.FastRelax: CMD: scale:fa_rep  -644.606  1.15338  1.15338  0.154
protocols.relax.FastRelax: CMD: min  -961.634  0.615358  0.615358  0.154
protocols.relax.FastRelax: CMD: coord_cst_weight  -961.634  0.615358  0.615358  0.154
protocols.relax.FastRelax: CMD: scale:fa_rep  -840.589  0.615358  0.615358  0.30745
core.pack.task: Packer task: initialize from command line() 
core.pack.pack_rotamers: built 1117 rotamers at 83 positions.
core.pack.interaction_graph.interaction_graph_factory: Instantiating DensePDInteractionGraph
protocols.relax.FastRelax: CMD: repack  -840.589  0.615358  0.615358  0.30745
protocols.relax.FastRelax: CMD: scale:fa_rep  -831.044  0.615358  0.615358  0.31955
core.optimization.LineMinimizer: Inaccurate G in step= 4.76837e-09 Deriv= -3.56184 Finite Diff= 0.023818
core.optimization.LineMinimizer: Inaccurate G in step= 1.47593e-10 Deriv= -1.86073 Finite Diff= 0.901987
core.optimization.LineMinimizer: Inaccurate G in step= 5.16923e-09 Deriv= -1.32519 Finite Diff= 0.774373
core.optimization.LineMinimizer: Inaccurate G in step= 7.93162e-09 Deriv= -0.0683394 Finite Diff= 0.0518581
core.optimization.LineMinimizer: Inaccurate G in step= 5.47596e-09 Deriv= -0.0492786 Finite Diff= 0.0155916
core.optimization.LineMinimizer: Inaccurate G in step= 6.01884e-09 Deriv= -0.0192661 Finite Diff= 0.0886249
core.optimization.LineMinimizer: Inaccurate G in step= 4.21188e-09 Deriv= -0.0225798 Finite Diff= 0.00461562
core.optimization.LineMinimizer: Inaccurate G in step= 3.09758e-09 Deriv= -0.0776977 Finite Diff= 0.0704307
core.optimization.LineMinimizer: Inaccurate G in step= 6.69639e-09 Deriv= -0.116358 Finite Diff= 0.00162982
core.optimization.LineMinimizer: Inaccurate G in step= 1.86039e-06 Deriv= -16.8179 Finite Diff= 2.89615
core.optimization.Minimizer: Line search failed even after resetting Hessian; aborting at iter#1622
protocols.relax.FastRelax: CMD: min  -873.924  0.364517  0.364517  0.31955
protocols.relax.FastRelax: CMD: coord_cst_weight  -873.924  0.364517  0.364517  0.31955
protocols.relax.FastRelax: CMD: scale:fa_rep  -782.288  0.364517  0.364517  0.55
core.pack.task: Packer task: initialize from command line() 
core.pack.pack_rotamers: built 1095 rotamers at 81 positions.
core.pack.interaction_graph.interaction_graph_factory: Instantiating DensePDInteractionGraph
protocols.relax.FastRelax: CMD: repack  -782.288  0.364517  0.364517  0.55
core.optimization.LineMinimizer: Inaccurate G in step= 9.53674e-09 Deriv= -0.729278 Finite Diff= 0.0246882
core.optimization.LineMinimizer: Inaccurate G in step= 5.91377e-09 Deriv= -0.113132 Finite Diff= 0.0674381
core.optimization.LineMinimizer: Inaccurate G in step= 5.61382e-09 Deriv= -3.1915 Finite Diff= 0.30713
core.optimization.LineMinimizer: Inaccurate G in step= 2.94792e-09 Deriv= -0.0813399 Finite Diff= 0.0999609
core.optimization.LineMinimizer: Inaccurate G in step= 3.97566e-09 Deriv= -0.896802 Finite Diff= 0.0152987
core.optimization.LineMinimizer: Inaccurate G in step= 2.28078e-06 Deriv= -11.1896 Finite Diff= 1.60241
core.optimization.Minimizer: Line search failed even after resetting Hessian; aborting at iter#653
protocols.relax.FastRelax: CMD: min  -802.72  0.267153  0.267153  0.55
protocols.relax.FastRelax: MRP: 1  -802.72  -802.72  0.267153  0.267153  
protocols.relax.FastRelax: CMD: accept_to_best  -802.72  0.267153  0.267153  0.55
protocols.relax.FastRelax: CMD: endrepeat  -802.72  0.267153  0.267153  0.55
protocols.relax.FastRelax: CMD: coord_cst_weight  -802.72  0.267153  0.267153  0.55
protocols.relax.FastRelax: CMD: scale:fa_rep  -934.065  0.267153  0.267153  0.022
core.pack.task: Packer task: initialize from command line() 
core.pack.pack_rotamers: built 1287 rotamers at 78 positions.
core.pack.interaction_graph.interaction_graph_factory: Instantiating DensePDInteractionGraph
protocols.relax.FastRelax: CMD: repack  -936.322  0.267153  0.267153  0.022
protocols.relax.FastRelax: CMD: scale:fa_rep  -933.949  0.267153  0.267153  0.02805
protocols.relax.FastRelax: CMD: min  -1156.73  1.1635  1.1635  0.02805
protocols.relax.FastRelax: CMD: coord_cst_weight  -1156.73  1.1635  1.1635  0.02805
protocols.relax.FastRelax: CMD: scale:fa_rep  -688.491  1.1635  1.1635  0.14575
core.pack.task: Packer task: initialize from command line() 
core.pack.pack_rotamers: built 1128 rotamers at 88 positions.
core.pack.interaction_graph.interaction_graph_factory: Instantiating DensePDInteractionGraph
protocols.relax.FastRelax: CMD: repack  -688.491  1.1635  1.1635  0.14575
protocols.relax.FastRelax: CMD: scale:fa_rep  -655.671  1.1635  1.1635  0.154
protocols.relax.FastRelax: CMD: min  -962.912  0.613629  0.613629  0.154
protocols.relax.FastRelax: CMD: coord_cst_weight  -962.912  0.613629  0.613629  0.154
protocols.relax.FastRelax: CMD: scale:fa_rep  -843.418  0.613629  0.613629  0.30745
core.pack.task: Packer task: initialize from command line() 
core.pack.pack_rotamers: built 1112 rotamers at 83 positions.
core.pack.interaction_graph.interaction_graph_factory: Instantiating DensePDInteractionGraph
protocols.relax.FastRelax: CMD: repack  -843.418  0.613629  0.613629  0.30745
protocols.relax.FastRelax: CMD: scale:fa_rep  -833.996  0.613629  0.613629  0.31955
core.optimization.LineMinimizer: Inaccurate G in step= 9.53674e-09 Deriv= -0.64486 Finite Diff= 0.0583887
core.optimization.LineMinimizer: Inaccurate G in step= 3.09203e-09 Deriv= -2.29244 Finite Diff= 6.24562
core.optimization.LineMinimizer: Inaccurate G in step= 5.58791e-09 Deriv= -0.110695 Finite Diff= 0.0516564
core.optimization.LineMinimizer: Inaccurate G in step= 1.69748e-09 Deriv= -0.054109 Finite Diff= 0.079833
core.optimization.LineMinimizer: Inaccurate G in step= 1.26778e-10 Deriv= -15.0119 Finite Diff= 0.0421467
core.optimization.LineMinimizer: Inaccurate G in step= 1.59441e-06 Deriv= -22.8972 Finite Diff= 7.81427
core.optimization.Minimizer: Line search failed even after resetting Hessian; aborting at iter#1430
protocols.relax.FastRelax: CMD: min  -874.041  0.38788  0.38788  0.31955
protocols.relax.FastRelax: CMD: coord_cst_weight  -874.041  0.38788  0.38788  0.31955
protocols.relax.FastRelax: CMD: scale:fa_rep  -782.244  0.38788  0.38788  0.55
core.pack.task: Packer task: initialize from command line() 
core.pack.pack_rotamers: built 1094 rotamers at 81 positions.
core.pack.interaction_graph.interaction_graph_factory: Instantiating DensePDInteractionGraph
protocols.relax.FastRelax: CMD: repack  -782.244  0.38788  0.38788  0.55
core.optimization.LineMinimizer: Inaccurate G in step= 4.76837e-09 Deriv= -2.39446 Finite Diff= 0.831389
core.optimization.LineMinimizer: Inaccurate G in step= 2.04135e-08 Deriv= -0.318817 Finite Diff= 0.0370575
core.optimization.LineMinimizer: Inaccurate G in step= 2.79695e-09 Deriv= -0.473751 Finite Diff= 0.0578809
core.optimization.LineMinimizer: Inaccurate G in step= 3.01647e-09 Deriv= -0.115845 Finite Diff= 0.103606
core.optimization.LineMinimizer: Inaccurate G in step= 5.77944e-09 Deriv= -0.045097 Finite Diff= 0.02809
core.optimization.LineMinimizer: Inaccurate G in step= 2.2527e-06 Deriv= -11.4703 Finite Diff= -1.02539
core.optimization.Minimizer: Line search failed even after resetting Hessian; aborting at iter#675
protocols.relax.FastRelax: CMD: min  -802.493  0.301414  0.301414  0.55
protocols.relax.FastRelax: MRP: 2  -802.493  -802.72  0.267153  0.267153  
protocols.relax.FastRelax: CMD: accept_to_best  -802.493  0.301414  0.301414  0.55
protocols.relax.FastRelax: CMD: endrepeat  -802.493  0.301414  0.301414  0.55
protocols.relax.FastRelax: CMD: coord_cst_weight  -802.493  0.301414  0.301414  0.55
protocols.relax.FastRelax: CMD: scale:fa_rep  -934.562  0.301414  0.301414  0.022
core.pack.task: Packer task: initialize from command line() 
core.pack.pack_rotamers: built 1288 rotamers at 78 positions.
core.pack.interaction_graph.interaction_graph_factory: Instantiating DensePDInteractionGraph
protocols.relax.FastRelax: CMD: repack  -936.849  0.301414  0.301414  0.022
protocols.relax.FastRelax: CMD: scale:fa_rep  -934.455  0.301414  0.301414  0.02805
protocols.relax.FastRelax: CMD: min  -1157.56  1.17626  1.17626  0.02805
protocols.relax.FastRelax: CMD: coord_cst_weight  -1157.56  1.17626  1.17626  0.02805
protocols.relax.FastRelax: CMD: scale:fa_rep  -687.855  1.17626  1.17626  0.14575
core.pack.task: Packer task: initialize from command line() 
core.pack.pack_rotamers: built 1119 rotamers at 88 positions.
core.pack.interaction_graph.interaction_graph_factory: Instantiating DensePDInteractionGraph
protocols.relax.FastRelax: CMD: repack  -687.885  1.17626  1.17626  0.14575
protocols.relax.FastRelax: CMD: scale:fa_rep  -655.022  1.17626  1.17626  0.154
protocols.relax.FastRelax: CMD: min  -962.915  0.627558  0.627558  0.154
protocols.relax.FastRelax: CMD: coord_cst_weight  -962.915  0.627558  0.627558  0.154
protocols.relax.FastRelax: CMD: scale:fa_rep  -843.637  0.627558  0.627558  0.30745
core.pack.task: Packer task: initialize from command line() 
core.pack.pack_rotamers: built 1114 rotamers at 83 positions.
core.pack.interaction_graph.interaction_graph_factory: Instantiating DensePDInteractionGraph
protocols.relax.FastRelax: CMD: repack  -843.637  0.627558  0.627558  0.30745
protocols.relax.FastRelax: CMD: scale:fa_rep  -834.231  0.627558  0.627558  0.31955
core.optimization.LineMinimizer: Inaccurate G in step= 4.76837e-09 Deriv= -0.614202 Finite Diff= 0.16048
core.optimization.LineMinimizer: Inaccurate G in step= 3.06007e-09 Deriv= -0.038589 Finite Diff= 0.104656
core.optimization.LineMinimizer: Inaccurate G in step= 1.53607e-06 Deriv= -24.6692 Finite Diff= -1.6364
core.optimization.Minimizer: Line search failed even after resetting Hessian; aborting at iter#1302
protocols.relax.FastRelax: CMD: min  -874.061  0.407743  0.407743  0.31955
protocols.relax.FastRelax: CMD: coord_cst_weight  -874.061  0.407743  0.407743  0.31955
protocols.relax.FastRelax: CMD: scale:fa_rep  -782.313  0.407743  0.407743  0.55
core.pack.task: Packer task: initialize from command line() 
core.pack.pack_rotamers: built 1094 rotamers at 81 positions.
core.pack.interaction_graph.interaction_graph_factory: Instantiating DensePDInteractionGraph
protocols.relax.FastRelax: CMD: repack  -782.313  0.407743  0.407743  0.55
core.optimization.LineMinimizer: Inaccurate G in step= 9.53674e-09 Deriv= -0.533444 Finite Diff= 2.52405
core.optimization.LineMinimizer: Inaccurate G in step= 5.50666e-09 Deriv= -0.0816922 Finite Diff= 0.132378
core.optimization.LineMinimizer: Inaccurate G in step= 8.12907e-09 Deriv= -0.116209 Finite Diff= 0.004727
core.optimization.LineMinimizer: Inaccurate G in step= 2.50751e-09 Deriv= -0.0261695 Finite Diff= 0.138464
core.optimization.LineMinimizer: Inaccurate G in step= 6.66112e-09 Deriv= -0.0115302 Finite Diff= 0.0484197
core.optimization.LineMinimizer: Inaccurate G in step= 1.71723e-06 Deriv= -19.7389 Finite Diff= 0.861087
core.optimization.Minimizer: Line search failed even after resetting Hessian; aborting at iter#669
protocols.relax.FastRelax: CMD: min  -802.488  0.324624  0.324624  0.55
protocols.relax.FastRelax: MRP: 3  -802.488  -802.72  0.267153  0.267153  
protocols.relax.FastRelax: CMD: accept_to_best  -802.488  0.324624  0.324624  0.55
protocols.relax.FastRelax: CMD: endrepeat  -802.488  0.324624  0.324624  0.55
protocols.relax.FastRelax: CMD: coord_cst_weight  -802.488  0.324624  0.324624  0.55
protocols.relax.FastRelax: CMD: scale:fa_rep  -934.375  0.324624  0.324624  0.022
core.pack.task: Packer task: initialize from command line() 
core.pack.pack_rotamers: built 1288 rotamers at 78 positions.
core.pack.interaction_graph.interaction_graph_factory: Instantiating DensePDInteractionGraph
protocols.relax.FastRelax: CMD: repack  -936.657  0.324624  0.324624  0.022
protocols.relax.FastRelax: CMD: scale:fa_rep  -934.269  0.324624  0.324624  0.02805
protocols.relax.FastRelax: CMD: min  -1159.48  1.21195  1.21195  0.02805
protocols.relax.FastRelax: CMD: coord_cst_weight  -1159.48  1.21195  1.21195  0.02805
protocols.relax.FastRelax: CMD: scale:fa_rep  -688.45  1.21195  1.21195  0.14575
core.pack.task: Packer task: initialize from command line() 
core.pack.pack_rotamers: built 1125 rotamers at 88 positions.
core.pack.interaction_graph.interaction_graph_factory: Instantiating DensePDInteractionGraph
protocols.relax.FastRelax: CMD: repack  -688.485  1.21195  1.21195  0.14575
protocols.relax.FastRelax: CMD: scale:fa_rep  -655.548  1.21195  1.21195  0.154
protocols.relax.FastRelax: CMD: min  -961.303  0.660117  0.660117  0.154
protocols.relax.FastRelax: CMD: coord_cst_weight  -961.303  0.660117  0.660117  0.154
protocols.relax.FastRelax: CMD: scale:fa_rep  -839.617  0.660117  0.660117  0.30745
core.pack.task: Packer task: initialize from command line() 
core.pack.pack_rotamers: built 1106 rotamers at 83 positions.
core.pack.interaction_graph.interaction_graph_factory: Instantiating DensePDInteractionGraph
protocols.relax.FastRelax: CMD: repack  -839.617  0.660117  0.660117  0.30745
protocols.relax.FastRelax: CMD: scale:fa_rep  -830.021  0.660117  0.660117  0.31955
core.optimization.LineMinimizer: Inaccurate G in step= 9.53674e-09 Deriv= -0.716264 Finite Diff= 0.671279
core.optimization.LineMinimizer: Inaccurate G in step= 1.34404e-08 Deriv= -0.176838 Finite Diff= -0.00712215
core.optimization.LineMinimizer: Inaccurate G in step= 6.12191e-09 Deriv= -0.0794377 Finite Diff= 0.0202975
core.optimization.LineMinimizer: Inaccurate G in step= 3.35101e-09 Deriv= -0.0722433 Finite Diff= 0.0244268
core.optimization.LineMinimizer: Inaccurate G in step= 7.35359e-09 Deriv= -0.106831 Finite Diff= 0.0410309
core.optimization.LineMinimizer: Inaccurate G in step= 8.37396e-09 Deriv= -0.394247 Finite Diff= 0.403839
core.optimization.LineMinimizer: Inaccurate G in step= 7.49532e-09 Deriv= -6.86106 Finite Diff= 0.237769
core.optimization.LineMinimizer: Inaccurate G in step= 1.50982e-06 Deriv= -25.5348 Finite Diff= 6.22628
core.optimization.Minimizer: Line search failed even after resetting Hessian; aborting at iter#946
protocols.relax.FastRelax: CMD: min  -871.567  0.438623  0.438623  0.31955
protocols.relax.FastRelax: CMD: coord_cst_weight  -871.567  0.438623  0.438623  0.31955
protocols.relax.FastRelax: CMD: scale:fa_rep  -777.791  0.438623  0.438623  0.55
core.pack.task: Packer task: initialize from command line() 
core.pack.pack_rotamers: built 1081 rotamers at 81 positions.
core.pack.interaction_graph.interaction_graph_factory: Instantiating DensePDInteractionGraph
protocols.relax.FastRelax: CMD: repack  -777.791  0.438623  0.438623  0.55
core.optimization.LineMinimizer: Inaccurate G in step= 4.76837e-09 Deriv= -0.262762 Finite Diff= 0.0968695
core.optimization.LineMinimizer: Inaccurate G in step= 5.58447e-09 Deriv= -0.104211 Finite Diff= 0.0232892
core.optimization.LineMinimizer: Inaccurate G in step= 6.33618e-09 Deriv= -0.0854754 Finite Diff= 0.124395
core.optimization.LineMinimizer: Inaccurate G in step= 7.93143e-09 Deriv= -0.0644212 Finite Diff= 0.0378554
core.optimization.LineMinimizer: Inaccurate G in step= 3.22879e-09 Deriv= -0.0596626 Finite Diff= 0.0480621
core.optimization.LineMinimizer: Inaccurate G in step= 3.06297e-09 Deriv= -0.055513 Finite Diff= 0.195752
core.optimization.LineMinimizer: Inaccurate G in step= 1.83908e-06 Deriv= -17.21 Finite Diff= 2.80341
core.optimization.Minimizer: Line search failed even after resetting Hessian; aborting at iter#695
protocols.relax.FastRelax: CMD: min  -798.697  0.357112  0.357112  0.55
protocols.relax.FastRelax: MRP: 4  -798.697  -802.72  0.267153  0.267153  
protocols.relax.FastRelax: CMD: accept_to_best  -798.697  0.357112  0.357112  0.55
protocols.relax.FastRelax: CMD: endrepeat  -798.697  0.357112  0.357112  0.55
protocols::checkpoint: Deleting checkpoints of FastRelax
protocols.rosetta_scripts.ParsedProtocol: setting status to success
protocols.jd2.JobDistributor: flags_r15_m10000_prepare_gfp_raw_0001_0001 reported success in 2123 seconds
protocols.jd2.JobDistributor: no more batches to process... 
protocols.jd2.JobDistributor: 1 jobs considered, 1 jobs attempted in 2124 seconds
basic.citation_manager.CitationManager: 
The following Rosetta modules were used during this run of Rosetta, and should be cited:

rosetta_scripts Application's citation(s):
Fleishman SJ, Leaver-Fay A, Corn JE, Strauch E-M, Khare SD, Koga N, Ashworth J, Murphy P, Richter F, Lemmon G, Meiler J, and Baker D.  (2011).  RosettaScripts: A Scripting Language Interface to the Rosetta Macromolecular Modeling Suite.  PLoS ONE 6(6):e20161.  doi: 10.1371/journal.pone.0020161.

FastRelax Mover's citation(s):
*Tyka MD, *Keedy DA, André I, Dimaio F, Song Y, Richardson DC, Richardson JS, and Baker D.  (2011).  Alternate states of proteins revealed by detailed energy landscape mapping.  J Mol Biol 405(2):607-18.  doi: 10.1016/j.jmb.2010.11.008.  (*Co-primary authors.)

Khatib F, Cooper S, Tyka MD, Xu K, Makedon I, Popovic Z, Baker D, and Players F.  (2011).  Algorithm discovery by protein folding game players.  Proc Natl Acad Sci USA 108(47):18949-53.  doi: 10.1073/pnas.1115898108.

Maguire JB, Haddox HK, Strickland D, Halabiya SF, Coventry B, Griffin JR, Pulavarti SVSRK, Cummins M, Thieker DF, Klavins E, Szyperski T, DiMaio F, Baker D, and Kuhlman B.  (2021).  Perturbing the energy landscape for improved packing during computational protein design.  Proteins 89(4):436-449.  doi: 10.1002/prot.26030.


The following UNPUBLISHED Rosetta modules were used during this run of Rosetta.  Their authors should be included in the author list when this work is published:

NeighborhoodResidueSelector ResidueSelector's author(s):
Robert Lindner, Natural Sciences and Mathematics, Ruperto-Carola University, Heidelberg, Germany [rlindner@mpimf-heidelberg.mpg.de]
Jared Adolf-Bryfogle, Schief lab, Scripps Research Institute [jadolfbr@gmail.com]
Gerard Daniel, Institue for Protein Design, University of Washington [gerardda@uw.edu]


