********  (C) Copyright Rosetta Commons Member Institutions.  ***************
* Use of Rosetta for commercial purposes may require purchase of a license. *
********  See LICENSE.md or email license@uw.edu for more details. **********
core.init: Checking for fconfig files in pwd and ./rosetta/flags 
core.init: Rosetta version: 2025.37+HEAD.df75a9c48e df75a9c48e763e52a7aa3f5dfba077f4da88dbf5 https://github.com/RosettaCommons/rosetta.git 2025-09-03T12:23:30
core.init: Rosetta extras: []
core.init: command: rosetta_scripts -database /usr/local/database @flags_relax
basic.random.init_random_generator: 'RNG device' seed mode, using '/dev/urandom', seed=1463828429 seed_offset=0 real_seed=1463828429
basic.random.init_random_generator: RandomGenerator:init: Normal mode, seed=1463828429 RG_type=mt19937
protocols.jd2.PDBJobInputter: Instantiate PDBJobInputter
protocols.jd2.PDBJobInputter: PDBJobInputter::fill_jobs
protocols.jd2.PDBJobInputter: pushed structure.pdb nstruct indices 1 - 2
protocols.evaluation.ChiWellRmsdEvaluatorCreator: Evaluation Creator active ... 
protocols.jd2.PDBJobInputter: PDBJobInputter::pose_from_job
protocols.jd2.PDBJobInputter: filling pose from PDB structure.pdb
core.chemical.GlobalResidueTypeSet: Finished initializing fa_standard residue type set.  Created 985 residue types
core.chemical.GlobalResidueTypeSet: Total time to initialize 0.562228 seconds.
core.import_pose.import_pose: File 'structure.pdb' automatically determined to be of type PDB from contents.
protocols.rosetta_scripts.RosettaScriptsParser: dock_design_filename=relax.xml
protocols.rosetta_scripts.RosettaScriptsParser: Validating input script...
protocols.rosetta_scripts.RosettaScriptsSchemaValidator: Generating XML Schema for rosetta_scripts...
protocols.rosetta_scripts.RosettaScriptsSchemaValidator: ...done
protocols.rosetta_scripts.RosettaScriptsSchemaValidator: Initializing schema validator...
protocols.rosetta_scripts.RosettaScriptsSchemaValidator: ...done
protocols.rosetta_scripts.RosettaScriptsParser: ...done
protocols.rosetta_scripts.RosettaScriptsParser: Parsed script:
<ROSETTASCRIPTS>
	<SCOREFXNS>
		<ScoreFunction name="beta_sf" weights="beta_nov16"/>
	</SCOREFXNS>
	<RESIDUE_SELECTORS>
		<Neighborhood distance="10000.0" name="surrounding_move_map" resnums="55A"/>
		<Not name="rest_move_map" selector="surrounding_move_map"/>
		<Neighborhood distance="10000.0" name="surrounding_repack" resnums="55A"/>
		<Not name="rest_repack" selector="surrounding_repack"/>
	</RESIDUE_SELECTORS>
	<TASKOPERATIONS>
		<InitializeFromCommandline name="init"/>
		<OperateOnResidueSubset name="repack_res" selector="surrounding_repack">
			<RestrictToRepackingRLT/>
		</OperateOnResidueSubset>
		<OperateOnResidueSubset name="no_repack" selector="rest_repack">
			<PreventRepackingRLT/>
		</OperateOnResidueSubset>
	</TASKOPERATIONS>
	<MOVE_MAP_FACTORIES>
		<MoveMapFactory bb="0" chi="0" name="local_mm">
			<Backbone enable="true" residue_selector="surrounding_move_map"/>
			<Chi enable="true" residue_selector="surrounding_move_map"/>
		</MoveMapFactory>
	</MOVE_MAP_FACTORIES>
	<MOVERS>
		<MutateResidue name="mutant1" new_res="ALA" target="55A"/>
		<FastRelax disable_design="true" movemap_factory="local_mm" name="relax" repeats="5" scorefxn="beta_sf" task_operations="repack_res,no_repack"/>
	</MOVERS>
	<PROTOCOLS>
		<Add mover_name="mutant1"/>
		<Add mover_name="relax"/>
	</PROTOCOLS>
	<OUTPUT scorefxn="beta_sf"/>
</ROSETTASCRIPTS>
core.scoring.ScoreFunctionFactory: SCOREFUNCTION: beta_nov16.wts
core.scoring.etable: Starting energy table calculation
core.scoring.etable: smooth_etable: changing atr/rep split to bottom of energy well
core.scoring.etable: smooth_etable: spline smoothing lj etables (maxdis = 6)
core.scoring.etable: smooth_etable: spline smoothing solvation etables (max_dis = 6)
core.scoring.etable: Finished calculating energy tables.
basic.io.database: Database file opened: scoring/score_functions/hbonds/ref2015_params/HBPoly1D.csv
basic.io.database: Database file opened: scoring/score_functions/hbonds/ref2015_params/HBFadeIntervals.csv
basic.io.database: Database file opened: scoring/score_functions/hbonds/ref2015_params/HBEval.csv
basic.io.database: Database file opened: scoring/score_functions/hbonds/ref2015_params/DonStrength.csv
basic.io.database: Database file opened: scoring/score_functions/hbonds/ref2015_params/AccStrength.csv
basic.io.database: Database file opened: scoring/score_functions/rama/fd_beta_nov2016/all.ramaProb
basic.io.database: Database file opened: scoring/score_functions/rama/fd_beta_nov2016/prepro.ramaProb
basic.io.database: Database file opened: scoring/score_functions/omega/omega_ppdep.all.txt
basic.io.database: Database file opened: scoring/score_functions/omega/omega_ppdep.gly.txt
basic.io.database: Database file opened: scoring/score_functions/omega/omega_ppdep.pro.txt
basic.io.database: Database file opened: scoring/score_functions/omega/omega_ppdep.valile.txt
basic.io.database: Database file opened: scoring/score_functions/P_AA_pp/P_AA
basic.io.database: Database file opened: scoring/score_functions/P_AA_pp/P_AA_n
core.scoring.P_AA: shapovalov_lib::shap_p_aa_pp_smooth_level of 1( aka low_smooth ) got activated.
basic.io.database: Database file opened: scoring/score_functions/P_AA_pp/shapovalov/10deg/kappa131/a20.prop
basic.io.database: Database file opened: scoring/score_functions/bondlength_bondangle/hydroxyl_torsion_preference.txt
core.scoring.etable: Starting energy table calculation
core.scoring.etable: smooth_etable: changing atr/rep split to bottom of energy well
core.scoring.etable: smooth_etable: spline smoothing lj etables (maxdis = 6)
core.scoring.etable: smooth_etable: spline smoothing solvation etables (max_dis = 6)
core.scoring.etable: Finished calculating energy tables.
basic.io.database: Database file opened: scoring/score_functions/PairEPotential/pdb_pair_stats_fine
basic.io.database: Database file opened: scoring/score_functions/InterchainPotential/interchain_env_log.txt
basic.io.database: Database file opened: scoring/score_functions/InterchainPotential/interchain_pair_log.txt
basic.io.database: Database file opened: scoring/score_functions/EnvPairPotential/env_log.txt
basic.io.database: Database file opened: scoring/score_functions/EnvPairPotential/cbeta_den.txt
basic.io.database: Database file opened: scoring/score_functions/EnvPairPotential/pair_log.txt
basic.io.database: Database file opened: scoring/score_functions/EnvPairPotential/cenpack_log.txt
core.scoring.ramachandran: shapovalov_lib::shap_rama_smooth_level of 4( aka highest_smooth ) got activated.
basic.io.database: Database file opened: scoring/score_functions/rama/shapovalov/kappa25/all.ramaProb
protocols.jd2.parser.ScoreFunctionLoader: defined score function "beta_sf" with weights "beta_nov16"
protocols.jd2.parser.TaskOperationLoader: Defined TaskOperation named "init" of type InitializeFromCommandline
protocols.jd2.parser.TaskOperationLoader: Defined TaskOperation named "repack_res" of type OperateOnResidueSubset
protocols.jd2.parser.TaskOperationLoader: Defined TaskOperation named "no_repack" of type OperateOnResidueSubset
protocols.jd2.parser.MoveMapFactoryLoader: Defined MoveMap named "local_mm"
protocols.rosetta_scripts.RosettaScriptsParser: Defined mover named "mutant1" of type MutateResidue
protocols.relax.RelaxScriptManager: Reading relax scripts list from database.
core.scoring.ScoreFunctionFactory: SCOREFUNCTION: beta_nov16.wts
protocols.relax.RelaxScriptManager: Looking for MonomerRelax2019.txt
protocols.relax.RelaxScriptManager: ================== Reading script file: /usr/local/database/sampling/relax_scripts/MonomerRelax2019.txt ==================
protocols.relax.RelaxScriptManager: repeat %%nrepeats%%
protocols.relax.RelaxScriptManager: coord_cst_weight 1.0
protocols.relax.RelaxScriptManager: scale:fa_rep 0.040
protocols.relax.RelaxScriptManager: repack
protocols.relax.RelaxScriptManager: scale:fa_rep 0.051
protocols.relax.RelaxScriptManager: min 0.01
protocols.relax.RelaxScriptManager: coord_cst_weight 0.5
protocols.relax.RelaxScriptManager: scale:fa_rep 0.265
protocols.relax.RelaxScriptManager: repack
protocols.relax.RelaxScriptManager: scale:fa_rep 0.280
protocols.relax.RelaxScriptManager: min 0.01
protocols.relax.RelaxScriptManager: coord_cst_weight 0.0
protocols.relax.RelaxScriptManager: scale:fa_rep 0.559
protocols.relax.RelaxScriptManager: repack
protocols.relax.RelaxScriptManager: scale:fa_rep 0.581
protocols.relax.RelaxScriptManager: min 0.01
protocols.relax.RelaxScriptManager: coord_cst_weight 0.0
protocols.relax.RelaxScriptManager: scale:fa_rep 1
protocols.relax.RelaxScriptManager: repack
protocols.relax.RelaxScriptManager: min 0.00001
protocols.relax.RelaxScriptManager: accept_to_best
protocols.relax.RelaxScriptManager: endrepeat
core.pack.task.xml_util: Object relax reading the following task_operations: Adding the following task operations
repack_res no_repack 
core.select.movemap.util: Found MoveMapFactory local_mm
protocols.rosetta_scripts.RosettaScriptsParser: Defined mover named "relax" of type FastRelax
protocols.rosetta_scripts.ParsedProtocol: ParsedProtocol mover with the following settings
protocols.rosetta_scripts.ParsedProtocol: Added mover "mutant1"
protocols.rosetta_scripts.ParsedProtocol: Added mover "relax"
protocols.jd2.PDBJobInputter: PDBJobInputter::pose_from_job
protocols.jd2.PDBJobInputter: filling pose from saved copy structure.pdb
protocols.rosetta_scripts.ParsedProtocol: =======================BEGIN MOVER MutateResidue - mutant1=======================
protocols.rosetta_scripts.ParsedProtocol: =======================BEGIN MOVER FastRelax - relax=======================
basic.io.database: Database file opened: scoring/score_functions/elec_cp_reps.dat
core.scoring.elec.util: Read 40 countpair representative atoms
core.pack.dunbrack.RotamerLibrary: shapovalov_lib_fixes_enable option is true.
core.pack.dunbrack.RotamerLibrary: Binary rotamer library selected: /usr/local/database/rotamer/beta_nov2016/Dunbrack10.lib.bin
core.pack.dunbrack.RotamerLibrary: Using Dunbrack library binary file '/usr/local/database/rotamer/beta_nov2016/Dunbrack10.lib.bin'.
core.pack.dunbrack.RotamerLibrary: Dunbrack 2010 library took 0.046911 seconds to load from binary
protocols.relax.FastRelax: CMD: repeat  -208.514  0  0  0.55
protocols.relax.FastRelax: CMD: coord_cst_weight  -208.514  0  0  0.55
protocols.relax.FastRelax: CMD: scale:fa_rep  -252.935  0  0  0.022
core.pack.pack_rotamers: built 1041 rotamers at 75 positions.
core.pack.interaction_graph.interaction_graph_factory: Instantiating DensePDInteractionGraph
protocols.relax.FastRelax: CMD: repack  -285.434  0  0  0.022
protocols.relax.FastRelax: CMD: scale:fa_rep  -284.437  0  0  0.02805
protocols.relax.FastRelax: CMD: min  -326.284  0.518458  0.518458  0.02805
protocols.relax.FastRelax: CMD: coord_cst_weight  -326.284  0.518458  0.518458  0.02805
protocols.relax.FastRelax: CMD: scale:fa_rep  -235.061  0.518458  0.518458  0.14575
core.pack.pack_rotamers: built 962 rotamers at 75 positions.
core.pack.interaction_graph.interaction_graph_factory: Instantiating DensePDInteractionGraph
protocols.relax.FastRelax: CMD: repack  -236.343  0.518458  0.518458  0.14575
protocols.relax.FastRelax: CMD: scale:fa_rep  -230.212  0.518458  0.518458  0.154
protocols.relax.FastRelax: CMD: min  -285.496  0.255451  0.255451  0.154
protocols.relax.FastRelax: CMD: coord_cst_weight  -285.496  0.255451  0.255451  0.154
protocols.relax.FastRelax: CMD: scale:fa_rep  -256.12  0.255451  0.255451  0.30745
core.pack.pack_rotamers: built 957 rotamers at 75 positions.
core.pack.interaction_graph.interaction_graph_factory: Instantiating DensePDInteractionGraph
protocols.relax.FastRelax: CMD: repack  -256.163  0.255451  0.255451  0.30745
protocols.relax.FastRelax: CMD: scale:fa_rep  -253.846  0.255451  0.255451  0.31955
protocols.relax.FastRelax: CMD: min  -261.12  0.215778  0.215778  0.31955
protocols.relax.FastRelax: CMD: coord_cst_weight  -261.12  0.215778  0.215778  0.31955
protocols.relax.FastRelax: CMD: scale:fa_rep  -230.853  0.215778  0.215778  0.55
core.pack.pack_rotamers: built 911 rotamers at 75 positions.
core.pack.interaction_graph.interaction_graph_factory: Instantiating DensePDInteractionGraph
protocols.relax.FastRelax: CMD: repack  -231.258  0.215778  0.215778  0.55
protocols.relax.FastRelax: CMD: min  -246.736  0.194913  0.194913  0.55
protocols.relax.FastRelax: MRP: 0  -246.736  -246.736  0.194913  0.194913  
protocols.relax.FastRelax: CMD: accept_to_best  -246.736  0.194913  0.194913  0.55
protocols.relax.FastRelax: CMD: endrepeat  -246.736  0.194913  0.194913  0.55
protocols.relax.FastRelax: CMD: coord_cst_weight  -246.736  0.194913  0.194913  0.55
protocols.relax.FastRelax: CMD: scale:fa_rep  -286.789  0.194913  0.194913  0.022
core.pack.pack_rotamers: built 1055 rotamers at 75 positions.
core.pack.interaction_graph.interaction_graph_factory: Instantiating DensePDInteractionGraph
protocols.relax.FastRelax: CMD: repack  -289.305  0.194913  0.194913  0.022
protocols.relax.FastRelax: CMD: scale:fa_rep  -288.313  0.194913  0.194913  0.02805
protocols.relax.FastRelax: CMD: min  -329.708  0.601937  0.601937  0.02805
protocols.relax.FastRelax: CMD: coord_cst_weight  -329.708  0.601937  0.601937  0.02805
protocols.relax.FastRelax: CMD: scale:fa_rep  -236.879  0.601937  0.601937  0.14575
core.pack.pack_rotamers: built 987 rotamers at 75 positions.
core.pack.interaction_graph.interaction_graph_factory: Instantiating DensePDInteractionGraph
protocols.relax.FastRelax: CMD: repack  -237.74  0.601937  0.601937  0.14575
protocols.relax.FastRelax: CMD: scale:fa_rep  -231.332  0.601937  0.601937  0.154
protocols.relax.FastRelax: CMD: min  -288.599  0.314228  0.314228  0.154
protocols.relax.FastRelax: CMD: coord_cst_weight  -288.599  0.314228  0.314228  0.154
protocols.relax.FastRelax: CMD: scale:fa_rep  -258.94  0.314228  0.314228  0.30745
core.pack.pack_rotamers: built 967 rotamers at 75 positions.
core.pack.interaction_graph.interaction_graph_factory: Instantiating DensePDInteractionGraph
protocols.relax.FastRelax: CMD: repack  -258.94  0.314228  0.314228  0.30745
protocols.relax.FastRelax: CMD: scale:fa_rep  -256.602  0.314228  0.314228  0.31955
protocols.relax.FastRelax: CMD: min  -264.161  0.256003  0.256003  0.31955
protocols.relax.FastRelax: CMD: coord_cst_weight  -264.161  0.256003  0.256003  0.31955
protocols.relax.FastRelax: CMD: scale:fa_rep  -235.576  0.256003  0.256003  0.55
core.pack.pack_rotamers: built 935 rotamers at 75 positions.
core.pack.interaction_graph.interaction_graph_factory: Instantiating DensePDInteractionGraph
protocols.relax.FastRelax: CMD: repack  -235.618  0.256003  0.256003  0.55
protocols.relax.FastRelax: CMD: min  -246.706  0.211322  0.211322  0.55
protocols.relax.FastRelax: MRP: 1  -246.706  -246.736  0.194913  0.194913  
protocols.relax.FastRelax: CMD: accept_to_best  -246.706  0.211322  0.211322  0.55
protocols.relax.FastRelax: CMD: endrepeat  -246.706  0.211322  0.211322  0.55
protocols.relax.FastRelax: CMD: coord_cst_weight  -246.706  0.211322  0.211322  0.55
protocols.relax.FastRelax: CMD: scale:fa_rep  -286.782  0.211322  0.211322  0.022
core.pack.pack_rotamers: built 1054 rotamers at 75 positions.
core.pack.interaction_graph.interaction_graph_factory: Instantiating DensePDInteractionGraph
protocols.relax.FastRelax: CMD: repack  -288.943  0.211322  0.211322  0.022
protocols.relax.FastRelax: CMD: scale:fa_rep  -287.833  0.211322  0.211322  0.02805
protocols.relax.FastRelax: CMD: min  -330.144  0.600347  0.600347  0.02805
protocols.relax.FastRelax: CMD: coord_cst_weight  -330.144  0.600347  0.600347  0.02805
protocols.relax.FastRelax: CMD: scale:fa_rep  -237.173  0.600347  0.600347  0.14575
core.pack.pack_rotamers: built 989 rotamers at 75 positions.
core.pack.interaction_graph.interaction_graph_factory: Instantiating DensePDInteractionGraph
protocols.relax.FastRelax: CMD: repack  -237.82  0.600347  0.600347  0.14575
protocols.relax.FastRelax: CMD: scale:fa_rep  -231.367  0.600347  0.600347  0.154
protocols.relax.FastRelax: CMD: min  -287.516  0.328441  0.328441  0.154
protocols.relax.FastRelax: CMD: coord_cst_weight  -287.516  0.328441  0.328441  0.154
protocols.relax.FastRelax: CMD: scale:fa_rep  -256.271  0.328441  0.328441  0.30745
core.pack.pack_rotamers: built 971 rotamers at 75 positions.
core.pack.interaction_graph.interaction_graph_factory: Instantiating DensePDInteractionGraph
protocols.relax.FastRelax: CMD: repack  -253.208  0.328441  0.328441  0.30745
protocols.relax.FastRelax: CMD: scale:fa_rep  -250.676  0.328441  0.328441  0.31955
protocols.relax.FastRelax: CMD: min  -261.642  0.319354  0.319354  0.31955
protocols.relax.FastRelax: CMD: coord_cst_weight  -261.642  0.319354  0.319354  0.31955
protocols.relax.FastRelax: CMD: scale:fa_rep  -232.05  0.319354  0.319354  0.55
core.pack.pack_rotamers: built 929 rotamers at 75 positions.
core.pack.interaction_graph.interaction_graph_factory: Instantiating DensePDInteractionGraph
protocols.relax.FastRelax: CMD: repack  -231.997  0.319354  0.319354  0.55
protocols.relax.FastRelax: CMD: min  -244.829  0.310813  0.310813  0.55
protocols.relax.FastRelax: MRP: 2  -244.829  -246.736  0.194913  0.194913  
protocols.relax.FastRelax: CMD: accept_to_best  -244.829  0.310813  0.310813  0.55
protocols.relax.FastRelax: CMD: endrepeat  -244.829  0.310813  0.310813  0.55
protocols.relax.FastRelax: CMD: coord_cst_weight  -244.829  0.310813  0.310813  0.55
protocols.relax.FastRelax: CMD: scale:fa_rep  -286.036  0.310813  0.310813  0.022
core.pack.pack_rotamers: built 1057 rotamers at 75 positions.
core.pack.interaction_graph.interaction_graph_factory: Instantiating DensePDInteractionGraph
protocols.relax.FastRelax: CMD: repack  -287.008  0.310813  0.310813  0.022
protocols.relax.FastRelax: CMD: scale:fa_rep  -286.196  0.310813  0.310813  0.02805
protocols.relax.FastRelax: CMD: min  -333.423  0.678197  0.678197  0.02805
protocols.relax.FastRelax: CMD: coord_cst_weight  -333.423  0.678197  0.678197  0.02805
protocols.relax.FastRelax: CMD: scale:fa_rep  -231.469  0.678197  0.678197  0.14575
core.pack.pack_rotamers: built 987 rotamers at 75 positions.
core.pack.interaction_graph.interaction_graph_factory: Instantiating DensePDInteractionGraph
protocols.relax.FastRelax: CMD: repack  -232.385  0.678197  0.678197  0.14575
protocols.relax.FastRelax: CMD: scale:fa_rep  -225.376  0.678197  0.678197  0.154
protocols.relax.FastRelax: CMD: min  -287.217  0.385965  0.385965  0.154
protocols.relax.FastRelax: CMD: coord_cst_weight  -287.217  0.385965  0.385965  0.154
protocols.relax.FastRelax: CMD: scale:fa_rep  -254.602  0.385965  0.385965  0.30745
core.pack.pack_rotamers: built 986 rotamers at 75 positions.
core.pack.interaction_graph.interaction_graph_factory: Instantiating DensePDInteractionGraph
protocols.relax.FastRelax: CMD: repack  -254.667  0.385965  0.385965  0.30745
protocols.relax.FastRelax: CMD: scale:fa_rep  -252.103  0.385965  0.385965  0.31955
protocols.relax.FastRelax: CMD: min  -260.1  0.344296  0.344296  0.31955
protocols.relax.FastRelax: CMD: coord_cst_weight  -260.1  0.344296  0.344296  0.31955
protocols.relax.FastRelax: CMD: scale:fa_rep  -228.947  0.344296  0.344296  0.55
core.pack.pack_rotamers: built 951 rotamers at 75 positions.
core.pack.interaction_graph.interaction_graph_factory: Instantiating DensePDInteractionGraph
protocols.relax.FastRelax: CMD: repack  -228.949  0.344296  0.344296  0.55
protocols.relax.FastRelax: CMD: min  -245.291  0.371748  0.371748  0.55
protocols.relax.FastRelax: MRP: 3  -245.291  -246.736  0.194913  0.194913  
protocols.relax.FastRelax: CMD: accept_to_best  -245.291  0.371748  0.371748  0.55
protocols.relax.FastRelax: CMD: endrepeat  -245.291  0.371748  0.371748  0.55
protocols.relax.FastRelax: CMD: coord_cst_weight  -245.291  0.371748  0.371748  0.55
protocols.relax.FastRelax: CMD: scale:fa_rep  -287.728  0.371748  0.371748  0.022
core.pack.pack_rotamers: built 1079 rotamers at 75 positions.
core.pack.interaction_graph.interaction_graph_factory: Instantiating DensePDInteractionGraph
protocols.relax.FastRelax: CMD: repack  -288.822  0.371748  0.371748  0.022
protocols.relax.FastRelax: CMD: scale:fa_rep  -288.132  0.371748  0.371748  0.02805
protocols.relax.FastRelax: CMD: min  -334.222  0.655198  0.655198  0.02805
protocols.relax.FastRelax: CMD: coord_cst_weight  -334.222  0.655198  0.655198  0.02805
protocols.relax.FastRelax: CMD: scale:fa_rep  -234.149  0.655198  0.655198  0.14575
core.pack.pack_rotamers: built 1006 rotamers at 75 positions.
core.pack.interaction_graph.interaction_graph_factory: Instantiating DensePDInteractionGraph
protocols.relax.FastRelax: CMD: repack  -235.06  0.655198  0.655198  0.14575
protocols.relax.FastRelax: CMD: scale:fa_rep  -228.278  0.655198  0.655198  0.154
protocols.relax.FastRelax: CMD: min  -289.242  0.397817  0.397817  0.154
protocols.relax.FastRelax: CMD: coord_cst_weight  -289.242  0.397817  0.397817  0.154
protocols.relax.FastRelax: CMD: scale:fa_rep  -256.292  0.397817  0.397817  0.30745
core.pack.pack_rotamers: built 984 rotamers at 75 positions.
core.pack.interaction_graph.interaction_graph_factory: Instantiating DensePDInteractionGraph
protocols.relax.FastRelax: CMD: repack  -256.339  0.397817  0.397817  0.30745
protocols.relax.FastRelax: CMD: scale:fa_rep  -253.744  0.397817  0.397817  0.31955
protocols.relax.FastRelax: CMD: min  -261.755  0.354878  0.354878  0.31955
protocols.relax.FastRelax: CMD: coord_cst_weight  -261.755  0.354878  0.354878  0.31955
protocols.relax.FastRelax: CMD: scale:fa_rep  -231.036  0.354878  0.354878  0.55
core.pack.pack_rotamers: built 948 rotamers at 75 positions.
core.pack.interaction_graph.interaction_graph_factory: Instantiating DensePDInteractionGraph
protocols.relax.FastRelax: CMD: repack  -231.052  0.354878  0.354878  0.55
protocols.relax.FastRelax: CMD: min  -244.829  0.352419  0.352419  0.55
protocols.relax.FastRelax: MRP: 4  -244.829  -246.736  0.194913  0.194913  
protocols.relax.FastRelax: CMD: accept_to_best  -244.829  0.352419  0.352419  0.55
protocols.relax.FastRelax: CMD: endrepeat  -244.829  0.352419  0.352419  0.55
protocols::checkpoint: Deleting checkpoints of FastRelax
protocols.rosetta_scripts.ParsedProtocol: setting status to success
protocols.jd2.JobDistributor: structure_0001 reported success in 17 seconds
protocols.jd2.PDBJobInputter: PDBJobInputter::pose_from_job
protocols.jd2.PDBJobInputter: filling pose from saved copy structure.pdb
protocols.jd2.PDBJobInputter: PDBJobInputter::pose_from_job
protocols.jd2.PDBJobInputter: filling pose from PDB structure.pdb
core.import_pose.import_pose: File 'structure.pdb' automatically determined to be of type PDB from contents.
protocols.rosetta_scripts.ParsedProtocol: =======================BEGIN MOVER MutateResidue - mutant1=======================
protocols.rosetta_scripts.ParsedProtocol: =======================BEGIN MOVER FastRelax - relax=======================
protocols.relax.FastRelax: CMD: repeat  -208.514  0  0  0.55
protocols.relax.FastRelax: CMD: coord_cst_weight  -208.514  0  0  0.55
protocols.relax.FastRelax: CMD: scale:fa_rep  -252.935  0  0  0.022
core.pack.pack_rotamers: built 1041 rotamers at 75 positions.
core.pack.interaction_graph.interaction_graph_factory: Instantiating DensePDInteractionGraph
protocols.relax.FastRelax: CMD: repack  -284.936  0  0  0.022
protocols.relax.FastRelax: CMD: scale:fa_rep  -283.617  0  0  0.02805
protocols.relax.FastRelax: CMD: min  -325.631  0.531449  0.531449  0.02805
protocols.relax.FastRelax: CMD: coord_cst_weight  -325.631  0.531449  0.531449  0.02805
protocols.relax.FastRelax: CMD: scale:fa_rep  -232.376  0.531449  0.531449  0.14575
core.pack.pack_rotamers: built 982 rotamers at 75 positions.
core.pack.interaction_graph.interaction_graph_factory: Instantiating DensePDInteractionGraph
protocols.relax.FastRelax: CMD: repack  -234.373  0.531449  0.531449  0.14575
protocols.relax.FastRelax: CMD: scale:fa_rep  -228.02  0.531449  0.531449  0.154
protocols.relax.FastRelax: CMD: min  -287.024  0.279394  0.279394  0.154
protocols.relax.FastRelax: CMD: coord_cst_weight  -287.024  0.279394  0.279394  0.154
protocols.relax.FastRelax: CMD: scale:fa_rep  -256.111  0.279394  0.279394  0.30745
core.pack.pack_rotamers: built 952 rotamers at 75 positions.
core.pack.interaction_graph.interaction_graph_factory: Instantiating DensePDInteractionGraph
protocols.relax.FastRelax: CMD: repack  -256.14  0.279394  0.279394  0.30745
protocols.relax.FastRelax: CMD: scale:fa_rep  -253.702  0.279394  0.279394  0.31955
protocols.relax.FastRelax: CMD: min  -263.25  0.214484  0.214484  0.31955
protocols.relax.FastRelax: CMD: coord_cst_weight  -263.25  0.214484  0.214484  0.31955
protocols.relax.FastRelax: CMD: scale:fa_rep  -234.12  0.214484  0.214484  0.55
core.pack.pack_rotamers: built 936 rotamers at 75 positions.
core.pack.interaction_graph.interaction_graph_factory: Instantiating DensePDInteractionGraph
protocols.relax.FastRelax: CMD: repack  -234.158  0.214484  0.214484  0.55
protocols.relax.FastRelax: CMD: min  -248.578  0.2425  0.2425  0.55
protocols.relax.FastRelax: MRP: 0  -248.578  -248.578  0.2425  0.2425  
protocols.relax.FastRelax: CMD: accept_to_best  -248.578  0.2425  0.2425  0.55
protocols.relax.FastRelax: CMD: endrepeat  -248.578  0.2425  0.2425  0.55
protocols.relax.FastRelax: CMD: coord_cst_weight  -248.578  0.2425  0.2425  0.55
protocols.relax.FastRelax: CMD: scale:fa_rep  -289.525  0.2425  0.2425  0.022
core.pack.pack_rotamers: built 1055 rotamers at 75 positions.
core.pack.interaction_graph.interaction_graph_factory: Instantiating DensePDInteractionGraph
protocols.relax.FastRelax: CMD: repack  -290.795  0.2425  0.2425  0.022
protocols.relax.FastRelax: CMD: scale:fa_rep  -289.451  0.2425  0.2425  0.02805
protocols.relax.FastRelax: CMD: min  -330.57  0.592971  0.592971  0.02805
protocols.relax.FastRelax: CMD: coord_cst_weight  -330.57  0.592971  0.592971  0.02805
protocols.relax.FastRelax: CMD: scale:fa_rep  -237.337  0.592971  0.592971  0.14575
core.pack.pack_rotamers: built 1009 rotamers at 75 positions.
core.pack.interaction_graph.interaction_graph_factory: Instantiating DensePDInteractionGraph
protocols.relax.FastRelax: CMD: repack  -238.457  0.592971  0.592971  0.14575
protocols.relax.FastRelax: CMD: scale:fa_rep  -232.23  0.592971  0.592971  0.154
protocols.relax.FastRelax: CMD: min  -287.605  0.344931  0.344931  0.154
protocols.relax.FastRelax: CMD: coord_cst_weight  -287.605  0.344931  0.344931  0.154
protocols.relax.FastRelax: CMD: scale:fa_rep  -256.929  0.344931  0.344931  0.30745
core.pack.pack_rotamers: built 962 rotamers at 75 positions.
core.pack.interaction_graph.interaction_graph_factory: Instantiating DensePDInteractionGraph
protocols.relax.FastRelax: CMD: repack  -256.953  0.344931  0.344931  0.30745
protocols.relax.FastRelax: CMD: scale:fa_rep  -254.536  0.344931  0.344931  0.31955
protocols.relax.FastRelax: CMD: min  -261.973  0.288707  0.288707  0.31955
protocols.relax.FastRelax: CMD: coord_cst_weight  -261.973  0.288707  0.288707  0.31955
protocols.relax.FastRelax: CMD: scale:fa_rep  -232.331  0.288707  0.288707  0.55
core.pack.pack_rotamers: built 927 rotamers at 75 positions.
core.pack.interaction_graph.interaction_graph_factory: Instantiating DensePDInteractionGraph
protocols.relax.FastRelax: CMD: repack  -232.341  0.288707  0.288707  0.55
protocols.relax.FastRelax: CMD: min  -245.135  0.299496  0.299496  0.55
protocols.relax.FastRelax: MRP: 1  -245.135  -248.578  0.2425  0.2425  
protocols.relax.FastRelax: CMD: accept_to_best  -245.135  0.299496  0.299496  0.55
protocols.relax.FastRelax: CMD: endrepeat  -245.135  0.299496  0.299496  0.55
protocols.relax.FastRelax: CMD: coord_cst_weight  -245.135  0.299496  0.299496  0.55
protocols.relax.FastRelax: CMD: scale:fa_rep  -285.977  0.299496  0.299496  0.022
core.pack.pack_rotamers: built 1059 rotamers at 75 positions.
core.pack.interaction_graph.interaction_graph_factory: Instantiating DensePDInteractionGraph
protocols.relax.FastRelax: CMD: repack  -288.787  0.299496  0.299496  0.022
protocols.relax.FastRelax: CMD: scale:fa_rep  -287.639  0.299496  0.299496  0.02805
protocols.relax.FastRelax: CMD: min  -323.453  0.49569  0.49569  0.02805
protocols.relax.FastRelax: CMD: coord_cst_weight  -323.453  0.49569  0.49569  0.02805
protocols.relax.FastRelax: CMD: scale:fa_rep  -251.303  0.49569  0.49569  0.14575
core.pack.pack_rotamers: built 999 rotamers at 75 positions.
core.pack.interaction_graph.interaction_graph_factory: Instantiating DensePDInteractionGraph
protocols.relax.FastRelax: CMD: repack  -253.546  0.49569  0.49569  0.14575
protocols.relax.FastRelax: CMD: scale:fa_rep  -248.832  0.49569  0.49569  0.154
protocols.relax.FastRelax: CMD: min  -284.878  0.340634  0.340634  0.154
protocols.relax.FastRelax: CMD: coord_cst_weight  -284.878  0.340634  0.340634  0.154
protocols.relax.FastRelax: CMD: scale:fa_rep  -255.695  0.340634  0.340634  0.30745
core.pack.pack_rotamers: built 970 rotamers at 75 positions.
core.pack.interaction_graph.interaction_graph_factory: Instantiating DensePDInteractionGraph
protocols.relax.FastRelax: CMD: repack  -255.703  0.340634  0.340634  0.30745
protocols.relax.FastRelax: CMD: scale:fa_rep  -253.402  0.340634  0.340634  0.31955
protocols.relax.FastRelax: CMD: min  -261.308  0.30563  0.30563  0.31955
protocols.relax.FastRelax: CMD: coord_cst_weight  -261.308  0.30563  0.30563  0.31955
protocols.relax.FastRelax: CMD: scale:fa_rep  -232.961  0.30563  0.30563  0.55
core.pack.pack_rotamers: built 934 rotamers at 75 positions.
core.pack.interaction_graph.interaction_graph_factory: Instantiating DensePDInteractionGraph
protocols.relax.FastRelax: CMD: repack  -232.961  0.30563  0.30563  0.55
protocols.relax.FastRelax: CMD: min  -246.284  0.329445  0.329445  0.55
protocols.relax.FastRelax: MRP: 2  -246.284  -248.578  0.2425  0.2425  
protocols.relax.FastRelax: CMD: accept_to_best  -246.284  0.329445  0.329445  0.55
protocols.relax.FastRelax: CMD: endrepeat  -246.284  0.329445  0.329445  0.55
protocols.relax.FastRelax: CMD: coord_cst_weight  -246.284  0.329445  0.329445  0.55
protocols.relax.FastRelax: CMD: scale:fa_rep  -288.18  0.329445  0.329445  0.022
core.pack.pack_rotamers: built 1062 rotamers at 75 positions.
core.pack.interaction_graph.interaction_graph_factory: Instantiating DensePDInteractionGraph
protocols.relax.FastRelax: CMD: repack  -289.461  0.329445  0.329445  0.022
protocols.relax.FastRelax: CMD: scale:fa_rep  -288.926  0.329445  0.329445  0.02805
protocols.relax.FastRelax: CMD: min  -330.207  0.587462  0.587462  0.02805
protocols.relax.FastRelax: CMD: coord_cst_weight  -330.207  0.587462  0.587462  0.02805
protocols.relax.FastRelax: CMD: scale:fa_rep  -238.928  0.587462  0.587462  0.14575
core.pack.pack_rotamers: built 1002 rotamers at 75 positions.
core.pack.interaction_graph.interaction_graph_factory: Instantiating DensePDInteractionGraph
protocols.relax.FastRelax: CMD: repack  -241.168  0.587462  0.587462  0.14575
protocols.relax.FastRelax: CMD: scale:fa_rep  -234.907  0.587462  0.587462  0.154
protocols.relax.FastRelax: CMD: min  -290.578  0.375695  0.375695  0.154
protocols.relax.FastRelax: CMD: coord_cst_weight  -290.578  0.375695  0.375695  0.154
protocols.relax.FastRelax: CMD: scale:fa_rep  -259.554  0.375695  0.375695  0.30745
core.pack.pack_rotamers: built 985 rotamers at 75 positions.
core.pack.interaction_graph.interaction_graph_factory: Instantiating DensePDInteractionGraph
protocols.relax.FastRelax: CMD: repack  -259.578  0.375695  0.375695  0.30745
protocols.relax.FastRelax: CMD: scale:fa_rep  -257.133  0.375695  0.375695  0.31955
protocols.relax.FastRelax: CMD: min  -265.537  0.318745  0.318745  0.31955
protocols.relax.FastRelax: CMD: coord_cst_weight  -265.537  0.318745  0.318745  0.31955
protocols.relax.FastRelax: CMD: scale:fa_rep  -236.073  0.318745  0.318745  0.55
core.pack.pack_rotamers: built 938 rotamers at 75 positions.
core.pack.interaction_graph.interaction_graph_factory: Instantiating DensePDInteractionGraph
protocols.relax.FastRelax: CMD: repack  -236.073  0.318745  0.318745  0.55
protocols.relax.FastRelax: CMD: min  -246.286  0.333011  0.333011  0.55
protocols.relax.FastRelax: MRP: 3  -246.286  -248.578  0.2425  0.2425  
protocols.relax.FastRelax: CMD: accept_to_best  -246.286  0.333011  0.333011  0.55
protocols.relax.FastRelax: CMD: endrepeat  -246.286  0.333011  0.333011  0.55
protocols.relax.FastRelax: CMD: coord_cst_weight  -246.286  0.333011  0.333011  0.55
protocols.relax.FastRelax: CMD: scale:fa_rep  -288.186  0.333011  0.333011  0.022
core.pack.pack_rotamers: built 1059 rotamers at 75 positions.
core.pack.interaction_graph.interaction_graph_factory: Instantiating DensePDInteractionGraph
protocols.relax.FastRelax: CMD: repack  -289.298  0.333011  0.333011  0.022
protocols.relax.FastRelax: CMD: scale:fa_rep  -288.619  0.333011  0.333011  0.02805
protocols.relax.FastRelax: CMD: min  -301.968  0.453162  0.453162  0.02805
protocols.relax.FastRelax: CMD: coord_cst_weight  -301.968  0.453162  0.453162  0.02805
protocols.relax.FastRelax: CMD: scale:fa_rep  -261.519  0.453162  0.453162  0.14575
core.pack.pack_rotamers: built 1003 rotamers at 75 positions.
core.pack.interaction_graph.interaction_graph_factory: Instantiating DensePDInteractionGraph
protocols.relax.FastRelax: CMD: repack  -268.858  0.453162  0.453162  0.14575
protocols.relax.FastRelax: CMD: scale:fa_rep  -266.517  0.453162  0.453162  0.154
protocols.relax.FastRelax: CMD: min  -286.205  0.350454  0.350454  0.154
protocols.relax.FastRelax: CMD: coord_cst_weight  -286.205  0.350454  0.350454  0.154
protocols.relax.FastRelax: CMD: scale:fa_rep  -261.393  0.350454  0.350454  0.30745
core.pack.pack_rotamers: built 958 rotamers at 75 positions.
core.pack.interaction_graph.interaction_graph_factory: Instantiating DensePDInteractionGraph
protocols.relax.FastRelax: CMD: repack  -261.393  0.350454  0.350454  0.30745
protocols.relax.FastRelax: CMD: scale:fa_rep  -259.436  0.350454  0.350454  0.31955
protocols.relax.FastRelax: CMD: min  -264.787  0.325591  0.325591  0.31955
protocols.relax.FastRelax: CMD: coord_cst_weight  -264.787  0.325591  0.325591  0.31955
protocols.relax.FastRelax: CMD: scale:fa_rep  -239.168  0.325591  0.325591  0.55
core.pack.pack_rotamers: built 938 rotamers at 75 positions.
core.pack.interaction_graph.interaction_graph_factory: Instantiating DensePDInteractionGraph
protocols.relax.FastRelax: CMD: repack  -239.178  0.325591  0.325591  0.55
protocols.relax.FastRelax: CMD: min  -246.281  0.330014  0.330014  0.55
protocols.relax.FastRelax: MRP: 4  -246.281  -248.578  0.2425  0.2425  
protocols.relax.FastRelax: CMD: accept_to_best  -246.281  0.330014  0.330014  0.55
protocols.relax.FastRelax: CMD: endrepeat  -246.281  0.330014  0.330014  0.55
protocols::checkpoint: Deleting checkpoints of FastRelax
protocols.rosetta_scripts.ParsedProtocol: setting status to success
protocols.jd2.JobDistributor: structure_0002 reported success in 13 seconds
protocols.jd2.JobDistributor: no more batches to process... 
protocols.jd2.JobDistributor: 2 jobs considered, 2 jobs attempted in 30 seconds
basic.citation_manager.CitationManager: 
The following Rosetta modules were used during this run of Rosetta, and should be cited:

rosetta_scripts Application's citation(s):
Fleishman SJ, Leaver-Fay A, Corn JE, Strauch E-M, Khare SD, Koga N, Ashworth J, Murphy P, Richter F, Lemmon G, Meiler J, and Baker D.  (2011).  RosettaScripts: A Scripting Language Interface to the Rosetta Macromolecular Modeling Suite.  PLoS ONE 6(6):e20161.  doi: 10.1371/journal.pone.0020161.

FastRelax Mover's citation(s):
*Tyka MD, *Keedy DA, André I, Dimaio F, Song Y, Richardson DC, Richardson JS, and Baker D.  (2011).  Alternate states of proteins revealed by detailed energy landscape mapping.  J Mol Biol 405(2):607-18.  doi: 10.1016/j.jmb.2010.11.008.  (*Co-primary authors.)

Khatib F, Cooper S, Tyka MD, Xu K, Makedon I, Popovic Z, Baker D, and Players F.  (2011).  Algorithm discovery by protein folding game players.  Proc Natl Acad Sci USA 108(47):18949-53.  doi: 10.1073/pnas.1115898108.

Maguire JB, Haddox HK, Strickland D, Halabiya SF, Coventry B, Griffin JR, Pulavarti SVSRK, Cummins M, Thieker DF, Klavins E, Szyperski T, DiMaio F, Baker D, and Kuhlman B.  (2021).  Perturbing the energy landscape for improved packing during computational protein design.  Proteins 89(4):436-449.  doi: 10.1002/prot.26030.


The following UNPUBLISHED Rosetta modules were used during this run of Rosetta.  Their authors should be included in the author list when this work is published:

NeighborhoodResidueSelector ResidueSelector's author(s):
Robert Lindner, Natural Sciences and Mathematics, Ruperto-Carola University, Heidelberg, Germany [rlindner@mpimf-heidelberg.mpg.de]
Jared Adolf-Bryfogle, Schief lab, Scripps Research Institute [jadolfbr@gmail.com]
Gerard Daniel, Institue for Protein Design, University of Washington [gerardda@uw.edu]


