********  (C) Copyright Rosetta Commons Member Institutions.  ***************
* Use of Rosetta for commercial purposes may require purchase of a license. *
********  See LICENSE.md or email license@uw.edu for more details. **********
core.init: Checking for fconfig files in pwd and ./rosetta/flags 
core.init: Rosetta version: 2025.37+HEAD.df75a9c48e df75a9c48e763e52a7aa3f5dfba077f4da88dbf5 https://github.com/RosettaCommons/rosetta.git 2025-09-03T12:23:30
core.init: Rosetta extras: []
core.init: command: rosetta_scripts -database /usr/local/database @flags_relax
basic.random.init_random_generator: 'RNG device' seed mode, using '/dev/urandom', seed=-2027878707 seed_offset=0 real_seed=-2027878707
basic.random.init_random_generator: RandomGenerator:init: Normal mode, seed=-2027878707 RG_type=mt19937
protocols.jd2.PDBJobInputter: Instantiate PDBJobInputter
protocols.jd2.PDBJobInputter: PDBJobInputter::fill_jobs
protocols.jd2.PDBJobInputter: pushed structure.pdb nstruct indices 1 - 2
protocols.evaluation.ChiWellRmsdEvaluatorCreator: Evaluation Creator active ... 
protocols.jd2.PDBJobInputter: PDBJobInputter::pose_from_job
protocols.jd2.PDBJobInputter: filling pose from PDB structure.pdb
core.chemical.GlobalResidueTypeSet: Finished initializing fa_standard residue type set.  Created 985 residue types
core.chemical.GlobalResidueTypeSet: Total time to initialize 0.547919 seconds.
core.import_pose.import_pose: File 'structure.pdb' automatically determined to be of type PDB from contents.
protocols.rosetta_scripts.RosettaScriptsParser: dock_design_filename=relax.xml
protocols.rosetta_scripts.RosettaScriptsParser: Validating input script...
protocols.rosetta_scripts.RosettaScriptsSchemaValidator: Generating XML Schema for rosetta_scripts...
protocols.rosetta_scripts.RosettaScriptsSchemaValidator: ...done
protocols.rosetta_scripts.RosettaScriptsSchemaValidator: Initializing schema validator...
protocols.rosetta_scripts.RosettaScriptsSchemaValidator: ...done
protocols.rosetta_scripts.RosettaScriptsParser: ...done
protocols.rosetta_scripts.RosettaScriptsParser: Parsed script:
<ROSETTASCRIPTS>
	<SCOREFXNS>
		<ScoreFunction name="beta_sf" weights="beta_nov16"/>
	</SCOREFXNS>
	<RESIDUE_SELECTORS>
		<Neighborhood distance="10000.0" name="surrounding_move_map" resnums="1A,2A,3A,4A,5A,6A,7A,8A,9A,10A,11A,12A,13A,14A,15A,16A,17A,18A,19A,20A,21A,22A,23A,24A,25A,26A,27A,28A,29A,30A,31A,32A,33A,34A,35A,36A,37A,38A,39A,40A,41A,42A,43A,44A,45A,46A,47A,48A,49A,50A,51A,52A,53A,54A,55A,56A,57A,58A,59A,60A,61A,62A,63A,64A,65A,66A,67A,68A,69A,70A,71A,72A,73A,74A,75A"/>
		<Not name="rest_move_map" selector="surrounding_move_map"/>
		<Neighborhood distance="10000.0" name="surrounding_repack" resnums="1A,2A,3A,4A,5A,6A,7A,8A,9A,10A,11A,12A,13A,14A,15A,16A,17A,18A,19A,20A,21A,22A,23A,24A,25A,26A,27A,28A,29A,30A,31A,32A,33A,34A,35A,36A,37A,38A,39A,40A,41A,42A,43A,44A,45A,46A,47A,48A,49A,50A,51A,52A,53A,54A,55A,56A,57A,58A,59A,60A,61A,62A,63A,64A,65A,66A,67A,68A,69A,70A,71A,72A,73A,74A,75A"/>
		<Not name="rest_repack" selector="surrounding_repack"/>
	</RESIDUE_SELECTORS>
	<TASKOPERATIONS>
		<InitializeFromCommandline name="init"/>
		<OperateOnResidueSubset name="repack_res" selector="surrounding_repack">
			<RestrictToRepackingRLT/>
		</OperateOnResidueSubset>
		<OperateOnResidueSubset name="no_repack" selector="rest_repack">
			<PreventRepackingRLT/>
		</OperateOnResidueSubset>
	</TASKOPERATIONS>
	<MOVE_MAP_FACTORIES>
		<MoveMapFactory bb="0" chi="0" name="local_mm">
			<Backbone enable="true" residue_selector="surrounding_move_map"/>
			<Chi enable="true" residue_selector="surrounding_move_map"/>
		</MoveMapFactory>
	</MOVE_MAP_FACTORIES>
	<MOVERS>
		<FastRelax disable_design="true" movemap_factory="local_mm" name="relax" repeats="5" scorefxn="beta_sf" task_operations="repack_res,no_repack"/>
	</MOVERS>
	<PROTOCOLS>
		<Add mover_name="relax"/>
	</PROTOCOLS>
	<OUTPUT scorefxn="beta_sf"/>
</ROSETTASCRIPTS>
core.scoring.ScoreFunctionFactory: SCOREFUNCTION: beta_nov16.wts
core.scoring.etable: Starting energy table calculation
core.scoring.etable: smooth_etable: changing atr/rep split to bottom of energy well
core.scoring.etable: smooth_etable: spline smoothing lj etables (maxdis = 6)
core.scoring.etable: smooth_etable: spline smoothing solvation etables (max_dis = 6)
core.scoring.etable: Finished calculating energy tables.
basic.io.database: Database file opened: scoring/score_functions/hbonds/ref2015_params/HBPoly1D.csv
basic.io.database: Database file opened: scoring/score_functions/hbonds/ref2015_params/HBFadeIntervals.csv
basic.io.database: Database file opened: scoring/score_functions/hbonds/ref2015_params/HBEval.csv
basic.io.database: Database file opened: scoring/score_functions/hbonds/ref2015_params/DonStrength.csv
basic.io.database: Database file opened: scoring/score_functions/hbonds/ref2015_params/AccStrength.csv
basic.io.database: Database file opened: scoring/score_functions/rama/fd_beta_nov2016/all.ramaProb
basic.io.database: Database file opened: scoring/score_functions/rama/fd_beta_nov2016/prepro.ramaProb
basic.io.database: Database file opened: scoring/score_functions/omega/omega_ppdep.all.txt
basic.io.database: Database file opened: scoring/score_functions/omega/omega_ppdep.gly.txt
basic.io.database: Database file opened: scoring/score_functions/omega/omega_ppdep.pro.txt
basic.io.database: Database file opened: scoring/score_functions/omega/omega_ppdep.valile.txt
basic.io.database: Database file opened: scoring/score_functions/P_AA_pp/P_AA
basic.io.database: Database file opened: scoring/score_functions/P_AA_pp/P_AA_n
core.scoring.P_AA: shapovalov_lib::shap_p_aa_pp_smooth_level of 1( aka low_smooth ) got activated.
basic.io.database: Database file opened: scoring/score_functions/P_AA_pp/shapovalov/10deg/kappa131/a20.prop
basic.io.database: Database file opened: scoring/score_functions/bondlength_bondangle/hydroxyl_torsion_preference.txt
core.scoring.etable: Starting energy table calculation
core.scoring.etable: smooth_etable: changing atr/rep split to bottom of energy well
core.scoring.etable: smooth_etable: spline smoothing lj etables (maxdis = 6)
core.scoring.etable: smooth_etable: spline smoothing solvation etables (max_dis = 6)
core.scoring.etable: Finished calculating energy tables.
basic.io.database: Database file opened: scoring/score_functions/PairEPotential/pdb_pair_stats_fine
basic.io.database: Database file opened: scoring/score_functions/InterchainPotential/interchain_env_log.txt
basic.io.database: Database file opened: scoring/score_functions/InterchainPotential/interchain_pair_log.txt
basic.io.database: Database file opened: scoring/score_functions/EnvPairPotential/env_log.txt
basic.io.database: Database file opened: scoring/score_functions/EnvPairPotential/cbeta_den.txt
basic.io.database: Database file opened: scoring/score_functions/EnvPairPotential/pair_log.txt
basic.io.database: Database file opened: scoring/score_functions/EnvPairPotential/cenpack_log.txt
core.scoring.ramachandran: shapovalov_lib::shap_rama_smooth_level of 4( aka highest_smooth ) got activated.
basic.io.database: Database file opened: scoring/score_functions/rama/shapovalov/kappa25/all.ramaProb
protocols.jd2.parser.ScoreFunctionLoader: defined score function "beta_sf" with weights "beta_nov16"
protocols.jd2.parser.TaskOperationLoader: Defined TaskOperation named "init" of type InitializeFromCommandline
protocols.jd2.parser.TaskOperationLoader: Defined TaskOperation named "repack_res" of type OperateOnResidueSubset
protocols.jd2.parser.TaskOperationLoader: Defined TaskOperation named "no_repack" of type OperateOnResidueSubset
protocols.jd2.parser.MoveMapFactoryLoader: Defined MoveMap named "local_mm"
protocols.relax.RelaxScriptManager: Reading relax scripts list from database.
core.scoring.ScoreFunctionFactory: SCOREFUNCTION: beta_nov16.wts
protocols.relax.RelaxScriptManager: Looking for MonomerRelax2019.txt
protocols.relax.RelaxScriptManager: ================== Reading script file: /usr/local/database/sampling/relax_scripts/MonomerRelax2019.txt ==================
protocols.relax.RelaxScriptManager: repeat %%nrepeats%%
protocols.relax.RelaxScriptManager: coord_cst_weight 1.0
protocols.relax.RelaxScriptManager: scale:fa_rep 0.040
protocols.relax.RelaxScriptManager: repack
protocols.relax.RelaxScriptManager: scale:fa_rep 0.051
protocols.relax.RelaxScriptManager: min 0.01
protocols.relax.RelaxScriptManager: coord_cst_weight 0.5
protocols.relax.RelaxScriptManager: scale:fa_rep 0.265
protocols.relax.RelaxScriptManager: repack
protocols.relax.RelaxScriptManager: scale:fa_rep 0.280
protocols.relax.RelaxScriptManager: min 0.01
protocols.relax.RelaxScriptManager: coord_cst_weight 0.0
protocols.relax.RelaxScriptManager: scale:fa_rep 0.559
protocols.relax.RelaxScriptManager: repack
protocols.relax.RelaxScriptManager: scale:fa_rep 0.581
protocols.relax.RelaxScriptManager: min 0.01
protocols.relax.RelaxScriptManager: coord_cst_weight 0.0
protocols.relax.RelaxScriptManager: scale:fa_rep 1
protocols.relax.RelaxScriptManager: repack
protocols.relax.RelaxScriptManager: min 0.00001
protocols.relax.RelaxScriptManager: accept_to_best
protocols.relax.RelaxScriptManager: endrepeat
core.pack.task.xml_util: Object relax reading the following task_operations: Adding the following task operations
repack_res no_repack 
core.select.movemap.util: Found MoveMapFactory local_mm
protocols.rosetta_scripts.RosettaScriptsParser: Defined mover named "relax" of type FastRelax
protocols.rosetta_scripts.ParsedProtocol: ParsedProtocol mover with the following settings
protocols.rosetta_scripts.ParsedProtocol: Added mover "relax"
protocols.jd2.PDBJobInputter: PDBJobInputter::pose_from_job
protocols.jd2.PDBJobInputter: filling pose from saved copy structure.pdb
protocols.rosetta_scripts.ParsedProtocol: =======================BEGIN MOVER FastRelax - relax=======================
basic.io.database: Database file opened: scoring/score_functions/elec_cp_reps.dat
core.scoring.elec.util: Read 40 countpair representative atoms
core.pack.dunbrack.RotamerLibrary: shapovalov_lib_fixes_enable option is true.
core.pack.dunbrack.RotamerLibrary: Binary rotamer library selected: /usr/local/database/rotamer/beta_nov2016/Dunbrack10.lib.bin
core.pack.dunbrack.RotamerLibrary: Using Dunbrack library binary file '/usr/local/database/rotamer/beta_nov2016/Dunbrack10.lib.bin'.
core.pack.dunbrack.RotamerLibrary: Dunbrack 2010 library took 0.046714 seconds to load from binary
protocols.relax.FastRelax: CMD: repeat  -212.748  0  0  0.55
protocols.relax.FastRelax: CMD: coord_cst_weight  -212.748  0  0  0.55
protocols.relax.FastRelax: CMD: scale:fa_rep  -257.149  0  0  0.022
core.pack.pack_rotamers: built 1078 rotamers at 75 positions.
core.pack.interaction_graph.interaction_graph_factory: Instantiating DensePDInteractionGraph
protocols.relax.FastRelax: CMD: repack  -289.151  0  0  0.022
protocols.relax.FastRelax: CMD: scale:fa_rep  -287.831  0  0  0.02805
protocols.relax.FastRelax: CMD: min  -332.741  0.594443  0.594443  0.02805
protocols.relax.FastRelax: CMD: coord_cst_weight  -332.741  0.594443  0.594443  0.02805
protocols.relax.FastRelax: CMD: scale:fa_rep  -230.82  0.594443  0.594443  0.14575
core.pack.pack_rotamers: built 1026 rotamers at 75 positions.
core.pack.interaction_graph.interaction_graph_factory: Instantiating DensePDInteractionGraph
protocols.relax.FastRelax: CMD: repack  -234.796  0.594443  0.594443  0.14575
protocols.relax.FastRelax: CMD: scale:fa_rep  -228.1  0.594443  0.594443  0.154
protocols.relax.FastRelax: CMD: min  -291.574  0.320076  0.320076  0.154
protocols.relax.FastRelax: CMD: coord_cst_weight  -291.574  0.320076  0.320076  0.154
protocols.relax.FastRelax: CMD: scale:fa_rep  -260.464  0.320076  0.320076  0.30745
core.pack.pack_rotamers: built 991 rotamers at 75 positions.
core.pack.interaction_graph.interaction_graph_factory: Instantiating DensePDInteractionGraph
protocols.relax.FastRelax: CMD: repack  -260.488  0.320076  0.320076  0.30745
protocols.relax.FastRelax: CMD: scale:fa_rep  -258.039  0.320076  0.320076  0.31955
protocols.relax.FastRelax: CMD: min  -264.466  0.252642  0.252642  0.31955
protocols.relax.FastRelax: CMD: coord_cst_weight  -264.466  0.252642  0.252642  0.31955
protocols.relax.FastRelax: CMD: scale:fa_rep  -232.456  0.252642  0.252642  0.55
core.pack.pack_rotamers: built 961 rotamers at 75 positions.
core.pack.interaction_graph.interaction_graph_factory: Instantiating DensePDInteractionGraph
protocols.relax.FastRelax: CMD: repack  -232.472  0.252642  0.252642  0.55
protocols.relax.FastRelax: CMD: min  -251.212  0.245477  0.245477  0.55
protocols.relax.FastRelax: MRP: 0  -251.212  -251.212  0.245477  0.245477  
protocols.relax.FastRelax: CMD: accept_to_best  -251.212  0.245477  0.245477  0.55
protocols.relax.FastRelax: CMD: endrepeat  -251.212  0.245477  0.245477  0.55
protocols.relax.FastRelax: CMD: coord_cst_weight  -251.212  0.245477  0.245477  0.55
protocols.relax.FastRelax: CMD: scale:fa_rep  -292.268  0.245477  0.245477  0.022
core.pack.pack_rotamers: built 1097 rotamers at 75 positions.
core.pack.interaction_graph.interaction_graph_factory: Instantiating DensePDInteractionGraph
protocols.relax.FastRelax: CMD: repack  -294.495  0.245477  0.245477  0.022
protocols.relax.FastRelax: CMD: scale:fa_rep  -293.38  0.245477  0.245477  0.02805
protocols.relax.FastRelax: CMD: min  -333.48  0.571996  0.571996  0.02805
protocols.relax.FastRelax: CMD: coord_cst_weight  -333.48  0.571996  0.571996  0.02805
protocols.relax.FastRelax: CMD: scale:fa_rep  -246.077  0.571996  0.571996  0.14575
core.pack.pack_rotamers: built 1036 rotamers at 75 positions.
core.pack.interaction_graph.interaction_graph_factory: Instantiating DensePDInteractionGraph
protocols.relax.FastRelax: CMD: repack  -246.876  0.571996  0.571996  0.14575
protocols.relax.FastRelax: CMD: scale:fa_rep  -240.929  0.571996  0.571996  0.154
protocols.relax.FastRelax: CMD: min  -293.49  0.345599  0.345599  0.154
protocols.relax.FastRelax: CMD: coord_cst_weight  -293.49  0.345599  0.345599  0.154
protocols.relax.FastRelax: CMD: scale:fa_rep  -262.948  0.345599  0.345599  0.30745
core.pack.pack_rotamers: built 994 rotamers at 75 positions.
core.pack.interaction_graph.interaction_graph_factory: Instantiating DensePDInteractionGraph
protocols.relax.FastRelax: CMD: repack  -263.077  0.345599  0.345599  0.30745
protocols.relax.FastRelax: CMD: scale:fa_rep  -260.636  0.345599  0.345599  0.31955
protocols.relax.FastRelax: CMD: min  -268.93  0.274525  0.274525  0.31955
protocols.relax.FastRelax: CMD: coord_cst_weight  -268.93  0.274525  0.274525  0.31955
protocols.relax.FastRelax: CMD: scale:fa_rep  -239.746  0.274525  0.274525  0.55
core.pack.pack_rotamers: built 966 rotamers at 75 positions.
core.pack.interaction_graph.interaction_graph_factory: Instantiating DensePDInteractionGraph
protocols.relax.FastRelax: CMD: repack  -239.754  0.274525  0.274525  0.55
protocols.relax.FastRelax: CMD: min  -250.239  0.27353  0.27353  0.55
protocols.relax.FastRelax: MRP: 1  -250.239  -251.212  0.245477  0.245477  
protocols.relax.FastRelax: CMD: accept_to_best  -250.239  0.27353  0.27353  0.55
protocols.relax.FastRelax: CMD: endrepeat  -250.239  0.27353  0.27353  0.55
protocols.relax.FastRelax: CMD: coord_cst_weight  -250.239  0.27353  0.27353  0.55
protocols.relax.FastRelax: CMD: scale:fa_rep  -291.843  0.27353  0.27353  0.022
core.pack.pack_rotamers: built 1096 rotamers at 75 positions.
core.pack.interaction_graph.interaction_graph_factory: Instantiating DensePDInteractionGraph
protocols.relax.FastRelax: CMD: repack  -294.236  0.27353  0.27353  0.022
protocols.relax.FastRelax: CMD: scale:fa_rep  -293.144  0.27353  0.27353  0.02805
protocols.relax.FastRelax: CMD: min  -333.612  0.551666  0.551666  0.02805
protocols.relax.FastRelax: CMD: coord_cst_weight  -333.612  0.551666  0.551666  0.02805
protocols.relax.FastRelax: CMD: scale:fa_rep  -248.013  0.551666  0.551666  0.14575
core.pack.pack_rotamers: built 1030 rotamers at 75 positions.
core.pack.interaction_graph.interaction_graph_factory: Instantiating DensePDInteractionGraph
protocols.relax.FastRelax: CMD: repack  -246.237  0.551666  0.551666  0.14575
protocols.relax.FastRelax: CMD: scale:fa_rep  -240.479  0.551666  0.551666  0.154
protocols.relax.FastRelax: CMD: min  -289.512  0.344254  0.344254  0.154
protocols.relax.FastRelax: CMD: coord_cst_weight  -289.512  0.344254  0.344254  0.154
protocols.relax.FastRelax: CMD: scale:fa_rep  -258.639  0.344254  0.344254  0.30745
core.pack.pack_rotamers: built 981 rotamers at 75 positions.
core.pack.interaction_graph.interaction_graph_factory: Instantiating DensePDInteractionGraph
protocols.relax.FastRelax: CMD: repack  -258.642  0.344254  0.344254  0.30745
protocols.relax.FastRelax: CMD: scale:fa_rep  -256.209  0.344254  0.344254  0.31955
protocols.relax.FastRelax: CMD: min  -265.166  0.31779  0.31779  0.31955
protocols.relax.FastRelax: CMD: coord_cst_weight  -265.166  0.31779  0.31779  0.31955
protocols.relax.FastRelax: CMD: scale:fa_rep  -236.456  0.31779  0.31779  0.55
core.pack.pack_rotamers: built 967 rotamers at 75 positions.
core.pack.interaction_graph.interaction_graph_factory: Instantiating DensePDInteractionGraph
protocols.relax.FastRelax: CMD: repack  -236.724  0.31779  0.31779  0.55
protocols.relax.FastRelax: CMD: min  -248.856  0.367555  0.367555  0.55
protocols.relax.FastRelax: MRP: 2  -248.856  -251.212  0.245477  0.245477  
protocols.relax.FastRelax: CMD: accept_to_best  -248.856  0.367555  0.367555  0.55
protocols.relax.FastRelax: CMD: endrepeat  -248.856  0.367555  0.367555  0.55
protocols.relax.FastRelax: CMD: coord_cst_weight  -248.856  0.367555  0.367555  0.55
protocols.relax.FastRelax: CMD: scale:fa_rep  -291.938  0.367555  0.367555  0.022
core.pack.pack_rotamers: built 1123 rotamers at 75 positions.
core.pack.interaction_graph.interaction_graph_factory: Instantiating DensePDInteractionGraph
protocols.relax.FastRelax: CMD: repack  -292.977  0.367555  0.367555  0.022
protocols.relax.FastRelax: CMD: scale:fa_rep  -292.432  0.367555  0.367555  0.02805
protocols.relax.FastRelax: CMD: min  -334.321  0.584174  0.584174  0.02805
protocols.relax.FastRelax: CMD: coord_cst_weight  -334.321  0.584174  0.584174  0.02805
protocols.relax.FastRelax: CMD: scale:fa_rep  -249.352  0.584174  0.584174  0.14575
core.pack.pack_rotamers: built 1042 rotamers at 75 positions.
core.pack.interaction_graph.interaction_graph_factory: Instantiating DensePDInteractionGraph
protocols.relax.FastRelax: CMD: repack  -251.966  0.584174  0.584174  0.14575
protocols.relax.FastRelax: CMD: scale:fa_rep  -246.256  0.584174  0.584174  0.154
protocols.relax.FastRelax: CMD: min  -293.79  0.392428  0.392428  0.154
protocols.relax.FastRelax: CMD: coord_cst_weight  -293.79  0.392428  0.392428  0.154
protocols.relax.FastRelax: CMD: scale:fa_rep  -262.347  0.392428  0.392428  0.30745
core.pack.pack_rotamers: built 1018 rotamers at 75 positions.
core.pack.interaction_graph.interaction_graph_factory: Instantiating DensePDInteractionGraph
protocols.relax.FastRelax: CMD: repack  -262.375  0.392428  0.392428  0.30745
protocols.relax.FastRelax: CMD: scale:fa_rep  -259.898  0.392428  0.392428  0.31955
protocols.relax.FastRelax: CMD: min  -267.948  0.353186  0.353186  0.31955
protocols.relax.FastRelax: CMD: coord_cst_weight  -267.948  0.353186  0.353186  0.31955
protocols.relax.FastRelax: CMD: scale:fa_rep  -237.815  0.353186  0.353186  0.55
core.pack.pack_rotamers: built 971 rotamers at 75 positions.
core.pack.interaction_graph.interaction_graph_factory: Instantiating DensePDInteractionGraph
protocols.relax.FastRelax: CMD: repack  -237.822  0.353186  0.353186  0.55
protocols.relax.FastRelax: CMD: min  -249.205  0.372342  0.372342  0.55
protocols.relax.FastRelax: MRP: 3  -249.205  -251.212  0.245477  0.245477  
protocols.relax.FastRelax: CMD: accept_to_best  -249.205  0.372342  0.372342  0.55
protocols.relax.FastRelax: CMD: endrepeat  -249.205  0.372342  0.372342  0.55
protocols.relax.FastRelax: CMD: coord_cst_weight  -249.205  0.372342  0.372342  0.55
protocols.relax.FastRelax: CMD: scale:fa_rep  -292.376  0.372342  0.372342  0.022
core.pack.pack_rotamers: built 1125 rotamers at 75 positions.
core.pack.interaction_graph.interaction_graph_factory: Instantiating DensePDInteractionGraph
protocols.relax.FastRelax: CMD: repack  -293.428  0.372342  0.372342  0.022
protocols.relax.FastRelax: CMD: scale:fa_rep  -292.89  0.372342  0.372342  0.02805
protocols.relax.FastRelax: CMD: min  -336.638  0.623488  0.623488  0.02805
protocols.relax.FastRelax: CMD: coord_cst_weight  -336.638  0.623488  0.623488  0.02805
protocols.relax.FastRelax: CMD: scale:fa_rep  -243.647  0.623488  0.623488  0.14575
core.pack.pack_rotamers: built 1049 rotamers at 75 positions.
core.pack.interaction_graph.interaction_graph_factory: Instantiating DensePDInteractionGraph
protocols.relax.FastRelax: CMD: repack  -245.194  0.623488  0.623488  0.14575
protocols.relax.FastRelax: CMD: scale:fa_rep  -238.867  0.623488  0.623488  0.154
protocols.relax.FastRelax: CMD: min  -292.017  0.41378  0.41378  0.154
protocols.relax.FastRelax: CMD: coord_cst_weight  -292.017  0.41378  0.41378  0.154
protocols.relax.FastRelax: CMD: scale:fa_rep  -257.811  0.41378  0.41378  0.30745
core.pack.pack_rotamers: built 1001 rotamers at 75 positions.
core.pack.interaction_graph.interaction_graph_factory: Instantiating DensePDInteractionGraph
protocols.relax.FastRelax: CMD: repack  -257.859  0.41378  0.41378  0.30745
protocols.relax.FastRelax: CMD: scale:fa_rep  -255.165  0.41378  0.41378  0.31955
protocols.relax.FastRelax: CMD: min  -267.495  0.358775  0.358775  0.31955
protocols.relax.FastRelax: CMD: coord_cst_weight  -267.495  0.358775  0.358775  0.31955
protocols.relax.FastRelax: CMD: scale:fa_rep  -235.592  0.358775  0.358775  0.55
core.pack.pack_rotamers: built 970 rotamers at 75 positions.
core.pack.interaction_graph.interaction_graph_factory: Instantiating DensePDInteractionGraph
protocols.relax.FastRelax: CMD: repack  -235.595  0.358775  0.358775  0.55
protocols.relax.FastRelax: CMD: min  -249.207  0.37359  0.37359  0.55
protocols.relax.FastRelax: MRP: 4  -249.207  -251.212  0.245477  0.245477  
protocols.relax.FastRelax: CMD: accept_to_best  -249.207  0.37359  0.37359  0.55
protocols.relax.FastRelax: CMD: endrepeat  -249.207  0.37359  0.37359  0.55
protocols::checkpoint: Deleting checkpoints of FastRelax
protocols.rosetta_scripts.ParsedProtocol: setting status to success
protocols.jd2.JobDistributor: structure_0001 reported success in 17 seconds
protocols.jd2.PDBJobInputter: PDBJobInputter::pose_from_job
protocols.jd2.PDBJobInputter: filling pose from saved copy structure.pdb
protocols.jd2.PDBJobInputter: PDBJobInputter::pose_from_job
protocols.jd2.PDBJobInputter: filling pose from PDB structure.pdb
core.import_pose.import_pose: File 'structure.pdb' automatically determined to be of type PDB from contents.
protocols.rosetta_scripts.ParsedProtocol: =======================BEGIN MOVER FastRelax - relax=======================
protocols.relax.FastRelax: CMD: repeat  -212.748  0  0  0.55
protocols.relax.FastRelax: CMD: coord_cst_weight  -212.748  0  0  0.55
protocols.relax.FastRelax: CMD: scale:fa_rep  -257.149  0  0  0.022
core.pack.pack_rotamers: built 1078 rotamers at 75 positions.
core.pack.interaction_graph.interaction_graph_factory: Instantiating DensePDInteractionGraph
protocols.relax.FastRelax: CMD: repack  -289.649  0  0  0.022
protocols.relax.FastRelax: CMD: scale:fa_rep  -288.652  0  0  0.02805
protocols.relax.FastRelax: CMD: min  -330.999  0.531802  0.531802  0.02805
protocols.relax.FastRelax: CMD: coord_cst_weight  -330.999  0.531802  0.531802  0.02805
protocols.relax.FastRelax: CMD: scale:fa_rep  -239.16  0.531802  0.531802  0.14575
core.pack.pack_rotamers: built 1009 rotamers at 75 positions.
core.pack.interaction_graph.interaction_graph_factory: Instantiating DensePDInteractionGraph
protocols.relax.FastRelax: CMD: repack  -240.338  0.531802  0.531802  0.14575
protocols.relax.FastRelax: CMD: scale:fa_rep  -234.069  0.531802  0.531802  0.154
protocols.relax.FastRelax: CMD: min  -288.576  0.25583  0.25583  0.154
protocols.relax.FastRelax: CMD: coord_cst_weight  -288.576  0.25583  0.25583  0.154
protocols.relax.FastRelax: CMD: scale:fa_rep  -257.208  0.25583  0.25583  0.30745
core.pack.pack_rotamers: built 987 rotamers at 75 positions.
core.pack.interaction_graph.interaction_graph_factory: Instantiating DensePDInteractionGraph
protocols.relax.FastRelax: CMD: repack  -257.257  0.25583  0.25583  0.30745
protocols.relax.FastRelax: CMD: scale:fa_rep  -254.782  0.25583  0.25583  0.31955
protocols.relax.FastRelax: CMD: min  -265.54  0.222198  0.222198  0.31955
protocols.relax.FastRelax: CMD: coord_cst_weight  -265.54  0.222198  0.222198  0.31955
protocols.relax.FastRelax: CMD: scale:fa_rep  -236.314  0.222198  0.222198  0.55
core.pack.pack_rotamers: built 956 rotamers at 75 positions.
core.pack.interaction_graph.interaction_graph_factory: Instantiating DensePDInteractionGraph
protocols.relax.FastRelax: CMD: repack  -236.993  0.222198  0.222198  0.55
protocols.relax.FastRelax: CMD: min  -251.065  0.198569  0.198569  0.55
protocols.relax.FastRelax: MRP: 0  -251.065  -251.065  0.198569  0.198569  
protocols.relax.FastRelax: CMD: accept_to_best  -251.065  0.198569  0.198569  0.55
protocols.relax.FastRelax: CMD: endrepeat  -251.065  0.198569  0.198569  0.55
protocols.relax.FastRelax: CMD: coord_cst_weight  -251.065  0.198569  0.198569  0.55
protocols.relax.FastRelax: CMD: scale:fa_rep  -291.013  0.198569  0.198569  0.022
core.pack.pack_rotamers: built 1098 rotamers at 75 positions.
core.pack.interaction_graph.interaction_graph_factory: Instantiating DensePDInteractionGraph
protocols.relax.FastRelax: CMD: repack  -293.284  0.198569  0.198569  0.022
protocols.relax.FastRelax: CMD: scale:fa_rep  -292.298  0.198569  0.198569  0.02805
protocols.relax.FastRelax: CMD: min  -333.677  0.599276  0.599276  0.02805
protocols.relax.FastRelax: CMD: coord_cst_weight  -333.677  0.599276  0.599276  0.02805
protocols.relax.FastRelax: CMD: scale:fa_rep  -242.971  0.599276  0.599276  0.14575
core.pack.pack_rotamers: built 1027 rotamers at 75 positions.
core.pack.interaction_graph.interaction_graph_factory: Instantiating DensePDInteractionGraph
protocols.relax.FastRelax: CMD: repack  -243.441  0.599276  0.599276  0.14575
protocols.relax.FastRelax: CMD: scale:fa_rep  -237.233  0.599276  0.599276  0.154
protocols.relax.FastRelax: CMD: min  -289.184  0.324496  0.324496  0.154
protocols.relax.FastRelax: CMD: coord_cst_weight  -289.184  0.324496  0.324496  0.154
protocols.relax.FastRelax: CMD: scale:fa_rep  -255.641  0.324496  0.324496  0.30745
core.pack.pack_rotamers: built 1002 rotamers at 75 positions.
core.pack.interaction_graph.interaction_graph_factory: Instantiating DensePDInteractionGraph
protocols.relax.FastRelax: CMD: repack  -255.641  0.324496  0.324496  0.30745
protocols.relax.FastRelax: CMD: scale:fa_rep  -252.996  0.324496  0.324496  0.31955
protocols.relax.FastRelax: CMD: min  -268.052  0.236346  0.236346  0.31955
protocols.relax.FastRelax: CMD: coord_cst_weight  -268.052  0.236346  0.236346  0.31955
protocols.relax.FastRelax: CMD: scale:fa_rep  -240.694  0.236346  0.236346  0.55
core.pack.pack_rotamers: built 964 rotamers at 75 positions.
core.pack.interaction_graph.interaction_graph_factory: Instantiating DensePDInteractionGraph
protocols.relax.FastRelax: CMD: repack  -240.736  0.236346  0.236346  0.55
protocols.relax.FastRelax: CMD: min  -250.423  0.211357  0.211357  0.55
protocols.relax.FastRelax: MRP: 1  -250.423  -251.065  0.198569  0.198569  
protocols.relax.FastRelax: CMD: accept_to_best  -250.423  0.211357  0.211357  0.55
protocols.relax.FastRelax: CMD: endrepeat  -250.423  0.211357  0.211357  0.55
protocols.relax.FastRelax: CMD: coord_cst_weight  -250.423  0.211357  0.211357  0.55
protocols.relax.FastRelax: CMD: scale:fa_rep  -290.515  0.211357  0.211357  0.022
core.pack.pack_rotamers: built 1096 rotamers at 75 positions.
core.pack.interaction_graph.interaction_graph_factory: Instantiating DensePDInteractionGraph
protocols.relax.FastRelax: CMD: repack  -292.663  0.211357  0.211357  0.022
protocols.relax.FastRelax: CMD: scale:fa_rep  -291.568  0.211357  0.211357  0.02805
protocols.relax.FastRelax: CMD: min  -329.877  0.552859  0.552859  0.02805
protocols.relax.FastRelax: CMD: coord_cst_weight  -329.877  0.552859  0.552859  0.02805
protocols.relax.FastRelax: CMD: scale:fa_rep  -248.867  0.552859  0.552859  0.14575
core.pack.pack_rotamers: built 1033 rotamers at 75 positions.
core.pack.interaction_graph.interaction_graph_factory: Instantiating DensePDInteractionGraph
protocols.relax.FastRelax: CMD: repack  -250.086  0.552859  0.552859  0.14575
protocols.relax.FastRelax: CMD: scale:fa_rep  -244.854  0.552859  0.552859  0.154
protocols.relax.FastRelax: CMD: min  -287.486  0.357867  0.357867  0.154
protocols.relax.FastRelax: CMD: coord_cst_weight  -287.486  0.357867  0.357867  0.154
protocols.relax.FastRelax: CMD: scale:fa_rep  -256.766  0.357867  0.357867  0.30745
core.pack.pack_rotamers: built 1010 rotamers at 75 positions.
core.pack.interaction_graph.interaction_graph_factory: Instantiating DensePDInteractionGraph
protocols.relax.FastRelax: CMD: repack  -256.771  0.357867  0.357867  0.30745
protocols.relax.FastRelax: CMD: scale:fa_rep  -254.35  0.357867  0.357867  0.31955
protocols.relax.FastRelax: CMD: min  -264.488  0.271007  0.271007  0.31955
protocols.relax.FastRelax: CMD: coord_cst_weight  -264.488  0.271007  0.271007  0.31955
protocols.relax.FastRelax: CMD: scale:fa_rep  -236.717  0.271007  0.271007  0.55
core.pack.pack_rotamers: built 961 rotamers at 75 positions.
core.pack.interaction_graph.interaction_graph_factory: Instantiating DensePDInteractionGraph
protocols.relax.FastRelax: CMD: repack  -237.036  0.271007  0.271007  0.55
protocols.relax.FastRelax: CMD: min  -248.78  0.233159  0.233159  0.55
protocols.relax.FastRelax: MRP: 2  -248.78  -251.065  0.198569  0.198569  
protocols.relax.FastRelax: CMD: accept_to_best  -248.78  0.233159  0.233159  0.55
protocols.relax.FastRelax: CMD: endrepeat  -248.78  0.233159  0.233159  0.55
protocols.relax.FastRelax: CMD: coord_cst_weight  -248.78  0.233159  0.233159  0.55
protocols.relax.FastRelax: CMD: scale:fa_rep  -289.079  0.233159  0.233159  0.022
core.pack.pack_rotamers: built 1099 rotamers at 75 positions.
core.pack.interaction_graph.interaction_graph_factory: Instantiating DensePDInteractionGraph
protocols.relax.FastRelax: CMD: repack  -291.748  0.233159  0.233159  0.022
protocols.relax.FastRelax: CMD: scale:fa_rep  -290.56  0.233159  0.233159  0.02805
protocols.relax.FastRelax: CMD: min  -334.911  0.631837  0.631837  0.02805
protocols.relax.FastRelax: CMD: coord_cst_weight  -334.911  0.631837  0.631837  0.02805
protocols.relax.FastRelax: CMD: scale:fa_rep  -237.513  0.631837  0.631837  0.14575
core.pack.pack_rotamers: built 1028 rotamers at 75 positions.
core.pack.interaction_graph.interaction_graph_factory: Instantiating DensePDInteractionGraph
protocols.relax.FastRelax: CMD: repack  -238.331  0.631837  0.631837  0.14575
protocols.relax.FastRelax: CMD: scale:fa_rep  -231.64  0.631837  0.631837  0.154
protocols.relax.FastRelax: CMD: min  -289.608  0.316164  0.316164  0.154
protocols.relax.FastRelax: CMD: coord_cst_weight  -289.608  0.316164  0.316164  0.154
protocols.relax.FastRelax: CMD: scale:fa_rep  -256.53  0.316164  0.316164  0.30745
core.pack.pack_rotamers: built 1009 rotamers at 75 positions.
core.pack.interaction_graph.interaction_graph_factory: Instantiating DensePDInteractionGraph
protocols.relax.FastRelax: CMD: repack  -256.544  0.316164  0.316164  0.30745
protocols.relax.FastRelax: CMD: scale:fa_rep  -253.937  0.316164  0.316164  0.31955
protocols.relax.FastRelax: CMD: min  -268.622  0.24014  0.24014  0.31955
protocols.relax.FastRelax: CMD: coord_cst_weight  -268.622  0.24014  0.24014  0.31955
protocols.relax.FastRelax: CMD: scale:fa_rep  -241.667  0.24014  0.24014  0.55
core.pack.pack_rotamers: built 964 rotamers at 75 positions.
core.pack.interaction_graph.interaction_graph_factory: Instantiating DensePDInteractionGraph
protocols.relax.FastRelax: CMD: repack  -241.711  0.24014  0.24014  0.55
protocols.relax.FastRelax: CMD: min  -249.672  0.252481  0.252481  0.55
protocols.relax.FastRelax: MRP: 3  -249.672  -251.065  0.198569  0.198569  
protocols.relax.FastRelax: CMD: accept_to_best  -249.672  0.252481  0.252481  0.55
protocols.relax.FastRelax: CMD: endrepeat  -249.672  0.252481  0.252481  0.55
protocols.relax.FastRelax: CMD: coord_cst_weight  -249.672  0.252481  0.252481  0.55
protocols.relax.FastRelax: CMD: scale:fa_rep  -290.207  0.252481  0.252481  0.022
core.pack.pack_rotamers: built 1097 rotamers at 75 positions.
core.pack.interaction_graph.interaction_graph_factory: Instantiating DensePDInteractionGraph
protocols.relax.FastRelax: CMD: repack  -292.082  0.252481  0.252481  0.022
protocols.relax.FastRelax: CMD: scale:fa_rep  -291.509  0.252481  0.252481  0.02805
protocols.relax.FastRelax: CMD: min  -330.423  0.58356  0.58356  0.02805
protocols.relax.FastRelax: CMD: coord_cst_weight  -330.423  0.58356  0.58356  0.02805
protocols.relax.FastRelax: CMD: scale:fa_rep  -244.773  0.58356  0.58356  0.14575
core.pack.pack_rotamers: built 1032 rotamers at 75 positions.
core.pack.interaction_graph.interaction_graph_factory: Instantiating DensePDInteractionGraph
protocols.relax.FastRelax: CMD: repack  -245.422  0.58356  0.58356  0.14575
protocols.relax.FastRelax: CMD: scale:fa_rep  -239.49  0.58356  0.58356  0.154
protocols.relax.FastRelax: CMD: min  -292.465  0.307265  0.307265  0.154
protocols.relax.FastRelax: CMD: coord_cst_weight  -292.465  0.307265  0.307265  0.154
protocols.relax.FastRelax: CMD: scale:fa_rep  -263.89  0.307265  0.307265  0.30745
core.pack.pack_rotamers: built 1012 rotamers at 75 positions.
core.pack.interaction_graph.interaction_graph_factory: Instantiating DensePDInteractionGraph
protocols.relax.FastRelax: CMD: repack  -263.891  0.307265  0.307265  0.30745
protocols.relax.FastRelax: CMD: scale:fa_rep  -261.638  0.307265  0.307265  0.31955
protocols.relax.FastRelax: CMD: min  -267.687  0.276182  0.276182  0.31955
protocols.relax.FastRelax: CMD: coord_cst_weight  -267.687  0.276182  0.276182  0.31955
protocols.relax.FastRelax: CMD: scale:fa_rep  -238.165  0.276182  0.276182  0.55
core.pack.pack_rotamers: built 962 rotamers at 75 positions.
core.pack.interaction_graph.interaction_graph_factory: Instantiating DensePDInteractionGraph
protocols.relax.FastRelax: CMD: repack  -238.199  0.276182  0.276182  0.55
protocols.relax.FastRelax: CMD: min  -249.697  0.252262  0.252262  0.55
protocols.relax.FastRelax: MRP: 4  -249.697  -251.065  0.198569  0.198569  
protocols.relax.FastRelax: CMD: accept_to_best  -249.697  0.252262  0.252262  0.55
protocols.relax.FastRelax: CMD: endrepeat  -249.697  0.252262  0.252262  0.55
protocols::checkpoint: Deleting checkpoints of FastRelax
protocols.rosetta_scripts.ParsedProtocol: setting status to success
protocols.jd2.JobDistributor: structure_0002 reported success in 12 seconds
protocols.jd2.JobDistributor: no more batches to process... 
protocols.jd2.JobDistributor: 2 jobs considered, 2 jobs attempted in 29 seconds
basic.citation_manager.CitationManager: 
The following Rosetta modules were used during this run of Rosetta, and should be cited:

rosetta_scripts Application's citation(s):
Fleishman SJ, Leaver-Fay A, Corn JE, Strauch E-M, Khare SD, Koga N, Ashworth J, Murphy P, Richter F, Lemmon G, Meiler J, and Baker D.  (2011).  RosettaScripts: A Scripting Language Interface to the Rosetta Macromolecular Modeling Suite.  PLoS ONE 6(6):e20161.  doi: 10.1371/journal.pone.0020161.

FastRelax Mover's citation(s):
*Tyka MD, *Keedy DA, André I, Dimaio F, Song Y, Richardson DC, Richardson JS, and Baker D.  (2011).  Alternate states of proteins revealed by detailed energy landscape mapping.  J Mol Biol 405(2):607-18.  doi: 10.1016/j.jmb.2010.11.008.  (*Co-primary authors.)

Khatib F, Cooper S, Tyka MD, Xu K, Makedon I, Popovic Z, Baker D, and Players F.  (2011).  Algorithm discovery by protein folding game players.  Proc Natl Acad Sci USA 108(47):18949-53.  doi: 10.1073/pnas.1115898108.

Maguire JB, Haddox HK, Strickland D, Halabiya SF, Coventry B, Griffin JR, Pulavarti SVSRK, Cummins M, Thieker DF, Klavins E, Szyperski T, DiMaio F, Baker D, and Kuhlman B.  (2021).  Perturbing the energy landscape for improved packing during computational protein design.  Proteins 89(4):436-449.  doi: 10.1002/prot.26030.


The following UNPUBLISHED Rosetta modules were used during this run of Rosetta.  Their authors should be included in the author list when this work is published:

NeighborhoodResidueSelector ResidueSelector's author(s):
Robert Lindner, Natural Sciences and Mathematics, Ruperto-Carola University, Heidelberg, Germany [rlindner@mpimf-heidelberg.mpg.de]
Jared Adolf-Bryfogle, Schief lab, Scripps Research Institute [jadolfbr@gmail.com]
Gerard Daniel, Institue for Protein Design, University of Washington [gerardda@uw.edu]


