********  (C) Copyright Rosetta Commons Member Institutions.  ***************
* Use of Rosetta for commercial purposes may require purchase of a license. *
********  See LICENSE.md or email license@uw.edu for more details. **********
core.init: Checking for fconfig files in pwd and ./rosetta/flags 
core.init: Rosetta version: 2025.37+HEAD.df75a9c48e df75a9c48e763e52a7aa3f5dfba077f4da88dbf5 https://github.com/RosettaCommons/rosetta.git 2025-09-03T12:23:30
core.init: Rosetta extras: []
core.init: command: rosetta_scripts @flags_relax_default_max_cycles
basic.random.init_random_generator: 'RNG device' seed mode, using '/dev/urandom', seed=-658352006 seed_offset=0 real_seed=-658352006
basic.random.init_random_generator: RandomGenerator:init: Normal mode, seed=-658352006 RG_type=mt19937
core.init: found database environment variable ROSETTA3_DB: /usr/local/database
protocols.jd2.PDBJobInputter: Instantiate PDBJobInputter
protocols.jd2.PDBJobInputter: PDBJobInputter::fill_jobs
protocols.jd2.PDBJobInputter: pushed structure.pdb nstruct index 1
protocols.evaluation.ChiWellRmsdEvaluatorCreator: Evaluation Creator active ... 
protocols.jd2.PDBJobInputter: PDBJobInputter::pose_from_job
protocols.jd2.PDBJobInputter: filling pose from PDB structure.pdb
core.chemical.GlobalResidueTypeSet: Finished initializing fa_standard residue type set.  Created 985 residue types
core.chemical.GlobalResidueTypeSet: Total time to initialize 0.538075 seconds.
core.import_pose.import_pose: File 'structure.pdb' automatically determined to be of type PDB from contents.
protocols.rosetta_scripts.RosettaScriptsParser: dock_design_filename=relax_v3.xml
protocols.rosetta_scripts.RosettaScriptsParser: Validating input script...
protocols.rosetta_scripts.RosettaScriptsSchemaValidator: Generating XML Schema for rosetta_scripts...
protocols.rosetta_scripts.RosettaScriptsSchemaValidator: ...done
protocols.rosetta_scripts.RosettaScriptsSchemaValidator: Initializing schema validator...
protocols.rosetta_scripts.RosettaScriptsSchemaValidator: ...done
protocols.rosetta_scripts.RosettaScriptsParser: ...done
protocols.rosetta_scripts.RosettaScriptsParser: Parsed script:
<ROSETTASCRIPTS>
	<SCOREFXNS>
		<ScoreFunction name="beta_sf" weights="beta_nov16_cart"/>
	</SCOREFXNS>
	<MOVERS>
		<MutateResidue name="mutant" new_res="ALA" target="55A"/>
		<FastRelax cartesian="true" disable_design="true" name="relax" repeats="10" scorefxn="beta_sf"/>
	</MOVERS>
	<PROTOCOLS>
		<Add mover_name="mutant"/>
		<Add mover_name="relax"/>
	</PROTOCOLS>
	<OUTPUT scorefxn="beta_sf"/>
</ROSETTASCRIPTS>
core.scoring.ScoreFunctionFactory: SCOREFUNCTION: beta_nov16_cart.wts
core.scoring.etable: Starting energy table calculation
core.scoring.etable: smooth_etable: changing atr/rep split to bottom of energy well
core.scoring.etable: smooth_etable: spline smoothing lj etables (maxdis = 6)
core.scoring.etable: smooth_etable: spline smoothing solvation etables (max_dis = 6)
core.scoring.etable: Finished calculating energy tables.
basic.io.database: Database file opened: scoring/score_functions/hbonds/ref2015_params/HBPoly1D.csv
basic.io.database: Database file opened: scoring/score_functions/hbonds/ref2015_params/HBFadeIntervals.csv
basic.io.database: Database file opened: scoring/score_functions/hbonds/ref2015_params/HBEval.csv
basic.io.database: Database file opened: scoring/score_functions/hbonds/ref2015_params/DonStrength.csv
basic.io.database: Database file opened: scoring/score_functions/hbonds/ref2015_params/AccStrength.csv
basic.io.database: Database file opened: scoring/score_functions/rama/fd_beta_nov2016/all.ramaProb
basic.io.database: Database file opened: scoring/score_functions/rama/fd_beta_nov2016/prepro.ramaProb
basic.io.database: Database file opened: scoring/score_functions/omega/omega_ppdep.all.txt
basic.io.database: Database file opened: scoring/score_functions/omega/omega_ppdep.gly.txt
basic.io.database: Database file opened: scoring/score_functions/omega/omega_ppdep.pro.txt
basic.io.database: Database file opened: scoring/score_functions/omega/omega_ppdep.valile.txt
basic.io.database: Database file opened: scoring/score_functions/P_AA_pp/P_AA
basic.io.database: Database file opened: scoring/score_functions/P_AA_pp/P_AA_n
core.scoring.P_AA: shapovalov_lib::shap_p_aa_pp_smooth_level of 1( aka low_smooth ) got activated.
basic.io.database: Database file opened: scoring/score_functions/P_AA_pp/shapovalov/10deg/kappa131/a20.prop
basic.io.database: Database file opened: scoring/score_functions/bondlength_bondangle/hydroxyl_torsion_preference.txt
core.energy_methods.CartesianBondedEnergy: Initializing IdealParametersDatabase with default Ks=300 , 80 , 80 , 10 , 80
basic.io.database: Database file opened: scoring/score_functions/bondlength_bondangle/default-lengths.txt
core.energy_methods.CartesianBondedEnergy: Read 759 bb-independent lengths.
basic.io.database: Database file opened: scoring/score_functions/bondlength_bondangle/default-angles.txt
core.energy_methods.CartesianBondedEnergy: Read 1434 bb-independent angles.
basic.io.database: Database file opened: scoring/score_functions/bondlength_bondangle/default-torsions.txt
core.energy_methods.CartesianBondedEnergy: Read 1 bb-independent torsions.
basic.io.database: Database file opened: scoring/score_functions/bondlength_bondangle/default-improper.txt
core.energy_methods.CartesianBondedEnergy: Read 529 bb-independent improper tors.
core.scoring.etable: Starting energy table calculation
core.scoring.etable: smooth_etable: changing atr/rep split to bottom of energy well
core.scoring.etable: smooth_etable: spline smoothing lj etables (maxdis = 6)
core.scoring.etable: smooth_etable: spline smoothing solvation etables (max_dis = 6)
core.scoring.etable: Finished calculating energy tables.
basic.io.database: Database file opened: scoring/score_functions/PairEPotential/pdb_pair_stats_fine
basic.io.database: Database file opened: scoring/score_functions/InterchainPotential/interchain_env_log.txt
basic.io.database: Database file opened: scoring/score_functions/InterchainPotential/interchain_pair_log.txt
basic.io.database: Database file opened: scoring/score_functions/EnvPairPotential/env_log.txt
basic.io.database: Database file opened: scoring/score_functions/EnvPairPotential/cbeta_den.txt
basic.io.database: Database file opened: scoring/score_functions/EnvPairPotential/pair_log.txt
basic.io.database: Database file opened: scoring/score_functions/EnvPairPotential/cenpack_log.txt
core.scoring.ramachandran: shapovalov_lib::shap_rama_smooth_level of 4( aka highest_smooth ) got activated.
basic.io.database: Database file opened: scoring/score_functions/rama/shapovalov/kappa25/all.ramaProb
protocols.jd2.parser.ScoreFunctionLoader: defined score function "beta_sf" with weights "beta_nov16_cart"
protocols.rosetta_scripts.RosettaScriptsParser: Defined mover named "mutant" of type MutateResidue
protocols.relax.RelaxScriptManager: Reading relax scripts list from database.
core.scoring.ScoreFunctionFactory: SCOREFUNCTION: beta_nov16_cart.wts
protocols.relax.RelaxScriptManager: Looking for MonomerRelax2019.txt
protocols.relax.RelaxScriptManager: ================== Reading script file: /usr/local/database/sampling/relax_scripts/MonomerRelax2019.txt ==================
protocols.relax.RelaxScriptManager: repeat %%nrepeats%%
protocols.relax.RelaxScriptManager: coord_cst_weight 1.0
protocols.relax.RelaxScriptManager: scale:fa_rep 0.040
protocols.relax.RelaxScriptManager: repack
protocols.relax.RelaxScriptManager: scale:fa_rep 0.051
protocols.relax.RelaxScriptManager: min 0.01
protocols.relax.RelaxScriptManager: coord_cst_weight 0.5
protocols.relax.RelaxScriptManager: scale:fa_rep 0.265
protocols.relax.RelaxScriptManager: repack
protocols.relax.RelaxScriptManager: scale:fa_rep 0.280
protocols.relax.RelaxScriptManager: min 0.01
protocols.relax.RelaxScriptManager: coord_cst_weight 0.0
protocols.relax.RelaxScriptManager: scale:fa_rep 0.559
protocols.relax.RelaxScriptManager: repack
protocols.relax.RelaxScriptManager: scale:fa_rep 0.581
protocols.relax.RelaxScriptManager: min 0.01
protocols.relax.RelaxScriptManager: coord_cst_weight 0.0
protocols.relax.RelaxScriptManager: scale:fa_rep 1
protocols.relax.RelaxScriptManager: repack
protocols.relax.RelaxScriptManager: min 0.00001
protocols.relax.RelaxScriptManager: accept_to_best
protocols.relax.RelaxScriptManager: endrepeat
protocols.rosetta_scripts.RosettaScriptsParser: Defined mover named "relax" of type FastRelax
protocols.rosetta_scripts.ParsedProtocol: ParsedProtocol mover with the following settings
protocols.rosetta_scripts.ParsedProtocol: Added mover "mutant"
protocols.rosetta_scripts.ParsedProtocol: Added mover "relax"
protocols.jd2.PDBJobInputter: PDBJobInputter::pose_from_job
protocols.jd2.PDBJobInputter: filling pose from saved copy structure.pdb
protocols.rosetta_scripts.ParsedProtocol: =======================BEGIN MOVER MutateResidue - mutant=======================
protocols.rosetta_scripts.ParsedProtocol: =======================BEGIN MOVER FastRelax - relax=======================
core.energy_methods.CartesianBondedEnergy: Creating new peptide-bonded energy container (75)
basic.io.database: Database file opened: scoring/score_functions/elec_cp_reps.dat
core.scoring.elec.util: Read 40 countpair representative atoms
core.pack.dunbrack.RotamerLibrary: shapovalov_lib_fixes_enable option is true.
core.pack.dunbrack.RotamerLibrary: Binary rotamer library selected: /usr/local/database/rotamer/beta_nov2016/Dunbrack10.lib.bin
core.pack.dunbrack.RotamerLibrary: Using Dunbrack library binary file '/usr/local/database/rotamer/beta_nov2016/Dunbrack10.lib.bin'.
core.pack.dunbrack.RotamerLibrary: Dunbrack 2010 library took 0.04706 seconds to load from binary
protocols.relax.FastRelax: CMD: repeat  -173.549  0  0  0.55
protocols.relax.FastRelax: CMD: coord_cst_weight  -173.549  0  0  0.55
protocols.relax.FastRelax: CMD: scale:fa_rep  -217.971  0  0  0.022
core.pack.task: Packer task: initialize from command line() 
core.pack.pack_rotamers: built 1065 rotamers at 75 positions.
core.pack.interaction_graph.interaction_graph_factory: Instantiating DensePDInteractionGraph
protocols.relax.FastRelax: CMD: repack  -258.971  0  0  0.022
protocols.relax.FastRelax: CMD: scale:fa_rep  -257.052  0  0  0.02805
core.optimization.Minimizer: [ WARNING ] LBFGS MAX CYCLES 1 EXCEEDED, BUT FUNC NOT CONVERGED!
protocols.relax.FastRelax: CMD: min  -264.83  0.00938126  0.00938126  0.02805
protocols.relax.FastRelax: CMD: coord_cst_weight  -264.83  0.00938126  0.00938126  0.02805
protocols.relax.FastRelax: CMD: scale:fa_rep  -228.333  0.00938126  0.00938126  0.14575
core.pack.task: Packer task: initialize from command line() 
core.pack.pack_rotamers: built 1016 rotamers at 75 positions.
core.pack.interaction_graph.interaction_graph_factory: Instantiating DensePDInteractionGraph
protocols.relax.FastRelax: CMD: repack  -239.495  0.00938126  0.00938126  0.14575
protocols.relax.FastRelax: CMD: scale:fa_rep  -238.186  0.00938126  0.00938126  0.154
core.optimization.Minimizer: [ WARNING ] LBFGS MAX CYCLES 1 EXCEEDED, BUT FUNC NOT CONVERGED!
protocols.relax.FastRelax: CMD: min  -241.571  0.00730857  0.00730857  0.154
protocols.relax.FastRelax: CMD: coord_cst_weight  -241.571  0.00730857  0.00730857  0.154
protocols.relax.FastRelax: CMD: scale:fa_rep  -217.578  0.00730857  0.00730857  0.30745
core.pack.task: Packer task: initialize from command line() 
core.pack.pack_rotamers: built 987 rotamers at 75 positions.
core.pack.interaction_graph.interaction_graph_factory: Instantiating DensePDInteractionGraph
protocols.relax.FastRelax: CMD: repack  -219.801  0.00730857  0.00730857  0.30745
protocols.relax.FastRelax: CMD: scale:fa_rep  -217.914  0.00730857  0.00730857  0.31955
core.optimization.Minimizer: [ WARNING ] LBFGS MAX CYCLES 1 EXCEEDED, BUT FUNC NOT CONVERGED!
protocols.relax.FastRelax: CMD: min  -224.509  0.0078461  0.0078461  0.31955
protocols.relax.FastRelax: CMD: coord_cst_weight  -224.509  0.0078461  0.0078461  0.31955
protocols.relax.FastRelax: CMD: scale:fa_rep  -192.651  0.0078461  0.0078461  0.55
core.pack.task: Packer task: initialize from command line() 
core.pack.pack_rotamers: built 942 rotamers at 75 positions.
core.pack.interaction_graph.interaction_graph_factory: Instantiating DensePDInteractionGraph
protocols.relax.FastRelax: CMD: repack  -192.848  0.0078461  0.0078461  0.55
core.optimization.Minimizer: [ WARNING ] LBFGS MAX CYCLES 1 EXCEEDED, BUT FUNC NOT CONVERGED!
protocols.relax.FastRelax: CMD: min  -199.103  0.0104777  0.0104777  0.55
protocols.relax.FastRelax: MRP: 0  -199.103  -199.103  0.0104777  0.0104777  
protocols.relax.FastRelax: CMD: accept_to_best  -199.103  0.0104777  0.0104777  0.55
protocols.relax.FastRelax: CMD: endrepeat  -199.103  0.0104777  0.0104777  0.55
protocols.relax.FastRelax: CMD: coord_cst_weight  -199.103  0.0104777  0.0104777  0.55
protocols.relax.FastRelax: CMD: scale:fa_rep  -262.623  0.0104777  0.0104777  0.022
core.pack.task: Packer task: initialize from command line() 
core.pack.pack_rotamers: built 1099 rotamers at 75 positions.
core.pack.interaction_graph.interaction_graph_factory: Instantiating DensePDInteractionGraph
protocols.relax.FastRelax: CMD: repack  -268.113  0.0104777  0.0104777  0.022
protocols.relax.FastRelax: CMD: scale:fa_rep  -266.05  0.0104777  0.0104777  0.02805
core.optimization.Minimizer: [ WARNING ] LBFGS MAX CYCLES 1 EXCEEDED, BUT FUNC NOT CONVERGED!
protocols.relax.FastRelax: CMD: min  -268.343  0.00934648  0.00934648  0.02805
protocols.relax.FastRelax: CMD: coord_cst_weight  -268.343  0.00934648  0.00934648  0.02805
protocols.relax.FastRelax: CMD: scale:fa_rep  -228.433  0.00934648  0.00934648  0.14575
core.pack.task: Packer task: initialize from command line() 
core.pack.pack_rotamers: built 1012 rotamers at 75 positions.
core.pack.interaction_graph.interaction_graph_factory: Instantiating DensePDInteractionGraph
protocols.relax.FastRelax: CMD: repack  -248.759  0.00934648  0.00934648  0.14575
protocols.relax.FastRelax: CMD: scale:fa_rep  -247.566  0.00934648  0.00934648  0.154
core.optimization.Minimizer: [ WARNING ] LBFGS MAX CYCLES 1 EXCEEDED, BUT FUNC NOT CONVERGED!
protocols.relax.FastRelax: CMD: min  -249.028  0.00937854  0.00937854  0.154
protocols.relax.FastRelax: CMD: coord_cst_weight  -249.028  0.00937854  0.00937854  0.154
protocols.relax.FastRelax: CMD: scale:fa_rep  -227.208  0.00937854  0.00937854  0.30745
core.pack.task: Packer task: initialize from command line() 
core.pack.pack_rotamers: built 983 rotamers at 75 positions.
core.pack.interaction_graph.interaction_graph_factory: Instantiating DensePDInteractionGraph
protocols.relax.FastRelax: CMD: repack  -227.389  0.00937854  0.00937854  0.30745
protocols.relax.FastRelax: CMD: scale:fa_rep  -225.678  0.00937854  0.00937854  0.31955
core.optimization.Minimizer: [ WARNING ] LBFGS MAX CYCLES 1 EXCEEDED, BUT FUNC NOT CONVERGED!
protocols.relax.FastRelax: CMD: min  -227.403  0.00942886  0.00942886  0.31955
protocols.relax.FastRelax: CMD: coord_cst_weight  -227.403  0.00942886  0.00942886  0.31955
protocols.relax.FastRelax: CMD: scale:fa_rep  -195.366  0.00942886  0.00942886  0.55
core.pack.task: Packer task: initialize from command line() 
core.pack.pack_rotamers: built 946 rotamers at 75 positions.
core.pack.interaction_graph.interaction_graph_factory: Instantiating DensePDInteractionGraph
protocols.relax.FastRelax: CMD: repack  -195.883  0.00942886  0.00942886  0.55
core.optimization.Minimizer: [ WARNING ] LBFGS MAX CYCLES 1 EXCEEDED, BUT FUNC NOT CONVERGED!
protocols.relax.FastRelax: CMD: min  -202.402  0.0104161  0.0104161  0.55
protocols.relax.FastRelax: MRP: 1  -202.402  -202.402  0.0104161  0.0104161  
protocols.relax.FastRelax: CMD: accept_to_best  -202.402  0.0104161  0.0104161  0.55
protocols.relax.FastRelax: CMD: endrepeat  -202.402  0.0104161  0.0104161  0.55
protocols.relax.FastRelax: CMD: coord_cst_weight  -202.402  0.0104161  0.0104161  0.55
protocols.relax.FastRelax: CMD: scale:fa_rep  -265.888  0.0104161  0.0104161  0.022
core.pack.task: Packer task: initialize from command line() 
core.pack.pack_rotamers: built 1075 rotamers at 75 positions.
core.pack.interaction_graph.interaction_graph_factory: Instantiating DensePDInteractionGraph
protocols.relax.FastRelax: CMD: repack  -270.895  0.0104161  0.0104161  0.022
protocols.relax.FastRelax: CMD: scale:fa_rep  -268.961  0.0104161  0.0104161  0.02805
core.optimization.Minimizer: [ WARNING ] LBFGS MAX CYCLES 1 EXCEEDED, BUT FUNC NOT CONVERGED!
protocols.relax.FastRelax: CMD: min  -271.098  0.0107996  0.0107996  0.02805
protocols.relax.FastRelax: CMD: coord_cst_weight  -271.098  0.0107996  0.0107996  0.02805
protocols.relax.FastRelax: CMD: scale:fa_rep  -234.095  0.0107996  0.0107996  0.14575
core.pack.task: Packer task: initialize from command line() 
core.pack.pack_rotamers: built 1010 rotamers at 75 positions.
core.pack.interaction_graph.interaction_graph_factory: Instantiating DensePDInteractionGraph
protocols.relax.FastRelax: CMD: repack  -251.515  0.0107996  0.0107996  0.14575
protocols.relax.FastRelax: CMD: scale:fa_rep  -250.359  0.0107996  0.0107996  0.154
core.optimization.Minimizer: [ WARNING ] LBFGS MAX CYCLES 1 EXCEEDED, BUT FUNC NOT CONVERGED!
protocols.relax.FastRelax: CMD: min  -250.929  0.0112714  0.0112714  0.154
protocols.relax.FastRelax: CMD: coord_cst_weight  -250.929  0.0112714  0.0112714  0.154
protocols.relax.FastRelax: CMD: scale:fa_rep  -229.905  0.0112714  0.0112714  0.30745
core.pack.task: Packer task: initialize from command line() 
core.pack.pack_rotamers: built 984 rotamers at 75 positions.
core.pack.interaction_graph.interaction_graph_factory: Instantiating DensePDInteractionGraph
protocols.relax.FastRelax: CMD: repack  -230.093  0.0112714  0.0112714  0.30745
protocols.relax.FastRelax: CMD: scale:fa_rep  -228.444  0.0112714  0.0112714  0.31955
core.optimization.Minimizer: [ WARNING ] LBFGS MAX CYCLES 1 EXCEEDED, BUT FUNC NOT CONVERGED!
protocols.relax.FastRelax: CMD: min  -230.154  0.0108495  0.0108495  0.31955
protocols.relax.FastRelax: CMD: coord_cst_weight  -230.154  0.0108495  0.0108495  0.31955
protocols.relax.FastRelax: CMD: scale:fa_rep  -199.159  0.0108495  0.0108495  0.55
core.pack.task: Packer task: initialize from command line() 
core.pack.pack_rotamers: built 947 rotamers at 75 positions.
core.pack.interaction_graph.interaction_graph_factory: Instantiating DensePDInteractionGraph
protocols.relax.FastRelax: CMD: repack  -199.453  0.0108495  0.0108495  0.55
core.optimization.Minimizer: [ WARNING ] LBFGS MAX CYCLES 1 EXCEEDED, BUT FUNC NOT CONVERGED!
protocols.relax.FastRelax: CMD: min  -204.585  0.0115403  0.0115403  0.55
protocols.relax.FastRelax: MRP: 2  -204.585  -204.585  0.0115403  0.0115403  
protocols.relax.FastRelax: CMD: accept_to_best  -204.585  0.0115403  0.0115403  0.55
protocols.relax.FastRelax: CMD: endrepeat  -204.585  0.0115403  0.0115403  0.55
protocols.relax.FastRelax: CMD: coord_cst_weight  -204.585  0.0115403  0.0115403  0.55
protocols.relax.FastRelax: CMD: scale:fa_rep  -267.14  0.0115403  0.0115403  0.022
core.pack.task: Packer task: initialize from command line() 
core.pack.pack_rotamers: built 1071 rotamers at 75 positions.
core.pack.interaction_graph.interaction_graph_factory: Instantiating DensePDInteractionGraph
protocols.relax.FastRelax: CMD: repack  -272.281  0.0115403  0.0115403  0.022
protocols.relax.FastRelax: CMD: scale:fa_rep  -270.421  0.0115403  0.0115403  0.02805
core.optimization.Minimizer: [ WARNING ] LBFGS MAX CYCLES 1 EXCEEDED, BUT FUNC NOT CONVERGED!
protocols.relax.FastRelax: CMD: min  -271.925  0.0124611  0.0124611  0.02805
protocols.relax.FastRelax: CMD: coord_cst_weight  -271.925  0.0124611  0.0124611  0.02805
protocols.relax.FastRelax: CMD: scale:fa_rep  -236.278  0.0124611  0.0124611  0.14575
core.pack.task: Packer task: initialize from command line() 
core.pack.pack_rotamers: built 1011 rotamers at 75 positions.
core.pack.interaction_graph.interaction_graph_factory: Instantiating DensePDInteractionGraph
protocols.relax.FastRelax: CMD: repack  -251.933  0.0124611  0.0124611  0.14575
protocols.relax.FastRelax: CMD: scale:fa_rep  -250.767  0.0124611  0.0124611  0.154
core.optimization.Minimizer: [ WARNING ] LBFGS MAX CYCLES 1 EXCEEDED, BUT FUNC NOT CONVERGED!
protocols.relax.FastRelax: CMD: min  -252.12  0.0120078  0.0120078  0.154
protocols.relax.FastRelax: CMD: coord_cst_weight  -252.12  0.0120078  0.0120078  0.154
protocols.relax.FastRelax: CMD: scale:fa_rep  -230.56  0.0120078  0.0120078  0.30745
core.pack.task: Packer task: initialize from command line() 
core.pack.pack_rotamers: built 987 rotamers at 75 positions.
core.pack.interaction_graph.interaction_graph_factory: Instantiating DensePDInteractionGraph
protocols.relax.FastRelax: CMD: repack  -230.582  0.0120078  0.0120078  0.30745
protocols.relax.FastRelax: CMD: scale:fa_rep  -228.883  0.0120078  0.0120078  0.31955
core.optimization.Minimizer: [ WARNING ] LBFGS MAX CYCLES 1 EXCEEDED, BUT FUNC NOT CONVERGED!
protocols.relax.FastRelax: CMD: min  -231.222  0.0123166  0.0123166  0.31955
protocols.relax.FastRelax: CMD: coord_cst_weight  -231.222  0.0123166  0.0123166  0.31955
protocols.relax.FastRelax: CMD: scale:fa_rep  -201.007  0.0123166  0.0123166  0.55
core.pack.task: Packer task: initialize from command line() 
core.pack.pack_rotamers: built 947 rotamers at 75 positions.
core.pack.interaction_graph.interaction_graph_factory: Instantiating DensePDInteractionGraph
protocols.relax.FastRelax: CMD: repack  -201.456  0.0123166  0.0123166  0.55
core.optimization.Minimizer: [ WARNING ] LBFGS MAX CYCLES 1 EXCEEDED, BUT FUNC NOT CONVERGED!
protocols.relax.FastRelax: CMD: min  -205.015  0.0135821  0.0135821  0.55
protocols.relax.FastRelax: MRP: 3  -205.015  -205.015  0.0135821  0.0135821  
protocols.relax.FastRelax: CMD: accept_to_best  -205.015  0.0135821  0.0135821  0.55
protocols.relax.FastRelax: CMD: endrepeat  -205.015  0.0135821  0.0135821  0.55
protocols.relax.FastRelax: CMD: coord_cst_weight  -205.015  0.0135821  0.0135821  0.55
protocols.relax.FastRelax: CMD: scale:fa_rep  -267.243  0.0135821  0.0135821  0.022
core.pack.task: Packer task: initialize from command line() 
core.pack.pack_rotamers: built 1094 rotamers at 75 positions.
core.pack.interaction_graph.interaction_graph_factory: Instantiating DensePDInteractionGraph
protocols.relax.FastRelax: CMD: repack  -272.188  0.0135821  0.0135821  0.022
protocols.relax.FastRelax: CMD: scale:fa_rep  -270.263  0.0135821  0.0135821  0.02805
core.optimization.Minimizer: [ WARNING ] LBFGS MAX CYCLES 1 EXCEEDED, BUT FUNC NOT CONVERGED!
protocols.relax.FastRelax: CMD: min  -271.663  0.0134107  0.0134107  0.02805
protocols.relax.FastRelax: CMD: coord_cst_weight  -271.663  0.0134107  0.0134107  0.02805
protocols.relax.FastRelax: CMD: scale:fa_rep  -234.4  0.0134107  0.0134107  0.14575
core.pack.task: Packer task: initialize from command line() 
core.pack.pack_rotamers: built 1009 rotamers at 75 positions.
core.pack.interaction_graph.interaction_graph_factory: Instantiating DensePDInteractionGraph
protocols.relax.FastRelax: CMD: repack  -252.502  0.0134107  0.0134107  0.14575
protocols.relax.FastRelax: CMD: scale:fa_rep  -251.368  0.0134107  0.0134107  0.154
core.optimization.Minimizer: [ WARNING ] LBFGS MAX CYCLES 1 EXCEEDED, BUT FUNC NOT CONVERGED!
protocols.relax.FastRelax: CMD: min  -252.395  0.013816  0.013816  0.154
protocols.relax.FastRelax: CMD: coord_cst_weight  -252.395  0.013816  0.013816  0.154
protocols.relax.FastRelax: CMD: scale:fa_rep  -231.398  0.013816  0.013816  0.30745
core.pack.task: Packer task: initialize from command line() 
core.pack.pack_rotamers: built 981 rotamers at 75 positions.
core.pack.interaction_graph.interaction_graph_factory: Instantiating DensePDInteractionGraph
protocols.relax.FastRelax: CMD: repack  -231.414  0.013816  0.013816  0.30745
protocols.relax.FastRelax: CMD: scale:fa_rep  -229.758  0.013816  0.013816  0.31955
core.optimization.Minimizer: [ WARNING ] LBFGS MAX CYCLES 1 EXCEEDED, BUT FUNC NOT CONVERGED!
protocols.relax.FastRelax: CMD: min  -230.769  0.0149362  0.0149362  0.31955
protocols.relax.FastRelax: CMD: coord_cst_weight  -230.769  0.0149362  0.0149362  0.31955
protocols.relax.FastRelax: CMD: scale:fa_rep  -200.857  0.0149362  0.0149362  0.55
core.pack.task: Packer task: initialize from command line() 
core.pack.pack_rotamers: built 954 rotamers at 75 positions.
core.pack.interaction_graph.interaction_graph_factory: Instantiating DensePDInteractionGraph
protocols.relax.FastRelax: CMD: repack  -201.257  0.0149362  0.0149362  0.55
core.optimization.Minimizer: [ WARNING ] LBFGS MAX CYCLES 1 EXCEEDED, BUT FUNC NOT CONVERGED!
protocols.relax.FastRelax: CMD: min  -202.672  0.0158485  0.0158485  0.55
protocols.relax.FastRelax: MRP: 4  -202.672  -205.015  0.0135821  0.0135821  
protocols.relax.FastRelax: CMD: accept_to_best  -202.672  0.0158485  0.0158485  0.55
protocols.relax.FastRelax: CMD: endrepeat  -202.672  0.0158485  0.0158485  0.55
protocols.relax.FastRelax: CMD: coord_cst_weight  -202.672  0.0158485  0.0158485  0.55
protocols.relax.FastRelax: CMD: scale:fa_rep  -264.51  0.0158485  0.0158485  0.022
core.pack.task: Packer task: initialize from command line() 
core.pack.pack_rotamers: built 1069 rotamers at 75 positions.
core.pack.interaction_graph.interaction_graph_factory: Instantiating DensePDInteractionGraph
protocols.relax.FastRelax: CMD: repack  -269.419  0.0158485  0.0158485  0.022
protocols.relax.FastRelax: CMD: scale:fa_rep  -267.596  0.0158485  0.0158485  0.02805
core.optimization.Minimizer: [ WARNING ] LBFGS MAX CYCLES 1 EXCEEDED, BUT FUNC NOT CONVERGED!
protocols.relax.FastRelax: CMD: min  -271.304  0.0152362  0.0152362  0.02805
protocols.relax.FastRelax: CMD: coord_cst_weight  -271.304  0.0152362  0.0152362  0.02805
protocols.relax.FastRelax: CMD: scale:fa_rep  -235.998  0.0152362  0.0152362  0.14575
core.pack.task: Packer task: initialize from command line() 
core.pack.pack_rotamers: built 1005 rotamers at 75 positions.
core.pack.interaction_graph.interaction_graph_factory: Instantiating DensePDInteractionGraph
protocols.relax.FastRelax: CMD: repack  -252.381  0.0152362  0.0152362  0.14575
protocols.relax.FastRelax: CMD: scale:fa_rep  -251.249  0.0152362  0.0152362  0.154
core.optimization.Minimizer: [ WARNING ] LBFGS MAX CYCLES 1 EXCEEDED, BUT FUNC NOT CONVERGED!
protocols.relax.FastRelax: CMD: min  -252.219  0.0158119  0.0158119  0.154
protocols.relax.FastRelax: CMD: coord_cst_weight  -252.219  0.0158119  0.0158119  0.154
protocols.relax.FastRelax: CMD: scale:fa_rep  -231.244  0.0158119  0.0158119  0.30745
core.pack.task: Packer task: initialize from command line() 
core.pack.pack_rotamers: built 985 rotamers at 75 positions.
core.pack.interaction_graph.interaction_graph_factory: Instantiating DensePDInteractionGraph
protocols.relax.FastRelax: CMD: repack  -231.437  0.0158119  0.0158119  0.30745
protocols.relax.FastRelax: CMD: scale:fa_rep  -229.783  0.0158119  0.0158119  0.31955
core.optimization.Minimizer: [ WARNING ] LBFGS MAX CYCLES 1 EXCEEDED, BUT FUNC NOT CONVERGED!
protocols.relax.FastRelax: CMD: min  -230.944  0.0158045  0.0158045  0.31955
protocols.relax.FastRelax: CMD: coord_cst_weight  -230.944  0.0158045  0.0158045  0.31955
protocols.relax.FastRelax: CMD: scale:fa_rep  -199.861  0.0158045  0.0158045  0.55
core.pack.task: Packer task: initialize from command line() 
core.pack.pack_rotamers: built 949 rotamers at 75 positions.
core.pack.interaction_graph.interaction_graph_factory: Instantiating DensePDInteractionGraph
protocols.relax.FastRelax: CMD: repack  -200.47  0.0158045  0.0158045  0.55
core.optimization.Minimizer: [ WARNING ] LBFGS MAX CYCLES 1 EXCEEDED, BUT FUNC NOT CONVERGED!
protocols.relax.FastRelax: CMD: min  -205.246  0.0165052  0.0165052  0.55
protocols.relax.FastRelax: MRP: 5  -205.246  -205.246  0.0165052  0.0165052  
protocols.relax.FastRelax: CMD: accept_to_best  -205.246  0.0165052  0.0165052  0.55
protocols.relax.FastRelax: CMD: endrepeat  -205.246  0.0165052  0.0165052  0.55
protocols.relax.FastRelax: CMD: coord_cst_weight  -205.246  0.0165052  0.0165052  0.55
protocols.relax.FastRelax: CMD: scale:fa_rep  -267.833  0.0165052  0.0165052  0.022
core.pack.task: Packer task: initialize from command line() 
core.pack.pack_rotamers: built 1069 rotamers at 75 positions.
core.pack.interaction_graph.interaction_graph_factory: Instantiating DensePDInteractionGraph
protocols.relax.FastRelax: CMD: repack  -272.471  0.0165052  0.0165052  0.022
protocols.relax.FastRelax: CMD: scale:fa_rep  -270.32  0.0165052  0.0165052  0.02805
core.optimization.Minimizer: [ WARNING ] LBFGS MAX CYCLES 1 EXCEEDED, BUT FUNC NOT CONVERGED!
protocols.relax.FastRelax: CMD: min  -272.007  0.0179444  0.0179444  0.02805
protocols.relax.FastRelax: CMD: coord_cst_weight  -272.007  0.0179444  0.0179444  0.02805
protocols.relax.FastRelax: CMD: scale:fa_rep  -231.263  0.0179444  0.0179444  0.14575
core.pack.task: Packer task: initialize from command line() 
core.pack.pack_rotamers: built 1008 rotamers at 75 positions.
core.pack.interaction_graph.interaction_graph_factory: Instantiating DensePDInteractionGraph
protocols.relax.FastRelax: CMD: repack  -251.896  0.0179444  0.0179444  0.14575
protocols.relax.FastRelax: CMD: scale:fa_rep  -250.727  0.0179444  0.0179444  0.154
core.optimization.Minimizer: [ WARNING ] LBFGS MAX CYCLES 1 EXCEEDED, BUT FUNC NOT CONVERGED!
protocols.relax.FastRelax: CMD: min  -252.408  0.0174885  0.0174885  0.154
protocols.relax.FastRelax: CMD: coord_cst_weight  -252.408  0.0174885  0.0174885  0.154
protocols.relax.FastRelax: CMD: scale:fa_rep  -230.804  0.0174885  0.0174885  0.30745
core.pack.task: Packer task: initialize from command line() 
core.pack.pack_rotamers: built 987 rotamers at 75 positions.
core.pack.interaction_graph.interaction_graph_factory: Instantiating DensePDInteractionGraph
protocols.relax.FastRelax: CMD: repack  -230.964  0.0174885  0.0174885  0.30745
protocols.relax.FastRelax: CMD: scale:fa_rep  -229.279  0.0174885  0.0174885  0.31955
core.optimization.Minimizer: [ WARNING ] LBFGS MAX CYCLES 1 EXCEEDED, BUT FUNC NOT CONVERGED!
protocols.relax.FastRelax: CMD: min  -231.351  0.0175799  0.0175799  0.31955
protocols.relax.FastRelax: CMD: coord_cst_weight  -231.351  0.0175799  0.0175799  0.31955
protocols.relax.FastRelax: CMD: scale:fa_rep  -201.274  0.0175799  0.0175799  0.55
core.pack.task: Packer task: initialize from command line() 
core.pack.pack_rotamers: built 947 rotamers at 75 positions.
core.pack.interaction_graph.interaction_graph_factory: Instantiating DensePDInteractionGraph
protocols.relax.FastRelax: CMD: repack  -201.566  0.0175799  0.0175799  0.55
core.optimization.Minimizer: [ WARNING ] LBFGS MAX CYCLES 1 EXCEEDED, BUT FUNC NOT CONVERGED!
protocols.relax.FastRelax: CMD: min  -204.548  0.0192045  0.0192045  0.55
protocols.relax.FastRelax: MRP: 6  -204.548  -205.246  0.0165052  0.0165052  
protocols.relax.FastRelax: CMD: accept_to_best  -204.548  0.0192045  0.0192045  0.55
protocols.relax.FastRelax: CMD: endrepeat  -204.548  0.0192045  0.0192045  0.55
protocols.relax.FastRelax: CMD: coord_cst_weight  -204.548  0.0192045  0.0192045  0.55
protocols.relax.FastRelax: CMD: scale:fa_rep  -267.015  0.0192045  0.0192045  0.022
core.pack.task: Packer task: initialize from command line() 
core.pack.pack_rotamers: built 1095 rotamers at 75 positions.
core.pack.interaction_graph.interaction_graph_factory: Instantiating DensePDInteractionGraph
protocols.relax.FastRelax: CMD: repack  -272.702  0.0192045  0.0192045  0.022
protocols.relax.FastRelax: CMD: scale:fa_rep  -270.331  0.0192045  0.0192045  0.02805
core.optimization.Minimizer: [ WARNING ] LBFGS MAX CYCLES 1 EXCEEDED, BUT FUNC NOT CONVERGED!
protocols.relax.FastRelax: CMD: min  -271.801  0.0191452  0.0191452  0.02805
protocols.relax.FastRelax: CMD: coord_cst_weight  -271.801  0.0191452  0.0191452  0.02805
protocols.relax.FastRelax: CMD: scale:fa_rep  -225.933  0.0191452  0.0191452  0.14575
core.pack.task: Packer task: initialize from command line() 
core.pack.pack_rotamers: built 1008 rotamers at 75 positions.
core.pack.interaction_graph.interaction_graph_factory: Instantiating DensePDInteractionGraph
protocols.relax.FastRelax: CMD: repack  -249.686  0.0191452  0.0191452  0.14575
protocols.relax.FastRelax: CMD: scale:fa_rep  -248.358  0.0191452  0.0191452  0.154
core.optimization.Minimizer: [ WARNING ] LBFGS MAX CYCLES 1 EXCEEDED, BUT FUNC NOT CONVERGED!
protocols.relax.FastRelax: CMD: min  -249.867  0.0195423  0.0195423  0.154
protocols.relax.FastRelax: CMD: coord_cst_weight  -249.867  0.0195423  0.0195423  0.154
protocols.relax.FastRelax: CMD: scale:fa_rep  -225.926  0.0195423  0.0195423  0.30745
core.pack.task: Packer task: initialize from command line() 
core.pack.pack_rotamers: built 982 rotamers at 75 positions.
core.pack.interaction_graph.interaction_graph_factory: Instantiating DensePDInteractionGraph
protocols.relax.FastRelax: CMD: repack  -225.972  0.0195423  0.0195423  0.30745
protocols.relax.FastRelax: CMD: scale:fa_rep  -224.085  0.0195423  0.0195423  0.31955
core.optimization.Minimizer: [ WARNING ] LBFGS MAX CYCLES 1 EXCEEDED, BUT FUNC NOT CONVERGED!
protocols.relax.FastRelax: CMD: min  -226.25  0.0207537  0.0207537  0.31955
protocols.relax.FastRelax: CMD: coord_cst_weight  -226.25  0.0207537  0.0207537  0.31955
protocols.relax.FastRelax: CMD: scale:fa_rep  -193.542  0.0207537  0.0207537  0.55
core.pack.task: Packer task: initialize from command line() 
core.pack.pack_rotamers: built 954 rotamers at 75 positions.
core.pack.interaction_graph.interaction_graph_factory: Instantiating DensePDInteractionGraph
protocols.relax.FastRelax: CMD: repack  -194.206  0.0207537  0.0207537  0.55
core.optimization.Minimizer: [ WARNING ] LBFGS MAX CYCLES 1 EXCEEDED, BUT FUNC NOT CONVERGED!
protocols.relax.FastRelax: CMD: min  -197.659  0.0204223  0.0204223  0.55
protocols.relax.FastRelax: MRP: 7  -197.659  -205.246  0.0165052  0.0165052  
protocols.relax.FastRelax: CMD: accept_to_best  -197.659  0.0204223  0.0204223  0.55
protocols.relax.FastRelax: CMD: endrepeat  -197.659  0.0204223  0.0204223  0.55
protocols.relax.FastRelax: CMD: coord_cst_weight  -197.659  0.0204223  0.0204223  0.55
protocols.relax.FastRelax: CMD: scale:fa_rep  -268.891  0.0204223  0.0204223  0.022
core.pack.task: Packer task: initialize from command line() 
core.pack.pack_rotamers: built 1076 rotamers at 75 positions.
core.pack.interaction_graph.interaction_graph_factory: Instantiating DensePDInteractionGraph
protocols.relax.FastRelax: CMD: repack  -274.213  0.0204223  0.0204223  0.022
protocols.relax.FastRelax: CMD: scale:fa_rep  -272.158  0.0204223  0.0204223  0.02805
core.optimization.Minimizer: [ WARNING ] LBFGS MAX CYCLES 1 EXCEEDED, BUT FUNC NOT CONVERGED!
protocols.relax.FastRelax: CMD: min  -273.696  0.0210968  0.0210968  0.02805
protocols.relax.FastRelax: CMD: coord_cst_weight  -273.696  0.0210968  0.0210968  0.02805
protocols.relax.FastRelax: CMD: scale:fa_rep  -234.386  0.0210968  0.0210968  0.14575
core.pack.task: Packer task: initialize from command line() 
core.pack.pack_rotamers: built 1009 rotamers at 75 positions.
core.pack.interaction_graph.interaction_graph_factory: Instantiating DensePDInteractionGraph
protocols.relax.FastRelax: CMD: repack  -250.7  0.0210968  0.0210968  0.14575
protocols.relax.FastRelax: CMD: scale:fa_rep  -249.337  0.0210968  0.0210968  0.154
core.optimization.Minimizer: [ WARNING ] LBFGS MAX CYCLES 1 EXCEEDED, BUT FUNC NOT CONVERGED!
protocols.relax.FastRelax: CMD: min  -249.868  0.0210637  0.0210637  0.154
protocols.relax.FastRelax: CMD: coord_cst_weight  -249.868  0.0210637  0.0210637  0.154
protocols.relax.FastRelax: CMD: scale:fa_rep  -225.725  0.0210637  0.0210637  0.30745
core.pack.task: Packer task: initialize from command line() 
core.pack.pack_rotamers: built 983 rotamers at 75 positions.
core.pack.interaction_graph.interaction_graph_factory: Instantiating DensePDInteractionGraph
protocols.relax.FastRelax: CMD: repack  -225.785  0.0210637  0.0210637  0.30745
protocols.relax.FastRelax: CMD: scale:fa_rep  -223.884  0.0210637  0.0210637  0.31955
core.optimization.Minimizer: [ WARNING ] LBFGS MAX CYCLES 1 EXCEEDED, BUT FUNC NOT CONVERGED!
protocols.relax.FastRelax: CMD: min  -226.387  0.0211122  0.0211122  0.31955
protocols.relax.FastRelax: CMD: coord_cst_weight  -226.387  0.0211122  0.0211122  0.31955
protocols.relax.FastRelax: CMD: scale:fa_rep  -191.039  0.0211122  0.0211122  0.55
core.pack.task: Packer task: initialize from command line() 
core.pack.pack_rotamers: built 951 rotamers at 75 positions.
core.pack.interaction_graph.interaction_graph_factory: Instantiating DensePDInteractionGraph
protocols.relax.FastRelax: CMD: repack  -191.561  0.0211122  0.0211122  0.55
core.optimization.Minimizer: [ WARNING ] LBFGS MAX CYCLES 1 EXCEEDED, BUT FUNC NOT CONVERGED!
protocols.relax.FastRelax: CMD: min  -199.446  0.0220038  0.0220038  0.55
protocols.relax.FastRelax: MRP: 8  -199.446  -205.246  0.0165052  0.0165052  
protocols.relax.FastRelax: CMD: accept_to_best  -199.446  0.0220038  0.0220038  0.55
protocols.relax.FastRelax: CMD: endrepeat  -199.446  0.0220038  0.0220038  0.55
protocols.relax.FastRelax: CMD: coord_cst_weight  -199.446  0.0220038  0.0220038  0.55
protocols.relax.FastRelax: CMD: scale:fa_rep  -267.616  0.0220038  0.0220038  0.022
core.pack.task: Packer task: initialize from command line() 
core.pack.pack_rotamers: built 1074 rotamers at 75 positions.
core.pack.interaction_graph.interaction_graph_factory: Instantiating DensePDInteractionGraph
protocols.relax.FastRelax: CMD: repack  -273.683  0.0220038  0.0220038  0.022
protocols.relax.FastRelax: CMD: scale:fa_rep  -271.665  0.0220038  0.0220038  0.02805
core.optimization.Minimizer: [ WARNING ] LBFGS MAX CYCLES 1 EXCEEDED, BUT FUNC NOT CONVERGED!
protocols.relax.FastRelax: CMD: min  -272.39  0.0233912  0.0233912  0.02805
protocols.relax.FastRelax: CMD: coord_cst_weight  -272.39  0.0233912  0.0233912  0.02805
protocols.relax.FastRelax: CMD: scale:fa_rep  -233.639  0.0233912  0.0233912  0.14575
core.pack.task: Packer task: initialize from command line() 
core.pack.pack_rotamers: built 1007 rotamers at 75 positions.
core.pack.interaction_graph.interaction_graph_factory: Instantiating DensePDInteractionGraph
protocols.relax.FastRelax: CMD: repack  -248.346  0.0233912  0.0233912  0.14575
protocols.relax.FastRelax: CMD: scale:fa_rep  -246.927  0.0233912  0.0233912  0.154
core.optimization.Minimizer: [ WARNING ] LBFGS MAX CYCLES 1 EXCEEDED, BUT FUNC NOT CONVERGED!
protocols.relax.FastRelax: CMD: min  -249.505  0.0230152  0.0230152  0.154
protocols.relax.FastRelax: CMD: coord_cst_weight  -249.505  0.0230152  0.0230152  0.154
protocols.relax.FastRelax: CMD: scale:fa_rep  -223.47  0.0230152  0.0230152  0.30745
core.pack.task: Packer task: initialize from command line() 
core.pack.pack_rotamers: built 986 rotamers at 75 positions.
core.pack.interaction_graph.interaction_graph_factory: Instantiating DensePDInteractionGraph
protocols.relax.FastRelax: CMD: repack  -223.5  0.0230152  0.0230152  0.30745
protocols.relax.FastRelax: CMD: scale:fa_rep  -221.449  0.0230152  0.0230152  0.31955
core.optimization.Minimizer: [ WARNING ] LBFGS MAX CYCLES 1 EXCEEDED, BUT FUNC NOT CONVERGED!
protocols.relax.FastRelax: CMD: min  -226.35  0.023128  0.023128  0.31955
protocols.relax.FastRelax: CMD: coord_cst_weight  -226.35  0.023128  0.023128  0.31955
protocols.relax.FastRelax: CMD: scale:fa_rep  -192.099  0.023128  0.023128  0.55
core.pack.task: Packer task: initialize from command line() 
core.pack.pack_rotamers: built 948 rotamers at 75 positions.
core.pack.interaction_graph.interaction_graph_factory: Instantiating DensePDInteractionGraph
protocols.relax.FastRelax: CMD: repack  -192.429  0.023128  0.023128  0.55
core.optimization.Minimizer: [ WARNING ] LBFGS MAX CYCLES 1 EXCEEDED, BUT FUNC NOT CONVERGED!
protocols.relax.FastRelax: CMD: min  -197.292  0.024814  0.024814  0.55
protocols.relax.FastRelax: MRP: 9  -197.292  -205.246  0.0165052  0.0165052  
protocols.relax.FastRelax: CMD: accept_to_best  -197.292  0.024814  0.024814  0.55
protocols.relax.FastRelax: CMD: endrepeat  -197.292  0.024814  0.024814  0.55
protocols::checkpoint: Deleting checkpoints of FastRelax
protocols.rosetta_scripts.ParsedProtocol: setting status to success
protocols.jd2.JobDistributor: flags_relax_default_max_cycles_structure_0001 reported success in 16 seconds
protocols.jd2.JobDistributor: no more batches to process... 
protocols.jd2.JobDistributor: 1 jobs considered, 1 jobs attempted in 16 seconds
basic.citation_manager.CitationManager: 
The following Rosetta modules were used during this run of Rosetta, and should be cited:

rosetta_scripts Application's citation(s):
Fleishman SJ, Leaver-Fay A, Corn JE, Strauch E-M, Khare SD, Koga N, Ashworth J, Murphy P, Richter F, Lemmon G, Meiler J, and Baker D.  (2011).  RosettaScripts: A Scripting Language Interface to the Rosetta Macromolecular Modeling Suite.  PLoS ONE 6(6):e20161.  doi: 10.1371/journal.pone.0020161.

FastRelax Mover's citation(s):
*Tyka MD, *Keedy DA, André I, Dimaio F, Song Y, Richardson DC, Richardson JS, and Baker D.  (2011).  Alternate states of proteins revealed by detailed energy landscape mapping.  J Mol Biol 405(2):607-18.  doi: 10.1016/j.jmb.2010.11.008.  (*Co-primary authors.)

Khatib F, Cooper S, Tyka MD, Xu K, Makedon I, Popovic Z, Baker D, and Players F.  (2011).  Algorithm discovery by protein folding game players.  Proc Natl Acad Sci USA 108(47):18949-53.  doi: 10.1073/pnas.1115898108.

Maguire JB, Haddox HK, Strickland D, Halabiya SF, Coventry B, Griffin JR, Pulavarti SVSRK, Cummins M, Thieker DF, Klavins E, Szyperski T, DiMaio F, Baker D, and Kuhlman B.  (2021).  Perturbing the energy landscape for improved packing during computational protein design.  Proteins 89(4):436-449.  doi: 10.1002/prot.26030.


