********  (C) Copyright Rosetta Commons Member Institutions.  ***************
* Use of Rosetta for commercial purposes may require purchase of a license. *
********  See LICENSE.md or email license@uw.edu for more details. **********
core.init: Checking for fconfig files in pwd and ./rosetta/flags 
core.init: Rosetta version: 2025.37+HEAD.df75a9c48e df75a9c48e763e52a7aa3f5dfba077f4da88dbf5 https://github.com/RosettaCommons/rosetta.git 2025-09-03T12:23:30
core.init: Rosetta extras: []
core.init: command: rosetta_scripts @flags_relax_restrict_backbone_1000_no_cart
basic.random.init_random_generator: 'RNG device' seed mode, using '/dev/urandom', seed=1380307208 seed_offset=0 real_seed=1380307208
basic.random.init_random_generator: RandomGenerator:init: Normal mode, seed=1380307208 RG_type=mt19937
core.init: found database environment variable ROSETTA3_DB: /usr/local/database
protocols.jd2.PDBJobInputter: Instantiate PDBJobInputter
protocols.jd2.PDBJobInputter: PDBJobInputter::fill_jobs
protocols.jd2.PDBJobInputter: pushed structure.pdb nstruct index 1
protocols.evaluation.ChiWellRmsdEvaluatorCreator: Evaluation Creator active ... 
protocols.jd2.PDBJobInputter: PDBJobInputter::pose_from_job
protocols.jd2.PDBJobInputter: filling pose from PDB structure.pdb
core.chemical.GlobalResidueTypeSet: Finished initializing fa_standard residue type set.  Created 985 residue types
core.chemical.GlobalResidueTypeSet: Total time to initialize 0.542994 seconds.
core.import_pose.import_pose: File 'structure.pdb' automatically determined to be of type PDB from contents.
protocols.rosetta_scripts.RosettaScriptsParser: dock_design_filename=relax_v5_1000_no_cart.xml
protocols.rosetta_scripts.RosettaScriptsParser: Validating input script...
protocols.rosetta_scripts.RosettaScriptsSchemaValidator: Generating XML Schema for rosetta_scripts...
protocols.rosetta_scripts.RosettaScriptsSchemaValidator: ...done
protocols.rosetta_scripts.RosettaScriptsSchemaValidator: Initializing schema validator...
protocols.rosetta_scripts.RosettaScriptsSchemaValidator: ...done
protocols.rosetta_scripts.RosettaScriptsParser: ...done
protocols.rosetta_scripts.RosettaScriptsParser: Parsed script:
<ROSETTASCRIPTS>
	<SCOREFXNS>
		<ScoreFunction name="beta_sf" weights="beta_nov16"/>
	</SCOREFXNS>
	<RESIDUE_SELECTORS>
		<Neighborhood distance="1000" name="surrounding" resnums="55"/>
		<Not name="rest" selector="surrounding"/>
	</RESIDUE_SELECTORS>
	<MOVE_MAP_FACTORIES>
		<MoveMapFactory bb="0" chi="0" name="local_mm">
			<Backbone enable="true" residue_selector="surrounding"/>
			<Chi enable="true" residue_selector="surrounding"/>
		</MoveMapFactory>
	</MOVE_MAP_FACTORIES>
	<MOVERS>
		<MutateResidue name="mutant" new_res="ALA" target="55A"/>
		<FastRelax disable_design="true" movemap_factory="local_mm" name="relax" repeats="10" scorefxn="beta_sf"/>
	</MOVERS>
	<PROTOCOLS>
		<Add mover_name="mutant"/>
		<Add mover_name="relax"/>
	</PROTOCOLS>
	<OUTPUT scorefxn="beta_sf"/>
</ROSETTASCRIPTS>
core.scoring.ScoreFunctionFactory: SCOREFUNCTION: beta_nov16.wts
core.scoring.etable: Starting energy table calculation
core.scoring.etable: smooth_etable: changing atr/rep split to bottom of energy well
core.scoring.etable: smooth_etable: spline smoothing lj etables (maxdis = 6)
core.scoring.etable: smooth_etable: spline smoothing solvation etables (max_dis = 6)
core.scoring.etable: Finished calculating energy tables.
basic.io.database: Database file opened: scoring/score_functions/hbonds/ref2015_params/HBPoly1D.csv
basic.io.database: Database file opened: scoring/score_functions/hbonds/ref2015_params/HBFadeIntervals.csv
basic.io.database: Database file opened: scoring/score_functions/hbonds/ref2015_params/HBEval.csv
basic.io.database: Database file opened: scoring/score_functions/hbonds/ref2015_params/DonStrength.csv
basic.io.database: Database file opened: scoring/score_functions/hbonds/ref2015_params/AccStrength.csv
basic.io.database: Database file opened: scoring/score_functions/rama/fd_beta_nov2016/all.ramaProb
basic.io.database: Database file opened: scoring/score_functions/rama/fd_beta_nov2016/prepro.ramaProb
basic.io.database: Database file opened: scoring/score_functions/omega/omega_ppdep.all.txt
basic.io.database: Database file opened: scoring/score_functions/omega/omega_ppdep.gly.txt
basic.io.database: Database file opened: scoring/score_functions/omega/omega_ppdep.pro.txt
basic.io.database: Database file opened: scoring/score_functions/omega/omega_ppdep.valile.txt
basic.io.database: Database file opened: scoring/score_functions/P_AA_pp/P_AA
basic.io.database: Database file opened: scoring/score_functions/P_AA_pp/P_AA_n
core.scoring.P_AA: shapovalov_lib::shap_p_aa_pp_smooth_level of 1( aka low_smooth ) got activated.
basic.io.database: Database file opened: scoring/score_functions/P_AA_pp/shapovalov/10deg/kappa131/a20.prop
basic.io.database: Database file opened: scoring/score_functions/bondlength_bondangle/hydroxyl_torsion_preference.txt
core.scoring.etable: Starting energy table calculation
core.scoring.etable: smooth_etable: changing atr/rep split to bottom of energy well
core.scoring.etable: smooth_etable: spline smoothing lj etables (maxdis = 6)
core.scoring.etable: smooth_etable: spline smoothing solvation etables (max_dis = 6)
core.scoring.etable: Finished calculating energy tables.
basic.io.database: Database file opened: scoring/score_functions/PairEPotential/pdb_pair_stats_fine
basic.io.database: Database file opened: scoring/score_functions/InterchainPotential/interchain_env_log.txt
basic.io.database: Database file opened: scoring/score_functions/InterchainPotential/interchain_pair_log.txt
basic.io.database: Database file opened: scoring/score_functions/EnvPairPotential/env_log.txt
basic.io.database: Database file opened: scoring/score_functions/EnvPairPotential/cbeta_den.txt
basic.io.database: Database file opened: scoring/score_functions/EnvPairPotential/pair_log.txt
basic.io.database: Database file opened: scoring/score_functions/EnvPairPotential/cenpack_log.txt
core.scoring.ramachandran: shapovalov_lib::shap_rama_smooth_level of 4( aka highest_smooth ) got activated.
basic.io.database: Database file opened: scoring/score_functions/rama/shapovalov/kappa25/all.ramaProb
protocols.jd2.parser.ScoreFunctionLoader: defined score function "beta_sf" with weights "beta_nov16"
protocols.jd2.parser.MoveMapFactoryLoader: Defined MoveMap named "local_mm"
protocols.rosetta_scripts.RosettaScriptsParser: Defined mover named "mutant" of type MutateResidue
protocols.relax.RelaxScriptManager: Reading relax scripts list from database.
core.scoring.ScoreFunctionFactory: SCOREFUNCTION: beta_nov16.wts
protocols.relax.RelaxScriptManager: Looking for MonomerRelax2019.txt
protocols.relax.RelaxScriptManager: ================== Reading script file: /usr/local/database/sampling/relax_scripts/MonomerRelax2019.txt ==================
protocols.relax.RelaxScriptManager: repeat %%nrepeats%%
protocols.relax.RelaxScriptManager: coord_cst_weight 1.0
protocols.relax.RelaxScriptManager: scale:fa_rep 0.040
protocols.relax.RelaxScriptManager: repack
protocols.relax.RelaxScriptManager: scale:fa_rep 0.051
protocols.relax.RelaxScriptManager: min 0.01
protocols.relax.RelaxScriptManager: coord_cst_weight 0.5
protocols.relax.RelaxScriptManager: scale:fa_rep 0.265
protocols.relax.RelaxScriptManager: repack
protocols.relax.RelaxScriptManager: scale:fa_rep 0.280
protocols.relax.RelaxScriptManager: min 0.01
protocols.relax.RelaxScriptManager: coord_cst_weight 0.0
protocols.relax.RelaxScriptManager: scale:fa_rep 0.559
protocols.relax.RelaxScriptManager: repack
protocols.relax.RelaxScriptManager: scale:fa_rep 0.581
protocols.relax.RelaxScriptManager: min 0.01
protocols.relax.RelaxScriptManager: coord_cst_weight 0.0
protocols.relax.RelaxScriptManager: scale:fa_rep 1
protocols.relax.RelaxScriptManager: repack
protocols.relax.RelaxScriptManager: min 0.00001
protocols.relax.RelaxScriptManager: accept_to_best
protocols.relax.RelaxScriptManager: endrepeat
core.select.movemap.util: Found MoveMapFactory local_mm
protocols.rosetta_scripts.RosettaScriptsParser: Defined mover named "relax" of type FastRelax
protocols.rosetta_scripts.ParsedProtocol: ParsedProtocol mover with the following settings
protocols.rosetta_scripts.ParsedProtocol: Added mover "mutant"
protocols.rosetta_scripts.ParsedProtocol: Added mover "relax"
protocols.jd2.PDBJobInputter: PDBJobInputter::pose_from_job
protocols.jd2.PDBJobInputter: filling pose from saved copy structure.pdb
protocols.rosetta_scripts.ParsedProtocol: =======================BEGIN MOVER MutateResidue - mutant=======================
protocols.rosetta_scripts.ParsedProtocol: =======================BEGIN MOVER FastRelax - relax=======================
basic.io.database: Database file opened: scoring/score_functions/elec_cp_reps.dat
core.scoring.elec.util: Read 40 countpair representative atoms
core.pack.dunbrack.RotamerLibrary: shapovalov_lib_fixes_enable option is true.
core.pack.dunbrack.RotamerLibrary: Binary rotamer library selected: /usr/local/database/rotamer/beta_nov2016/Dunbrack10.lib.bin
core.pack.dunbrack.RotamerLibrary: Using Dunbrack library binary file '/usr/local/database/rotamer/beta_nov2016/Dunbrack10.lib.bin'.
core.pack.dunbrack.RotamerLibrary: Dunbrack 2010 library took 0.114984 seconds to load from binary
protocols.relax.FastRelax: CMD: repeat  -208.514  0  0  0.55
protocols.relax.FastRelax: CMD: coord_cst_weight  -208.514  0  0  0.55
protocols.relax.FastRelax: CMD: scale:fa_rep  -252.935  0  0  0.022
core.pack.task: Packer task: initialize from command line() 
core.pack.pack_rotamers: built 1065 rotamers at 75 positions.
core.pack.interaction_graph.interaction_graph_factory: Instantiating DensePDInteractionGraph
protocols.relax.FastRelax: CMD: repack  -282.331  0  0  0.022
protocols.relax.FastRelax: CMD: scale:fa_rep  -280.98  0  0  0.02805
protocols.relax.FastRelax: CMD: min  -323.269  0.506303  0.506303  0.02805
protocols.relax.FastRelax: CMD: coord_cst_weight  -323.269  0.506303  0.506303  0.02805
protocols.relax.FastRelax: CMD: scale:fa_rep  -233.722  0.506303  0.506303  0.14575
core.pack.task: Packer task: initialize from command line() 
core.pack.pack_rotamers: built 1003 rotamers at 75 positions.
core.pack.interaction_graph.interaction_graph_factory: Instantiating DensePDInteractionGraph
protocols.relax.FastRelax: CMD: repack  -242.024  0.506303  0.506303  0.14575
protocols.relax.FastRelax: CMD: scale:fa_rep  -236.59  0.506303  0.506303  0.154
protocols.relax.FastRelax: CMD: min  -285.294  0.256568  0.256568  0.154
protocols.relax.FastRelax: CMD: coord_cst_weight  -285.294  0.256568  0.256568  0.154
protocols.relax.FastRelax: CMD: scale:fa_rep  -256.152  0.256568  0.256568  0.30745
core.pack.task: Packer task: initialize from command line() 
core.pack.pack_rotamers: built 968 rotamers at 75 positions.
core.pack.interaction_graph.interaction_graph_factory: Instantiating DensePDInteractionGraph
protocols.relax.FastRelax: CMD: repack  -256.202  0.256568  0.256568  0.30745
protocols.relax.FastRelax: CMD: scale:fa_rep  -253.904  0.256568  0.256568  0.31955
protocols.relax.FastRelax: CMD: min  -261.02  0.190351  0.190351  0.31955
protocols.relax.FastRelax: CMD: coord_cst_weight  -261.02  0.190351  0.190351  0.31955
protocols.relax.FastRelax: CMD: scale:fa_rep  -232.076  0.190351  0.190351  0.55
core.pack.task: Packer task: initialize from command line() 
core.pack.pack_rotamers: built 950 rotamers at 75 positions.
core.pack.interaction_graph.interaction_graph_factory: Instantiating DensePDInteractionGraph
protocols.relax.FastRelax: CMD: repack  -232.148  0.190351  0.190351  0.55
protocols.relax.FastRelax: CMD: min  -245.307  0.221634  0.221634  0.55
protocols.relax.FastRelax: MRP: 0  -245.307  -245.307  0.221634  0.221634  
protocols.relax.FastRelax: CMD: accept_to_best  -245.307  0.221634  0.221634  0.55
protocols.relax.FastRelax: CMD: endrepeat  -245.307  0.221634  0.221634  0.55
protocols.relax.FastRelax: CMD: coord_cst_weight  -245.307  0.221634  0.221634  0.55
protocols.relax.FastRelax: CMD: scale:fa_rep  -285.982  0.221634  0.221634  0.022
core.pack.task: Packer task: initialize from command line() 
core.pack.pack_rotamers: built 1081 rotamers at 75 positions.
core.pack.interaction_graph.interaction_graph_factory: Instantiating DensePDInteractionGraph
protocols.relax.FastRelax: CMD: repack  -290.789  0.221634  0.221634  0.022
protocols.relax.FastRelax: CMD: scale:fa_rep  -289.733  0.221634  0.221634  0.02805
protocols.relax.FastRelax: CMD: min  -323.788  0.535867  0.535867  0.02805
protocols.relax.FastRelax: CMD: coord_cst_weight  -323.788  0.535867  0.535867  0.02805
protocols.relax.FastRelax: CMD: scale:fa_rep  -246.625  0.535867  0.535867  0.14575
core.pack.task: Packer task: initialize from command line() 
core.pack.pack_rotamers: built 1015 rotamers at 75 positions.
core.pack.interaction_graph.interaction_graph_factory: Instantiating DensePDInteractionGraph
protocols.relax.FastRelax: CMD: repack  -247.964  0.535867  0.535867  0.14575
protocols.relax.FastRelax: CMD: scale:fa_rep  -242.7  0.535867  0.535867  0.154
protocols.relax.FastRelax: CMD: min  -288.594  0.332638  0.332638  0.154
protocols.relax.FastRelax: CMD: coord_cst_weight  -288.594  0.332638  0.332638  0.154
protocols.relax.FastRelax: CMD: scale:fa_rep  -259.487  0.332638  0.332638  0.30745
core.pack.task: Packer task: initialize from command line() 
core.pack.pack_rotamers: built 993 rotamers at 75 positions.
core.pack.interaction_graph.interaction_graph_factory: Instantiating DensePDInteractionGraph
protocols.relax.FastRelax: CMD: repack  -259.487  0.332638  0.332638  0.30745
protocols.relax.FastRelax: CMD: scale:fa_rep  -257.192  0.332638  0.332638  0.31955
protocols.relax.FastRelax: CMD: min  -263.841  0.29316  0.29316  0.31955
protocols.relax.FastRelax: CMD: coord_cst_weight  -263.841  0.29316  0.29316  0.31955
protocols.relax.FastRelax: CMD: scale:fa_rep  -235.451  0.29316  0.29316  0.55
core.pack.task: Packer task: initialize from command line() 
core.pack.pack_rotamers: built 955 rotamers at 75 positions.
core.pack.interaction_graph.interaction_graph_factory: Instantiating DensePDInteractionGraph
protocols.relax.FastRelax: CMD: repack  -235.509  0.29316  0.29316  0.55
protocols.relax.FastRelax: CMD: min  -245.528  0.260987  0.260987  0.55
protocols.relax.FastRelax: MRP: 1  -245.528  -245.528  0.260987  0.260987  
protocols.relax.FastRelax: CMD: accept_to_best  -245.528  0.260987  0.260987  0.55
protocols.relax.FastRelax: CMD: endrepeat  -245.528  0.260987  0.260987  0.55
protocols.relax.FastRelax: CMD: coord_cst_weight  -245.528  0.260987  0.260987  0.55
protocols.relax.FastRelax: CMD: scale:fa_rep  -286.706  0.260987  0.260987  0.022
core.pack.task: Packer task: initialize from command line() 
core.pack.pack_rotamers: built 1080 rotamers at 75 positions.
core.pack.interaction_graph.interaction_graph_factory: Instantiating DensePDInteractionGraph
protocols.relax.FastRelax: CMD: repack  -289.418  0.260987  0.260987  0.022
protocols.relax.FastRelax: CMD: scale:fa_rep  -288.029  0.260987  0.260987  0.02805
protocols.relax.FastRelax: CMD: min  -334.292  0.668756  0.668756  0.02805
protocols.relax.FastRelax: CMD: coord_cst_weight  -334.292  0.668756  0.668756  0.02805
protocols.relax.FastRelax: CMD: scale:fa_rep  -227.245  0.668756  0.668756  0.14575
core.pack.task: Packer task: initialize from command line() 
core.pack.pack_rotamers: built 1018 rotamers at 75 positions.
core.pack.interaction_graph.interaction_graph_factory: Instantiating DensePDInteractionGraph
protocols.relax.FastRelax: CMD: repack  -228.006  0.668756  0.668756  0.14575
protocols.relax.FastRelax: CMD: scale:fa_rep  -220.828  0.668756  0.668756  0.154
protocols.relax.FastRelax: CMD: min  -286.259  0.382649  0.382649  0.154
protocols.relax.FastRelax: CMD: coord_cst_weight  -286.259  0.382649  0.382649  0.154
protocols.relax.FastRelax: CMD: scale:fa_rep  -252.937  0.382649  0.382649  0.30745
core.pack.task: Packer task: initialize from command line() 
core.pack.pack_rotamers: built 1011 rotamers at 75 positions.
core.pack.interaction_graph.interaction_graph_factory: Instantiating DensePDInteractionGraph
protocols.relax.FastRelax: CMD: repack  -252.937  0.382649  0.382649  0.30745
protocols.relax.FastRelax: CMD: scale:fa_rep  -250.309  0.382649  0.382649  0.31955
protocols.relax.FastRelax: CMD: min  -257.784  0.363825  0.363825  0.31955
protocols.relax.FastRelax: CMD: coord_cst_weight  -257.784  0.363825  0.363825  0.31955
protocols.relax.FastRelax: CMD: scale:fa_rep  -224.162  0.363825  0.363825  0.55
core.pack.task: Packer task: initialize from command line() 
core.pack.pack_rotamers: built 966 rotamers at 75 positions.
core.pack.interaction_graph.interaction_graph_factory: Instantiating DensePDInteractionGraph
protocols.relax.FastRelax: CMD: repack  -224.241  0.363825  0.363825  0.55
protocols.relax.FastRelax: CMD: min  -245.818  0.329825  0.329825  0.55
protocols.relax.FastRelax: MRP: 2  -245.818  -245.818  0.329825  0.329825  
protocols.relax.FastRelax: CMD: accept_to_best  -245.818  0.329825  0.329825  0.55
protocols.relax.FastRelax: CMD: endrepeat  -245.818  0.329825  0.329825  0.55
protocols.relax.FastRelax: CMD: coord_cst_weight  -245.818  0.329825  0.329825  0.55
protocols.relax.FastRelax: CMD: scale:fa_rep  -288.26  0.329825  0.329825  0.022
core.pack.task: Packer task: initialize from command line() 
core.pack.pack_rotamers: built 1088 rotamers at 75 positions.
core.pack.interaction_graph.interaction_graph_factory: Instantiating DensePDInteractionGraph
protocols.relax.FastRelax: CMD: repack  -290.843  0.329825  0.329825  0.022
protocols.relax.FastRelax: CMD: scale:fa_rep  -289.242  0.329825  0.329825  0.02805
protocols.relax.FastRelax: CMD: min  -338.148  0.651626  0.651626  0.02805
protocols.relax.FastRelax: CMD: coord_cst_weight  -338.148  0.651626  0.651626  0.02805
protocols.relax.FastRelax: CMD: scale:fa_rep  -236.88  0.651626  0.651626  0.14575
core.pack.task: Packer task: initialize from command line() 
core.pack.pack_rotamers: built 1031 rotamers at 75 positions.
core.pack.interaction_graph.interaction_graph_factory: Instantiating DensePDInteractionGraph
protocols.relax.FastRelax: CMD: repack  -238.517  0.651626  0.651626  0.14575
protocols.relax.FastRelax: CMD: scale:fa_rep  -231.839  0.651626  0.651626  0.154
protocols.relax.FastRelax: CMD: min  -288.624  0.425914  0.425914  0.154
protocols.relax.FastRelax: CMD: coord_cst_weight  -288.624  0.425914  0.425914  0.154
protocols.relax.FastRelax: CMD: scale:fa_rep  -252.64  0.425914  0.425914  0.30745
core.pack.task: Packer task: initialize from command line() 
core.pack.pack_rotamers: built 994 rotamers at 75 positions.
core.pack.interaction_graph.interaction_graph_factory: Instantiating DensePDInteractionGraph
protocols.relax.FastRelax: CMD: repack  -252.64  0.425914  0.425914  0.30745
protocols.relax.FastRelax: CMD: scale:fa_rep  -249.802  0.425914  0.425914  0.31955
protocols.relax.FastRelax: CMD: min  -264.307  0.34236  0.34236  0.31955
protocols.relax.FastRelax: CMD: coord_cst_weight  -264.307  0.34236  0.34236  0.31955
protocols.relax.FastRelax: CMD: scale:fa_rep  -234.823  0.34236  0.34236  0.55
core.pack.task: Packer task: initialize from command line() 
core.pack.pack_rotamers: built 964 rotamers at 75 positions.
core.pack.interaction_graph.interaction_graph_factory: Instantiating DensePDInteractionGraph
protocols.relax.FastRelax: CMD: repack  -234.829  0.34236  0.34236  0.55
protocols.relax.FastRelax: CMD: min  -245.511  0.321108  0.321108  0.55
protocols.relax.FastRelax: MRP: 3  -245.511  -245.818  0.329825  0.329825  
protocols.relax.FastRelax: CMD: accept_to_best  -245.511  0.321108  0.321108  0.55
protocols.relax.FastRelax: CMD: endrepeat  -245.511  0.321108  0.321108  0.55
protocols.relax.FastRelax: CMD: coord_cst_weight  -245.511  0.321108  0.321108  0.55
protocols.relax.FastRelax: CMD: scale:fa_rep  -288.476  0.321108  0.321108  0.022
core.pack.task: Packer task: initialize from command line() 
core.pack.pack_rotamers: built 1085 rotamers at 75 positions.
core.pack.interaction_graph.interaction_graph_factory: Instantiating DensePDInteractionGraph
protocols.relax.FastRelax: CMD: repack  -290.376  0.321108  0.321108  0.022
protocols.relax.FastRelax: CMD: scale:fa_rep  -288.727  0.321108  0.321108  0.02805
protocols.relax.FastRelax: CMD: min  -335.101  0.607125  0.607125  0.02805
protocols.relax.FastRelax: CMD: coord_cst_weight  -335.101  0.607125  0.607125  0.02805
protocols.relax.FastRelax: CMD: scale:fa_rep  -240.445  0.607125  0.607125  0.14575
core.pack.task: Packer task: initialize from command line() 
core.pack.pack_rotamers: built 1033 rotamers at 75 positions.
core.pack.interaction_graph.interaction_graph_factory: Instantiating DensePDInteractionGraph
protocols.relax.FastRelax: CMD: repack  -242.132  0.607125  0.607125  0.14575
protocols.relax.FastRelax: CMD: scale:fa_rep  -235.895  0.607125  0.607125  0.154
protocols.relax.FastRelax: CMD: min  -289.97  0.40104  0.40104  0.154
protocols.relax.FastRelax: CMD: coord_cst_weight  -289.97  0.40104  0.40104  0.154
protocols.relax.FastRelax: CMD: scale:fa_rep  -255.521  0.40104  0.40104  0.30745
core.pack.task: Packer task: initialize from command line() 
core.pack.pack_rotamers: built 987 rotamers at 75 positions.
core.pack.interaction_graph.interaction_graph_factory: Instantiating DensePDInteractionGraph
protocols.relax.FastRelax: CMD: repack  -255.526  0.40104  0.40104  0.30745
protocols.relax.FastRelax: CMD: scale:fa_rep  -252.81  0.40104  0.40104  0.31955
protocols.relax.FastRelax: CMD: min  -262.312  0.346926  0.346926  0.31955
protocols.relax.FastRelax: CMD: coord_cst_weight  -262.312  0.346926  0.346926  0.31955
protocols.relax.FastRelax: CMD: scale:fa_rep  -230.256  0.346926  0.346926  0.55
core.pack.task: Packer task: initialize from command line() 
core.pack.pack_rotamers: built 966 rotamers at 75 positions.
core.pack.interaction_graph.interaction_graph_factory: Instantiating DensePDInteractionGraph
protocols.relax.FastRelax: CMD: repack  -230.256  0.346926  0.346926  0.55
protocols.relax.FastRelax: CMD: min  -244.171  0.328752  0.328752  0.55
protocols.relax.FastRelax: MRP: 4  -244.171  -245.818  0.329825  0.329825  
protocols.relax.FastRelax: CMD: accept_to_best  -244.171  0.328752  0.328752  0.55
protocols.relax.FastRelax: CMD: endrepeat  -244.171  0.328752  0.328752  0.55
protocols.relax.FastRelax: CMD: coord_cst_weight  -244.171  0.328752  0.328752  0.55
protocols.relax.FastRelax: CMD: scale:fa_rep  -287.647  0.328752  0.328752  0.022
core.pack.task: Packer task: initialize from command line() 
core.pack.pack_rotamers: built 1087 rotamers at 75 positions.
core.pack.interaction_graph.interaction_graph_factory: Instantiating DensePDInteractionGraph
protocols.relax.FastRelax: CMD: repack  -289.269  0.328752  0.328752  0.022
protocols.relax.FastRelax: CMD: scale:fa_rep  -288.007  0.328752  0.328752  0.02805
protocols.relax.FastRelax: CMD: min  -336.121  0.625483  0.625483  0.02805
protocols.relax.FastRelax: CMD: coord_cst_weight  -336.121  0.625483  0.625483  0.02805
protocols.relax.FastRelax: CMD: scale:fa_rep  -240.135  0.625483  0.625483  0.14575
core.pack.task: Packer task: initialize from command line() 
core.pack.pack_rotamers: built 1034 rotamers at 75 positions.
core.pack.interaction_graph.interaction_graph_factory: Instantiating DensePDInteractionGraph
protocols.relax.FastRelax: CMD: repack  -242.358  0.625483  0.625483  0.14575
protocols.relax.FastRelax: CMD: scale:fa_rep  -235.929  0.625483  0.625483  0.154
protocols.relax.FastRelax: CMD: min  -289.669  0.436211  0.436211  0.154
protocols.relax.FastRelax: CMD: coord_cst_weight  -289.669  0.436211  0.436211  0.154
protocols.relax.FastRelax: CMD: scale:fa_rep  -254.263  0.436211  0.436211  0.30745
core.pack.task: Packer task: initialize from command line() 
core.pack.pack_rotamers: built 998 rotamers at 75 positions.
core.pack.interaction_graph.interaction_graph_factory: Instantiating DensePDInteractionGraph
protocols.relax.FastRelax: CMD: repack  -254.263  0.436211  0.436211  0.30745
protocols.relax.FastRelax: CMD: scale:fa_rep  -251.471  0.436211  0.436211  0.31955
protocols.relax.FastRelax: CMD: min  -259.48  0.377326  0.377326  0.31955
protocols.relax.FastRelax: CMD: coord_cst_weight  -259.48  0.377326  0.377326  0.31955
protocols.relax.FastRelax: CMD: scale:fa_rep  -225.145  0.377326  0.377326  0.55
core.pack.task: Packer task: initialize from command line() 
core.pack.pack_rotamers: built 964 rotamers at 75 positions.
core.pack.interaction_graph.interaction_graph_factory: Instantiating DensePDInteractionGraph
protocols.relax.FastRelax: CMD: repack  -225.145  0.377326  0.377326  0.55
protocols.relax.FastRelax: CMD: min  -243.576  0.331126  0.331126  0.55
protocols.relax.FastRelax: MRP: 5  -243.576  -245.818  0.329825  0.329825  
protocols.relax.FastRelax: CMD: accept_to_best  -243.576  0.331126  0.331126  0.55
protocols.relax.FastRelax: CMD: endrepeat  -243.576  0.331126  0.331126  0.55
protocols.relax.FastRelax: CMD: coord_cst_weight  -243.576  0.331126  0.331126  0.55
protocols.relax.FastRelax: CMD: scale:fa_rep  -287.253  0.331126  0.331126  0.022
core.pack.task: Packer task: initialize from command line() 
core.pack.pack_rotamers: built 1089 rotamers at 75 positions.
core.pack.interaction_graph.interaction_graph_factory: Instantiating DensePDInteractionGraph
protocols.relax.FastRelax: CMD: repack  -288.989  0.331126  0.331126  0.022
protocols.relax.FastRelax: CMD: scale:fa_rep  -287.768  0.331126  0.331126  0.02805
protocols.relax.FastRelax: CMD: min  -335.009  0.646085  0.646085  0.02805
protocols.relax.FastRelax: CMD: coord_cst_weight  -335.009  0.646085  0.646085  0.02805
protocols.relax.FastRelax: CMD: scale:fa_rep  -233.919  0.646085  0.646085  0.14575
core.pack.task: Packer task: initialize from command line() 
core.pack.pack_rotamers: built 1028 rotamers at 75 positions.
core.pack.interaction_graph.interaction_graph_factory: Instantiating DensePDInteractionGraph
protocols.relax.FastRelax: CMD: repack  -236.612  0.646085  0.646085  0.14575
protocols.relax.FastRelax: CMD: scale:fa_rep  -229.848  0.646085  0.646085  0.154
protocols.relax.FastRelax: CMD: min  -289.27  0.422926  0.422926  0.154
protocols.relax.FastRelax: CMD: coord_cst_weight  -289.27  0.422926  0.422926  0.154
protocols.relax.FastRelax: CMD: scale:fa_rep  -254.058  0.422926  0.422926  0.30745
core.pack.task: Packer task: initialize from command line() 
core.pack.pack_rotamers: built 1004 rotamers at 75 positions.
core.pack.interaction_graph.interaction_graph_factory: Instantiating DensePDInteractionGraph
protocols.relax.FastRelax: CMD: repack  -254.059  0.422926  0.422926  0.30745
protocols.relax.FastRelax: CMD: scale:fa_rep  -251.282  0.422926  0.422926  0.31955
protocols.relax.FastRelax: CMD: min  -262.942  0.366836  0.366836  0.31955
protocols.relax.FastRelax: CMD: coord_cst_weight  -262.942  0.366836  0.366836  0.31955
protocols.relax.FastRelax: CMD: scale:fa_rep  -231.964  0.366836  0.366836  0.55
core.pack.task: Packer task: initialize from command line() 
core.pack.pack_rotamers: built 966 rotamers at 75 positions.
core.pack.interaction_graph.interaction_graph_factory: Instantiating DensePDInteractionGraph
protocols.relax.FastRelax: CMD: repack  -231.996  0.366836  0.366836  0.55
protocols.relax.FastRelax: CMD: min  -243.552  0.332331  0.332331  0.55
protocols.relax.FastRelax: MRP: 6  -243.552  -245.818  0.329825  0.329825  
protocols.relax.FastRelax: CMD: accept_to_best  -243.552  0.332331  0.332331  0.55
protocols.relax.FastRelax: CMD: endrepeat  -243.552  0.332331  0.332331  0.55
protocols.relax.FastRelax: CMD: coord_cst_weight  -243.552  0.332331  0.332331  0.55
protocols.relax.FastRelax: CMD: scale:fa_rep  -287.255  0.332331  0.332331  0.022
core.pack.task: Packer task: initialize from command line() 
core.pack.pack_rotamers: built 1089 rotamers at 75 positions.
core.pack.interaction_graph.interaction_graph_factory: Instantiating DensePDInteractionGraph
protocols.relax.FastRelax: CMD: repack  -288.935  0.332331  0.332331  0.022
protocols.relax.FastRelax: CMD: scale:fa_rep  -287.716  0.332331  0.332331  0.02805
protocols.relax.FastRelax: CMD: min  -337.062  0.645193  0.645193  0.02805
protocols.relax.FastRelax: CMD: coord_cst_weight  -337.062  0.645193  0.645193  0.02805
protocols.relax.FastRelax: CMD: scale:fa_rep  -240.05  0.645193  0.645193  0.14575
core.pack.task: Packer task: initialize from command line() 
core.pack.pack_rotamers: built 1040 rotamers at 75 positions.
core.pack.interaction_graph.interaction_graph_factory: Instantiating DensePDInteractionGraph
protocols.relax.FastRelax: CMD: repack  -241.885  0.645193  0.645193  0.14575
protocols.relax.FastRelax: CMD: scale:fa_rep  -235.408  0.645193  0.645193  0.154
protocols.relax.FastRelax: CMD: min  -289.373  0.432748  0.432748  0.154
protocols.relax.FastRelax: CMD: coord_cst_weight  -289.373  0.432748  0.432748  0.154
protocols.relax.FastRelax: CMD: scale:fa_rep  -252.998  0.432748  0.432748  0.30745
core.pack.task: Packer task: initialize from command line() 
core.pack.pack_rotamers: built 989 rotamers at 75 positions.
core.pack.interaction_graph.interaction_graph_factory: Instantiating DensePDInteractionGraph
protocols.relax.FastRelax: CMD: repack  -252.998  0.432748  0.432748  0.30745
protocols.relax.FastRelax: CMD: scale:fa_rep  -250.13  0.432748  0.432748  0.31955
protocols.relax.FastRelax: CMD: min  -261.719  0.380887  0.380887  0.31955
protocols.relax.FastRelax: CMD: coord_cst_weight  -261.719  0.380887  0.380887  0.31955
protocols.relax.FastRelax: CMD: scale:fa_rep  -229.384  0.380887  0.380887  0.55
core.pack.task: Packer task: initialize from command line() 
core.pack.pack_rotamers: built 966 rotamers at 75 positions.
core.pack.interaction_graph.interaction_graph_factory: Instantiating DensePDInteractionGraph
protocols.relax.FastRelax: CMD: repack  -229.386  0.380887  0.380887  0.55
protocols.relax.FastRelax: CMD: min  -243.538  0.333504  0.333504  0.55
protocols.relax.FastRelax: MRP: 7  -243.538  -245.818  0.329825  0.329825  
protocols.relax.FastRelax: CMD: accept_to_best  -243.538  0.333504  0.333504  0.55
protocols.relax.FastRelax: CMD: endrepeat  -243.538  0.333504  0.333504  0.55
protocols.relax.FastRelax: CMD: coord_cst_weight  -243.538  0.333504  0.333504  0.55
protocols.relax.FastRelax: CMD: scale:fa_rep  -287.369  0.333504  0.333504  0.022
core.pack.task: Packer task: initialize from command line() 
core.pack.pack_rotamers: built 1089 rotamers at 75 positions.
core.pack.interaction_graph.interaction_graph_factory: Instantiating DensePDInteractionGraph
protocols.relax.FastRelax: CMD: repack  -289.031  0.333504  0.333504  0.022
protocols.relax.FastRelax: CMD: scale:fa_rep  -287.814  0.333504  0.333504  0.02805
protocols.relax.FastRelax: CMD: min  -328.2  0.582322  0.582322  0.02805
protocols.relax.FastRelax: CMD: coord_cst_weight  -328.2  0.582322  0.582322  0.02805
protocols.relax.FastRelax: CMD: scale:fa_rep  -242.935  0.582322  0.582322  0.14575
core.pack.task: Packer task: initialize from command line() 
core.pack.pack_rotamers: built 1025 rotamers at 75 positions.
core.pack.interaction_graph.interaction_graph_factory: Instantiating DensePDInteractionGraph
protocols.relax.FastRelax: CMD: repack  -245.882  0.582322  0.582322  0.14575
protocols.relax.FastRelax: CMD: scale:fa_rep  -240.484  0.582322  0.582322  0.154
protocols.relax.FastRelax: CMD: min  -285.532  0.429321  0.429321  0.154
protocols.relax.FastRelax: CMD: coord_cst_weight  -285.532  0.429321  0.429321  0.154
protocols.relax.FastRelax: CMD: scale:fa_rep  -251.808  0.429321  0.429321  0.30745
core.pack.task: Packer task: initialize from command line() 
core.pack.pack_rotamers: built 979 rotamers at 75 positions.
core.pack.interaction_graph.interaction_graph_factory: Instantiating DensePDInteractionGraph
protocols.relax.FastRelax: CMD: repack  -251.832  0.429321  0.429321  0.30745
protocols.relax.FastRelax: CMD: scale:fa_rep  -249.175  0.429321  0.429321  0.31955
protocols.relax.FastRelax: CMD: min  -259.817  0.399896  0.399896  0.31955
protocols.relax.FastRelax: CMD: coord_cst_weight  -259.817  0.399896  0.399896  0.31955
protocols.relax.FastRelax: CMD: scale:fa_rep  -229.035  0.399896  0.399896  0.55
core.pack.task: Packer task: initialize from command line() 
core.pack.pack_rotamers: built 965 rotamers at 75 positions.
core.pack.interaction_graph.interaction_graph_factory: Instantiating DensePDInteractionGraph
protocols.relax.FastRelax: CMD: repack  -229.035  0.399896  0.399896  0.55
protocols.relax.FastRelax: CMD: min  -242.153  0.376138  0.376138  0.55
protocols.relax.FastRelax: MRP: 8  -242.153  -245.818  0.329825  0.329825  
protocols.relax.FastRelax: CMD: accept_to_best  -242.153  0.376138  0.376138  0.55
protocols.relax.FastRelax: CMD: endrepeat  -242.153  0.376138  0.376138  0.55
protocols.relax.FastRelax: CMD: coord_cst_weight  -242.153  0.376138  0.376138  0.55
protocols.relax.FastRelax: CMD: scale:fa_rep  -287.018  0.376138  0.376138  0.022
core.pack.task: Packer task: initialize from command line() 
core.pack.pack_rotamers: built 1082 rotamers at 75 positions.
core.pack.interaction_graph.interaction_graph_factory: Instantiating DensePDInteractionGraph
protocols.relax.FastRelax: CMD: repack  -289.166  0.376138  0.376138  0.022
protocols.relax.FastRelax: CMD: scale:fa_rep  -287.892  0.376138  0.376138  0.02805
protocols.relax.FastRelax: CMD: min  -332.207  0.636968  0.636968  0.02805
protocols.relax.FastRelax: CMD: coord_cst_weight  -332.207  0.636968  0.636968  0.02805
protocols.relax.FastRelax: CMD: scale:fa_rep  -241.058  0.636968  0.636968  0.14575
core.pack.task: Packer task: initialize from command line() 
core.pack.pack_rotamers: built 1039 rotamers at 75 positions.
core.pack.interaction_graph.interaction_graph_factory: Instantiating DensePDInteractionGraph
protocols.relax.FastRelax: CMD: repack  -243.756  0.636968  0.636968  0.14575
protocols.relax.FastRelax: CMD: scale:fa_rep  -237.631  0.636968  0.636968  0.154
protocols.relax.FastRelax: CMD: min  -289.504  0.438578  0.438578  0.154
protocols.relax.FastRelax: CMD: coord_cst_weight  -289.504  0.438578  0.438578  0.154
protocols.relax.FastRelax: CMD: scale:fa_rep  -255.623  0.438578  0.438578  0.30745
core.pack.task: Packer task: initialize from command line() 
core.pack.pack_rotamers: built 1009 rotamers at 75 positions.
core.pack.interaction_graph.interaction_graph_factory: Instantiating DensePDInteractionGraph
protocols.relax.FastRelax: CMD: repack  -255.623  0.438578  0.438578  0.30745
protocols.relax.FastRelax: CMD: scale:fa_rep  -252.952  0.438578  0.438578  0.31955
protocols.relax.FastRelax: CMD: min  -262.27  0.404843  0.404843  0.31955
protocols.relax.FastRelax: CMD: coord_cst_weight  -262.27  0.404843  0.404843  0.31955
protocols.relax.FastRelax: CMD: scale:fa_rep  -231.821  0.404843  0.404843  0.55
core.pack.task: Packer task: initialize from command line() 
core.pack.pack_rotamers: built 970 rotamers at 75 positions.
core.pack.interaction_graph.interaction_graph_factory: Instantiating DensePDInteractionGraph
protocols.relax.FastRelax: CMD: repack  -231.838  0.404843  0.404843  0.55
protocols.relax.FastRelax: CMD: min  -243.746  0.365966  0.365966  0.55
protocols.relax.FastRelax: MRP: 9  -243.746  -245.818  0.329825  0.329825  
protocols.relax.FastRelax: CMD: accept_to_best  -243.746  0.365966  0.365966  0.55
protocols.relax.FastRelax: CMD: endrepeat  -243.746  0.365966  0.365966  0.55
protocols::checkpoint: Deleting checkpoints of FastRelax
protocols.rosetta_scripts.ParsedProtocol: setting status to success
protocols.jd2.JobDistributor: flags_relax_restrict_backbone_1000_no_cart_structure_0001 reported success in 29 seconds
protocols.jd2.JobDistributor: no more batches to process... 
protocols.jd2.JobDistributor: 1 jobs considered, 1 jobs attempted in 29 seconds
basic.citation_manager.CitationManager: 
The following Rosetta modules were used during this run of Rosetta, and should be cited:

rosetta_scripts Application's citation(s):
Fleishman SJ, Leaver-Fay A, Corn JE, Strauch E-M, Khare SD, Koga N, Ashworth J, Murphy P, Richter F, Lemmon G, Meiler J, and Baker D.  (2011).  RosettaScripts: A Scripting Language Interface to the Rosetta Macromolecular Modeling Suite.  PLoS ONE 6(6):e20161.  doi: 10.1371/journal.pone.0020161.

FastRelax Mover's citation(s):
*Tyka MD, *Keedy DA, André I, Dimaio F, Song Y, Richardson DC, Richardson JS, and Baker D.  (2011).  Alternate states of proteins revealed by detailed energy landscape mapping.  J Mol Biol 405(2):607-18.  doi: 10.1016/j.jmb.2010.11.008.  (*Co-primary authors.)

Khatib F, Cooper S, Tyka MD, Xu K, Makedon I, Popovic Z, Baker D, and Players F.  (2011).  Algorithm discovery by protein folding game players.  Proc Natl Acad Sci USA 108(47):18949-53.  doi: 10.1073/pnas.1115898108.

Maguire JB, Haddox HK, Strickland D, Halabiya SF, Coventry B, Griffin JR, Pulavarti SVSRK, Cummins M, Thieker DF, Klavins E, Szyperski T, DiMaio F, Baker D, and Kuhlman B.  (2021).  Perturbing the energy landscape for improved packing during computational protein design.  Proteins 89(4):436-449.  doi: 10.1002/prot.26030.


The following UNPUBLISHED Rosetta modules were used during this run of Rosetta.  Their authors should be included in the author list when this work is published:

NeighborhoodResidueSelector ResidueSelector's author(s):
Robert Lindner, Natural Sciences and Mathematics, Ruperto-Carola University, Heidelberg, Germany [rlindner@mpimf-heidelberg.mpg.de]
Jared Adolf-Bryfogle, Schief lab, Scripps Research Institute [jadolfbr@gmail.com]
Gerard Daniel, Institue for Protein Design, University of Washington [gerardda@uw.edu]


