********  (C) Copyright Rosetta Commons Member Institutions.  ***************
* Use of Rosetta for commercial purposes may require purchase of a license. *
********  See LICENSE.md or email license@uw.edu for more details. **********
core.init: Checking for fconfig files in pwd and ./rosetta/flags 
core.init: Rosetta version: 2025.37+HEAD.df75a9c48e df75a9c48e763e52a7aa3f5dfba077f4da88dbf5 https://github.com/RosettaCommons/rosetta.git 2025-09-03T12:23:30
core.init: Rosetta extras: []
core.init: command: rosetta_scripts @flags_relax_v3_no_cart
basic.random.init_random_generator: 'RNG device' seed mode, using '/dev/urandom', seed=99036103 seed_offset=0 real_seed=99036103
basic.random.init_random_generator: RandomGenerator:init: Normal mode, seed=99036103 RG_type=mt19937
core.init: found database environment variable ROSETTA3_DB: /usr/local/database
protocols.jd2.PDBJobInputter: Instantiate PDBJobInputter
protocols.jd2.PDBJobInputter: PDBJobInputter::fill_jobs
protocols.jd2.PDBJobInputter: pushed structure.pdb nstruct index 1
protocols.evaluation.ChiWellRmsdEvaluatorCreator: Evaluation Creator active ... 
protocols.jd2.PDBJobInputter: PDBJobInputter::pose_from_job
protocols.jd2.PDBJobInputter: filling pose from PDB structure.pdb
core.chemical.GlobalResidueTypeSet: Finished initializing fa_standard residue type set.  Created 985 residue types
core.chemical.GlobalResidueTypeSet: Total time to initialize 0.539247 seconds.
core.import_pose.import_pose: File 'structure.pdb' automatically determined to be of type PDB from contents.
protocols.rosetta_scripts.RosettaScriptsParser: dock_design_filename=relax_v3_no_cart.xml
protocols.rosetta_scripts.RosettaScriptsParser: Validating input script...
protocols.rosetta_scripts.RosettaScriptsSchemaValidator: Generating XML Schema for rosetta_scripts...
protocols.rosetta_scripts.RosettaScriptsSchemaValidator: ...done
protocols.rosetta_scripts.RosettaScriptsSchemaValidator: Initializing schema validator...
protocols.rosetta_scripts.RosettaScriptsSchemaValidator: ...done
protocols.rosetta_scripts.RosettaScriptsParser: ...done
protocols.rosetta_scripts.RosettaScriptsParser: Parsed script:
<ROSETTASCRIPTS>
	<SCOREFXNS>
		<ScoreFunction name="beta_sf" weights="beta_nov16"/>
	</SCOREFXNS>
	<MOVERS>
		<MutateResidue name="mutant" new_res="ALA" target="55A"/>
		<FastRelax disable_design="true" name="relax" repeats="10" scorefxn="beta_sf"/>
	</MOVERS>
	<PROTOCOLS>
		<Add mover_name="mutant"/>
		<Add mover_name="relax"/>
	</PROTOCOLS>
	<OUTPUT scorefxn="beta_sf"/>
</ROSETTASCRIPTS>
core.scoring.ScoreFunctionFactory: SCOREFUNCTION: beta_nov16.wts
core.scoring.etable: Starting energy table calculation
core.scoring.etable: smooth_etable: changing atr/rep split to bottom of energy well
core.scoring.etable: smooth_etable: spline smoothing lj etables (maxdis = 6)
core.scoring.etable: smooth_etable: spline smoothing solvation etables (max_dis = 6)
core.scoring.etable: Finished calculating energy tables.
basic.io.database: Database file opened: scoring/score_functions/hbonds/ref2015_params/HBPoly1D.csv
basic.io.database: Database file opened: scoring/score_functions/hbonds/ref2015_params/HBFadeIntervals.csv
basic.io.database: Database file opened: scoring/score_functions/hbonds/ref2015_params/HBEval.csv
basic.io.database: Database file opened: scoring/score_functions/hbonds/ref2015_params/DonStrength.csv
basic.io.database: Database file opened: scoring/score_functions/hbonds/ref2015_params/AccStrength.csv
basic.io.database: Database file opened: scoring/score_functions/rama/fd_beta_nov2016/all.ramaProb
basic.io.database: Database file opened: scoring/score_functions/rama/fd_beta_nov2016/prepro.ramaProb
basic.io.database: Database file opened: scoring/score_functions/omega/omega_ppdep.all.txt
basic.io.database: Database file opened: scoring/score_functions/omega/omega_ppdep.gly.txt
basic.io.database: Database file opened: scoring/score_functions/omega/omega_ppdep.pro.txt
basic.io.database: Database file opened: scoring/score_functions/omega/omega_ppdep.valile.txt
basic.io.database: Database file opened: scoring/score_functions/P_AA_pp/P_AA
basic.io.database: Database file opened: scoring/score_functions/P_AA_pp/P_AA_n
core.scoring.P_AA: shapovalov_lib::shap_p_aa_pp_smooth_level of 1( aka low_smooth ) got activated.
basic.io.database: Database file opened: scoring/score_functions/P_AA_pp/shapovalov/10deg/kappa131/a20.prop
basic.io.database: Database file opened: scoring/score_functions/bondlength_bondangle/hydroxyl_torsion_preference.txt
core.scoring.etable: Starting energy table calculation
core.scoring.etable: smooth_etable: changing atr/rep split to bottom of energy well
core.scoring.etable: smooth_etable: spline smoothing lj etables (maxdis = 6)
core.scoring.etable: smooth_etable: spline smoothing solvation etables (max_dis = 6)
core.scoring.etable: Finished calculating energy tables.
basic.io.database: Database file opened: scoring/score_functions/PairEPotential/pdb_pair_stats_fine
basic.io.database: Database file opened: scoring/score_functions/InterchainPotential/interchain_env_log.txt
basic.io.database: Database file opened: scoring/score_functions/InterchainPotential/interchain_pair_log.txt
basic.io.database: Database file opened: scoring/score_functions/EnvPairPotential/env_log.txt
basic.io.database: Database file opened: scoring/score_functions/EnvPairPotential/cbeta_den.txt
basic.io.database: Database file opened: scoring/score_functions/EnvPairPotential/pair_log.txt
basic.io.database: Database file opened: scoring/score_functions/EnvPairPotential/cenpack_log.txt
core.scoring.ramachandran: shapovalov_lib::shap_rama_smooth_level of 4( aka highest_smooth ) got activated.
basic.io.database: Database file opened: scoring/score_functions/rama/shapovalov/kappa25/all.ramaProb
protocols.jd2.parser.ScoreFunctionLoader: defined score function "beta_sf" with weights "beta_nov16"
protocols.rosetta_scripts.RosettaScriptsParser: Defined mover named "mutant" of type MutateResidue
protocols.relax.RelaxScriptManager: Reading relax scripts list from database.
core.scoring.ScoreFunctionFactory: SCOREFUNCTION: beta_nov16.wts
protocols.relax.RelaxScriptManager: Looking for MonomerRelax2019.txt
protocols.relax.RelaxScriptManager: ================== Reading script file: /usr/local/database/sampling/relax_scripts/MonomerRelax2019.txt ==================
protocols.relax.RelaxScriptManager: repeat %%nrepeats%%
protocols.relax.RelaxScriptManager: coord_cst_weight 1.0
protocols.relax.RelaxScriptManager: scale:fa_rep 0.040
protocols.relax.RelaxScriptManager: repack
protocols.relax.RelaxScriptManager: scale:fa_rep 0.051
protocols.relax.RelaxScriptManager: min 0.01
protocols.relax.RelaxScriptManager: coord_cst_weight 0.5
protocols.relax.RelaxScriptManager: scale:fa_rep 0.265
protocols.relax.RelaxScriptManager: repack
protocols.relax.RelaxScriptManager: scale:fa_rep 0.280
protocols.relax.RelaxScriptManager: min 0.01
protocols.relax.RelaxScriptManager: coord_cst_weight 0.0
protocols.relax.RelaxScriptManager: scale:fa_rep 0.559
protocols.relax.RelaxScriptManager: repack
protocols.relax.RelaxScriptManager: scale:fa_rep 0.581
protocols.relax.RelaxScriptManager: min 0.01
protocols.relax.RelaxScriptManager: coord_cst_weight 0.0
protocols.relax.RelaxScriptManager: scale:fa_rep 1
protocols.relax.RelaxScriptManager: repack
protocols.relax.RelaxScriptManager: min 0.00001
protocols.relax.RelaxScriptManager: accept_to_best
protocols.relax.RelaxScriptManager: endrepeat
protocols.rosetta_scripts.RosettaScriptsParser: Defined mover named "relax" of type FastRelax
protocols.rosetta_scripts.ParsedProtocol: ParsedProtocol mover with the following settings
protocols.rosetta_scripts.ParsedProtocol: Added mover "mutant"
protocols.rosetta_scripts.ParsedProtocol: Added mover "relax"
protocols.jd2.PDBJobInputter: PDBJobInputter::pose_from_job
protocols.jd2.PDBJobInputter: filling pose from saved copy structure.pdb
protocols.rosetta_scripts.ParsedProtocol: =======================BEGIN MOVER MutateResidue - mutant=======================
protocols.rosetta_scripts.ParsedProtocol: =======================BEGIN MOVER FastRelax - relax=======================
basic.io.database: Database file opened: scoring/score_functions/elec_cp_reps.dat
core.scoring.elec.util: Read 40 countpair representative atoms
core.pack.dunbrack.RotamerLibrary: shapovalov_lib_fixes_enable option is true.
core.pack.dunbrack.RotamerLibrary: Binary rotamer library selected: /usr/local/database/rotamer/beta_nov2016/Dunbrack10.lib.bin
core.pack.dunbrack.RotamerLibrary: Using Dunbrack library binary file '/usr/local/database/rotamer/beta_nov2016/Dunbrack10.lib.bin'.
core.pack.dunbrack.RotamerLibrary: Dunbrack 2010 library took 0.066249 seconds to load from binary
protocols.relax.FastRelax: CMD: repeat  -208.514  0  0  0.55
protocols.relax.FastRelax: CMD: coord_cst_weight  -208.514  0  0  0.55
protocols.relax.FastRelax: CMD: scale:fa_rep  -252.935  0  0  0.022
core.pack.task: Packer task: initialize from command line() 
core.pack.pack_rotamers: built 1065 rotamers at 75 positions.
core.pack.interaction_graph.interaction_graph_factory: Instantiating DensePDInteractionGraph
protocols.relax.FastRelax: CMD: repack  -285.828  0  0  0.022
protocols.relax.FastRelax: CMD: scale:fa_rep  -284.509  0  0  0.02805
protocols.relax.FastRelax: CMD: min  -332.769  0.623012  0.623012  0.02805
protocols.relax.FastRelax: CMD: coord_cst_weight  -332.769  0.623012  0.623012  0.02805
protocols.relax.FastRelax: CMD: scale:fa_rep  -229.189  0.623012  0.623012  0.14575
core.pack.task: Packer task: initialize from command line() 
core.pack.pack_rotamers: built 1023 rotamers at 75 positions.
core.pack.interaction_graph.interaction_graph_factory: Instantiating DensePDInteractionGraph
protocols.relax.FastRelax: CMD: repack  -231.548  0.623012  0.623012  0.14575
protocols.relax.FastRelax: CMD: scale:fa_rep  -224.582  0.623012  0.623012  0.154
protocols.relax.FastRelax: CMD: min  -288.57  0.361438  0.361438  0.154
protocols.relax.FastRelax: CMD: coord_cst_weight  -288.57  0.361438  0.361438  0.154
protocols.relax.FastRelax: CMD: scale:fa_rep  -255.786  0.361438  0.361438  0.30745
core.pack.task: Packer task: initialize from command line() 
core.pack.pack_rotamers: built 986 rotamers at 75 positions.
core.pack.interaction_graph.interaction_graph_factory: Instantiating DensePDInteractionGraph
protocols.relax.FastRelax: CMD: repack  -255.786  0.361438  0.361438  0.30745
protocols.relax.FastRelax: CMD: scale:fa_rep  -253.201  0.361438  0.361438  0.31955
protocols.relax.FastRelax: CMD: min  -262.32  0.290515  0.290515  0.31955
protocols.relax.FastRelax: CMD: coord_cst_weight  -262.32  0.290515  0.290515  0.31955
protocols.relax.FastRelax: CMD: scale:fa_rep  -232.081  0.290515  0.290515  0.55
core.pack.task: Packer task: initialize from command line() 
core.pack.pack_rotamers: built 978 rotamers at 75 positions.
core.pack.interaction_graph.interaction_graph_factory: Instantiating DensePDInteractionGraph
protocols.relax.FastRelax: CMD: repack  -232.25  0.290515  0.290515  0.55
protocols.relax.FastRelax: CMD: min  -247.282  0.270405  0.270405  0.55
protocols.relax.FastRelax: MRP: 0  -247.282  -247.282  0.270405  0.270405  
protocols.relax.FastRelax: CMD: accept_to_best  -247.282  0.270405  0.270405  0.55
protocols.relax.FastRelax: CMD: endrepeat  -247.282  0.270405  0.270405  0.55
protocols.relax.FastRelax: CMD: coord_cst_weight  -247.282  0.270405  0.270405  0.55
protocols.relax.FastRelax: CMD: scale:fa_rep  -288.299  0.270405  0.270405  0.022
core.pack.task: Packer task: initialize from command line() 
core.pack.pack_rotamers: built 1078 rotamers at 75 positions.
core.pack.interaction_graph.interaction_graph_factory: Instantiating DensePDInteractionGraph
protocols.relax.FastRelax: CMD: repack  -290.369  0.270405  0.270405  0.022
protocols.relax.FastRelax: CMD: scale:fa_rep  -289.432  0.270405  0.270405  0.02805
protocols.relax.FastRelax: CMD: min  -333.387  0.695141  0.695141  0.02805
protocols.relax.FastRelax: CMD: coord_cst_weight  -333.387  0.695141  0.695141  0.02805
protocols.relax.FastRelax: CMD: scale:fa_rep  -231.468  0.695141  0.695141  0.14575
core.pack.task: Packer task: initialize from command line() 
core.pack.pack_rotamers: built 1020 rotamers at 75 positions.
core.pack.interaction_graph.interaction_graph_factory: Instantiating DensePDInteractionGraph
protocols.relax.FastRelax: CMD: repack  -231.831  0.695141  0.695141  0.14575
protocols.relax.FastRelax: CMD: scale:fa_rep  -224.841  0.695141  0.695141  0.154
protocols.relax.FastRelax: CMD: min  -289.569  0.416363  0.416363  0.154
protocols.relax.FastRelax: CMD: coord_cst_weight  -289.569  0.416363  0.416363  0.154
protocols.relax.FastRelax: CMD: scale:fa_rep  -258.006  0.416363  0.416363  0.30745
core.pack.task: Packer task: initialize from command line() 
core.pack.pack_rotamers: built 997 rotamers at 75 positions.
core.pack.interaction_graph.interaction_graph_factory: Instantiating DensePDInteractionGraph
protocols.relax.FastRelax: CMD: repack  -258.025  0.416363  0.416363  0.30745
protocols.relax.FastRelax: CMD: scale:fa_rep  -255.497  0.416363  0.416363  0.31955
protocols.relax.FastRelax: CMD: min  -263.433  0.362501  0.362501  0.31955
protocols.relax.FastRelax: CMD: coord_cst_weight  -263.433  0.362501  0.362501  0.31955
protocols.relax.FastRelax: CMD: scale:fa_rep  -231.932  0.362501  0.362501  0.55
core.pack.task: Packer task: initialize from command line() 
core.pack.pack_rotamers: built 959 rotamers at 75 positions.
core.pack.interaction_graph.interaction_graph_factory: Instantiating DensePDInteractionGraph
protocols.relax.FastRelax: CMD: repack  -232.302  0.362501  0.362501  0.55
protocols.relax.FastRelax: CMD: min  -247.006  0.297323  0.297323  0.55
protocols.relax.FastRelax: MRP: 1  -247.006  -247.282  0.270405  0.270405  
protocols.relax.FastRelax: CMD: accept_to_best  -247.006  0.297323  0.297323  0.55
protocols.relax.FastRelax: CMD: endrepeat  -247.006  0.297323  0.297323  0.55
protocols.relax.FastRelax: CMD: coord_cst_weight  -247.006  0.297323  0.297323  0.55
protocols.relax.FastRelax: CMD: scale:fa_rep  -287.956  0.297323  0.297323  0.022
core.pack.task: Packer task: initialize from command line() 
core.pack.pack_rotamers: built 1075 rotamers at 75 positions.
core.pack.interaction_graph.interaction_graph_factory: Instantiating DensePDInteractionGraph
protocols.relax.FastRelax: CMD: repack  -290.47  0.297323  0.297323  0.022
protocols.relax.FastRelax: CMD: scale:fa_rep  -289.445  0.297323  0.297323  0.02805
protocols.relax.FastRelax: CMD: min  -335.44  0.667907  0.667907  0.02805
protocols.relax.FastRelax: CMD: coord_cst_weight  -335.44  0.667907  0.667907  0.02805
protocols.relax.FastRelax: CMD: scale:fa_rep  -231.611  0.667907  0.667907  0.14575
core.pack.task: Packer task: initialize from command line() 
core.pack.pack_rotamers: built 1013 rotamers at 75 positions.
core.pack.interaction_graph.interaction_graph_factory: Instantiating DensePDInteractionGraph
protocols.relax.FastRelax: CMD: repack  -232.901  0.667907  0.667907  0.14575
protocols.relax.FastRelax: CMD: scale:fa_rep  -226.07  0.667907  0.667907  0.154
protocols.relax.FastRelax: CMD: min  -288.966  0.418459  0.418459  0.154
protocols.relax.FastRelax: CMD: coord_cst_weight  -288.966  0.418459  0.418459  0.154
protocols.relax.FastRelax: CMD: scale:fa_rep  -257.732  0.418459  0.418459  0.30745
core.pack.task: Packer task: initialize from command line() 
core.pack.pack_rotamers: built 1000 rotamers at 75 positions.
core.pack.interaction_graph.interaction_graph_factory: Instantiating DensePDInteractionGraph
protocols.relax.FastRelax: CMD: repack  -257.969  0.418459  0.418459  0.30745
protocols.relax.FastRelax: CMD: scale:fa_rep  -255.48  0.418459  0.418459  0.31955
protocols.relax.FastRelax: CMD: min  -263.74  0.348697  0.348697  0.31955
protocols.relax.FastRelax: CMD: coord_cst_weight  -263.74  0.348697  0.348697  0.31955
protocols.relax.FastRelax: CMD: scale:fa_rep  -234.193  0.348697  0.348697  0.55
core.pack.task: Packer task: initialize from command line() 
core.pack.pack_rotamers: built 966 rotamers at 75 positions.
core.pack.interaction_graph.interaction_graph_factory: Instantiating DensePDInteractionGraph
protocols.relax.FastRelax: CMD: repack  -234.221  0.348697  0.348697  0.55
protocols.relax.FastRelax: CMD: min  -246.092  0.317292  0.317292  0.55
protocols.relax.FastRelax: MRP: 2  -246.092  -247.282  0.270405  0.270405  
protocols.relax.FastRelax: CMD: accept_to_best  -246.092  0.317292  0.317292  0.55
protocols.relax.FastRelax: CMD: endrepeat  -246.092  0.317292  0.317292  0.55
protocols.relax.FastRelax: CMD: coord_cst_weight  -246.092  0.317292  0.317292  0.55
protocols.relax.FastRelax: CMD: scale:fa_rep  -286.843  0.317292  0.317292  0.022
core.pack.task: Packer task: initialize from command line() 
core.pack.pack_rotamers: built 1099 rotamers at 75 positions.
core.pack.interaction_graph.interaction_graph_factory: Instantiating DensePDInteractionGraph
protocols.relax.FastRelax: CMD: repack  -289.707  0.317292  0.317292  0.022
protocols.relax.FastRelax: CMD: scale:fa_rep  -288.638  0.317292  0.317292  0.02805
protocols.relax.FastRelax: CMD: min  -327.811  0.605662  0.605662  0.02805
protocols.relax.FastRelax: CMD: coord_cst_weight  -327.811  0.605662  0.605662  0.02805
protocols.relax.FastRelax: CMD: scale:fa_rep  -241.27  0.605662  0.605662  0.14575
core.pack.task: Packer task: initialize from command line() 
core.pack.pack_rotamers: built 1023 rotamers at 75 positions.
core.pack.interaction_graph.interaction_graph_factory: Instantiating DensePDInteractionGraph
protocols.relax.FastRelax: CMD: repack  -243.97  0.605662  0.605662  0.14575
protocols.relax.FastRelax: CMD: scale:fa_rep  -238.372  0.605662  0.605662  0.154
protocols.relax.FastRelax: CMD: min  -282.838  0.426738  0.426738  0.154
protocols.relax.FastRelax: CMD: coord_cst_weight  -282.838  0.426738  0.426738  0.154
protocols.relax.FastRelax: CMD: scale:fa_rep  -250.496  0.426738  0.426738  0.30745
core.pack.task: Packer task: initialize from command line() 
core.pack.pack_rotamers: built 999 rotamers at 75 positions.
core.pack.interaction_graph.interaction_graph_factory: Instantiating DensePDInteractionGraph
protocols.relax.FastRelax: CMD: repack  -250.529  0.426738  0.426738  0.30745
protocols.relax.FastRelax: CMD: scale:fa_rep  -248.049  0.426738  0.426738  0.31955
protocols.relax.FastRelax: CMD: min  -263.591  0.347803  0.347803  0.31955
protocols.relax.FastRelax: CMD: coord_cst_weight  -263.591  0.347803  0.347803  0.31955
protocols.relax.FastRelax: CMD: scale:fa_rep  -237.187  0.347803  0.347803  0.55
core.pack.task: Packer task: initialize from command line() 
core.pack.pack_rotamers: built 957 rotamers at 75 positions.
core.pack.interaction_graph.interaction_graph_factory: Instantiating DensePDInteractionGraph
protocols.relax.FastRelax: CMD: repack  -237.187  0.347803  0.347803  0.55
protocols.relax.FastRelax: CMD: min  -246.039  0.35171  0.35171  0.55
protocols.relax.FastRelax: MRP: 3  -246.039  -247.282  0.270405  0.270405  
protocols.relax.FastRelax: CMD: accept_to_best  -246.039  0.35171  0.35171  0.55
protocols.relax.FastRelax: CMD: endrepeat  -246.039  0.35171  0.35171  0.55
protocols.relax.FastRelax: CMD: coord_cst_weight  -246.039  0.35171  0.35171  0.55
protocols.relax.FastRelax: CMD: scale:fa_rep  -287.368  0.35171  0.35171  0.022
core.pack.task: Packer task: initialize from command line() 
core.pack.pack_rotamers: built 1104 rotamers at 75 positions.
core.pack.interaction_graph.interaction_graph_factory: Instantiating DensePDInteractionGraph
protocols.relax.FastRelax: CMD: repack  -290.576  0.35171  0.35171  0.022
protocols.relax.FastRelax: CMD: scale:fa_rep  -289.506  0.35171  0.35171  0.02805
protocols.relax.FastRelax: CMD: min  -332.82  0.701574  0.701574  0.02805
protocols.relax.FastRelax: CMD: coord_cst_weight  -332.82  0.701574  0.701574  0.02805
protocols.relax.FastRelax: CMD: scale:fa_rep  -238.658  0.701574  0.701574  0.14575
core.pack.task: Packer task: initialize from command line() 
core.pack.pack_rotamers: built 1020 rotamers at 75 positions.
core.pack.interaction_graph.interaction_graph_factory: Instantiating DensePDInteractionGraph
protocols.relax.FastRelax: CMD: repack  -241.094  0.701574  0.701574  0.14575
protocols.relax.FastRelax: CMD: scale:fa_rep  -234.899  0.701574  0.701574  0.154
protocols.relax.FastRelax: CMD: min  -288.998  0.493246  0.493246  0.154
protocols.relax.FastRelax: CMD: coord_cst_weight  -288.998  0.493246  0.493246  0.154
protocols.relax.FastRelax: CMD: scale:fa_rep  -257.01  0.493246  0.493246  0.30745
core.pack.task: Packer task: initialize from command line() 
core.pack.pack_rotamers: built 1001 rotamers at 75 positions.
core.pack.interaction_graph.interaction_graph_factory: Instantiating DensePDInteractionGraph
protocols.relax.FastRelax: CMD: repack  -257.175  0.493246  0.493246  0.30745
protocols.relax.FastRelax: CMD: scale:fa_rep  -254.627  0.493246  0.493246  0.31955
protocols.relax.FastRelax: CMD: min  -264.439  0.374464  0.374464  0.31955
protocols.relax.FastRelax: CMD: coord_cst_weight  -264.439  0.374464  0.374464  0.31955
protocols.relax.FastRelax: CMD: scale:fa_rep  -236.181  0.374464  0.374464  0.55
core.pack.task: Packer task: initialize from command line() 
core.pack.pack_rotamers: built 963 rotamers at 75 positions.
core.pack.interaction_graph.interaction_graph_factory: Instantiating DensePDInteractionGraph
protocols.relax.FastRelax: CMD: repack  -236.181  0.374464  0.374464  0.55
protocols.relax.FastRelax: CMD: min  -246.69  0.350013  0.350013  0.55
protocols.relax.FastRelax: MRP: 4  -246.69  -247.282  0.270405  0.270405  
protocols.relax.FastRelax: CMD: accept_to_best  -246.69  0.350013  0.350013  0.55
protocols.relax.FastRelax: CMD: endrepeat  -246.69  0.350013  0.350013  0.55
protocols.relax.FastRelax: CMD: coord_cst_weight  -246.69  0.350013  0.350013  0.55
protocols.relax.FastRelax: CMD: scale:fa_rep  -287.942  0.350013  0.350013  0.022
core.pack.task: Packer task: initialize from command line() 
core.pack.pack_rotamers: built 1104 rotamers at 75 positions.
core.pack.interaction_graph.interaction_graph_factory: Instantiating DensePDInteractionGraph
protocols.relax.FastRelax: CMD: repack  -290.926  0.350013  0.350013  0.022
protocols.relax.FastRelax: CMD: scale:fa_rep  -289.868  0.350013  0.350013  0.02805
protocols.relax.FastRelax: CMD: min  -335.402  0.748836  0.748836  0.02805
protocols.relax.FastRelax: CMD: coord_cst_weight  -335.402  0.748836  0.748836  0.02805
protocols.relax.FastRelax: CMD: scale:fa_rep  -236.018  0.748836  0.748836  0.14575
core.pack.task: Packer task: initialize from command line() 
core.pack.pack_rotamers: built 1016 rotamers at 75 positions.
core.pack.interaction_graph.interaction_graph_factory: Instantiating DensePDInteractionGraph
protocols.relax.FastRelax: CMD: repack  -237.597  0.748836  0.748836  0.14575
protocols.relax.FastRelax: CMD: scale:fa_rep  -230.891  0.748836  0.748836  0.154
protocols.relax.FastRelax: CMD: min  -290.975  0.49261  0.49261  0.154
protocols.relax.FastRelax: CMD: coord_cst_weight  -290.975  0.49261  0.49261  0.154
protocols.relax.FastRelax: CMD: scale:fa_rep  -258.753  0.49261  0.49261  0.30745
core.pack.task: Packer task: initialize from command line() 
core.pack.pack_rotamers: built 1005 rotamers at 75 positions.
core.pack.interaction_graph.interaction_graph_factory: Instantiating DensePDInteractionGraph
protocols.relax.FastRelax: CMD: repack  -259.2  0.49261  0.49261  0.30745
protocols.relax.FastRelax: CMD: scale:fa_rep  -256.647  0.49261  0.49261  0.31955
protocols.relax.FastRelax: CMD: min  -264.071  0.417857  0.417857  0.31955
protocols.relax.FastRelax: CMD: coord_cst_weight  -264.071  0.417857  0.417857  0.31955
protocols.relax.FastRelax: CMD: scale:fa_rep  -231.656  0.417857  0.417857  0.55
core.pack.task: Packer task: initialize from command line() 
core.pack.pack_rotamers: built 976 rotamers at 75 positions.
core.pack.interaction_graph.interaction_graph_factory: Instantiating DensePDInteractionGraph
protocols.relax.FastRelax: CMD: repack  -231.667  0.417857  0.417857  0.55
protocols.relax.FastRelax: CMD: min  -247.061  0.346184  0.346184  0.55
protocols.relax.FastRelax: MRP: 5  -247.061  -247.282  0.270405  0.270405  
protocols.relax.FastRelax: CMD: accept_to_best  -247.061  0.346184  0.346184  0.55
protocols.relax.FastRelax: CMD: endrepeat  -247.061  0.346184  0.346184  0.55
protocols.relax.FastRelax: CMD: coord_cst_weight  -247.061  0.346184  0.346184  0.55
protocols.relax.FastRelax: CMD: scale:fa_rep  -288.46  0.346184  0.346184  0.022
core.pack.task: Packer task: initialize from command line() 
core.pack.pack_rotamers: built 1103 rotamers at 75 positions.
core.pack.interaction_graph.interaction_graph_factory: Instantiating DensePDInteractionGraph
protocols.relax.FastRelax: CMD: repack  -289.906  0.346184  0.346184  0.022
protocols.relax.FastRelax: CMD: scale:fa_rep  -288.375  0.346184  0.346184  0.02805
protocols.relax.FastRelax: CMD: min  -336.026  0.694376  0.694376  0.02805
protocols.relax.FastRelax: CMD: coord_cst_weight  -336.026  0.694376  0.694376  0.02805
protocols.relax.FastRelax: CMD: scale:fa_rep  -238.399  0.694376  0.694376  0.14575
core.pack.task: Packer task: initialize from command line() 
core.pack.pack_rotamers: built 1031 rotamers at 75 positions.
core.pack.interaction_graph.interaction_graph_factory: Instantiating DensePDInteractionGraph
protocols.relax.FastRelax: CMD: repack  -240.963  0.694376  0.694376  0.14575
protocols.relax.FastRelax: CMD: scale:fa_rep  -234.606  0.694376  0.694376  0.154
protocols.relax.FastRelax: CMD: min  -290.109  0.488633  0.488633  0.154
protocols.relax.FastRelax: CMD: coord_cst_weight  -290.109  0.488633  0.488633  0.154
protocols.relax.FastRelax: CMD: scale:fa_rep  -257.601  0.488633  0.488633  0.30745
core.pack.task: Packer task: initialize from command line() 
core.pack.pack_rotamers: built 1002 rotamers at 75 positions.
core.pack.interaction_graph.interaction_graph_factory: Instantiating DensePDInteractionGraph
protocols.relax.FastRelax: CMD: repack  -257.603  0.488633  0.488633  0.30745
protocols.relax.FastRelax: CMD: scale:fa_rep  -255.04  0.488633  0.488633  0.31955
protocols.relax.FastRelax: CMD: min  -264.677  0.401515  0.401515  0.31955
protocols.relax.FastRelax: CMD: coord_cst_weight  -264.677  0.401515  0.401515  0.31955
protocols.relax.FastRelax: CMD: scale:fa_rep  -236.262  0.401515  0.401515  0.55
core.pack.task: Packer task: initialize from command line() 
core.pack.pack_rotamers: built 962 rotamers at 75 positions.
core.pack.interaction_graph.interaction_graph_factory: Instantiating DensePDInteractionGraph
protocols.relax.FastRelax: CMD: repack  -236.267  0.401515  0.401515  0.55
protocols.relax.FastRelax: CMD: min  -246.019  0.364666  0.364666  0.55
protocols.relax.FastRelax: MRP: 6  -246.019  -247.282  0.270405  0.270405  
protocols.relax.FastRelax: CMD: accept_to_best  -246.019  0.364666  0.364666  0.55
protocols.relax.FastRelax: CMD: endrepeat  -246.019  0.364666  0.364666  0.55
protocols.relax.FastRelax: CMD: coord_cst_weight  -246.019  0.364666  0.364666  0.55
protocols.relax.FastRelax: CMD: scale:fa_rep  -287.32  0.364666  0.364666  0.022
core.pack.task: Packer task: initialize from command line() 
core.pack.pack_rotamers: built 1106 rotamers at 75 positions.
core.pack.interaction_graph.interaction_graph_factory: Instantiating DensePDInteractionGraph
protocols.relax.FastRelax: CMD: repack  -290.451  0.364666  0.364666  0.022
protocols.relax.FastRelax: CMD: scale:fa_rep  -289.425  0.364666  0.364666  0.02805
protocols.relax.FastRelax: CMD: min  -335.787  0.745404  0.745404  0.02805
protocols.relax.FastRelax: CMD: coord_cst_weight  -335.787  0.745404  0.745404  0.02805
protocols.relax.FastRelax: CMD: scale:fa_rep  -236.399  0.745404  0.745404  0.14575
core.pack.task: Packer task: initialize from command line() 
core.pack.pack_rotamers: built 1017 rotamers at 75 positions.
core.pack.interaction_graph.interaction_graph_factory: Instantiating DensePDInteractionGraph
protocols.relax.FastRelax: CMD: repack  -237.35  0.745404  0.745404  0.14575
protocols.relax.FastRelax: CMD: scale:fa_rep  -230.539  0.745404  0.745404  0.154
protocols.relax.FastRelax: CMD: min  -289.553  0.500985  0.500985  0.154
protocols.relax.FastRelax: CMD: coord_cst_weight  -289.553  0.500985  0.500985  0.154
protocols.relax.FastRelax: CMD: scale:fa_rep  -255.258  0.500985  0.500985  0.30745
core.pack.task: Packer task: initialize from command line() 
core.pack.pack_rotamers: built 1001 rotamers at 75 positions.
core.pack.interaction_graph.interaction_graph_factory: Instantiating DensePDInteractionGraph
protocols.relax.FastRelax: CMD: repack  -255.26  0.500985  0.500985  0.30745
protocols.relax.FastRelax: CMD: scale:fa_rep  -252.556  0.500985  0.500985  0.31955
protocols.relax.FastRelax: CMD: min  -265.334  0.430205  0.430205  0.31955
protocols.relax.FastRelax: CMD: coord_cst_weight  -265.334  0.430205  0.430205  0.31955
protocols.relax.FastRelax: CMD: scale:fa_rep  -236.307  0.430205  0.430205  0.55
core.pack.task: Packer task: initialize from command line() 
core.pack.pack_rotamers: built 983 rotamers at 75 positions.
core.pack.interaction_graph.interaction_graph_factory: Instantiating DensePDInteractionGraph
protocols.relax.FastRelax: CMD: repack  -236.307  0.430205  0.430205  0.55
protocols.relax.FastRelax: CMD: min  -245.934  0.381891  0.381891  0.55
protocols.relax.FastRelax: MRP: 7  -245.934  -247.282  0.270405  0.270405  
protocols.relax.FastRelax: CMD: accept_to_best  -245.934  0.381891  0.381891  0.55
protocols.relax.FastRelax: CMD: endrepeat  -245.934  0.381891  0.381891  0.55
protocols.relax.FastRelax: CMD: coord_cst_weight  -245.934  0.381891  0.381891  0.55
protocols.relax.FastRelax: CMD: scale:fa_rep  -287.781  0.381891  0.381891  0.022
core.pack.task: Packer task: initialize from command line() 
core.pack.pack_rotamers: built 1103 rotamers at 75 positions.
core.pack.interaction_graph.interaction_graph_factory: Instantiating DensePDInteractionGraph
protocols.relax.FastRelax: CMD: repack  -290.357  0.381891  0.381891  0.022
protocols.relax.FastRelax: CMD: scale:fa_rep  -289.738  0.381891  0.381891  0.02805
protocols.relax.FastRelax: CMD: min  -337.259  0.782362  0.782362  0.02805
protocols.relax.FastRelax: CMD: coord_cst_weight  -337.259  0.782362  0.782362  0.02805
protocols.relax.FastRelax: CMD: scale:fa_rep  -235.017  0.782362  0.782362  0.14575
core.pack.task: Packer task: initialize from command line() 
core.pack.pack_rotamers: built 1015 rotamers at 75 positions.
core.pack.interaction_graph.interaction_graph_factory: Instantiating DensePDInteractionGraph
protocols.relax.FastRelax: CMD: repack  -235.868  0.782362  0.782362  0.14575
protocols.relax.FastRelax: CMD: scale:fa_rep  -228.987  0.782362  0.782362  0.154
protocols.relax.FastRelax: CMD: min  -290.06  0.533209  0.533209  0.154
protocols.relax.FastRelax: CMD: coord_cst_weight  -290.06  0.533209  0.533209  0.154
protocols.relax.FastRelax: CMD: scale:fa_rep  -256.595  0.533209  0.533209  0.30745
core.pack.task: Packer task: initialize from command line() 
core.pack.pack_rotamers: built 1006 rotamers at 75 positions.
core.pack.interaction_graph.interaction_graph_factory: Instantiating DensePDInteractionGraph
protocols.relax.FastRelax: CMD: repack  -256.722  0.533209  0.533209  0.30745
protocols.relax.FastRelax: CMD: scale:fa_rep  -254.087  0.533209  0.533209  0.31955
protocols.relax.FastRelax: CMD: min  -262.117  0.456298  0.456298  0.31955
protocols.relax.FastRelax: CMD: coord_cst_weight  -262.117  0.456298  0.456298  0.31955
protocols.relax.FastRelax: CMD: scale:fa_rep  -229.558  0.456298  0.456298  0.55
core.pack.task: Packer task: initialize from command line() 
core.pack.pack_rotamers: built 978 rotamers at 75 positions.
core.pack.interaction_graph.interaction_graph_factory: Instantiating DensePDInteractionGraph
protocols.relax.FastRelax: CMD: repack  -230.088  0.456298  0.456298  0.55
protocols.relax.FastRelax: CMD: min  -245.864  0.381661  0.381661  0.55
protocols.relax.FastRelax: MRP: 8  -245.864  -247.282  0.270405  0.270405  
protocols.relax.FastRelax: CMD: accept_to_best  -245.864  0.381661  0.381661  0.55
protocols.relax.FastRelax: CMD: endrepeat  -245.864  0.381661  0.381661  0.55
protocols.relax.FastRelax: CMD: coord_cst_weight  -245.864  0.381661  0.381661  0.55
protocols.relax.FastRelax: CMD: scale:fa_rep  -287.684  0.381661  0.381661  0.022
core.pack.task: Packer task: initialize from command line() 
core.pack.pack_rotamers: built 1104 rotamers at 75 positions.
core.pack.interaction_graph.interaction_graph_factory: Instantiating DensePDInteractionGraph
protocols.relax.FastRelax: CMD: repack  -290.357  0.381661  0.381661  0.022
protocols.relax.FastRelax: CMD: scale:fa_rep  -289.739  0.381661  0.381661  0.02805
protocols.relax.FastRelax: CMD: min  -336.767  0.747632  0.747632  0.02805
protocols.relax.FastRelax: CMD: coord_cst_weight  -336.767  0.747632  0.747632  0.02805
protocols.relax.FastRelax: CMD: scale:fa_rep  -233.525  0.747632  0.747632  0.14575
core.pack.task: Packer task: initialize from command line() 
core.pack.pack_rotamers: built 1013 rotamers at 75 positions.
core.pack.interaction_graph.interaction_graph_factory: Instantiating DensePDInteractionGraph
protocols.relax.FastRelax: CMD: repack  -234.458  0.747632  0.747632  0.14575
protocols.relax.FastRelax: CMD: scale:fa_rep  -227.445  0.747632  0.747632  0.154
protocols.relax.FastRelax: CMD: min  -290.727  0.506327  0.506327  0.154
protocols.relax.FastRelax: CMD: coord_cst_weight  -290.727  0.506327  0.506327  0.154
protocols.relax.FastRelax: CMD: scale:fa_rep  -257.924  0.506327  0.506327  0.30745
core.pack.task: Packer task: initialize from command line() 
core.pack.pack_rotamers: built 1008 rotamers at 75 positions.
core.pack.interaction_graph.interaction_graph_factory: Instantiating DensePDInteractionGraph
protocols.relax.FastRelax: CMD: repack  -258.028  0.506327  0.506327  0.30745
protocols.relax.FastRelax: CMD: scale:fa_rep  -255.444  0.506327  0.506327  0.31955
protocols.relax.FastRelax: CMD: min  -262.525  0.436515  0.436515  0.31955
protocols.relax.FastRelax: CMD: coord_cst_weight  -262.525  0.436515  0.436515  0.31955
protocols.relax.FastRelax: CMD: scale:fa_rep  -229.893  0.436515  0.436515  0.55
core.pack.task: Packer task: initialize from command line() 
core.pack.pack_rotamers: built 980 rotamers at 75 positions.
core.pack.interaction_graph.interaction_graph_factory: Instantiating DensePDInteractionGraph
protocols.relax.FastRelax: CMD: repack  -229.962  0.436515  0.436515  0.55
protocols.relax.FastRelax: CMD: min  -245.858  0.381573  0.381573  0.55
protocols.relax.FastRelax: MRP: 9  -245.858  -247.282  0.270405  0.270405  
protocols.relax.FastRelax: CMD: accept_to_best  -245.858  0.381573  0.381573  0.55
protocols.relax.FastRelax: CMD: endrepeat  -245.858  0.381573  0.381573  0.55
protocols::checkpoint: Deleting checkpoints of FastRelax
protocols.rosetta_scripts.ParsedProtocol: setting status to success
protocols.jd2.JobDistributor: flags_relax_v3_no_cart_structure_0001 reported success in 29 seconds
protocols.jd2.JobDistributor: no more batches to process... 
protocols.jd2.JobDistributor: 1 jobs considered, 1 jobs attempted in 29 seconds
basic.citation_manager.CitationManager: 
The following Rosetta modules were used during this run of Rosetta, and should be cited:

rosetta_scripts Application's citation(s):
Fleishman SJ, Leaver-Fay A, Corn JE, Strauch E-M, Khare SD, Koga N, Ashworth J, Murphy P, Richter F, Lemmon G, Meiler J, and Baker D.  (2011).  RosettaScripts: A Scripting Language Interface to the Rosetta Macromolecular Modeling Suite.  PLoS ONE 6(6):e20161.  doi: 10.1371/journal.pone.0020161.

FastRelax Mover's citation(s):
*Tyka MD, *Keedy DA, André I, Dimaio F, Song Y, Richardson DC, Richardson JS, and Baker D.  (2011).  Alternate states of proteins revealed by detailed energy landscape mapping.  J Mol Biol 405(2):607-18.  doi: 10.1016/j.jmb.2010.11.008.  (*Co-primary authors.)

Khatib F, Cooper S, Tyka MD, Xu K, Makedon I, Popovic Z, Baker D, and Players F.  (2011).  Algorithm discovery by protein folding game players.  Proc Natl Acad Sci USA 108(47):18949-53.  doi: 10.1073/pnas.1115898108.

Maguire JB, Haddox HK, Strickland D, Halabiya SF, Coventry B, Griffin JR, Pulavarti SVSRK, Cummins M, Thieker DF, Klavins E, Szyperski T, DiMaio F, Baker D, and Kuhlman B.  (2021).  Perturbing the energy landscape for improved packing during computational protein design.  Proteins 89(4):436-449.  doi: 10.1002/prot.26030.


