********  (C) Copyright Rosetta Commons Member Institutions.  ***************
* Use of Rosetta for commercial purposes may require purchase of a license. *
********  See LICENSE.md or email license@uw.edu for more details. **********
core.init: Checking for fconfig files in pwd and ./rosetta/flags 
core.init: Rosetta version: 2025.37+HEAD.df75a9c48e df75a9c48e763e52a7aa3f5dfba077f4da88dbf5 https://github.com/RosettaCommons/rosetta.git 2025-09-03T12:23:30
core.init: Rosetta extras: []
core.init: command: rosetta_scripts @flags_relax_restrict_backbone_10
basic.random.init_random_generator: 'RNG device' seed mode, using '/dev/urandom', seed=1281858967 seed_offset=0 real_seed=1281858967
basic.random.init_random_generator: RandomGenerator:init: Normal mode, seed=1281858967 RG_type=mt19937
core.init: found database environment variable ROSETTA3_DB: /usr/local/database
protocols.jd2.PDBJobInputter: Instantiate PDBJobInputter
protocols.jd2.PDBJobInputter: PDBJobInputter::fill_jobs
protocols.jd2.PDBJobInputter: pushed structure.pdb nstruct index 1
protocols.evaluation.ChiWellRmsdEvaluatorCreator: Evaluation Creator active ... 
protocols.jd2.PDBJobInputter: PDBJobInputter::pose_from_job
protocols.jd2.PDBJobInputter: filling pose from PDB structure.pdb
core.chemical.GlobalResidueTypeSet: Finished initializing fa_standard residue type set.  Created 985 residue types
core.chemical.GlobalResidueTypeSet: Total time to initialize 0.512333 seconds.
core.import_pose.import_pose: File 'structure.pdb' automatically determined to be of type PDB from contents.
protocols.rosetta_scripts.RosettaScriptsParser: dock_design_filename=relax_v5_10.xml
protocols.rosetta_scripts.RosettaScriptsParser: Validating input script...
protocols.rosetta_scripts.RosettaScriptsSchemaValidator: Generating XML Schema for rosetta_scripts...
protocols.rosetta_scripts.RosettaScriptsSchemaValidator: ...done
protocols.rosetta_scripts.RosettaScriptsSchemaValidator: Initializing schema validator...
protocols.rosetta_scripts.RosettaScriptsSchemaValidator: ...done
protocols.rosetta_scripts.RosettaScriptsParser: ...done
protocols.rosetta_scripts.RosettaScriptsParser: Parsed script:
<ROSETTASCRIPTS>
	<SCOREFXNS>
		<ScoreFunction name="beta_sf" weights="beta_nov16_cart"/>
	</SCOREFXNS>
	<RESIDUE_SELECTORS>
		<Neighborhood distance="10" name="surrounding" resnums="55"/>
		<Not name="rest" selector="surrounding"/>
	</RESIDUE_SELECTORS>
	<MOVE_MAP_FACTORIES>
		<MoveMapFactory bb="0" chi="0" name="local_mm">
			<Backbone enable="true" residue_selector="surrounding"/>
			<Chi enable="true" residue_selector="surrounding"/>
		</MoveMapFactory>
	</MOVE_MAP_FACTORIES>
	<MOVERS>
		<MutateResidue name="mutant" new_res="ALA" target="55A"/>
		<FastRelax cartesian="true" disable_design="true" movemap_factory="local_mm" name="relax" repeats="10" scorefxn="beta_sf"/>
	</MOVERS>
	<PROTOCOLS>
		<Add mover_name="mutant"/>
		<Add mover_name="relax"/>
	</PROTOCOLS>
	<OUTPUT scorefxn="beta_sf"/>
</ROSETTASCRIPTS>
core.scoring.ScoreFunctionFactory: SCOREFUNCTION: beta_nov16_cart.wts
core.scoring.etable: Starting energy table calculation
core.scoring.etable: smooth_etable: changing atr/rep split to bottom of energy well
core.scoring.etable: smooth_etable: spline smoothing lj etables (maxdis = 6)
core.scoring.etable: smooth_etable: spline smoothing solvation etables (max_dis = 6)
core.scoring.etable: Finished calculating energy tables.
basic.io.database: Database file opened: scoring/score_functions/hbonds/ref2015_params/HBPoly1D.csv
basic.io.database: Database file opened: scoring/score_functions/hbonds/ref2015_params/HBFadeIntervals.csv
basic.io.database: Database file opened: scoring/score_functions/hbonds/ref2015_params/HBEval.csv
basic.io.database: Database file opened: scoring/score_functions/hbonds/ref2015_params/DonStrength.csv
basic.io.database: Database file opened: scoring/score_functions/hbonds/ref2015_params/AccStrength.csv
basic.io.database: Database file opened: scoring/score_functions/rama/fd_beta_nov2016/all.ramaProb
basic.io.database: Database file opened: scoring/score_functions/rama/fd_beta_nov2016/prepro.ramaProb
basic.io.database: Database file opened: scoring/score_functions/omega/omega_ppdep.all.txt
basic.io.database: Database file opened: scoring/score_functions/omega/omega_ppdep.gly.txt
basic.io.database: Database file opened: scoring/score_functions/omega/omega_ppdep.pro.txt
basic.io.database: Database file opened: scoring/score_functions/omega/omega_ppdep.valile.txt
basic.io.database: Database file opened: scoring/score_functions/P_AA_pp/P_AA
basic.io.database: Database file opened: scoring/score_functions/P_AA_pp/P_AA_n
core.scoring.P_AA: shapovalov_lib::shap_p_aa_pp_smooth_level of 1( aka low_smooth ) got activated.
basic.io.database: Database file opened: scoring/score_functions/P_AA_pp/shapovalov/10deg/kappa131/a20.prop
basic.io.database: Database file opened: scoring/score_functions/bondlength_bondangle/hydroxyl_torsion_preference.txt
core.energy_methods.CartesianBondedEnergy: Initializing IdealParametersDatabase with default Ks=300 , 80 , 80 , 10 , 80
basic.io.database: Database file opened: scoring/score_functions/bondlength_bondangle/default-lengths.txt
core.energy_methods.CartesianBondedEnergy: Read 759 bb-independent lengths.
basic.io.database: Database file opened: scoring/score_functions/bondlength_bondangle/default-angles.txt
core.energy_methods.CartesianBondedEnergy: Read 1434 bb-independent angles.
basic.io.database: Database file opened: scoring/score_functions/bondlength_bondangle/default-torsions.txt
core.energy_methods.CartesianBondedEnergy: Read 1 bb-independent torsions.
basic.io.database: Database file opened: scoring/score_functions/bondlength_bondangle/default-improper.txt
core.energy_methods.CartesianBondedEnergy: Read 529 bb-independent improper tors.
core.scoring.etable: Starting energy table calculation
core.scoring.etable: smooth_etable: changing atr/rep split to bottom of energy well
core.scoring.etable: smooth_etable: spline smoothing lj etables (maxdis = 6)
core.scoring.etable: smooth_etable: spline smoothing solvation etables (max_dis = 6)
core.scoring.etable: Finished calculating energy tables.
basic.io.database: Database file opened: scoring/score_functions/PairEPotential/pdb_pair_stats_fine
basic.io.database: Database file opened: scoring/score_functions/InterchainPotential/interchain_env_log.txt
basic.io.database: Database file opened: scoring/score_functions/InterchainPotential/interchain_pair_log.txt
basic.io.database: Database file opened: scoring/score_functions/EnvPairPotential/env_log.txt
basic.io.database: Database file opened: scoring/score_functions/EnvPairPotential/cbeta_den.txt
basic.io.database: Database file opened: scoring/score_functions/EnvPairPotential/pair_log.txt
basic.io.database: Database file opened: scoring/score_functions/EnvPairPotential/cenpack_log.txt
core.scoring.ramachandran: shapovalov_lib::shap_rama_smooth_level of 4( aka highest_smooth ) got activated.
basic.io.database: Database file opened: scoring/score_functions/rama/shapovalov/kappa25/all.ramaProb
protocols.jd2.parser.ScoreFunctionLoader: defined score function "beta_sf" with weights "beta_nov16_cart"
protocols.jd2.parser.MoveMapFactoryLoader: Defined MoveMap named "local_mm"
protocols.rosetta_scripts.RosettaScriptsParser: Defined mover named "mutant" of type MutateResidue
protocols.relax.RelaxScriptManager: Reading relax scripts list from database.
core.scoring.ScoreFunctionFactory: SCOREFUNCTION: beta_nov16_cart.wts
protocols.relax.RelaxScriptManager: Looking for MonomerRelax2019.txt
protocols.relax.RelaxScriptManager: ================== Reading script file: /usr/local/database/sampling/relax_scripts/MonomerRelax2019.txt ==================
protocols.relax.RelaxScriptManager: repeat %%nrepeats%%
protocols.relax.RelaxScriptManager: coord_cst_weight 1.0
protocols.relax.RelaxScriptManager: scale:fa_rep 0.040
protocols.relax.RelaxScriptManager: repack
protocols.relax.RelaxScriptManager: scale:fa_rep 0.051
protocols.relax.RelaxScriptManager: min 0.01
protocols.relax.RelaxScriptManager: coord_cst_weight 0.5
protocols.relax.RelaxScriptManager: scale:fa_rep 0.265
protocols.relax.RelaxScriptManager: repack
protocols.relax.RelaxScriptManager: scale:fa_rep 0.280
protocols.relax.RelaxScriptManager: min 0.01
protocols.relax.RelaxScriptManager: coord_cst_weight 0.0
protocols.relax.RelaxScriptManager: scale:fa_rep 0.559
protocols.relax.RelaxScriptManager: repack
protocols.relax.RelaxScriptManager: scale:fa_rep 0.581
protocols.relax.RelaxScriptManager: min 0.01
protocols.relax.RelaxScriptManager: coord_cst_weight 0.0
protocols.relax.RelaxScriptManager: scale:fa_rep 1
protocols.relax.RelaxScriptManager: repack
protocols.relax.RelaxScriptManager: min 0.00001
protocols.relax.RelaxScriptManager: accept_to_best
protocols.relax.RelaxScriptManager: endrepeat
core.select.movemap.util: Found MoveMapFactory local_mm
protocols.rosetta_scripts.RosettaScriptsParser: Defined mover named "relax" of type FastRelax
protocols.rosetta_scripts.ParsedProtocol: ParsedProtocol mover with the following settings
protocols.rosetta_scripts.ParsedProtocol: Added mover "mutant"
protocols.rosetta_scripts.ParsedProtocol: Added mover "relax"
protocols.jd2.PDBJobInputter: PDBJobInputter::pose_from_job
protocols.jd2.PDBJobInputter: filling pose from saved copy structure.pdb
protocols.rosetta_scripts.ParsedProtocol: =======================BEGIN MOVER MutateResidue - mutant=======================
protocols.rosetta_scripts.ParsedProtocol: =======================BEGIN MOVER FastRelax - relax=======================
core.select.residue_selector.NeighborhoodResidueSelector: [ WARNING ] ################ Cloning pose and building neighbor graph ################
core.select.residue_selector.NeighborhoodResidueSelector: [ WARNING ] Ensure that pose is either scored or has update_residue_neighbors() called
core.select.residue_selector.NeighborhoodResidueSelector: [ WARNING ] before using NeighborhoodResidueSelector for maximum performance!
core.select.residue_selector.NeighborhoodResidueSelector: [ WARNING ] ##########################################################################
core.energy_methods.CartesianBondedEnergy: Creating new peptide-bonded energy container (75)
basic.io.database: Database file opened: scoring/score_functions/elec_cp_reps.dat
core.scoring.elec.util: Read 40 countpair representative atoms
core.pack.dunbrack.RotamerLibrary: shapovalov_lib_fixes_enable option is true.
core.pack.dunbrack.RotamerLibrary: Binary rotamer library selected: /usr/local/database/rotamer/beta_nov2016/Dunbrack10.lib.bin
core.pack.dunbrack.RotamerLibrary: Using Dunbrack library binary file '/usr/local/database/rotamer/beta_nov2016/Dunbrack10.lib.bin'.
core.pack.dunbrack.RotamerLibrary: Dunbrack 2010 library took 0.118951 seconds to load from binary
protocols.relax.FastRelax: CMD: repeat  -173.549  0  0  0.55
protocols.relax.FastRelax: CMD: coord_cst_weight  -173.549  0  0  0.55
protocols.relax.FastRelax: CMD: scale:fa_rep  -217.971  0  0  0.022
core.pack.task: Packer task: initialize from command line() 
core.pack.pack_rotamers: built 1065 rotamers at 75 positions.
core.pack.interaction_graph.interaction_graph_factory: Instantiating DensePDInteractionGraph
protocols.relax.FastRelax: CMD: repack  -258.505  0  0  0.022
protocols.relax.FastRelax: CMD: scale:fa_rep  -256.263  0  0  0.02805
protocols.relax.FastRelax: CMD: min  -273.835  0.272182  0.272182  0.02805
protocols.relax.FastRelax: CMD: coord_cst_weight  -273.835  0.272182  0.272182  0.02805
protocols.relax.FastRelax: CMD: scale:fa_rep  -215.499  0.272182  0.272182  0.14575
core.pack.task: Packer task: initialize from command line() 
core.pack.pack_rotamers: built 1003 rotamers at 75 positions.
core.pack.interaction_graph.interaction_graph_factory: Instantiating DensePDInteractionGraph
protocols.relax.FastRelax: CMD: repack  -223.531  0.272182  0.272182  0.14575
protocols.relax.FastRelax: CMD: scale:fa_rep  -221.01  0.272182  0.272182  0.154
protocols.relax.FastRelax: CMD: min  -234.924  0.151385  0.151385  0.154
protocols.relax.FastRelax: CMD: coord_cst_weight  -234.924  0.151385  0.151385  0.154
protocols.relax.FastRelax: CMD: scale:fa_rep  -210.741  0.151385  0.151385  0.30745
core.pack.task: Packer task: initialize from command line() 
core.pack.pack_rotamers: built 982 rotamers at 75 positions.
core.pack.interaction_graph.interaction_graph_factory: Instantiating DensePDInteractionGraph
protocols.relax.FastRelax: CMD: repack  -212.415  0.151385  0.151385  0.30745
protocols.relax.FastRelax: CMD: scale:fa_rep  -210.508  0.151385  0.151385  0.31955
protocols.relax.FastRelax: CMD: min  -212.734  0.112019  0.112019  0.31955
protocols.relax.FastRelax: CMD: coord_cst_weight  -212.734  0.112019  0.112019  0.31955
protocols.relax.FastRelax: CMD: scale:fa_rep  -181.699  0.112019  0.112019  0.55
core.pack.task: Packer task: initialize from command line() 
core.pack.pack_rotamers: built 944 rotamers at 75 positions.
core.pack.interaction_graph.interaction_graph_factory: Instantiating DensePDInteractionGraph
protocols.relax.FastRelax: CMD: repack  -183.732  0.112019  0.112019  0.55
protocols.relax.FastRelax: CMD: min  -185.372  0.09017  0.09017  0.55
protocols.relax.FastRelax: MRP: 0  -185.372  -185.372  0.09017  0.09017  
protocols.relax.FastRelax: CMD: accept_to_best  -185.372  0.09017  0.09017  0.55
protocols.relax.FastRelax: CMD: endrepeat  -185.372  0.09017  0.09017  0.55
protocols.relax.FastRelax: CMD: coord_cst_weight  -185.372  0.09017  0.09017  0.55
protocols.relax.FastRelax: CMD: scale:fa_rep  -247.925  0.09017  0.09017  0.022
core.pack.task: Packer task: initialize from command line() 
core.pack.pack_rotamers: built 1072 rotamers at 75 positions.
core.pack.interaction_graph.interaction_graph_factory: Instantiating DensePDInteractionGraph
protocols.relax.FastRelax: CMD: repack  -256.204  0.09017  0.09017  0.022
protocols.relax.FastRelax: CMD: scale:fa_rep  -253.995  0.09017  0.09017  0.02805
protocols.relax.FastRelax: CMD: min  -266.93  0.279703  0.279703  0.02805
protocols.relax.FastRelax: CMD: coord_cst_weight  -266.93  0.279703  0.279703  0.02805
protocols.relax.FastRelax: CMD: scale:fa_rep  -208.421  0.279703  0.279703  0.14575
core.pack.task: Packer task: initialize from command line() 
core.pack.pack_rotamers: built 1002 rotamers at 75 positions.
core.pack.interaction_graph.interaction_graph_factory: Instantiating DensePDInteractionGraph
protocols.relax.FastRelax: CMD: repack  -218.087  0.279703  0.279703  0.14575
protocols.relax.FastRelax: CMD: scale:fa_rep  -215.553  0.279703  0.279703  0.154
protocols.relax.FastRelax: CMD: min  -229.653  0.170739  0.170739  0.154
protocols.relax.FastRelax: CMD: coord_cst_weight  -229.653  0.170739  0.170739  0.154
protocols.relax.FastRelax: CMD: scale:fa_rep  -205.623  0.170739  0.170739  0.30745
core.pack.task: Packer task: initialize from command line() 
core.pack.pack_rotamers: built 982 rotamers at 75 positions.
core.pack.interaction_graph.interaction_graph_factory: Instantiating DensePDInteractionGraph
protocols.relax.FastRelax: CMD: repack  -206.226  0.170739  0.170739  0.30745
protocols.relax.FastRelax: CMD: scale:fa_rep  -204.331  0.170739  0.170739  0.31955
protocols.relax.FastRelax: CMD: min  -206.546  0.135554  0.135554  0.31955
protocols.relax.FastRelax: CMD: coord_cst_weight  -206.546  0.135554  0.135554  0.31955
protocols.relax.FastRelax: CMD: scale:fa_rep  -175.604  0.135554  0.135554  0.55
core.pack.task: Packer task: initialize from command line() 
core.pack.pack_rotamers: built 941 rotamers at 75 positions.
core.pack.interaction_graph.interaction_graph_factory: Instantiating DensePDInteractionGraph
protocols.relax.FastRelax: CMD: repack  -177.966  0.135554  0.135554  0.55
protocols.relax.FastRelax: CMD: min  -179.306  0.117925  0.117925  0.55
protocols.relax.FastRelax: MRP: 1  -179.306  -185.372  0.09017  0.09017  
protocols.relax.FastRelax: CMD: accept_to_best  -179.306  0.117925  0.117925  0.55
protocols.relax.FastRelax: CMD: endrepeat  -179.306  0.117925  0.117925  0.55
protocols.relax.FastRelax: CMD: coord_cst_weight  -179.306  0.117925  0.117925  0.55
protocols.relax.FastRelax: CMD: scale:fa_rep  -241.968  0.117925  0.117925  0.022
core.pack.task: Packer task: initialize from command line() 
core.pack.pack_rotamers: built 1072 rotamers at 75 positions.
core.pack.interaction_graph.interaction_graph_factory: Instantiating DensePDInteractionGraph
protocols.relax.FastRelax: CMD: repack  -251.133  0.117925  0.117925  0.022
protocols.relax.FastRelax: CMD: scale:fa_rep  -249.225  0.117925  0.117925  0.02805
protocols.relax.FastRelax: CMD: min  -262.16  0.288219  0.288219  0.02805
protocols.relax.FastRelax: CMD: coord_cst_weight  -262.16  0.288219  0.288219  0.02805
protocols.relax.FastRelax: CMD: scale:fa_rep  -210.196  0.288219  0.288219  0.14575
core.pack.task: Packer task: initialize from command line() 
core.pack.pack_rotamers: built 1002 rotamers at 75 positions.
core.pack.interaction_graph.interaction_graph_factory: Instantiating DensePDInteractionGraph
protocols.relax.FastRelax: CMD: repack  -211.831  0.288219  0.288219  0.14575
protocols.relax.FastRelax: CMD: scale:fa_rep  -209.317  0.288219  0.288219  0.154
protocols.relax.FastRelax: CMD: min  -222.977  0.183086  0.183086  0.154
protocols.relax.FastRelax: CMD: coord_cst_weight  -222.977  0.183086  0.183086  0.154
protocols.relax.FastRelax: CMD: scale:fa_rep  -198.858  0.183086  0.183086  0.30745
core.pack.task: Packer task: initialize from command line() 
core.pack.pack_rotamers: built 981 rotamers at 75 positions.
core.pack.interaction_graph.interaction_graph_factory: Instantiating DensePDInteractionGraph
protocols.relax.FastRelax: CMD: repack  -201.347  0.183086  0.183086  0.30745
protocols.relax.FastRelax: CMD: scale:fa_rep  -199.445  0.183086  0.183086  0.31955
protocols.relax.FastRelax: CMD: min  -201.76  0.140736  0.140736  0.31955
protocols.relax.FastRelax: CMD: coord_cst_weight  -201.76  0.140736  0.140736  0.31955
protocols.relax.FastRelax: CMD: scale:fa_rep  -170.709  0.140736  0.140736  0.55
core.pack.task: Packer task: initialize from command line() 
core.pack.pack_rotamers: built 940 rotamers at 75 positions.
core.pack.interaction_graph.interaction_graph_factory: Instantiating DensePDInteractionGraph
protocols.relax.FastRelax: CMD: repack  -176.446  0.140736  0.140736  0.55
protocols.relax.FastRelax: CMD: min  -177.881  0.120358  0.120358  0.55
protocols.relax.FastRelax: MRP: 2  -177.881  -185.372  0.09017  0.09017  
protocols.relax.FastRelax: CMD: accept_to_best  -177.881  0.120358  0.120358  0.55
protocols.relax.FastRelax: CMD: endrepeat  -177.881  0.120358  0.120358  0.55
protocols.relax.FastRelax: CMD: coord_cst_weight  -177.881  0.120358  0.120358  0.55
protocols.relax.FastRelax: CMD: scale:fa_rep  -240.525  0.120358  0.120358  0.022
core.pack.task: Packer task: initialize from command line() 
core.pack.pack_rotamers: built 1072 rotamers at 75 positions.
core.pack.interaction_graph.interaction_graph_factory: Instantiating DensePDInteractionGraph
protocols.relax.FastRelax: CMD: repack  -250.464  0.120358  0.120358  0.022
protocols.relax.FastRelax: CMD: scale:fa_rep  -248.57  0.120358  0.120358  0.02805
protocols.relax.FastRelax: CMD: min  -261.765  0.303098  0.303098  0.02805
protocols.relax.FastRelax: CMD: coord_cst_weight  -261.765  0.303098  0.303098  0.02805
protocols.relax.FastRelax: CMD: scale:fa_rep  -208.819  0.303098  0.303098  0.14575
core.pack.task: Packer task: initialize from command line() 
core.pack.pack_rotamers: built 1003 rotamers at 75 positions.
core.pack.interaction_graph.interaction_graph_factory: Instantiating DensePDInteractionGraph
protocols.relax.FastRelax: CMD: repack  -200.793  0.303098  0.303098  0.14575
protocols.relax.FastRelax: CMD: scale:fa_rep  -198.21  0.303098  0.303098  0.154
protocols.relax.FastRelax: CMD: min  -212.802  0.205458  0.205458  0.154
protocols.relax.FastRelax: CMD: coord_cst_weight  -212.802  0.205458  0.205458  0.154
protocols.relax.FastRelax: CMD: scale:fa_rep  -188.393  0.205458  0.205458  0.30745
core.pack.task: Packer task: initialize from command line() 
core.pack.pack_rotamers: built 980 rotamers at 75 positions.
core.pack.interaction_graph.interaction_graph_factory: Instantiating DensePDInteractionGraph
protocols.relax.FastRelax: CMD: repack  -186.095  0.205458  0.205458  0.30745
protocols.relax.FastRelax: CMD: scale:fa_rep  -184.17  0.205458  0.205458  0.31955
protocols.relax.FastRelax: CMD: min  -186.731  0.191895  0.191895  0.31955
protocols.relax.FastRelax: CMD: coord_cst_weight  -186.731  0.191895  0.191895  0.31955
protocols.relax.FastRelax: CMD: scale:fa_rep  -155.445  0.191895  0.191895  0.55
core.pack.task: Packer task: initialize from command line() 
core.pack.pack_rotamers: built 942 rotamers at 75 positions.
core.pack.interaction_graph.interaction_graph_factory: Instantiating DensePDInteractionGraph
protocols.relax.FastRelax: CMD: repack  -146.014  0.191895  0.191895  0.55
protocols.relax.FastRelax: CMD: min  -147.452  0.197291  0.197291  0.55
protocols.relax.FastRelax: MRP: 3  -147.452  -185.372  0.09017  0.09017  
protocols.relax.FastRelax: CMD: accept_to_best  -147.452  0.197291  0.197291  0.55
protocols.relax.FastRelax: CMD: endrepeat  -147.452  0.197291  0.197291  0.55
protocols.relax.FastRelax: CMD: coord_cst_weight  -147.452  0.197291  0.197291  0.55
protocols.relax.FastRelax: CMD: scale:fa_rep  -210.723  0.197291  0.197291  0.022
core.pack.task: Packer task: initialize from command line() 
core.pack.pack_rotamers: built 1075 rotamers at 75 positions.
core.pack.interaction_graph.interaction_graph_factory: Instantiating DensePDInteractionGraph
protocols.relax.FastRelax: CMD: repack  -227.881  0.197291  0.197291  0.022
protocols.relax.FastRelax: CMD: scale:fa_rep  -225.649  0.197291  0.197291  0.02805
protocols.relax.FastRelax: CMD: min  -238.578  0.313037  0.313037  0.02805
protocols.relax.FastRelax: CMD: coord_cst_weight  -238.578  0.313037  0.313037  0.02805
protocols.relax.FastRelax: CMD: scale:fa_rep  -180.419  0.313037  0.313037  0.14575
core.pack.task: Packer task: initialize from command line() 
core.pack.pack_rotamers: built 1005 rotamers at 75 positions.
core.pack.interaction_graph.interaction_graph_factory: Instantiating DensePDInteractionGraph
protocols.relax.FastRelax: CMD: repack  -198  0.313037  0.313037  0.14575
protocols.relax.FastRelax: CMD: scale:fa_rep  -195.491  0.313037  0.313037  0.154
protocols.relax.FastRelax: CMD: min  -209.071  0.230202  0.230202  0.154
protocols.relax.FastRelax: CMD: coord_cst_weight  -209.071  0.230202  0.230202  0.154
protocols.relax.FastRelax: CMD: scale:fa_rep  -184.896  0.230202  0.230202  0.30745
core.pack.task: Packer task: initialize from command line() 
core.pack.pack_rotamers: built 980 rotamers at 75 positions.
core.pack.interaction_graph.interaction_graph_factory: Instantiating DensePDInteractionGraph
protocols.relax.FastRelax: CMD: repack  -190.533  0.230202  0.230202  0.30745
protocols.relax.FastRelax: CMD: scale:fa_rep  -188.627  0.230202  0.230202  0.31955
protocols.relax.FastRelax: CMD: min  -190.722  0.215936  0.215936  0.31955
protocols.relax.FastRelax: CMD: coord_cst_weight  -190.722  0.215936  0.215936  0.31955
protocols.relax.FastRelax: CMD: scale:fa_rep  -159.466  0.215936  0.215936  0.55
core.pack.task: Packer task: initialize from command line() 
core.pack.pack_rotamers: built 941 rotamers at 75 positions.
core.pack.interaction_graph.interaction_graph_factory: Instantiating DensePDInteractionGraph
protocols.relax.FastRelax: CMD: repack  -164.064  0.215936  0.215936  0.55
protocols.relax.FastRelax: CMD: min  -165.637  0.213572  0.213572  0.55
protocols.relax.FastRelax: MRP: 4  -165.637  -185.372  0.09017  0.09017  
protocols.relax.FastRelax: CMD: accept_to_best  -165.637  0.213572  0.213572  0.55
protocols.relax.FastRelax: CMD: endrepeat  -165.637  0.213572  0.213572  0.55
protocols.relax.FastRelax: CMD: coord_cst_weight  -165.637  0.213572  0.213572  0.55
protocols.relax.FastRelax: CMD: scale:fa_rep  -228.809  0.213572  0.213572  0.022
core.pack.task: Packer task: initialize from command line() 
core.pack.pack_rotamers: built 1074 rotamers at 75 positions.
core.pack.interaction_graph.interaction_graph_factory: Instantiating DensePDInteractionGraph
protocols.relax.FastRelax: CMD: repack  -238.046  0.213572  0.213572  0.022
protocols.relax.FastRelax: CMD: scale:fa_rep  -235.893  0.213572  0.213572  0.02805
protocols.relax.FastRelax: CMD: min  -248.731  0.315279  0.315279  0.02805
protocols.relax.FastRelax: CMD: coord_cst_weight  -248.731  0.315279  0.315279  0.02805
protocols.relax.FastRelax: CMD: scale:fa_rep  -190.633  0.315279  0.315279  0.14575
core.pack.task: Packer task: initialize from command line() 
core.pack.pack_rotamers: built 1003 rotamers at 75 positions.
core.pack.interaction_graph.interaction_graph_factory: Instantiating DensePDInteractionGraph
protocols.relax.FastRelax: CMD: repack  -200.241  0.315279  0.315279  0.14575
protocols.relax.FastRelax: CMD: scale:fa_rep  -197.736  0.315279  0.315279  0.154
protocols.relax.FastRelax: CMD: min  -211.198  0.233737  0.233737  0.154
protocols.relax.FastRelax: CMD: coord_cst_weight  -211.198  0.233737  0.233737  0.154
protocols.relax.FastRelax: CMD: scale:fa_rep  -186.947  0.233737  0.233737  0.30745
core.pack.task: Packer task: initialize from command line() 
core.pack.pack_rotamers: built 980 rotamers at 75 positions.
core.pack.interaction_graph.interaction_graph_factory: Instantiating DensePDInteractionGraph
protocols.relax.FastRelax: CMD: repack  -192.149  0.233737  0.233737  0.30745
protocols.relax.FastRelax: CMD: scale:fa_rep  -190.236  0.233737  0.233737  0.31955
protocols.relax.FastRelax: CMD: min  -192.523  0.218013  0.218013  0.31955
protocols.relax.FastRelax: CMD: coord_cst_weight  -192.523  0.218013  0.218013  0.31955
protocols.relax.FastRelax: CMD: scale:fa_rep  -161.312  0.218013  0.218013  0.55
core.pack.task: Packer task: initialize from command line() 
core.pack.pack_rotamers: built 941 rotamers at 75 positions.
core.pack.interaction_graph.interaction_graph_factory: Instantiating DensePDInteractionGraph
protocols.relax.FastRelax: CMD: repack  -165.413  0.218013  0.218013  0.55
protocols.relax.FastRelax: CMD: min  -166.828  0.214295  0.214295  0.55
protocols.relax.FastRelax: MRP: 5  -166.828  -185.372  0.09017  0.09017  
protocols.relax.FastRelax: CMD: accept_to_best  -166.828  0.214295  0.214295  0.55
protocols.relax.FastRelax: CMD: endrepeat  -166.828  0.214295  0.214295  0.55
protocols.relax.FastRelax: CMD: coord_cst_weight  -166.828  0.214295  0.214295  0.55
protocols.relax.FastRelax: CMD: scale:fa_rep  -230.021  0.214295  0.214295  0.022
core.pack.task: Packer task: initialize from command line() 
core.pack.pack_rotamers: built 1074 rotamers at 75 positions.
core.pack.interaction_graph.interaction_graph_factory: Instantiating DensePDInteractionGraph
protocols.relax.FastRelax: CMD: repack  -238.898  0.214295  0.214295  0.022
protocols.relax.FastRelax: CMD: scale:fa_rep  -237.002  0.214295  0.214295  0.02805
protocols.relax.FastRelax: CMD: min  -249.814  0.314563  0.314563  0.02805
protocols.relax.FastRelax: CMD: coord_cst_weight  -249.814  0.314563  0.314563  0.02805
protocols.relax.FastRelax: CMD: scale:fa_rep  -198.311  0.314563  0.314563  0.14575
core.pack.task: Packer task: initialize from command line() 
core.pack.pack_rotamers: built 1004 rotamers at 75 positions.
core.pack.interaction_graph.interaction_graph_factory: Instantiating DensePDInteractionGraph
protocols.relax.FastRelax: CMD: repack  -200.675  0.314563  0.314563  0.14575
protocols.relax.FastRelax: CMD: scale:fa_rep  -198.192  0.314563  0.314563  0.154
protocols.relax.FastRelax: CMD: min  -211.367  0.232995  0.232995  0.154
protocols.relax.FastRelax: CMD: coord_cst_weight  -211.367  0.232995  0.232995  0.154
protocols.relax.FastRelax: CMD: scale:fa_rep  -187.184  0.232995  0.232995  0.30745
core.pack.task: Packer task: initialize from command line() 
core.pack.pack_rotamers: built 980 rotamers at 75 positions.
core.pack.interaction_graph.interaction_graph_factory: Instantiating DensePDInteractionGraph
protocols.relax.FastRelax: CMD: repack  -192.123  0.232995  0.232995  0.30745
protocols.relax.FastRelax: CMD: scale:fa_rep  -190.216  0.232995  0.232995  0.31955
protocols.relax.FastRelax: CMD: min  -192.304  0.217811  0.217811  0.31955
protocols.relax.FastRelax: CMD: coord_cst_weight  -192.304  0.217811  0.217811  0.31955
protocols.relax.FastRelax: CMD: scale:fa_rep  -161.015  0.217811  0.217811  0.55
core.pack.task: Packer task: initialize from command line() 
core.pack.pack_rotamers: built 942 rotamers at 75 positions.
core.pack.interaction_graph.interaction_graph_factory: Instantiating DensePDInteractionGraph
protocols.relax.FastRelax: CMD: repack  -164.83  0.217811  0.217811  0.55
protocols.relax.FastRelax: CMD: min  -166.406  0.214036  0.214036  0.55
protocols.relax.FastRelax: MRP: 6  -166.406  -185.372  0.09017  0.09017  
protocols.relax.FastRelax: CMD: accept_to_best  -166.406  0.214036  0.214036  0.55
protocols.relax.FastRelax: CMD: endrepeat  -166.406  0.214036  0.214036  0.55
protocols.relax.FastRelax: CMD: coord_cst_weight  -166.406  0.214036  0.214036  0.55
protocols.relax.FastRelax: CMD: scale:fa_rep  -229.753  0.214036  0.214036  0.022
core.pack.task: Packer task: initialize from command line() 
core.pack.pack_rotamers: built 1071 rotamers at 75 positions.
core.pack.interaction_graph.interaction_graph_factory: Instantiating DensePDInteractionGraph
protocols.relax.FastRelax: CMD: repack  -238.566  0.214036  0.214036  0.022
protocols.relax.FastRelax: CMD: scale:fa_rep  -236.731  0.214036  0.214036  0.02805
protocols.relax.FastRelax: CMD: min  -249.326  0.315552  0.315552  0.02805
protocols.relax.FastRelax: CMD: coord_cst_weight  -249.326  0.315552  0.315552  0.02805
protocols.relax.FastRelax: CMD: scale:fa_rep  -197.668  0.315552  0.315552  0.14575
core.pack.task: Packer task: initialize from command line() 
core.pack.pack_rotamers: built 1004 rotamers at 75 positions.
core.pack.interaction_graph.interaction_graph_factory: Instantiating DensePDInteractionGraph
protocols.relax.FastRelax: CMD: repack  -200.652  0.315552  0.315552  0.14575
protocols.relax.FastRelax: CMD: scale:fa_rep  -198.159  0.315552  0.315552  0.154
protocols.relax.FastRelax: CMD: min  -211.509  0.233982  0.233982  0.154
protocols.relax.FastRelax: CMD: coord_cst_weight  -211.509  0.233982  0.233982  0.154
protocols.relax.FastRelax: CMD: scale:fa_rep  -187.135  0.233982  0.233982  0.30745
core.pack.task: Packer task: initialize from command line() 
core.pack.pack_rotamers: built 979 rotamers at 75 positions.
core.pack.interaction_graph.interaction_graph_factory: Instantiating DensePDInteractionGraph
protocols.relax.FastRelax: CMD: repack  -192.078  0.233982  0.233982  0.30745
protocols.relax.FastRelax: CMD: scale:fa_rep  -190.156  0.233982  0.233982  0.31955
protocols.relax.FastRelax: CMD: min  -192.416  0.21785  0.21785  0.31955
protocols.relax.FastRelax: CMD: coord_cst_weight  -192.416  0.21785  0.21785  0.31955
protocols.relax.FastRelax: CMD: scale:fa_rep  -161.107  0.21785  0.21785  0.55
core.pack.task: Packer task: initialize from command line() 
core.pack.pack_rotamers: built 940 rotamers at 75 positions.
core.pack.interaction_graph.interaction_graph_factory: Instantiating DensePDInteractionGraph
protocols.relax.FastRelax: CMD: repack  -164.831  0.21785  0.21785  0.55
protocols.relax.FastRelax: CMD: min  -166.477  0.214083  0.214083  0.55
protocols.relax.FastRelax: MRP: 7  -166.477  -185.372  0.09017  0.09017  
protocols.relax.FastRelax: CMD: accept_to_best  -166.477  0.214083  0.214083  0.55
protocols.relax.FastRelax: CMD: endrepeat  -166.477  0.214083  0.214083  0.55
protocols.relax.FastRelax: CMD: coord_cst_weight  -166.477  0.214083  0.214083  0.55
protocols.relax.FastRelax: CMD: scale:fa_rep  -229.716  0.214083  0.214083  0.022
core.pack.task: Packer task: initialize from command line() 
core.pack.pack_rotamers: built 1073 rotamers at 75 positions.
core.pack.interaction_graph.interaction_graph_factory: Instantiating DensePDInteractionGraph
protocols.relax.FastRelax: CMD: repack  -238.687  0.214083  0.214083  0.022
protocols.relax.FastRelax: CMD: scale:fa_rep  -236.785  0.214083  0.214083  0.02805
protocols.relax.FastRelax: CMD: min  -249.55  0.316422  0.316422  0.02805
protocols.relax.FastRelax: CMD: coord_cst_weight  -249.55  0.316422  0.316422  0.02805
protocols.relax.FastRelax: CMD: scale:fa_rep  -197.553  0.316422  0.316422  0.14575
core.pack.task: Packer task: initialize from command line() 
core.pack.pack_rotamers: built 1004 rotamers at 75 positions.
core.pack.interaction_graph.interaction_graph_factory: Instantiating DensePDInteractionGraph
protocols.relax.FastRelax: CMD: repack  -199.972  0.316422  0.316422  0.14575
protocols.relax.FastRelax: CMD: scale:fa_rep  -197.455  0.316422  0.316422  0.154
protocols.relax.FastRelax: CMD: min  -211.169  0.234194  0.234194  0.154
protocols.relax.FastRelax: CMD: coord_cst_weight  -211.169  0.234194  0.234194  0.154
protocols.relax.FastRelax: CMD: scale:fa_rep  -186.819  0.234194  0.234194  0.30745
core.pack.task: Packer task: initialize from command line() 
core.pack.pack_rotamers: built 979 rotamers at 75 positions.
core.pack.interaction_graph.interaction_graph_factory: Instantiating DensePDInteractionGraph
protocols.relax.FastRelax: CMD: repack  -192.027  0.234194  0.234194  0.30745
protocols.relax.FastRelax: CMD: scale:fa_rep  -190.107  0.234194  0.234194  0.31955
protocols.relax.FastRelax: CMD: min  -192.372  0.218142  0.218142  0.31955
protocols.relax.FastRelax: CMD: coord_cst_weight  -192.372  0.218142  0.218142  0.31955
protocols.relax.FastRelax: CMD: scale:fa_rep  -161.07  0.218142  0.218142  0.55
core.pack.task: Packer task: initialize from command line() 
core.pack.pack_rotamers: built 940 rotamers at 75 positions.
core.pack.interaction_graph.interaction_graph_factory: Instantiating DensePDInteractionGraph
protocols.relax.FastRelax: CMD: repack  -164.958  0.218142  0.218142  0.55
protocols.relax.FastRelax: CMD: min  -166.585  0.214458  0.214458  0.55
protocols.relax.FastRelax: MRP: 8  -166.585  -185.372  0.09017  0.09017  
protocols.relax.FastRelax: CMD: accept_to_best  -166.585  0.214458  0.214458  0.55
protocols.relax.FastRelax: CMD: endrepeat  -166.585  0.214458  0.214458  0.55
protocols.relax.FastRelax: CMD: coord_cst_weight  -166.585  0.214458  0.214458  0.55
protocols.relax.FastRelax: CMD: scale:fa_rep  -229.755  0.214458  0.214458  0.022
core.pack.task: Packer task: initialize from command line() 
core.pack.pack_rotamers: built 1074 rotamers at 75 positions.
core.pack.interaction_graph.interaction_graph_factory: Instantiating DensePDInteractionGraph
protocols.relax.FastRelax: CMD: repack  -238.758  0.214458  0.214458  0.022
protocols.relax.FastRelax: CMD: scale:fa_rep  -236.86  0.214458  0.214458  0.02805
protocols.relax.FastRelax: CMD: min  -249.715  0.314756  0.314756  0.02805
protocols.relax.FastRelax: CMD: coord_cst_weight  -249.715  0.314756  0.314756  0.02805
protocols.relax.FastRelax: CMD: scale:fa_rep  -198.192  0.314756  0.314756  0.14575
core.pack.task: Packer task: initialize from command line() 
core.pack.pack_rotamers: built 1004 rotamers at 75 positions.
core.pack.interaction_graph.interaction_graph_factory: Instantiating DensePDInteractionGraph
protocols.relax.FastRelax: CMD: repack  -200.702  0.314756  0.314756  0.14575
protocols.relax.FastRelax: CMD: scale:fa_rep  -198.218  0.314756  0.314756  0.154
protocols.relax.FastRelax: CMD: min  -211.408  0.233205  0.233205  0.154
protocols.relax.FastRelax: CMD: coord_cst_weight  -211.408  0.233205  0.233205  0.154
protocols.relax.FastRelax: CMD: scale:fa_rep  -187.259  0.233205  0.233205  0.30745
core.pack.task: Packer task: initialize from command line() 
core.pack.pack_rotamers: built 982 rotamers at 75 positions.
core.pack.interaction_graph.interaction_graph_factory: Instantiating DensePDInteractionGraph
protocols.relax.FastRelax: CMD: repack  -192.151  0.233205  0.233205  0.30745
protocols.relax.FastRelax: CMD: scale:fa_rep  -190.247  0.233205  0.233205  0.31955
protocols.relax.FastRelax: CMD: min  -192.314  0.217796  0.217796  0.31955
protocols.relax.FastRelax: CMD: coord_cst_weight  -192.314  0.217796  0.217796  0.31955
protocols.relax.FastRelax: CMD: scale:fa_rep  -161.025  0.217796  0.217796  0.55
core.pack.task: Packer task: initialize from command line() 
core.pack.pack_rotamers: built 940 rotamers at 75 positions.
core.pack.interaction_graph.interaction_graph_factory: Instantiating DensePDInteractionGraph
protocols.relax.FastRelax: CMD: repack  -164.924  0.217796  0.217796  0.55
protocols.relax.FastRelax: CMD: min  -166.529  0.213984  0.213984  0.55
protocols.relax.FastRelax: MRP: 9  -166.529  -185.372  0.09017  0.09017  
protocols.relax.FastRelax: CMD: accept_to_best  -166.529  0.213984  0.213984  0.55
protocols.relax.FastRelax: CMD: endrepeat  -166.529  0.213984  0.213984  0.55
protocols::checkpoint: Deleting checkpoints of FastRelax
protocols.rosetta_scripts.ParsedProtocol: setting status to success
protocols.jd2.JobDistributor: flags_relax_restrict_backbone_10_structure_0001 reported success in 33 seconds
protocols.jd2.JobDistributor: no more batches to process... 
protocols.jd2.JobDistributor: 1 jobs considered, 1 jobs attempted in 33 seconds
basic.citation_manager.CitationManager: 
The following Rosetta modules were used during this run of Rosetta, and should be cited:

rosetta_scripts Application's citation(s):
Fleishman SJ, Leaver-Fay A, Corn JE, Strauch E-M, Khare SD, Koga N, Ashworth J, Murphy P, Richter F, Lemmon G, Meiler J, and Baker D.  (2011).  RosettaScripts: A Scripting Language Interface to the Rosetta Macromolecular Modeling Suite.  PLoS ONE 6(6):e20161.  doi: 10.1371/journal.pone.0020161.

FastRelax Mover's citation(s):
*Tyka MD, *Keedy DA, André I, Dimaio F, Song Y, Richardson DC, Richardson JS, and Baker D.  (2011).  Alternate states of proteins revealed by detailed energy landscape mapping.  J Mol Biol 405(2):607-18.  doi: 10.1016/j.jmb.2010.11.008.  (*Co-primary authors.)

Khatib F, Cooper S, Tyka MD, Xu K, Makedon I, Popovic Z, Baker D, and Players F.  (2011).  Algorithm discovery by protein folding game players.  Proc Natl Acad Sci USA 108(47):18949-53.  doi: 10.1073/pnas.1115898108.

Maguire JB, Haddox HK, Strickland D, Halabiya SF, Coventry B, Griffin JR, Pulavarti SVSRK, Cummins M, Thieker DF, Klavins E, Szyperski T, DiMaio F, Baker D, and Kuhlman B.  (2021).  Perturbing the energy landscape for improved packing during computational protein design.  Proteins 89(4):436-449.  doi: 10.1002/prot.26030.


The following UNPUBLISHED Rosetta modules were used during this run of Rosetta.  Their authors should be included in the author list when this work is published:

NeighborhoodResidueSelector ResidueSelector's author(s):
Robert Lindner, Natural Sciences and Mathematics, Ruperto-Carola University, Heidelberg, Germany [rlindner@mpimf-heidelberg.mpg.de]
Jared Adolf-Bryfogle, Schief lab, Scripps Research Institute [jadolfbr@gmail.com]
Gerard Daniel, Institue for Protein Design, University of Washington [gerardda@uw.edu]


