********  (C) Copyright Rosetta Commons Member Institutions.  ***************
* Use of Rosetta for commercial purposes may require purchase of a license. *
********  See LICENSE.md or email license@uw.edu for more details. **********
core.init: Checking for fconfig files in pwd and ./rosetta/flags 
core.init: Rosetta version: 2025.29+HEAD.4af227b4a5 4af227b4a532553b28d2053e675f6da10fbbdc78 https://github.com/RosettaCommons/rosetta.git 2025-07-09T15:27:17
core.init: Rosetta extras: []
core.init: command: rosetta_scripts @flags_relax_minimize_max_iter
basic.random.init_random_generator: 'RNG device' seed mode, using '/dev/urandom', seed=1666884584 seed_offset=0 real_seed=1666884584
basic.random.init_random_generator: RandomGenerator:init: Normal mode, seed=1666884584 RG_type=mt19937
core.init: found database environment variable ROSETTA3_DB: /usr/local/database
protocols.jd2.PDBJobInputter: Instantiate PDBJobInputter
protocols.jd2.PDBJobInputter: PDBJobInputter::fill_jobs
protocols.jd2.PDBJobInputter: pushed structure.pdb nstruct index 1
protocols.evaluation.ChiWellRmsdEvaluatorCreator: Evaluation Creator active ... 
protocols.jd2.PDBJobInputter: PDBJobInputter::pose_from_job
protocols.jd2.PDBJobInputter: filling pose from PDB structure.pdb
core.chemical.GlobalResidueTypeSet: Finished initializing fa_standard residue type set.  Created 985 residue types
core.chemical.GlobalResidueTypeSet: Total time to initialize 0.43425 seconds.
core.import_pose.import_pose: File 'structure.pdb' automatically determined to be of type PDB from contents.
protocols.rosetta_scripts.RosettaScriptsParser: dock_design_filename=relax_v3.xml
protocols.rosetta_scripts.RosettaScriptsParser: Validating input script...
protocols.rosetta_scripts.RosettaScriptsSchemaValidator: Generating XML Schema for rosetta_scripts...
protocols.rosetta_scripts.RosettaScriptsSchemaValidator: ...done
protocols.rosetta_scripts.RosettaScriptsSchemaValidator: Initializing schema validator...
protocols.rosetta_scripts.RosettaScriptsSchemaValidator: ...done
protocols.rosetta_scripts.RosettaScriptsParser: ...done
protocols.rosetta_scripts.RosettaScriptsParser: Parsed script:
<ROSETTASCRIPTS>
	<SCOREFXNS>
		<ScoreFunction name="beta_sf" weights="beta_nov16_cart"/>
	</SCOREFXNS>
	<MOVERS>
		<MutateResidue name="mutant" new_res="ALA" target="55A"/>
		<FastRelax cartesian="true" disable_design="false" name="relax" repeats="10" scorefxn="beta_sf"/>
	</MOVERS>
	<PROTOCOLS>
		<Add mover_name="mutant"/>
		<Add mover="relax"/>
	</PROTOCOLS>
	<OUTPUT scorefxn="beta_sf"/>
</ROSETTASCRIPTS>
core.scoring.ScoreFunctionFactory: SCOREFUNCTION: beta_nov16_cart.wts
core.scoring.etable: Starting energy table calculation
core.scoring.etable: smooth_etable: changing atr/rep split to bottom of energy well
core.scoring.etable: smooth_etable: spline smoothing lj etables (maxdis = 6)
core.scoring.etable: smooth_etable: spline smoothing solvation etables (max_dis = 6)
core.scoring.etable: Finished calculating energy tables.
basic.io.database: Database file opened: scoring/score_functions/hbonds/ref2015_params/HBPoly1D.csv
basic.io.database: Database file opened: scoring/score_functions/hbonds/ref2015_params/HBFadeIntervals.csv
basic.io.database: Database file opened: scoring/score_functions/hbonds/ref2015_params/HBEval.csv
basic.io.database: Database file opened: scoring/score_functions/hbonds/ref2015_params/DonStrength.csv
basic.io.database: Database file opened: scoring/score_functions/hbonds/ref2015_params/AccStrength.csv
basic.io.database: Database file opened: scoring/score_functions/rama/fd_beta_nov2016/all.ramaProb
basic.io.database: Database file opened: scoring/score_functions/rama/fd_beta_nov2016/prepro.ramaProb
basic.io.database: Database file opened: scoring/score_functions/omega/omega_ppdep.all.txt
basic.io.database: Database file opened: scoring/score_functions/omega/omega_ppdep.gly.txt
basic.io.database: Database file opened: scoring/score_functions/omega/omega_ppdep.pro.txt
basic.io.database: Database file opened: scoring/score_functions/omega/omega_ppdep.valile.txt
basic.io.database: Database file opened: scoring/score_functions/P_AA_pp/P_AA
basic.io.database: Database file opened: scoring/score_functions/P_AA_pp/P_AA_n
core.scoring.P_AA: shapovalov_lib::shap_p_aa_pp_smooth_level of 1( aka low_smooth ) got activated.
basic.io.database: Database file opened: scoring/score_functions/P_AA_pp/shapovalov/10deg/kappa131/a20.prop
basic.io.database: Database file opened: scoring/score_functions/bondlength_bondangle/hydroxyl_torsion_preference.txt
core.energy_methods.CartesianBondedEnergy: Initializing IdealParametersDatabase with default Ks=300 , 80 , 80 , 10 , 80
basic.io.database: Database file opened: scoring/score_functions/bondlength_bondangle/default-lengths.txt
core.energy_methods.CartesianBondedEnergy: Read 759 bb-independent lengths.
basic.io.database: Database file opened: scoring/score_functions/bondlength_bondangle/default-angles.txt
core.energy_methods.CartesianBondedEnergy: Read 1434 bb-independent angles.
basic.io.database: Database file opened: scoring/score_functions/bondlength_bondangle/default-torsions.txt
core.energy_methods.CartesianBondedEnergy: Read 1 bb-independent torsions.
basic.io.database: Database file opened: scoring/score_functions/bondlength_bondangle/default-improper.txt
core.energy_methods.CartesianBondedEnergy: Read 529 bb-independent improper tors.
core.scoring.etable: Starting energy table calculation
core.scoring.etable: smooth_etable: changing atr/rep split to bottom of energy well
core.scoring.etable: smooth_etable: spline smoothing lj etables (maxdis = 6)
core.scoring.etable: smooth_etable: spline smoothing solvation etables (max_dis = 6)
core.scoring.etable: Finished calculating energy tables.
basic.io.database: Database file opened: scoring/score_functions/PairEPotential/pdb_pair_stats_fine
basic.io.database: Database file opened: scoring/score_functions/InterchainPotential/interchain_env_log.txt
basic.io.database: Database file opened: scoring/score_functions/InterchainPotential/interchain_pair_log.txt
basic.io.database: Database file opened: scoring/score_functions/EnvPairPotential/env_log.txt
basic.io.database: Database file opened: scoring/score_functions/EnvPairPotential/cbeta_den.txt
basic.io.database: Database file opened: scoring/score_functions/EnvPairPotential/pair_log.txt
basic.io.database: Database file opened: scoring/score_functions/EnvPairPotential/cenpack_log.txt
core.scoring.ramachandran: shapovalov_lib::shap_rama_smooth_level of 4( aka highest_smooth ) got activated.
basic.io.database: Database file opened: scoring/score_functions/rama/shapovalov/kappa25/all.ramaProb
protocols.jd2.parser.ScoreFunctionLoader: defined score function "beta_sf" with weights "beta_nov16_cart"
protocols.rosetta_scripts.RosettaScriptsParser: Defined mover named "mutant" of type MutateResidue
protocols.relax.RelaxScriptManager: Reading relax scripts list from database.
core.scoring.ScoreFunctionFactory: SCOREFUNCTION: beta_nov16_cart.wts
protocols.relax.RelaxScriptManager: Looking for MonomerRelax2019.txt
protocols.relax.RelaxScriptManager: ================== Reading script file: /usr/local/database/sampling/relax_scripts/MonomerRelax2019.txt ==================
protocols.relax.RelaxScriptManager: repeat %%nrepeats%%
protocols.relax.RelaxScriptManager: coord_cst_weight 1.0
protocols.relax.RelaxScriptManager: scale:fa_rep 0.040
protocols.relax.RelaxScriptManager: repack
protocols.relax.RelaxScriptManager: scale:fa_rep 0.051
protocols.relax.RelaxScriptManager: min 0.01
protocols.relax.RelaxScriptManager: coord_cst_weight 0.5
protocols.relax.RelaxScriptManager: scale:fa_rep 0.265
protocols.relax.RelaxScriptManager: repack
protocols.relax.RelaxScriptManager: scale:fa_rep 0.280
protocols.relax.RelaxScriptManager: min 0.01
protocols.relax.RelaxScriptManager: coord_cst_weight 0.0
protocols.relax.RelaxScriptManager: scale:fa_rep 0.559
protocols.relax.RelaxScriptManager: repack
protocols.relax.RelaxScriptManager: scale:fa_rep 0.581
protocols.relax.RelaxScriptManager: min 0.01
protocols.relax.RelaxScriptManager: coord_cst_weight 0.0
protocols.relax.RelaxScriptManager: scale:fa_rep 1
protocols.relax.RelaxScriptManager: repack
protocols.relax.RelaxScriptManager: min 0.00001
protocols.relax.RelaxScriptManager: accept_to_best
protocols.relax.RelaxScriptManager: endrepeat
protocols.relax.RelaxScriptManager: Looking for MonomerDesign2019.txt
protocols.relax.RelaxScriptManager: ================== Reading script file: /usr/local/database/sampling/relax_scripts/MonomerDesign2019.txt ==================
protocols.relax.RelaxScriptManager: repeat %%nrepeats%%
protocols.relax.RelaxScriptManager: coord_cst_weight 1.0
protocols.relax.RelaxScriptManager: scale:fa_rep 0.059
protocols.relax.RelaxScriptManager: repack
protocols.relax.RelaxScriptManager: scale:fa_rep 0.092
protocols.relax.RelaxScriptManager: min 0.01
protocols.relax.RelaxScriptManager: coord_cst_weight 0.5
protocols.relax.RelaxScriptManager: scale:fa_rep 0.280
protocols.relax.RelaxScriptManager: repack
protocols.relax.RelaxScriptManager: scale:fa_rep 0.323
protocols.relax.RelaxScriptManager: min 0.01
protocols.relax.RelaxScriptManager: coord_cst_weight 0.0
protocols.relax.RelaxScriptManager: scale:fa_rep 0.568
protocols.relax.RelaxScriptManager: repack
protocols.relax.RelaxScriptManager: scale:fa_rep 0.633
protocols.relax.RelaxScriptManager: min 0.01
protocols.relax.RelaxScriptManager: coord_cst_weight 0.0
protocols.relax.RelaxScriptManager: scale:fa_rep 1
protocols.relax.RelaxScriptManager: repack
protocols.relax.RelaxScriptManager: min 0.00001
protocols.relax.RelaxScriptManager: accept_to_best
protocols.relax.RelaxScriptManager: endrepeat
protocols.rosetta_scripts.RosettaScriptsParser: Defined mover named "relax" of type FastRelax
protocols.rosetta_scripts.ParsedProtocol: ParsedProtocol mover with the following settings
protocols.rosetta_scripts.ParsedProtocol: Added mover "mutant"
protocols.rosetta_scripts.ParsedProtocol: Added mover "relax"
protocols.jd2.PDBJobInputter: PDBJobInputter::pose_from_job
protocols.jd2.PDBJobInputter: filling pose from saved copy structure.pdb
protocols.rosetta_scripts.ParsedProtocol: =======================BEGIN MOVER MutateResidue - mutant=======================
protocols.rosetta_scripts.ParsedProtocol: =======================BEGIN MOVER FastRelax - relax=======================
core.energy_methods.CartesianBondedEnergy: Creating new peptide-bonded energy container (75)
basic.io.database: Database file opened: scoring/score_functions/elec_cp_reps.dat
core.scoring.elec.util: Read 40 countpair representative atoms
core.pack.dunbrack.RotamerLibrary: shapovalov_lib_fixes_enable option is true.
core.pack.dunbrack.RotamerLibrary: Binary rotamer library selected: /usr/local/database/rotamer/beta_nov2016/Dunbrack10.lib.bin
core.pack.dunbrack.RotamerLibrary: Using Dunbrack library binary file '/usr/local/database/rotamer/beta_nov2016/Dunbrack10.lib.bin'.
core.pack.dunbrack.RotamerLibrary: Dunbrack 2010 library took 0.59915 seconds to load from binary
protocols.relax.FastRelax: CMD: repeat  -173.549  0  0  0.55
protocols.relax.FastRelax: CMD: coord_cst_weight  -173.549  0  0  0.55
protocols.relax.FastRelax: CMD: scale:fa_rep  -217.091  0  0  0.03245
core.pack.task: Packer task: initialize from command line() 
core.pack.pack_rotamers: built 1049 rotamers at 75 positions.
core.pack.interaction_graph.interaction_graph_factory: Instantiating DensePDInteractionGraph
protocols.relax.FastRelax: CMD: repack  -256.837  0  0  0.03245
protocols.relax.FastRelax: CMD: scale:fa_rep  -253.986  0  0  0.0506
protocols.relax.FastRelax: CMD: min  -323.146  0.666021  0.666021  0.0506
protocols.relax.FastRelax: CMD: coord_cst_weight  -323.146  0.666021  0.666021  0.0506
protocols.relax.FastRelax: CMD: scale:fa_rep  -252.778  0.666021  0.666021  0.154
core.pack.task: Packer task: initialize from command line() 
core.pack.pack_rotamers: built 1004 rotamers at 75 positions.
core.pack.interaction_graph.interaction_graph_factory: Instantiating DensePDInteractionGraph
protocols.relax.FastRelax: CMD: repack  -252.839  0.666021  0.666021  0.154
protocols.relax.FastRelax: CMD: scale:fa_rep  -236.889  0.666021  0.666021  0.17765
protocols.relax.FastRelax: CMD: min  -278.952  0.428925  0.428925  0.17765
protocols.relax.FastRelax: CMD: coord_cst_weight  -278.952  0.428925  0.428925  0.17765
protocols.relax.FastRelax: CMD: scale:fa_rep  -251.041  0.428925  0.428925  0.3124
core.pack.task: Packer task: initialize from command line() 
core.pack.pack_rotamers: built 960 rotamers at 75 positions.
core.pack.interaction_graph.interaction_graph_factory: Instantiating DensePDInteractionGraph
protocols.relax.FastRelax: CMD: repack  -251.041  0.428925  0.428925  0.3124
protocols.relax.FastRelax: CMD: scale:fa_rep  -243.636  0.428925  0.428925  0.34815
protocols.relax.FastRelax: CMD: min  -255.245  0.269074  0.269074  0.34815
protocols.relax.FastRelax: CMD: coord_cst_weight  -255.245  0.269074  0.269074  0.34815
protocols.relax.FastRelax: CMD: scale:fa_rep  -233.862  0.269074  0.269074  0.55
core.pack.task: Packer task: initialize from command line() 
core.pack.pack_rotamers: built 951 rotamers at 75 positions.
core.pack.interaction_graph.interaction_graph_factory: Instantiating DensePDInteractionGraph
protocols.relax.FastRelax: CMD: repack  -233.862  0.269074  0.269074  0.55
protocols.relax.FastRelax: CMD: min  -237.748  0.233159  0.233159  0.55
protocols.relax.FastRelax: MRP: 0  -237.748  -237.748  0.233159  0.233159  
protocols.relax.FastRelax: CMD: accept_to_best  -237.748  0.233159  0.233159  0.55
protocols.relax.FastRelax: CMD: endrepeat  -237.748  0.233159  0.233159  0.55
protocols.relax.FastRelax: CMD: coord_cst_weight  -237.748  0.233159  0.233159  0.55
protocols.relax.FastRelax: CMD: scale:fa_rep  -274.985  0.233159  0.233159  0.03245
core.pack.task: Packer task: initialize from command line() 
core.pack.pack_rotamers: built 1089 rotamers at 75 positions.
core.pack.interaction_graph.interaction_graph_factory: Instantiating DensePDInteractionGraph
protocols.relax.FastRelax: CMD: repack  -276.617  0.233159  0.233159  0.03245
protocols.relax.FastRelax: CMD: scale:fa_rep  -274.023  0.233159  0.233159  0.0506
protocols.relax.FastRelax: CMD: min  -324.535  0.702906  0.702906  0.0506
protocols.relax.FastRelax: CMD: coord_cst_weight  -324.535  0.702906  0.702906  0.0506
protocols.relax.FastRelax: CMD: scale:fa_rep  -253.937  0.702906  0.702906  0.154
core.pack.task: Packer task: initialize from command line() 
core.pack.pack_rotamers: built 1000 rotamers at 75 positions.
core.pack.interaction_graph.interaction_graph_factory: Instantiating DensePDInteractionGraph
protocols.relax.FastRelax: CMD: repack  -253.937  0.702906  0.702906  0.154
protocols.relax.FastRelax: CMD: scale:fa_rep  -237.789  0.702906  0.702906  0.17765
protocols.relax.FastRelax: CMD: min  -280.437  0.489343  0.489343  0.17765
protocols.relax.FastRelax: CMD: coord_cst_weight  -280.437  0.489343  0.489343  0.17765
protocols.relax.FastRelax: CMD: scale:fa_rep  -252.45  0.489343  0.489343  0.3124
core.pack.task: Packer task: initialize from command line() 
core.pack.pack_rotamers: built 978 rotamers at 75 positions.
core.pack.interaction_graph.interaction_graph_factory: Instantiating DensePDInteractionGraph
protocols.relax.FastRelax: CMD: repack  -252.45  0.489343  0.489343  0.3124
protocols.relax.FastRelax: CMD: scale:fa_rep  -245.025  0.489343  0.489343  0.34815
protocols.relax.FastRelax: CMD: min  -255.641  0.379656  0.379656  0.34815
protocols.relax.FastRelax: CMD: coord_cst_weight  -255.641  0.379656  0.379656  0.34815
protocols.relax.FastRelax: CMD: scale:fa_rep  -233.509  0.379656  0.379656  0.55
core.pack.task: Packer task: initialize from command line() 
core.pack.pack_rotamers: built 962 rotamers at 75 positions.
core.pack.interaction_graph.interaction_graph_factory: Instantiating DensePDInteractionGraph
protocols.relax.FastRelax: CMD: repack  -233.509  0.379656  0.379656  0.55
protocols.relax.FastRelax: CMD: min  -237.808  0.339711  0.339711  0.55
protocols.relax.FastRelax: MRP: 1  -237.808  -237.808  0.339711  0.339711  
protocols.relax.FastRelax: CMD: accept_to_best  -237.808  0.339711  0.339711  0.55
protocols.relax.FastRelax: CMD: endrepeat  -237.808  0.339711  0.339711  0.55
protocols.relax.FastRelax: CMD: coord_cst_weight  -237.808  0.339711  0.339711  0.55
protocols.relax.FastRelax: CMD: scale:fa_rep  -275.95  0.339711  0.339711  0.03245
core.pack.task: Packer task: initialize from command line() 
core.pack.pack_rotamers: built 1073 rotamers at 75 positions.
core.pack.interaction_graph.interaction_graph_factory: Instantiating DensePDInteractionGraph
protocols.relax.FastRelax: CMD: repack  -277.798  0.339711  0.339711  0.03245
protocols.relax.FastRelax: CMD: scale:fa_rep  -275.405  0.339711  0.339711  0.0506
protocols.relax.FastRelax: CMD: min  -324.579  0.745676  0.745676  0.0506
protocols.relax.FastRelax: CMD: coord_cst_weight  -324.579  0.745676  0.745676  0.0506
protocols.relax.FastRelax: CMD: scale:fa_rep  -254.703  0.745676  0.745676  0.154
core.pack.task: Packer task: initialize from command line() 
core.pack.pack_rotamers: built 996 rotamers at 75 positions.
core.pack.interaction_graph.interaction_graph_factory: Instantiating DensePDInteractionGraph
protocols.relax.FastRelax: CMD: repack  -254.703  0.745676  0.745676  0.154
protocols.relax.FastRelax: CMD: scale:fa_rep  -238.72  0.745676  0.745676  0.17765
protocols.relax.FastRelax: CMD: min  -280.614  0.539262  0.539262  0.17765
protocols.relax.FastRelax: CMD: coord_cst_weight  -280.614  0.539262  0.539262  0.17765
protocols.relax.FastRelax: CMD: scale:fa_rep  -252.456  0.539262  0.539262  0.3124
core.pack.task: Packer task: initialize from command line() 
core.pack.pack_rotamers: built 978 rotamers at 75 positions.
core.pack.interaction_graph.interaction_graph_factory: Instantiating DensePDInteractionGraph
protocols.relax.FastRelax: CMD: repack  -252.456  0.539262  0.539262  0.3124
protocols.relax.FastRelax: CMD: scale:fa_rep  -244.986  0.539262  0.539262  0.34815
protocols.relax.FastRelax: CMD: min  -255.468  0.43683  0.43683  0.34815
protocols.relax.FastRelax: CMD: coord_cst_weight  -255.468  0.43683  0.43683  0.34815
protocols.relax.FastRelax: CMD: scale:fa_rep  -233.311  0.43683  0.43683  0.55
core.pack.task: Packer task: initialize from command line() 
core.pack.pack_rotamers: built 957 rotamers at 75 positions.
core.pack.interaction_graph.interaction_graph_factory: Instantiating DensePDInteractionGraph
protocols.relax.FastRelax: CMD: repack  -233.311  0.43683  0.43683  0.55
protocols.relax.FastRelax: CMD: min  -237.79  0.369465  0.369465  0.55
protocols.relax.FastRelax: MRP: 2  -237.79  -237.808  0.339711  0.339711  
protocols.relax.FastRelax: CMD: accept_to_best  -237.79  0.369465  0.369465  0.55
protocols.relax.FastRelax: CMD: endrepeat  -237.79  0.369465  0.369465  0.55
protocols.relax.FastRelax: CMD: coord_cst_weight  -237.79  0.369465  0.369465  0.55
protocols.relax.FastRelax: CMD: scale:fa_rep  -275.597  0.369465  0.369465  0.03245
core.pack.task: Packer task: initialize from command line() 
core.pack.pack_rotamers: built 1073 rotamers at 75 positions.
core.pack.interaction_graph.interaction_graph_factory: Instantiating DensePDInteractionGraph
protocols.relax.FastRelax: CMD: repack  -277.444  0.369465  0.369465  0.03245
protocols.relax.FastRelax: CMD: scale:fa_rep  -275.251  0.369465  0.369465  0.0506
protocols.relax.FastRelax: CMD: min  -324.42  0.728056  0.728056  0.0506
protocols.relax.FastRelax: CMD: coord_cst_weight  -324.42  0.728056  0.728056  0.0506
protocols.relax.FastRelax: CMD: scale:fa_rep  -255.677  0.728056  0.728056  0.154
core.pack.task: Packer task: initialize from command line() 
core.pack.pack_rotamers: built 996 rotamers at 75 positions.
core.pack.interaction_graph.interaction_graph_factory: Instantiating DensePDInteractionGraph
protocols.relax.FastRelax: CMD: repack  -255.677  0.728056  0.728056  0.154
protocols.relax.FastRelax: CMD: scale:fa_rep  -239.954  0.728056  0.728056  0.17765
protocols.relax.FastRelax: CMD: min  -280.642  0.542462  0.542462  0.17765
protocols.relax.FastRelax: CMD: coord_cst_weight  -280.642  0.542462  0.542462  0.17765
protocols.relax.FastRelax: CMD: scale:fa_rep  -252.461  0.542462  0.542462  0.3124
core.pack.task: Packer task: initialize from command line() 
core.pack.pack_rotamers: built 980 rotamers at 75 positions.
core.pack.interaction_graph.interaction_graph_factory: Instantiating DensePDInteractionGraph
protocols.relax.FastRelax: CMD: repack  -252.461  0.542462  0.542462  0.3124
protocols.relax.FastRelax: CMD: scale:fa_rep  -244.984  0.542462  0.542462  0.34815
protocols.relax.FastRelax: CMD: min  -255.604  0.429562  0.429562  0.34815
protocols.relax.FastRelax: CMD: coord_cst_weight  -255.604  0.429562  0.429562  0.34815
protocols.relax.FastRelax: CMD: scale:fa_rep  -233.361  0.429562  0.429562  0.55
core.pack.task: Packer task: initialize from command line() 
core.pack.pack_rotamers: built 958 rotamers at 75 positions.
core.pack.interaction_graph.interaction_graph_factory: Instantiating DensePDInteractionGraph
protocols.relax.FastRelax: CMD: repack  -233.361  0.429562  0.429562  0.55
protocols.relax.FastRelax: CMD: min  -237.775  0.379791  0.379791  0.55
protocols.relax.FastRelax: MRP: 3  -237.775  -237.808  0.339711  0.339711  
protocols.relax.FastRelax: CMD: accept_to_best  -237.775  0.379791  0.379791  0.55
protocols.relax.FastRelax: CMD: endrepeat  -237.775  0.379791  0.379791  0.55
protocols.relax.FastRelax: CMD: coord_cst_weight  -237.775  0.379791  0.379791  0.55
protocols.relax.FastRelax: CMD: scale:fa_rep  -275.795  0.379791  0.379791  0.03245
core.pack.task: Packer task: initialize from command line() 
core.pack.pack_rotamers: built 1074 rotamers at 75 positions.
core.pack.interaction_graph.interaction_graph_factory: Instantiating DensePDInteractionGraph
protocols.relax.FastRelax: CMD: repack  -277.664  0.379791  0.379791  0.03245
protocols.relax.FastRelax: CMD: scale:fa_rep  -275.261  0.379791  0.379791  0.0506
protocols.relax.FastRelax: CMD: min  -324.482  0.738967  0.738967  0.0506
protocols.relax.FastRelax: CMD: coord_cst_weight  -324.482  0.738967  0.738967  0.0506
protocols.relax.FastRelax: CMD: scale:fa_rep  -255.344  0.738967  0.738967  0.154
core.pack.task: Packer task: initialize from command line() 
core.pack.pack_rotamers: built 1000 rotamers at 75 positions.
core.pack.interaction_graph.interaction_graph_factory: Instantiating DensePDInteractionGraph
protocols.relax.FastRelax: CMD: repack  -255.344  0.738967  0.738967  0.154
protocols.relax.FastRelax: CMD: scale:fa_rep  -239.53  0.738967  0.738967  0.17765
protocols.relax.FastRelax: CMD: min  -280.589  0.551852  0.551852  0.17765
protocols.relax.FastRelax: CMD: coord_cst_weight  -280.589  0.551852  0.551852  0.17765
protocols.relax.FastRelax: CMD: scale:fa_rep  -252.257  0.551852  0.551852  0.3124
core.pack.task: Packer task: initialize from command line() 
core.pack.pack_rotamers: built 976 rotamers at 75 positions.
core.pack.interaction_graph.interaction_graph_factory: Instantiating DensePDInteractionGraph
protocols.relax.FastRelax: CMD: repack  -252.257  0.551852  0.551852  0.3124
protocols.relax.FastRelax: CMD: scale:fa_rep  -244.74  0.551852  0.551852  0.34815
protocols.relax.FastRelax: CMD: min  -255.427  0.448551  0.448551  0.34815
protocols.relax.FastRelax: CMD: coord_cst_weight  -255.427  0.448551  0.448551  0.34815
protocols.relax.FastRelax: CMD: scale:fa_rep  -233.013  0.448551  0.448551  0.55
core.pack.task: Packer task: initialize from command line() 
core.pack.pack_rotamers: built 955 rotamers at 75 positions.
core.pack.interaction_graph.interaction_graph_factory: Instantiating DensePDInteractionGraph
protocols.relax.FastRelax: CMD: repack  -233.013  0.448551  0.448551  0.55
protocols.relax.FastRelax: CMD: min  -237.752  0.379459  0.379459  0.55
protocols.relax.FastRelax: MRP: 4  -237.752  -237.808  0.339711  0.339711  
protocols.relax.FastRelax: CMD: accept_to_best  -237.752  0.379459  0.379459  0.55
protocols.relax.FastRelax: CMD: endrepeat  -237.752  0.379459  0.379459  0.55
protocols.relax.FastRelax: CMD: coord_cst_weight  -237.752  0.379459  0.379459  0.55
protocols.relax.FastRelax: CMD: scale:fa_rep  -276.075  0.379459  0.379459  0.03245
core.pack.task: Packer task: initialize from command line() 
core.pack.pack_rotamers: built 1073 rotamers at 75 positions.
core.pack.interaction_graph.interaction_graph_factory: Instantiating DensePDInteractionGraph
protocols.relax.FastRelax: CMD: repack  -277.915  0.379459  0.379459  0.03245
protocols.relax.FastRelax: CMD: scale:fa_rep  -274.904  0.379459  0.379459  0.0506
protocols.relax.FastRelax: CMD: min  -324.471  0.736152  0.736152  0.0506
protocols.relax.FastRelax: CMD: coord_cst_weight  -324.471  0.736152  0.736152  0.0506
protocols.relax.FastRelax: CMD: scale:fa_rep  -255.504  0.736152  0.736152  0.154
core.pack.task: Packer task: initialize from command line() 
core.pack.pack_rotamers: built 1009 rotamers at 75 positions.
core.pack.interaction_graph.interaction_graph_factory: Instantiating DensePDInteractionGraph
protocols.relax.FastRelax: CMD: repack  -255.504  0.736152  0.736152  0.154
protocols.relax.FastRelax: CMD: scale:fa_rep  -239.73  0.736152  0.736152  0.17765
protocols.relax.FastRelax: CMD: min  -280.576  0.554049  0.554049  0.17765
protocols.relax.FastRelax: CMD: coord_cst_weight  -280.576  0.554049  0.554049  0.17765
protocols.relax.FastRelax: CMD: scale:fa_rep  -252.246  0.554049  0.554049  0.3124
core.pack.task: Packer task: initialize from command line() 
core.pack.pack_rotamers: built 977 rotamers at 75 positions.
core.pack.interaction_graph.interaction_graph_factory: Instantiating DensePDInteractionGraph
protocols.relax.FastRelax: CMD: repack  -249.041  0.554049  0.554049  0.3124
protocols.relax.FastRelax: CMD: scale:fa_rep  -241.51  0.554049  0.554049  0.34815
protocols.relax.FastRelax: CMD: min  -253.465  0.42911  0.42911  0.34815
protocols.relax.FastRelax: CMD: coord_cst_weight  -253.465  0.42911  0.42911  0.34815
protocols.relax.FastRelax: CMD: scale:fa_rep  -231.121  0.42911  0.42911  0.55
core.pack.task: Packer task: initialize from command line() 
core.pack.pack_rotamers: built 965 rotamers at 75 positions.
core.pack.interaction_graph.interaction_graph_factory: Instantiating DensePDInteractionGraph
protocols.relax.FastRelax: CMD: repack  -231.121  0.42911  0.42911  0.55
protocols.relax.FastRelax: CMD: min  -235.533  0.386544  0.386544  0.55
protocols.relax.FastRelax: MRP: 5  -235.533  -237.808  0.339711  0.339711  
protocols.relax.FastRelax: CMD: accept_to_best  -235.533  0.386544  0.386544  0.55
protocols.relax.FastRelax: CMD: endrepeat  -235.533  0.386544  0.386544  0.55
protocols.relax.FastRelax: CMD: coord_cst_weight  -235.533  0.386544  0.386544  0.55
protocols.relax.FastRelax: CMD: scale:fa_rep  -273.944  0.386544  0.386544  0.03245
core.pack.task: Packer task: initialize from command line() 
core.pack.pack_rotamers: built 1074 rotamers at 75 positions.
core.pack.interaction_graph.interaction_graph_factory: Instantiating DensePDInteractionGraph
protocols.relax.FastRelax: CMD: repack  -277.515  0.386544  0.386544  0.03245
protocols.relax.FastRelax: CMD: scale:fa_rep  -274.283  0.386544  0.386544  0.0506
protocols.relax.FastRelax: CMD: min  -325.169  0.747533  0.747533  0.0506
protocols.relax.FastRelax: CMD: coord_cst_weight  -325.169  0.747533  0.747533  0.0506
protocols.relax.FastRelax: CMD: scale:fa_rep  -254.451  0.747533  0.747533  0.154
core.pack.task: Packer task: initialize from command line() 
core.pack.pack_rotamers: built 995 rotamers at 75 positions.
core.pack.interaction_graph.interaction_graph_factory: Instantiating DensePDInteractionGraph
protocols.relax.FastRelax: CMD: repack  -251.199  0.747533  0.747533  0.154
protocols.relax.FastRelax: CMD: scale:fa_rep  -235.233  0.747533  0.747533  0.17765
protocols.relax.FastRelax: CMD: min  -278.668  0.557173  0.557173  0.17765
protocols.relax.FastRelax: CMD: coord_cst_weight  -278.668  0.557173  0.557173  0.17765
protocols.relax.FastRelax: CMD: scale:fa_rep  -250.28  0.557173  0.557173  0.3124
core.pack.task: Packer task: initialize from command line() 
core.pack.pack_rotamers: built 982 rotamers at 75 positions.
core.pack.interaction_graph.interaction_graph_factory: Instantiating DensePDInteractionGraph
protocols.relax.FastRelax: CMD: repack  -250.28  0.557173  0.557173  0.3124
protocols.relax.FastRelax: CMD: scale:fa_rep  -242.748  0.557173  0.557173  0.34815
protocols.relax.FastRelax: CMD: min  -253.376  0.454888  0.454888  0.34815
protocols.relax.FastRelax: CMD: coord_cst_weight  -253.376  0.454888  0.454888  0.34815
protocols.relax.FastRelax: CMD: scale:fa_rep  -231.03  0.454888  0.454888  0.55
core.pack.task: Packer task: initialize from command line() 
core.pack.pack_rotamers: built 958 rotamers at 75 positions.
core.pack.interaction_graph.interaction_graph_factory: Instantiating DensePDInteractionGraph
protocols.relax.FastRelax: CMD: repack  -231.03  0.454888  0.454888  0.55
protocols.relax.FastRelax: CMD: min  -235.523  0.396013  0.396013  0.55
protocols.relax.FastRelax: MRP: 6  -235.523  -237.808  0.339711  0.339711  
protocols.relax.FastRelax: CMD: accept_to_best  -235.523  0.396013  0.396013  0.55
protocols.relax.FastRelax: CMD: endrepeat  -235.523  0.396013  0.396013  0.55
protocols.relax.FastRelax: CMD: coord_cst_weight  -235.523  0.396013  0.396013  0.55
protocols.relax.FastRelax: CMD: scale:fa_rep  -274.057  0.396013  0.396013  0.03245
core.pack.task: Packer task: initialize from command line() 
core.pack.pack_rotamers: built 1089 rotamers at 75 positions.
core.pack.interaction_graph.interaction_graph_factory: Instantiating DensePDInteractionGraph
protocols.relax.FastRelax: CMD: repack  -276.934  0.396013  0.396013  0.03245
protocols.relax.FastRelax: CMD: scale:fa_rep  -273.686  0.396013  0.396013  0.0506
protocols.relax.FastRelax: CMD: min  -325.591  0.75205  0.75205  0.0506
protocols.relax.FastRelax: CMD: coord_cst_weight  -325.591  0.75205  0.75205  0.0506
protocols.relax.FastRelax: CMD: scale:fa_rep  -254.488  0.75205  0.75205  0.154
core.pack.task: Packer task: initialize from command line() 
core.pack.pack_rotamers: built 996 rotamers at 75 positions.
core.pack.interaction_graph.interaction_graph_factory: Instantiating DensePDInteractionGraph
protocols.relax.FastRelax: CMD: repack  -254.488  0.75205  0.75205  0.154
protocols.relax.FastRelax: CMD: scale:fa_rep  -238.225  0.75205  0.75205  0.17765
protocols.relax.FastRelax: CMD: min  -280.467  0.565861  0.565861  0.17765
protocols.relax.FastRelax: CMD: coord_cst_weight  -280.467  0.565861  0.565861  0.17765
protocols.relax.FastRelax: CMD: scale:fa_rep  -251.517  0.565861  0.565861  0.3124
core.pack.task: Packer task: initialize from command line() 
core.pack.pack_rotamers: built 978 rotamers at 75 positions.
core.pack.interaction_graph.interaction_graph_factory: Instantiating DensePDInteractionGraph
protocols.relax.FastRelax: CMD: repack  -251.517  0.565861  0.565861  0.3124
protocols.relax.FastRelax: CMD: scale:fa_rep  -243.837  0.565861  0.565861  0.34815
protocols.relax.FastRelax: CMD: min  -254.951  0.453361  0.453361  0.34815
protocols.relax.FastRelax: CMD: coord_cst_weight  -254.951  0.453361  0.453361  0.34815
protocols.relax.FastRelax: CMD: scale:fa_rep  -232.353  0.453361  0.453361  0.55
core.pack.task: Packer task: initialize from command line() 
core.pack.pack_rotamers: built 956 rotamers at 75 positions.
core.pack.interaction_graph.interaction_graph_factory: Instantiating DensePDInteractionGraph
protocols.relax.FastRelax: CMD: repack  -232.353  0.453361  0.453361  0.55
protocols.relax.FastRelax: CMD: min  -236.811  0.401023  0.401023  0.55
protocols.relax.FastRelax: MRP: 7  -236.811  -237.808  0.339711  0.339711  
protocols.relax.FastRelax: CMD: accept_to_best  -236.811  0.401023  0.401023  0.55
protocols.relax.FastRelax: CMD: endrepeat  -236.811  0.401023  0.401023  0.55
protocols.relax.FastRelax: CMD: coord_cst_weight  -236.811  0.401023  0.401023  0.55
protocols.relax.FastRelax: CMD: scale:fa_rep  -275.381  0.401023  0.401023  0.03245
core.pack.task: Packer task: initialize from command line() 
core.pack.pack_rotamers: built 1074 rotamers at 75 positions.
core.pack.interaction_graph.interaction_graph_factory: Instantiating DensePDInteractionGraph
protocols.relax.FastRelax: CMD: repack  -277.444  0.401023  0.401023  0.03245
protocols.relax.FastRelax: CMD: scale:fa_rep  -274.424  0.401023  0.401023  0.0506
protocols.relax.FastRelax: CMD: min  -325.551  0.758002  0.758002  0.0506
protocols.relax.FastRelax: CMD: coord_cst_weight  -325.551  0.758002  0.758002  0.0506
protocols.relax.FastRelax: CMD: scale:fa_rep  -254.853  0.758002  0.758002  0.154
core.pack.task: Packer task: initialize from command line() 
core.pack.pack_rotamers: built 993 rotamers at 75 positions.
core.pack.interaction_graph.interaction_graph_factory: Instantiating DensePDInteractionGraph
protocols.relax.FastRelax: CMD: repack  -254.853  0.758002  0.758002  0.154
protocols.relax.FastRelax: CMD: scale:fa_rep  -238.683  0.758002  0.758002  0.17765
protocols.relax.FastRelax: CMD: min  -280.427  0.57434  0.57434  0.17765
protocols.relax.FastRelax: CMD: coord_cst_weight  -280.427  0.57434  0.57434  0.17765
protocols.relax.FastRelax: CMD: scale:fa_rep  -251.396  0.57434  0.57434  0.3124
core.pack.task: Packer task: initialize from command line() 
core.pack.pack_rotamers: built 969 rotamers at 75 positions.
core.pack.interaction_graph.interaction_graph_factory: Instantiating DensePDInteractionGraph
protocols.relax.FastRelax: CMD: repack  -251.396  0.57434  0.57434  0.3124
protocols.relax.FastRelax: CMD: scale:fa_rep  -243.694  0.57434  0.57434  0.34815
protocols.relax.FastRelax: CMD: min  -254.96  0.452533  0.452533  0.34815
protocols.relax.FastRelax: CMD: coord_cst_weight  -254.96  0.452533  0.452533  0.34815
protocols.relax.FastRelax: CMD: scale:fa_rep  -232.378  0.452533  0.452533  0.55
core.pack.task: Packer task: initialize from command line() 
core.pack.pack_rotamers: built 959 rotamers at 75 positions.
core.pack.interaction_graph.interaction_graph_factory: Instantiating DensePDInteractionGraph
protocols.relax.FastRelax: CMD: repack  -232.378  0.452533  0.452533  0.55
protocols.relax.FastRelax: CMD: min  -236.996  0.386295  0.386295  0.55
protocols.relax.FastRelax: MRP: 8  -236.996  -237.808  0.339711  0.339711  
protocols.relax.FastRelax: CMD: accept_to_best  -236.996  0.386295  0.386295  0.55
protocols.relax.FastRelax: CMD: endrepeat  -236.996  0.386295  0.386295  0.55
protocols.relax.FastRelax: CMD: coord_cst_weight  -236.996  0.386295  0.386295  0.55
protocols.relax.FastRelax: CMD: scale:fa_rep  -275.265  0.386295  0.386295  0.03245
core.pack.task: Packer task: initialize from command line() 
core.pack.pack_rotamers: built 1073 rotamers at 75 positions.
core.pack.interaction_graph.interaction_graph_factory: Instantiating DensePDInteractionGraph
protocols.relax.FastRelax: CMD: repack  -277.362  0.386295  0.386295  0.03245
protocols.relax.FastRelax: CMD: scale:fa_rep  -274.513  0.386295  0.386295  0.0506
protocols.relax.FastRelax: CMD: min  -325.507  0.753808  0.753808  0.0506
protocols.relax.FastRelax: CMD: coord_cst_weight  -325.507  0.753808  0.753808  0.0506
protocols.relax.FastRelax: CMD: scale:fa_rep  -254.877  0.753808  0.753808  0.154
core.pack.task: Packer task: initialize from command line() 
core.pack.pack_rotamers: built 993 rotamers at 75 positions.
core.pack.interaction_graph.interaction_graph_factory: Instantiating DensePDInteractionGraph
protocols.relax.FastRelax: CMD: repack  -254.877  0.753808  0.753808  0.154
protocols.relax.FastRelax: CMD: scale:fa_rep  -238.722  0.753808  0.753808  0.17765
protocols.relax.FastRelax: CMD: min  -280.452  0.557386  0.557386  0.17765
protocols.relax.FastRelax: CMD: coord_cst_weight  -280.452  0.557386  0.557386  0.17765
protocols.relax.FastRelax: CMD: scale:fa_rep  -251.699  0.557386  0.557386  0.3124
core.pack.task: Packer task: initialize from command line() 
core.pack.pack_rotamers: built 982 rotamers at 75 positions.
core.pack.interaction_graph.interaction_graph_factory: Instantiating DensePDInteractionGraph
protocols.relax.FastRelax: CMD: repack  -251.699  0.557386  0.557386  0.3124
protocols.relax.FastRelax: CMD: scale:fa_rep  -244.071  0.557386  0.557386  0.34815
protocols.relax.FastRelax: CMD: min  -254.991  0.45332  0.45332  0.34815
protocols.relax.FastRelax: CMD: coord_cst_weight  -254.991  0.45332  0.45332  0.34815
protocols.relax.FastRelax: CMD: scale:fa_rep  -232.348  0.45332  0.45332  0.55
core.pack.task: Packer task: initialize from command line() 
core.pack.pack_rotamers: built 962 rotamers at 75 positions.
core.pack.interaction_graph.interaction_graph_factory: Instantiating DensePDInteractionGraph
protocols.relax.FastRelax: CMD: repack  -232.348  0.45332  0.45332  0.55
protocols.relax.FastRelax: CMD: min  -236.912  0.395407  0.395407  0.55
protocols.relax.FastRelax: MRP: 9  -236.912  -237.808  0.339711  0.339711  
protocols.relax.FastRelax: CMD: accept_to_best  -236.912  0.395407  0.395407  0.55
protocols.relax.FastRelax: CMD: endrepeat  -236.912  0.395407  0.395407  0.55
protocols::checkpoint: Deleting checkpoints of FastRelax
protocols.rosetta_scripts.ParsedProtocol: setting status to success
protocols.jd2.JobDistributor: flags_relax_minimize_max_iter_structure_0001 reported success in 97 seconds
protocols.jd2.JobDistributor: no more batches to process... 
protocols.jd2.JobDistributor: 1 jobs considered, 1 jobs attempted in 97 seconds
protocols.jd2.JobDistributor: [ WARNING ] The following options have been set, but have not yet been used:
	-loops:minimize_max_iter 0

basic.citation_manager.CitationManager: 
The following Rosetta modules were used during this run of Rosetta, and should be cited:

rosetta_scripts Application's citation(s):
Fleishman SJ, Leaver-Fay A, Corn JE, Strauch E-M, Khare SD, Koga N, Ashworth J, Murphy P, Richter F, Lemmon G, Meiler J, and Baker D.  (2011).  RosettaScripts: A Scripting Language Interface to the Rosetta Macromolecular Modeling Suite.  PLoS ONE 6(6):e20161.  doi: 10.1371/journal.pone.0020161.

FastRelax Mover's citation(s):
*Tyka MD, *Keedy DA, André I, Dimaio F, Song Y, Richardson DC, Richardson JS, and Baker D.  (2011).  Alternate states of proteins revealed by detailed energy landscape mapping.  J Mol Biol 405(2):607-18.  doi: 10.1016/j.jmb.2010.11.008.  (*Co-primary authors.)

Khatib F, Cooper S, Tyka MD, Xu K, Makedon I, Popovic Z, Baker D, and Players F.  (2011).  Algorithm discovery by protein folding game players.  Proc Natl Acad Sci USA 108(47):18949-53.  doi: 10.1073/pnas.1115898108.

Maguire JB, Haddox HK, Strickland D, Halabiya SF, Coventry B, Griffin JR, Pulavarti SVSRK, Cummins M, Thieker DF, Klavins E, Szyperski T, DiMaio F, Baker D, and Kuhlman B.  (2021).  Perturbing the energy landscape for improved packing during computational protein design.  Proteins 89(4):436-449.  doi: 10.1002/prot.26030.


