********  (C) Copyright Rosetta Commons Member Institutions.  ***************
* Use of Rosetta for commercial purposes may require purchase of a license. *
********  See LICENSE.md or email license@uw.edu for more details. **********
core.init: Checking for fconfig files in pwd and ./rosetta/flags 
core.init: Rosetta version: 2025.37+HEAD.df75a9c48e df75a9c48e763e52a7aa3f5dfba077f4da88dbf5 https://github.com/RosettaCommons/rosetta.git 2025-09-03T12:23:30
core.init: Rosetta extras: []
core.init: command: rosetta_scripts @flags_relax_v6_1000
basic.random.init_random_generator: 'RNG device' seed mode, using '/dev/urandom', seed=610461353 seed_offset=0 real_seed=610461353
basic.random.init_random_generator: RandomGenerator:init: Normal mode, seed=610461353 RG_type=mt19937
core.init: found database environment variable ROSETTA3_DB: /usr/local/database
protocols.jd2.PDBJobInputter: Instantiate PDBJobInputter
protocols.jd2.PDBJobInputter: PDBJobInputter::fill_jobs
protocols.jd2.PDBJobInputter: pushed structure.pdb nstruct index 1
protocols.evaluation.ChiWellRmsdEvaluatorCreator: Evaluation Creator active ... 
protocols.jd2.PDBJobInputter: PDBJobInputter::pose_from_job
protocols.jd2.PDBJobInputter: filling pose from PDB structure.pdb
core.chemical.GlobalResidueTypeSet: Finished initializing fa_standard residue type set.  Created 985 residue types
core.chemical.GlobalResidueTypeSet: Total time to initialize 0.516545 seconds.
core.import_pose.import_pose: File 'structure.pdb' automatically determined to be of type PDB from contents.
protocols.rosetta_scripts.RosettaScriptsParser: dock_design_filename=relax_v6_1000.xml
protocols.rosetta_scripts.RosettaScriptsParser: Validating input script...
protocols.rosetta_scripts.RosettaScriptsSchemaValidator: Generating XML Schema for rosetta_scripts...
protocols.rosetta_scripts.RosettaScriptsSchemaValidator: ...done
protocols.rosetta_scripts.RosettaScriptsSchemaValidator: Initializing schema validator...
protocols.rosetta_scripts.RosettaScriptsSchemaValidator: ...done
protocols.rosetta_scripts.RosettaScriptsParser: ...done
protocols.rosetta_scripts.RosettaScriptsParser: Parsed script:
<ROSETTASCRIPTS>
	<SCOREFXNS>
		<ScoreFunction name="beta_sf" weights="beta_nov16_cart"/>
	</SCOREFXNS>
	<RESIDUE_SELECTORS>
		<Neighborhood distance="1000" name="surrounding_move_map" resnums="55"/>
		<Not name="rest_move_map" selector="surrounding_move_map"/>
		<Neighborhood distance="10" name="surrounding_repack" resnums="55"/>
		<Not name="rest_repack" selector="surrounding_repack"/>
	</RESIDUE_SELECTORS>
	<TASKOPERATIONS>
		<OperateOnResidueSubset name="repack_res" selector="surrounding_repack">
			<RestrictToRepackingRLT/>
		</OperateOnResidueSubset>
		<OperateOnResidueSubset name="no_repack" selector="rest_repack">
			<PreventRepackingRLT/>
		</OperateOnResidueSubset>
	</TASKOPERATIONS>
	<MOVE_MAP_FACTORIES>
		<MoveMapFactory bb="0" chi="0" name="local_mm">
			<Backbone enable="true" residue_selector="surrounding_move_map"/>
			<Chi enable="true" residue_selector="surrounding_move_map"/>
		</MoveMapFactory>
	</MOVE_MAP_FACTORIES>
	<MOVERS>
		<MutateResidue name="mutant" new_res="ALA" target="55A"/>
		<FastRelax cartesian="true" disable_design="true" movemap_factory="local_mm" name="relax" repeats="10" scorefxn="beta_sf" task_operations="repack_res,no_repack"/>
	</MOVERS>
	<PROTOCOLS>
		<Add mover_name="mutant"/>
		<Add mover_name="relax"/>
	</PROTOCOLS>
	<OUTPUT scorefxn="beta_sf"/>
</ROSETTASCRIPTS>
core.scoring.ScoreFunctionFactory: SCOREFUNCTION: beta_nov16_cart.wts
core.scoring.etable: Starting energy table calculation
core.scoring.etable: smooth_etable: changing atr/rep split to bottom of energy well
core.scoring.etable: smooth_etable: spline smoothing lj etables (maxdis = 6)
core.scoring.etable: smooth_etable: spline smoothing solvation etables (max_dis = 6)
core.scoring.etable: Finished calculating energy tables.
basic.io.database: Database file opened: scoring/score_functions/hbonds/ref2015_params/HBPoly1D.csv
basic.io.database: Database file opened: scoring/score_functions/hbonds/ref2015_params/HBFadeIntervals.csv
basic.io.database: Database file opened: scoring/score_functions/hbonds/ref2015_params/HBEval.csv
basic.io.database: Database file opened: scoring/score_functions/hbonds/ref2015_params/DonStrength.csv
basic.io.database: Database file opened: scoring/score_functions/hbonds/ref2015_params/AccStrength.csv
basic.io.database: Database file opened: scoring/score_functions/rama/fd_beta_nov2016/all.ramaProb
basic.io.database: Database file opened: scoring/score_functions/rama/fd_beta_nov2016/prepro.ramaProb
basic.io.database: Database file opened: scoring/score_functions/omega/omega_ppdep.all.txt
basic.io.database: Database file opened: scoring/score_functions/omega/omega_ppdep.gly.txt
basic.io.database: Database file opened: scoring/score_functions/omega/omega_ppdep.pro.txt
basic.io.database: Database file opened: scoring/score_functions/omega/omega_ppdep.valile.txt
basic.io.database: Database file opened: scoring/score_functions/P_AA_pp/P_AA
basic.io.database: Database file opened: scoring/score_functions/P_AA_pp/P_AA_n
core.scoring.P_AA: shapovalov_lib::shap_p_aa_pp_smooth_level of 1( aka low_smooth ) got activated.
basic.io.database: Database file opened: scoring/score_functions/P_AA_pp/shapovalov/10deg/kappa131/a20.prop
basic.io.database: Database file opened: scoring/score_functions/bondlength_bondangle/hydroxyl_torsion_preference.txt
core.energy_methods.CartesianBondedEnergy: Initializing IdealParametersDatabase with default Ks=300 , 80 , 80 , 10 , 80
basic.io.database: Database file opened: scoring/score_functions/bondlength_bondangle/default-lengths.txt
core.energy_methods.CartesianBondedEnergy: Read 759 bb-independent lengths.
basic.io.database: Database file opened: scoring/score_functions/bondlength_bondangle/default-angles.txt
core.energy_methods.CartesianBondedEnergy: Read 1434 bb-independent angles.
basic.io.database: Database file opened: scoring/score_functions/bondlength_bondangle/default-torsions.txt
core.energy_methods.CartesianBondedEnergy: Read 1 bb-independent torsions.
basic.io.database: Database file opened: scoring/score_functions/bondlength_bondangle/default-improper.txt
core.energy_methods.CartesianBondedEnergy: Read 529 bb-independent improper tors.
core.scoring.etable: Starting energy table calculation
core.scoring.etable: smooth_etable: changing atr/rep split to bottom of energy well
core.scoring.etable: smooth_etable: spline smoothing lj etables (maxdis = 6)
core.scoring.etable: smooth_etable: spline smoothing solvation etables (max_dis = 6)
core.scoring.etable: Finished calculating energy tables.
basic.io.database: Database file opened: scoring/score_functions/PairEPotential/pdb_pair_stats_fine
basic.io.database: Database file opened: scoring/score_functions/InterchainPotential/interchain_env_log.txt
basic.io.database: Database file opened: scoring/score_functions/InterchainPotential/interchain_pair_log.txt
basic.io.database: Database file opened: scoring/score_functions/EnvPairPotential/env_log.txt
basic.io.database: Database file opened: scoring/score_functions/EnvPairPotential/cbeta_den.txt
basic.io.database: Database file opened: scoring/score_functions/EnvPairPotential/pair_log.txt
basic.io.database: Database file opened: scoring/score_functions/EnvPairPotential/cenpack_log.txt
core.scoring.ramachandran: shapovalov_lib::shap_rama_smooth_level of 4( aka highest_smooth ) got activated.
basic.io.database: Database file opened: scoring/score_functions/rama/shapovalov/kappa25/all.ramaProb
protocols.jd2.parser.ScoreFunctionLoader: defined score function "beta_sf" with weights "beta_nov16_cart"
protocols.jd2.parser.TaskOperationLoader: Defined TaskOperation named "repack_res" of type OperateOnResidueSubset
protocols.jd2.parser.TaskOperationLoader: Defined TaskOperation named "no_repack" of type OperateOnResidueSubset
protocols.jd2.parser.MoveMapFactoryLoader: Defined MoveMap named "local_mm"
protocols.rosetta_scripts.RosettaScriptsParser: Defined mover named "mutant" of type MutateResidue
protocols.relax.RelaxScriptManager: Reading relax scripts list from database.
core.scoring.ScoreFunctionFactory: SCOREFUNCTION: beta_nov16_cart.wts
protocols.relax.RelaxScriptManager: Looking for MonomerRelax2019.txt
protocols.relax.RelaxScriptManager: ================== Reading script file: /usr/local/database/sampling/relax_scripts/MonomerRelax2019.txt ==================
protocols.relax.RelaxScriptManager: repeat %%nrepeats%%
protocols.relax.RelaxScriptManager: coord_cst_weight 1.0
protocols.relax.RelaxScriptManager: scale:fa_rep 0.040
protocols.relax.RelaxScriptManager: repack
protocols.relax.RelaxScriptManager: scale:fa_rep 0.051
protocols.relax.RelaxScriptManager: min 0.01
protocols.relax.RelaxScriptManager: coord_cst_weight 0.5
protocols.relax.RelaxScriptManager: scale:fa_rep 0.265
protocols.relax.RelaxScriptManager: repack
protocols.relax.RelaxScriptManager: scale:fa_rep 0.280
protocols.relax.RelaxScriptManager: min 0.01
protocols.relax.RelaxScriptManager: coord_cst_weight 0.0
protocols.relax.RelaxScriptManager: scale:fa_rep 0.559
protocols.relax.RelaxScriptManager: repack
protocols.relax.RelaxScriptManager: scale:fa_rep 0.581
protocols.relax.RelaxScriptManager: min 0.01
protocols.relax.RelaxScriptManager: coord_cst_weight 0.0
protocols.relax.RelaxScriptManager: scale:fa_rep 1
protocols.relax.RelaxScriptManager: repack
protocols.relax.RelaxScriptManager: min 0.00001
protocols.relax.RelaxScriptManager: accept_to_best
protocols.relax.RelaxScriptManager: endrepeat
core.pack.task.xml_util: Object relax reading the following task_operations: Adding the following task operations
repack_res no_repack 
core.select.movemap.util: Found MoveMapFactory local_mm
protocols.rosetta_scripts.RosettaScriptsParser: Defined mover named "relax" of type FastRelax
protocols.rosetta_scripts.ParsedProtocol: ParsedProtocol mover with the following settings
protocols.rosetta_scripts.ParsedProtocol: Added mover "mutant"
protocols.rosetta_scripts.ParsedProtocol: Added mover "relax"
protocols.jd2.PDBJobInputter: PDBJobInputter::pose_from_job
protocols.jd2.PDBJobInputter: filling pose from saved copy structure.pdb
protocols.rosetta_scripts.ParsedProtocol: =======================BEGIN MOVER MutateResidue - mutant=======================
protocols.rosetta_scripts.ParsedProtocol: =======================BEGIN MOVER FastRelax - relax=======================
core.energy_methods.CartesianBondedEnergy: Creating new peptide-bonded energy container (75)
basic.io.database: Database file opened: scoring/score_functions/elec_cp_reps.dat
core.scoring.elec.util: Read 40 countpair representative atoms
core.pack.dunbrack.RotamerLibrary: shapovalov_lib_fixes_enable option is true.
core.pack.dunbrack.RotamerLibrary: Binary rotamer library selected: /usr/local/database/rotamer/beta_nov2016/Dunbrack10.lib.bin
core.pack.dunbrack.RotamerLibrary: Using Dunbrack library binary file '/usr/local/database/rotamer/beta_nov2016/Dunbrack10.lib.bin'.
core.pack.dunbrack.RotamerLibrary: Dunbrack 2010 library took 0.045873 seconds to load from binary
protocols.relax.FastRelax: CMD: repeat  -173.549  0  0  0.55
protocols.relax.FastRelax: CMD: coord_cst_weight  -173.549  0  0  0.55
protocols.relax.FastRelax: CMD: scale:fa_rep  -217.971  0  0  0.022
core.pack.pack_rotamers: built 143 rotamers at 16 positions.
core.pack.interaction_graph.interaction_graph_factory: Instantiating DensePDInteractionGraph
protocols.relax.FastRelax: CMD: repack  -218.201  0  0  0.022
protocols.relax.FastRelax: CMD: scale:fa_rep  -217.372  0  0  0.02805
protocols.relax.FastRelax: CMD: min  -337.513  0.82455  0.82455  0.02805
protocols.relax.FastRelax: CMD: coord_cst_weight  -337.513  0.82455  0.82455  0.02805
protocols.relax.FastRelax: CMD: scale:fa_rep  -192.456  0.82455  0.82455  0.14575
core.pack.pack_rotamers: built 124 rotamers at 18 positions.
core.pack.interaction_graph.interaction_graph_factory: Instantiating DensePDInteractionGraph
protocols.relax.FastRelax: CMD: repack  -192.456  0.82455  0.82455  0.14575
protocols.relax.FastRelax: CMD: scale:fa_rep  -182.289  0.82455  0.82455  0.154
protocols.relax.FastRelax: CMD: min  -278.738  0.49004  0.49004  0.154
protocols.relax.FastRelax: CMD: coord_cst_weight  -278.738  0.49004  0.49004  0.154
protocols.relax.FastRelax: CMD: scale:fa_rep  -242.54  0.49004  0.49004  0.30745
core.pack.pack_rotamers: built 129 rotamers at 16 positions.
core.pack.interaction_graph.interaction_graph_factory: Instantiating DensePDInteractionGraph
protocols.relax.FastRelax: CMD: repack  -242.54  0.49004  0.49004  0.30745
protocols.relax.FastRelax: CMD: scale:fa_rep  -239.686  0.49004  0.49004  0.31955
protocols.relax.FastRelax: CMD: min  -252.664  0.338071  0.338071  0.31955
protocols.relax.FastRelax: CMD: coord_cst_weight  -252.664  0.338071  0.338071  0.31955
protocols.relax.FastRelax: CMD: scale:fa_rep  -225.68  0.338071  0.338071  0.55
core.pack.pack_rotamers: built 130 rotamers at 16 positions.
core.pack.interaction_graph.interaction_graph_factory: Instantiating DensePDInteractionGraph
protocols.relax.FastRelax: CMD: repack  -225.68  0.338071  0.338071  0.55
protocols.relax.FastRelax: CMD: min  -231.889  0.267209  0.267209  0.55
protocols.relax.FastRelax: MRP: 0  -231.889  -231.889  0.267209  0.267209  
protocols.relax.FastRelax: CMD: accept_to_best  -231.889  0.267209  0.267209  0.55
protocols.relax.FastRelax: CMD: endrepeat  -231.889  0.267209  0.267209  0.55
protocols.relax.FastRelax: CMD: coord_cst_weight  -231.889  0.267209  0.267209  0.55
protocols.relax.FastRelax: CMD: scale:fa_rep  -270.504  0.267209  0.267209  0.022
core.pack.pack_rotamers: built 140 rotamers at 16 positions.
core.pack.interaction_graph.interaction_graph_factory: Instantiating DensePDInteractionGraph
protocols.relax.FastRelax: CMD: repack  -270.722  0.267209  0.267209  0.022
protocols.relax.FastRelax: CMD: scale:fa_rep  -270.191  0.267209  0.267209  0.02805
protocols.relax.FastRelax: CMD: min  -338.524  0.830049  0.830049  0.02805
protocols.relax.FastRelax: CMD: coord_cst_weight  -338.524  0.830049  0.830049  0.02805
protocols.relax.FastRelax: CMD: scale:fa_rep  -195.886  0.830049  0.830049  0.14575
core.pack.pack_rotamers: built 123 rotamers at 18 positions.
core.pack.interaction_graph.interaction_graph_factory: Instantiating DensePDInteractionGraph
protocols.relax.FastRelax: CMD: repack  -195.886  0.830049  0.830049  0.14575
protocols.relax.FastRelax: CMD: scale:fa_rep  -185.888  0.830049  0.830049  0.154
protocols.relax.FastRelax: CMD: min  -279.262  0.502855  0.502855  0.154
protocols.relax.FastRelax: CMD: coord_cst_weight  -279.262  0.502855  0.502855  0.154
protocols.relax.FastRelax: CMD: scale:fa_rep  -243.072  0.502855  0.502855  0.30745
core.pack.pack_rotamers: built 118 rotamers at 16 positions.
core.pack.interaction_graph.interaction_graph_factory: Instantiating DensePDInteractionGraph
protocols.relax.FastRelax: CMD: repack  -243.072  0.502855  0.502855  0.30745
protocols.relax.FastRelax: CMD: scale:fa_rep  -240.218  0.502855  0.502855  0.31955
protocols.relax.FastRelax: CMD: min  -252.99  0.328191  0.328191  0.31955
protocols.relax.FastRelax: CMD: coord_cst_weight  -252.99  0.328191  0.328191  0.31955
protocols.relax.FastRelax: CMD: scale:fa_rep  -226.001  0.328191  0.328191  0.55
core.pack.pack_rotamers: built 128 rotamers at 16 positions.
core.pack.interaction_graph.interaction_graph_factory: Instantiating DensePDInteractionGraph
protocols.relax.FastRelax: CMD: repack  -226.001  0.328191  0.328191  0.55
protocols.relax.FastRelax: CMD: min  -231.998  0.287207  0.287207  0.55
protocols.relax.FastRelax: MRP: 1  -231.998  -231.998  0.287207  0.287207  
protocols.relax.FastRelax: CMD: accept_to_best  -231.998  0.287207  0.287207  0.55
protocols.relax.FastRelax: CMD: endrepeat  -231.998  0.287207  0.287207  0.55
protocols.relax.FastRelax: CMD: coord_cst_weight  -231.998  0.287207  0.287207  0.55
protocols.relax.FastRelax: CMD: scale:fa_rep  -271.005  0.287207  0.287207  0.022
core.pack.pack_rotamers: built 150 rotamers at 16 positions.
core.pack.interaction_graph.interaction_graph_factory: Instantiating DensePDInteractionGraph
protocols.relax.FastRelax: CMD: repack  -271.113  0.287207  0.287207  0.022
protocols.relax.FastRelax: CMD: scale:fa_rep  -270.617  0.287207  0.287207  0.02805
protocols.relax.FastRelax: CMD: min  -338.441  0.82896  0.82896  0.02805
protocols.relax.FastRelax: CMD: coord_cst_weight  -338.441  0.82896  0.82896  0.02805
protocols.relax.FastRelax: CMD: scale:fa_rep  -196.133  0.82896  0.82896  0.14575
core.pack.pack_rotamers: built 126 rotamers at 17 positions.
core.pack.interaction_graph.interaction_graph_factory: Instantiating DensePDInteractionGraph
protocols.relax.FastRelax: CMD: repack  -196.133  0.82896  0.82896  0.14575
protocols.relax.FastRelax: CMD: scale:fa_rep  -186.158  0.82896  0.82896  0.154
protocols.relax.FastRelax: CMD: min  -279.258  0.509028  0.509028  0.154
protocols.relax.FastRelax: CMD: coord_cst_weight  -279.258  0.509028  0.509028  0.154
protocols.relax.FastRelax: CMD: scale:fa_rep  -242.97  0.509028  0.509028  0.30745
core.pack.pack_rotamers: built 118 rotamers at 16 positions.
core.pack.interaction_graph.interaction_graph_factory: Instantiating DensePDInteractionGraph
protocols.relax.FastRelax: CMD: repack  -242.97  0.509028  0.509028  0.30745
protocols.relax.FastRelax: CMD: scale:fa_rep  -240.109  0.509028  0.509028  0.31955
protocols.relax.FastRelax: CMD: min  -253.049  0.324113  0.324113  0.31955
protocols.relax.FastRelax: CMD: coord_cst_weight  -253.049  0.324113  0.324113  0.31955
protocols.relax.FastRelax: CMD: scale:fa_rep  -226.127  0.324113  0.324113  0.55
core.pack.pack_rotamers: built 128 rotamers at 16 positions.
core.pack.interaction_graph.interaction_graph_factory: Instantiating DensePDInteractionGraph
protocols.relax.FastRelax: CMD: repack  -226.127  0.324113  0.324113  0.55
protocols.relax.FastRelax: CMD: min  -232.015  0.286961  0.286961  0.55
protocols.relax.FastRelax: MRP: 2  -232.015  -232.015  0.286961  0.286961  
protocols.relax.FastRelax: CMD: accept_to_best  -232.015  0.286961  0.286961  0.55
protocols.relax.FastRelax: CMD: endrepeat  -232.015  0.286961  0.286961  0.55
protocols.relax.FastRelax: CMD: coord_cst_weight  -232.015  0.286961  0.286961  0.55
protocols.relax.FastRelax: CMD: scale:fa_rep  -271.047  0.286961  0.286961  0.022
core.pack.pack_rotamers: built 150 rotamers at 16 positions.
core.pack.interaction_graph.interaction_graph_factory: Instantiating DensePDInteractionGraph
protocols.relax.FastRelax: CMD: repack  -271.15  0.286961  0.286961  0.022
protocols.relax.FastRelax: CMD: scale:fa_rep  -270.654  0.286961  0.286961  0.02805
protocols.relax.FastRelax: CMD: min  -338.461  0.830468  0.830468  0.02805
protocols.relax.FastRelax: CMD: coord_cst_weight  -338.461  0.830468  0.830468  0.02805
protocols.relax.FastRelax: CMD: scale:fa_rep  -195.747  0.830468  0.830468  0.14575
core.pack.pack_rotamers: built 126 rotamers at 17 positions.
core.pack.interaction_graph.interaction_graph_factory: Instantiating DensePDInteractionGraph
protocols.relax.FastRelax: CMD: repack  -195.747  0.830468  0.830468  0.14575
protocols.relax.FastRelax: CMD: scale:fa_rep  -185.743  0.830468  0.830468  0.154
protocols.relax.FastRelax: CMD: min  -279.27  0.50049  0.50049  0.154
protocols.relax.FastRelax: CMD: coord_cst_weight  -279.27  0.50049  0.50049  0.154
protocols.relax.FastRelax: CMD: scale:fa_rep  -243.068  0.50049  0.50049  0.30745
core.pack.pack_rotamers: built 129 rotamers at 16 positions.
core.pack.interaction_graph.interaction_graph_factory: Instantiating DensePDInteractionGraph
protocols.relax.FastRelax: CMD: repack  -243.068  0.50049  0.50049  0.30745
protocols.relax.FastRelax: CMD: scale:fa_rep  -240.213  0.50049  0.50049  0.31955
protocols.relax.FastRelax: CMD: min  -252.953  0.336126  0.336126  0.31955
protocols.relax.FastRelax: CMD: coord_cst_weight  -252.953  0.336126  0.336126  0.31955
protocols.relax.FastRelax: CMD: scale:fa_rep  -225.976  0.336126  0.336126  0.55
core.pack.pack_rotamers: built 128 rotamers at 16 positions.
core.pack.interaction_graph.interaction_graph_factory: Instantiating DensePDInteractionGraph
protocols.relax.FastRelax: CMD: repack  -225.976  0.336126  0.336126  0.55
protocols.relax.FastRelax: CMD: min  -232.057  0.281584  0.281584  0.55
protocols.relax.FastRelax: MRP: 3  -232.057  -232.057  0.281584  0.281584  
protocols.relax.FastRelax: CMD: accept_to_best  -232.057  0.281584  0.281584  0.55
protocols.relax.FastRelax: CMD: endrepeat  -232.057  0.281584  0.281584  0.55
protocols.relax.FastRelax: CMD: coord_cst_weight  -232.057  0.281584  0.281584  0.55
protocols.relax.FastRelax: CMD: scale:fa_rep  -270.795  0.281584  0.281584  0.022
core.pack.pack_rotamers: built 150 rotamers at 16 positions.
core.pack.interaction_graph.interaction_graph_factory: Instantiating DensePDInteractionGraph
protocols.relax.FastRelax: CMD: repack  -270.912  0.281584  0.281584  0.022
protocols.relax.FastRelax: CMD: scale:fa_rep  -270.393  0.281584  0.281584  0.02805
protocols.relax.FastRelax: CMD: min  -338.522  0.83691  0.83691  0.02805
protocols.relax.FastRelax: CMD: coord_cst_weight  -338.522  0.83691  0.83691  0.02805
protocols.relax.FastRelax: CMD: scale:fa_rep  -195.927  0.83691  0.83691  0.14575
core.pack.pack_rotamers: built 122 rotamers at 17 positions.
core.pack.interaction_graph.interaction_graph_factory: Instantiating DensePDInteractionGraph
protocols.relax.FastRelax: CMD: repack  -195.927  0.83691  0.83691  0.14575
protocols.relax.FastRelax: CMD: scale:fa_rep  -185.932  0.83691  0.83691  0.154
protocols.relax.FastRelax: CMD: min  -279.317  0.508928  0.508928  0.154
protocols.relax.FastRelax: CMD: coord_cst_weight  -279.317  0.508928  0.508928  0.154
protocols.relax.FastRelax: CMD: scale:fa_rep  -243.075  0.508928  0.508928  0.30745
core.pack.pack_rotamers: built 124 rotamers at 16 positions.
core.pack.interaction_graph.interaction_graph_factory: Instantiating DensePDInteractionGraph
protocols.relax.FastRelax: CMD: repack  -243.075  0.508928  0.508928  0.30745
protocols.relax.FastRelax: CMD: scale:fa_rep  -240.217  0.508928  0.508928  0.31955
protocols.relax.FastRelax: CMD: min  -252.92  0.33866  0.33866  0.31955
protocols.relax.FastRelax: CMD: coord_cst_weight  -252.92  0.33866  0.33866  0.31955
protocols.relax.FastRelax: CMD: scale:fa_rep  -225.976  0.33866  0.33866  0.55
core.pack.pack_rotamers: built 128 rotamers at 16 positions.
core.pack.interaction_graph.interaction_graph_factory: Instantiating DensePDInteractionGraph
protocols.relax.FastRelax: CMD: repack  -225.976  0.33866  0.33866  0.55
protocols.relax.FastRelax: CMD: min  -232.034  0.295199  0.295199  0.55
protocols.relax.FastRelax: MRP: 4  -232.034  -232.057  0.281584  0.281584  
protocols.relax.FastRelax: CMD: accept_to_best  -232.034  0.295199  0.295199  0.55
protocols.relax.FastRelax: CMD: endrepeat  -232.034  0.295199  0.295199  0.55
protocols.relax.FastRelax: CMD: coord_cst_weight  -232.034  0.295199  0.295199  0.55
protocols.relax.FastRelax: CMD: scale:fa_rep  -271.001  0.295199  0.295199  0.022
core.pack.pack_rotamers: built 149 rotamers at 16 positions.
core.pack.interaction_graph.interaction_graph_factory: Instantiating DensePDInteractionGraph
protocols.relax.FastRelax: CMD: repack  -271.108  0.295199  0.295199  0.022
protocols.relax.FastRelax: CMD: scale:fa_rep  -270.582  0.295199  0.295199  0.02805
protocols.relax.FastRelax: CMD: min  -338.486  0.850295  0.850295  0.02805
protocols.relax.FastRelax: CMD: coord_cst_weight  -338.486  0.850295  0.850295  0.02805
protocols.relax.FastRelax: CMD: scale:fa_rep  -194.814  0.850295  0.850295  0.14575
core.pack.pack_rotamers: built 121 rotamers at 17 positions.
core.pack.interaction_graph.interaction_graph_factory: Instantiating DensePDInteractionGraph
protocols.relax.FastRelax: CMD: repack  -194.814  0.850295  0.850295  0.14575
protocols.relax.FastRelax: CMD: scale:fa_rep  -184.744  0.850295  0.850295  0.154
protocols.relax.FastRelax: CMD: min  -279.214  0.531144  0.531144  0.154
protocols.relax.FastRelax: CMD: coord_cst_weight  -279.214  0.531144  0.531144  0.154
protocols.relax.FastRelax: CMD: scale:fa_rep  -242.585  0.531144  0.531144  0.30745
core.pack.pack_rotamers: built 123 rotamers at 16 positions.
core.pack.interaction_graph.interaction_graph_factory: Instantiating DensePDInteractionGraph
protocols.relax.FastRelax: CMD: repack  -242.585  0.531144  0.531144  0.30745
protocols.relax.FastRelax: CMD: scale:fa_rep  -239.697  0.531144  0.531144  0.31955
protocols.relax.FastRelax: CMD: min  -253.094  0.357873  0.357873  0.31955
protocols.relax.FastRelax: CMD: coord_cst_weight  -253.094  0.357873  0.357873  0.31955
protocols.relax.FastRelax: CMD: scale:fa_rep  -226.029  0.357873  0.357873  0.55
core.pack.pack_rotamers: built 128 rotamers at 16 positions.
core.pack.interaction_graph.interaction_graph_factory: Instantiating DensePDInteractionGraph
protocols.relax.FastRelax: CMD: repack  -226.029  0.357873  0.357873  0.55
protocols.relax.FastRelax: CMD: min  -232.372  0.304735  0.304735  0.55
protocols.relax.FastRelax: MRP: 5  -232.372  -232.372  0.304735  0.304735  
protocols.relax.FastRelax: CMD: accept_to_best  -232.372  0.304735  0.304735  0.55
protocols.relax.FastRelax: CMD: endrepeat  -232.372  0.304735  0.304735  0.55
protocols.relax.FastRelax: CMD: coord_cst_weight  -232.372  0.304735  0.304735  0.55
protocols.relax.FastRelax: CMD: scale:fa_rep  -270.69  0.304735  0.304735  0.022
core.pack.pack_rotamers: built 149 rotamers at 16 positions.
core.pack.interaction_graph.interaction_graph_factory: Instantiating DensePDInteractionGraph
protocols.relax.FastRelax: CMD: repack  -270.753  0.304735  0.304735  0.022
protocols.relax.FastRelax: CMD: scale:fa_rep  -270.236  0.304735  0.304735  0.02805
protocols.relax.FastRelax: CMD: min  -338.296  0.843475  0.843475  0.02805
protocols.relax.FastRelax: CMD: coord_cst_weight  -338.296  0.843475  0.843475  0.02805
protocols.relax.FastRelax: CMD: scale:fa_rep  -195.722  0.843475  0.843475  0.14575
core.pack.pack_rotamers: built 127 rotamers at 18 positions.
core.pack.interaction_graph.interaction_graph_factory: Instantiating DensePDInteractionGraph
protocols.relax.FastRelax: CMD: repack  -195.722  0.843475  0.843475  0.14575
protocols.relax.FastRelax: CMD: scale:fa_rep  -185.728  0.843475  0.843475  0.154
protocols.relax.FastRelax: CMD: min  -279.374  0.532523  0.532523  0.154
protocols.relax.FastRelax: CMD: coord_cst_weight  -279.374  0.532523  0.532523  0.154
protocols.relax.FastRelax: CMD: scale:fa_rep  -243.186  0.532523  0.532523  0.30745
core.pack.pack_rotamers: built 119 rotamers at 16 positions.
core.pack.interaction_graph.interaction_graph_factory: Instantiating DensePDInteractionGraph
protocols.relax.FastRelax: CMD: repack  -243.186  0.532523  0.532523  0.30745
protocols.relax.FastRelax: CMD: scale:fa_rep  -240.332  0.532523  0.532523  0.31955
protocols.relax.FastRelax: CMD: min  -253.149  0.377395  0.377395  0.31955
protocols.relax.FastRelax: CMD: coord_cst_weight  -253.149  0.377395  0.377395  0.31955
protocols.relax.FastRelax: CMD: scale:fa_rep  -226.233  0.377395  0.377395  0.55
core.pack.pack_rotamers: built 125 rotamers at 16 positions.
core.pack.interaction_graph.interaction_graph_factory: Instantiating DensePDInteractionGraph
protocols.relax.FastRelax: CMD: repack  -226.233  0.377395  0.377395  0.55
protocols.relax.FastRelax: CMD: min  -232.309  0.322737  0.322737  0.55
protocols.relax.FastRelax: MRP: 6  -232.309  -232.372  0.304735  0.304735  
protocols.relax.FastRelax: CMD: accept_to_best  -232.309  0.322737  0.322737  0.55
protocols.relax.FastRelax: CMD: endrepeat  -232.309  0.322737  0.322737  0.55
protocols.relax.FastRelax: CMD: coord_cst_weight  -232.309  0.322737  0.322737  0.55
protocols.relax.FastRelax: CMD: scale:fa_rep  -270.894  0.322737  0.322737  0.022
core.pack.pack_rotamers: built 149 rotamers at 16 positions.
core.pack.interaction_graph.interaction_graph_factory: Instantiating DensePDInteractionGraph
protocols.relax.FastRelax: CMD: repack  -270.946  0.322737  0.322737  0.022
protocols.relax.FastRelax: CMD: scale:fa_rep  -270.421  0.322737  0.322737  0.02805
protocols.relax.FastRelax: CMD: min  -338.323  0.840166  0.840166  0.02805
protocols.relax.FastRelax: CMD: coord_cst_weight  -338.323  0.840166  0.840166  0.02805
protocols.relax.FastRelax: CMD: scale:fa_rep  -196.088  0.840166  0.840166  0.14575
core.pack.pack_rotamers: built 127 rotamers at 18 positions.
core.pack.interaction_graph.interaction_graph_factory: Instantiating DensePDInteractionGraph
protocols.relax.FastRelax: CMD: repack  -196.088  0.840166  0.840166  0.14575
protocols.relax.FastRelax: CMD: scale:fa_rep  -186.119  0.840166  0.840166  0.154
protocols.relax.FastRelax: CMD: min  -279.394  0.529777  0.529777  0.154
protocols.relax.FastRelax: CMD: coord_cst_weight  -279.394  0.529777  0.529777  0.154
protocols.relax.FastRelax: CMD: scale:fa_rep  -243.278  0.529777  0.529777  0.30745
core.pack.pack_rotamers: built 119 rotamers at 16 positions.
core.pack.interaction_graph.interaction_graph_factory: Instantiating DensePDInteractionGraph
protocols.relax.FastRelax: CMD: repack  -243.278  0.529777  0.529777  0.30745
protocols.relax.FastRelax: CMD: scale:fa_rep  -240.43  0.529777  0.529777  0.31955
protocols.relax.FastRelax: CMD: min  -252.874  0.401282  0.401282  0.31955
protocols.relax.FastRelax: CMD: coord_cst_weight  -252.874  0.401282  0.401282  0.31955
protocols.relax.FastRelax: CMD: scale:fa_rep  -226.051  0.401282  0.401282  0.55
core.pack.pack_rotamers: built 125 rotamers at 16 positions.
core.pack.interaction_graph.interaction_graph_factory: Instantiating DensePDInteractionGraph
protocols.relax.FastRelax: CMD: repack  -226.051  0.401282  0.401282  0.55
protocols.relax.FastRelax: CMD: min  -232.386  0.316432  0.316432  0.55
protocols.relax.FastRelax: MRP: 7  -232.386  -232.386  0.316432  0.316432  
protocols.relax.FastRelax: CMD: accept_to_best  -232.386  0.316432  0.316432  0.55
protocols.relax.FastRelax: CMD: endrepeat  -232.386  0.316432  0.316432  0.55
protocols.relax.FastRelax: CMD: coord_cst_weight  -232.386  0.316432  0.316432  0.55
protocols.relax.FastRelax: CMD: scale:fa_rep  -270.875  0.316432  0.316432  0.022
core.pack.pack_rotamers: built 149 rotamers at 16 positions.
core.pack.interaction_graph.interaction_graph_factory: Instantiating DensePDInteractionGraph
protocols.relax.FastRelax: CMD: repack  -270.954  0.316432  0.316432  0.022
protocols.relax.FastRelax: CMD: scale:fa_rep  -270.434  0.316432  0.316432  0.02805
protocols.relax.FastRelax: CMD: min  -338.316  0.849583  0.849583  0.02805
protocols.relax.FastRelax: CMD: coord_cst_weight  -338.316  0.849583  0.849583  0.02805
protocols.relax.FastRelax: CMD: scale:fa_rep  -195.687  0.849583  0.849583  0.14575
core.pack.pack_rotamers: built 126 rotamers at 17 positions.
core.pack.interaction_graph.interaction_graph_factory: Instantiating DensePDInteractionGraph
protocols.relax.FastRelax: CMD: repack  -195.687  0.849583  0.849583  0.14575
protocols.relax.FastRelax: CMD: scale:fa_rep  -185.69  0.849583  0.849583  0.154
protocols.relax.FastRelax: CMD: min  -279.371  0.534348  0.534348  0.154
protocols.relax.FastRelax: CMD: coord_cst_weight  -279.371  0.534348  0.534348  0.154
protocols.relax.FastRelax: CMD: scale:fa_rep  -243.206  0.534348  0.534348  0.30745
core.pack.pack_rotamers: built 119 rotamers at 16 positions.
core.pack.interaction_graph.interaction_graph_factory: Instantiating DensePDInteractionGraph
protocols.relax.FastRelax: CMD: repack  -243.206  0.534348  0.534348  0.30745
protocols.relax.FastRelax: CMD: scale:fa_rep  -240.355  0.534348  0.534348  0.31955
protocols.relax.FastRelax: CMD: min  -253.186  0.378241  0.378241  0.31955
protocols.relax.FastRelax: CMD: coord_cst_weight  -253.186  0.378241  0.378241  0.31955
protocols.relax.FastRelax: CMD: scale:fa_rep  -226.145  0.378241  0.378241  0.55
core.pack.pack_rotamers: built 126 rotamers at 16 positions.
core.pack.interaction_graph.interaction_graph_factory: Instantiating DensePDInteractionGraph
protocols.relax.FastRelax: CMD: repack  -226.145  0.378241  0.378241  0.55
protocols.relax.FastRelax: CMD: min  -232.294  0.327232  0.327232  0.55
protocols.relax.FastRelax: MRP: 8  -232.294  -232.386  0.316432  0.316432  
protocols.relax.FastRelax: CMD: accept_to_best  -232.294  0.327232  0.327232  0.55
protocols.relax.FastRelax: CMD: endrepeat  -232.294  0.327232  0.327232  0.55
protocols.relax.FastRelax: CMD: coord_cst_weight  -232.294  0.327232  0.327232  0.55
protocols.relax.FastRelax: CMD: scale:fa_rep  -271.305  0.327232  0.327232  0.022
core.pack.pack_rotamers: built 149 rotamers at 16 positions.
core.pack.interaction_graph.interaction_graph_factory: Instantiating DensePDInteractionGraph
protocols.relax.FastRelax: CMD: repack  -271.374  0.327232  0.327232  0.022
protocols.relax.FastRelax: CMD: scale:fa_rep  -270.844  0.327232  0.327232  0.02805
protocols.relax.FastRelax: CMD: min  -338.361  0.845213  0.845213  0.02805
protocols.relax.FastRelax: CMD: coord_cst_weight  -338.361  0.845213  0.845213  0.02805
protocols.relax.FastRelax: CMD: scale:fa_rep  -195.893  0.845213  0.845213  0.14575
core.pack.pack_rotamers: built 127 rotamers at 18 positions.
core.pack.interaction_graph.interaction_graph_factory: Instantiating DensePDInteractionGraph
protocols.relax.FastRelax: CMD: repack  -195.893  0.845213  0.845213  0.14575
protocols.relax.FastRelax: CMD: scale:fa_rep  -185.907  0.845213  0.845213  0.154
protocols.relax.FastRelax: CMD: min  -279.394  0.528869  0.528869  0.154
protocols.relax.FastRelax: CMD: coord_cst_weight  -279.394  0.528869  0.528869  0.154
protocols.relax.FastRelax: CMD: scale:fa_rep  -243.285  0.528869  0.528869  0.30745
core.pack.pack_rotamers: built 122 rotamers at 16 positions.
core.pack.interaction_graph.interaction_graph_factory: Instantiating DensePDInteractionGraph
protocols.relax.FastRelax: CMD: repack  -243.285  0.528869  0.528869  0.30745
protocols.relax.FastRelax: CMD: scale:fa_rep  -240.438  0.528869  0.528869  0.31955
protocols.relax.FastRelax: CMD: min  -253.134  0.377881  0.377881  0.31955
protocols.relax.FastRelax: CMD: coord_cst_weight  -253.134  0.377881  0.377881  0.31955
protocols.relax.FastRelax: CMD: scale:fa_rep  -226.17  0.377881  0.377881  0.55
core.pack.pack_rotamers: built 126 rotamers at 16 positions.
core.pack.interaction_graph.interaction_graph_factory: Instantiating DensePDInteractionGraph
protocols.relax.FastRelax: CMD: repack  -226.17  0.377881  0.377881  0.55
protocols.relax.FastRelax: CMD: min  -232.309  0.329831  0.329831  0.55
protocols.relax.FastRelax: MRP: 9  -232.309  -232.386  0.316432  0.316432  
protocols.relax.FastRelax: CMD: accept_to_best  -232.309  0.329831  0.329831  0.55
protocols.relax.FastRelax: CMD: endrepeat  -232.309  0.329831  0.329831  0.55
protocols::checkpoint: Deleting checkpoints of FastRelax
protocols.rosetta_scripts.ParsedProtocol: setting status to success
protocols.jd2.JobDistributor: flags_relax_v6_1000_structure_0001 reported success in 139 seconds
protocols.jd2.JobDistributor: no more batches to process... 
protocols.jd2.JobDistributor: 1 jobs considered, 1 jobs attempted in 139 seconds
basic.citation_manager.CitationManager: 
The following Rosetta modules were used during this run of Rosetta, and should be cited:

rosetta_scripts Application's citation(s):
Fleishman SJ, Leaver-Fay A, Corn JE, Strauch E-M, Khare SD, Koga N, Ashworth J, Murphy P, Richter F, Lemmon G, Meiler J, and Baker D.  (2011).  RosettaScripts: A Scripting Language Interface to the Rosetta Macromolecular Modeling Suite.  PLoS ONE 6(6):e20161.  doi: 10.1371/journal.pone.0020161.

FastRelax Mover's citation(s):
*Tyka MD, *Keedy DA, André I, Dimaio F, Song Y, Richardson DC, Richardson JS, and Baker D.  (2011).  Alternate states of proteins revealed by detailed energy landscape mapping.  J Mol Biol 405(2):607-18.  doi: 10.1016/j.jmb.2010.11.008.  (*Co-primary authors.)

Khatib F, Cooper S, Tyka MD, Xu K, Makedon I, Popovic Z, Baker D, and Players F.  (2011).  Algorithm discovery by protein folding game players.  Proc Natl Acad Sci USA 108(47):18949-53.  doi: 10.1073/pnas.1115898108.

Maguire JB, Haddox HK, Strickland D, Halabiya SF, Coventry B, Griffin JR, Pulavarti SVSRK, Cummins M, Thieker DF, Klavins E, Szyperski T, DiMaio F, Baker D, and Kuhlman B.  (2021).  Perturbing the energy landscape for improved packing during computational protein design.  Proteins 89(4):436-449.  doi: 10.1002/prot.26030.


The following UNPUBLISHED Rosetta modules were used during this run of Rosetta.  Their authors should be included in the author list when this work is published:

NeighborhoodResidueSelector ResidueSelector's author(s):
Robert Lindner, Natural Sciences and Mathematics, Ruperto-Carola University, Heidelberg, Germany [rlindner@mpimf-heidelberg.mpg.de]
Jared Adolf-Bryfogle, Schief lab, Scripps Research Institute [jadolfbr@gmail.com]
Gerard Daniel, Institue for Protein Design, University of Washington [gerardda@uw.edu]


