********  (C) Copyright Rosetta Commons Member Institutions.  ***************
* Use of Rosetta for commercial purposes may require purchase of a license. *
********  See LICENSE.md or email license@uw.edu for more details. **********
core.init: Checking for fconfig files in pwd and ./rosetta/flags 
core.init: Rosetta version: 2025.37+HEAD.df75a9c48e df75a9c48e763e52a7aa3f5dfba077f4da88dbf5 https://github.com/RosettaCommons/rosetta.git 2025-09-03T12:23:30
core.init: Rosetta extras: []
core.init: command: rosetta_scripts -database /usr/local/database -s structure_ignorechain.pdb -nstruct 1 @flags_prepare_relax
basic.random.init_random_generator: 'RNG device' seed mode, using '/dev/urandom', seed=-1398561978 seed_offset=0 real_seed=-1398561978
basic.random.init_random_generator: RandomGenerator:init: Normal mode, seed=-1398561978 RG_type=mt19937
protocols.jd2.PDBJobInputter: Instantiate PDBJobInputter
protocols.jd2.PDBJobInputter: PDBJobInputter::fill_jobs
protocols.jd2.PDBJobInputter: pushed structure_ignorechain.pdb nstruct index 1
protocols.evaluation.ChiWellRmsdEvaluatorCreator: Evaluation Creator active ... 
protocols.jd2.PDBJobInputter: PDBJobInputter::pose_from_job
protocols.jd2.PDBJobInputter: filling pose from PDB structure_ignorechain.pdb
core.chemical.GlobalResidueTypeSet: Finished initializing fa_standard residue type set.  Created 985 residue types
core.chemical.GlobalResidueTypeSet: Total time to initialize 0.551596 seconds.
core.import_pose.import_pose: File 'structure_ignorechain.pdb' automatically determined to be of type PDB from contents.
core.scoring.ScoreFunctionFactory: SCOREFUNCTION: beta_nov16_cart.wts
core.scoring.etable: Starting energy table calculation
core.scoring.etable: smooth_etable: changing atr/rep split to bottom of energy well
core.scoring.etable: smooth_etable: spline smoothing lj etables (maxdis = 6)
core.scoring.etable: smooth_etable: spline smoothing solvation etables (max_dis = 6)
core.scoring.etable: Finished calculating energy tables.
basic.io.database: Database file opened: scoring/score_functions/hbonds/ref2015_params/HBPoly1D.csv
basic.io.database: Database file opened: scoring/score_functions/hbonds/ref2015_params/HBFadeIntervals.csv
basic.io.database: Database file opened: scoring/score_functions/hbonds/ref2015_params/HBEval.csv
basic.io.database: Database file opened: scoring/score_functions/hbonds/ref2015_params/DonStrength.csv
basic.io.database: Database file opened: scoring/score_functions/hbonds/ref2015_params/AccStrength.csv
basic.io.database: Database file opened: scoring/score_functions/rama/fd_beta_nov2016/all.ramaProb
basic.io.database: Database file opened: scoring/score_functions/rama/fd_beta_nov2016/prepro.ramaProb
basic.io.database: Database file opened: scoring/score_functions/omega/omega_ppdep.all.txt
basic.io.database: Database file opened: scoring/score_functions/omega/omega_ppdep.gly.txt
basic.io.database: Database file opened: scoring/score_functions/omega/omega_ppdep.pro.txt
basic.io.database: Database file opened: scoring/score_functions/omega/omega_ppdep.valile.txt
basic.io.database: Database file opened: scoring/score_functions/P_AA_pp/P_AA
basic.io.database: Database file opened: scoring/score_functions/P_AA_pp/P_AA_n
core.scoring.P_AA: shapovalov_lib::shap_p_aa_pp_smooth_level of 1( aka low_smooth ) got activated.
basic.io.database: Database file opened: scoring/score_functions/P_AA_pp/shapovalov/10deg/kappa131/a20.prop
basic.io.database: Database file opened: scoring/score_functions/bondlength_bondangle/hydroxyl_torsion_preference.txt
core.energy_methods.CartesianBondedEnergy: Initializing IdealParametersDatabase with default Ks=300 , 80 , 80 , 10 , 80
basic.io.database: Database file opened: scoring/score_functions/bondlength_bondangle/default-lengths.txt
core.energy_methods.CartesianBondedEnergy: Read 759 bb-independent lengths.
basic.io.database: Database file opened: scoring/score_functions/bondlength_bondangle/default-angles.txt
core.energy_methods.CartesianBondedEnergy: Read 1434 bb-independent angles.
basic.io.database: Database file opened: scoring/score_functions/bondlength_bondangle/default-torsions.txt
core.energy_methods.CartesianBondedEnergy: Read 1 bb-independent torsions.
basic.io.database: Database file opened: scoring/score_functions/bondlength_bondangle/default-improper.txt
core.energy_methods.CartesianBondedEnergy: Read 529 bb-independent improper tors.
core.energy_methods.CartesianBondedEnergy: Creating new peptide-bonded energy container (75)
basic.io.database: Database file opened: scoring/score_functions/elec_cp_reps.dat
core.scoring.elec.util: Read 40 countpair representative atoms
core.pack.dunbrack.RotamerLibrary: shapovalov_lib_fixes_enable option is true.
core.pack.dunbrack.RotamerLibrary: Binary rotamer library selected: /usr/local/database/rotamer/beta_nov2016/Dunbrack10.lib.bin
core.pack.dunbrack.RotamerLibrary: Using Dunbrack library binary file '/usr/local/database/rotamer/beta_nov2016/Dunbrack10.lib.bin'.
core.pack.dunbrack.RotamerLibrary: Dunbrack 2010 library took 0.04528 seconds to load from binary
core.pack.task: Packer task: initialize from command line() 
core.pack.pack_rotamers: built 192 rotamers at 75 positions.
core.pack.interaction_graph.interaction_graph_factory: Instantiating DensePDInteractionGraph
protocols.rosetta_scripts.RosettaScriptsParser: dock_design_filename=prepare_relax.xml
protocols.rosetta_scripts.RosettaScriptsParser: Validating input script...
protocols.rosetta_scripts.RosettaScriptsSchemaValidator: Generating XML Schema for rosetta_scripts...
protocols.rosetta_scripts.RosettaScriptsSchemaValidator: ...done
protocols.rosetta_scripts.RosettaScriptsSchemaValidator: Initializing schema validator...
protocols.rosetta_scripts.RosettaScriptsSchemaValidator: ...done
protocols.rosetta_scripts.RosettaScriptsParser: ...done
protocols.rosetta_scripts.RosettaScriptsParser: Parsed script:
<ROSETTASCRIPTS>
	<SCOREFXNS>
		<ScoreFunction name="beta_sf" weights="beta_nov16_cart"/>
	</SCOREFXNS>
	<MOVERS>
		<FastRelax cartesian="true" disable_design="true" name="relax" repeats="5" scorefxn="beta_sf"/>
	</MOVERS>
	<PROTOCOLS>
		<Add mover_name="relax"/>
	</PROTOCOLS>
	<OUTPUT scorefxn="beta_sf"/>
</ROSETTASCRIPTS>
core.scoring.ScoreFunctionFactory: SCOREFUNCTION: beta_nov16_cart.wts
core.scoring.etable: Starting energy table calculation
core.scoring.etable: smooth_etable: changing atr/rep split to bottom of energy well
core.scoring.etable: smooth_etable: spline smoothing lj etables (maxdis = 6)
core.scoring.etable: smooth_etable: spline smoothing solvation etables (max_dis = 6)
core.scoring.etable: Finished calculating energy tables.
basic.io.database: Database file opened: scoring/score_functions/PairEPotential/pdb_pair_stats_fine
basic.io.database: Database file opened: scoring/score_functions/InterchainPotential/interchain_env_log.txt
basic.io.database: Database file opened: scoring/score_functions/InterchainPotential/interchain_pair_log.txt
basic.io.database: Database file opened: scoring/score_functions/EnvPairPotential/env_log.txt
basic.io.database: Database file opened: scoring/score_functions/EnvPairPotential/cbeta_den.txt
basic.io.database: Database file opened: scoring/score_functions/EnvPairPotential/pair_log.txt
basic.io.database: Database file opened: scoring/score_functions/EnvPairPotential/cenpack_log.txt
core.scoring.ramachandran: shapovalov_lib::shap_rama_smooth_level of 4( aka highest_smooth ) got activated.
basic.io.database: Database file opened: scoring/score_functions/rama/shapovalov/kappa25/all.ramaProb
protocols.jd2.parser.ScoreFunctionLoader: defined score function "beta_sf" with weights "beta_nov16_cart"
protocols.relax.RelaxScriptManager: Reading relax scripts list from database.
core.scoring.ScoreFunctionFactory: SCOREFUNCTION: beta_nov16_cart.wts
protocols.relax.RelaxScriptManager: Looking for MonomerRelax2019.txt
protocols.relax.RelaxScriptManager: ================== Reading script file: /usr/local/database/sampling/relax_scripts/MonomerRelax2019.txt ==================
protocols.relax.RelaxScriptManager: repeat %%nrepeats%%
protocols.relax.RelaxScriptManager: coord_cst_weight 1.0
protocols.relax.RelaxScriptManager: scale:fa_rep 0.040
protocols.relax.RelaxScriptManager: repack
protocols.relax.RelaxScriptManager: scale:fa_rep 0.051
protocols.relax.RelaxScriptManager: min 0.01
protocols.relax.RelaxScriptManager: coord_cst_weight 0.5
protocols.relax.RelaxScriptManager: scale:fa_rep 0.265
protocols.relax.RelaxScriptManager: repack
protocols.relax.RelaxScriptManager: scale:fa_rep 0.280
protocols.relax.RelaxScriptManager: min 0.01
protocols.relax.RelaxScriptManager: coord_cst_weight 0.0
protocols.relax.RelaxScriptManager: scale:fa_rep 0.559
protocols.relax.RelaxScriptManager: repack
protocols.relax.RelaxScriptManager: scale:fa_rep 0.581
protocols.relax.RelaxScriptManager: min 0.01
protocols.relax.RelaxScriptManager: coord_cst_weight 0.0
protocols.relax.RelaxScriptManager: scale:fa_rep 1
protocols.relax.RelaxScriptManager: repack
protocols.relax.RelaxScriptManager: min 0.00001
protocols.relax.RelaxScriptManager: accept_to_best
protocols.relax.RelaxScriptManager: endrepeat
protocols.rosetta_scripts.RosettaScriptsParser: Defined mover named "relax" of type FastRelax
protocols.rosetta_scripts.ParsedProtocol: ParsedProtocol mover with the following settings
protocols.rosetta_scripts.ParsedProtocol: Added mover "relax"
protocols.jd2.PDBJobInputter: PDBJobInputter::pose_from_job
protocols.jd2.PDBJobInputter: filling pose from saved copy structure_ignorechain.pdb
protocols.rosetta_scripts.ParsedProtocol: =======================BEGIN MOVER FastRelax - relax=======================
core.energy_methods.CartesianBondedEnergy: Creating new peptide-bonded energy container (76)
core.energy_methods.CartesianBondedEnergy: Adding undefined angle VRT: X,ORIG,Y to DB with theta0 = 1.5708 , Ktheta = 80
core.energy_methods.CartesianBondedEnergy: Adding undefined length VRT: ORIG,X, to DB with d0 = 1 , Kd = 300
core.energy_methods.CartesianBondedEnergy: Adding undefined length VRT: ORIG,Y, to DB with d0 = 1 , Kd = 300
protocols.relax.FastRelax: CMD: repeat  -217.132  0  0  0.55
protocols.relax.FastRelax: CMD: coord_cst_weight  -217.132  0  0  0.55
protocols.relax.FastRelax: CMD: scale:fa_rep  -260.809  0  0  0.022
core.pack.task: Packer task: initialize from command line() 
core.pack.pack_rotamers: built 2029 rotamers at 76 positions.
core.pack.interaction_graph.interaction_graph_factory: Instantiating DensePDInteractionGraph
protocols.relax.FastRelax: CMD: repack  -261.475  0  0  0.022
protocols.relax.FastRelax: CMD: scale:fa_rep  -260.857  0  0  0.02805
protocols.relax.FastRelax: CMD: min  -289.885  0.0591029  0.0591029  0.02805
protocols.relax.FastRelax: CMD: coord_cst_weight  -289.885  0.0591029  0.0591029  0.02805
protocols.relax.FastRelax: CMD: scale:fa_rep  -268.235  0.0591029  0.0591029  0.14575
core.pack.task: Packer task: initialize from command line() 
core.pack.pack_rotamers: built 1995 rotamers at 76 positions.
core.pack.interaction_graph.interaction_graph_factory: Instantiating DensePDInteractionGraph
protocols.relax.FastRelax: CMD: repack  -268.235  0.0591029  0.0591029  0.14575
protocols.relax.FastRelax: CMD: scale:fa_rep  -266.718  0.0591029  0.0591029  0.154
protocols.relax.FastRelax: CMD: min  -272.212  0.0384216  0.0384216  0.154
protocols.relax.FastRelax: CMD: coord_cst_weight  -272.212  0.0384216  0.0384216  0.154
protocols.relax.FastRelax: CMD: scale:fa_rep  -254.36  0.0384216  0.0384216  0.30745
core.pack.task: Packer task: initialize from command line() 
core.pack.pack_rotamers: built 1898 rotamers at 76 positions.
core.pack.interaction_graph.interaction_graph_factory: Instantiating DensePDInteractionGraph
protocols.relax.FastRelax: CMD: repack  -254.36  0.0384216  0.0384216  0.30745
protocols.relax.FastRelax: CMD: scale:fa_rep  -252.953  0.0384216  0.0384216  0.31955
protocols.relax.FastRelax: CMD: min  -255.372  0.0238091  0.0238091  0.31955
protocols.relax.FastRelax: CMD: coord_cst_weight  -255.372  0.0238091  0.0238091  0.31955
protocols.relax.FastRelax: CMD: scale:fa_rep  -234.458  0.0238091  0.0238091  0.55
core.pack.task: Packer task: initialize from command line() 
core.pack.pack_rotamers: built 1674 rotamers at 76 positions.
core.pack.interaction_graph.interaction_graph_factory: Instantiating DensePDInteractionGraph
protocols.relax.FastRelax: CMD: repack  -234.458  0.0238091  0.0238091  0.55
protocols.relax.FastRelax: CMD: min  -236.746  0.016166  0.016166  0.55
protocols.relax.FastRelax: MRP: 0  -236.746  -236.746  0.016166  0.016166  
protocols.relax.FastRelax: CMD: accept_to_best  -236.746  0.016166  0.016166  0.55
protocols.relax.FastRelax: CMD: endrepeat  -236.746  0.016166  0.016166  0.55
protocols.relax.FastRelax: CMD: coord_cst_weight  -236.746  0.016166  0.016166  0.55
protocols.relax.FastRelax: CMD: scale:fa_rep  -275.351  0.016166  0.016166  0.022
core.pack.task: Packer task: initialize from command line() 
core.pack.pack_rotamers: built 2053 rotamers at 76 positions.
core.pack.interaction_graph.interaction_graph_factory: Instantiating DensePDInteractionGraph
protocols.relax.FastRelax: CMD: repack  -276.074  0.016166  0.016166  0.022
protocols.relax.FastRelax: CMD: scale:fa_rep  -275.513  0.016166  0.016166  0.02805
protocols.relax.FastRelax: CMD: min  -289.883  0.0586777  0.0586777  0.02805
protocols.relax.FastRelax: CMD: coord_cst_weight  -289.883  0.0586777  0.0586777  0.02805
protocols.relax.FastRelax: CMD: scale:fa_rep  -268.296  0.0586777  0.0586777  0.14575
core.pack.task: Packer task: initialize from command line() 
core.pack.pack_rotamers: built 1993 rotamers at 76 positions.
core.pack.interaction_graph.interaction_graph_factory: Instantiating DensePDInteractionGraph
protocols.relax.FastRelax: CMD: repack  -268.296  0.0586777  0.0586777  0.14575
protocols.relax.FastRelax: CMD: scale:fa_rep  -266.783  0.0586777  0.0586777  0.154
protocols.relax.FastRelax: CMD: min  -272.176  0.0388937  0.0388937  0.154
protocols.relax.FastRelax: CMD: coord_cst_weight  -272.176  0.0388937  0.0388937  0.154
protocols.relax.FastRelax: CMD: scale:fa_rep  -254.275  0.0388937  0.0388937  0.30745
core.pack.task: Packer task: initialize from command line() 
core.pack.pack_rotamers: built 1900 rotamers at 76 positions.
core.pack.interaction_graph.interaction_graph_factory: Instantiating DensePDInteractionGraph
protocols.relax.FastRelax: CMD: repack  -254.275  0.0388937  0.0388937  0.30745
protocols.relax.FastRelax: CMD: scale:fa_rep  -252.864  0.0388937  0.0388937  0.31955
protocols.relax.FastRelax: CMD: min  -255.374  0.0237069  0.0237069  0.31955
protocols.relax.FastRelax: CMD: coord_cst_weight  -255.374  0.0237069  0.0237069  0.31955
protocols.relax.FastRelax: CMD: scale:fa_rep  -234.48  0.0237069  0.0237069  0.55
core.pack.task: Packer task: initialize from command line() 
core.pack.pack_rotamers: built 1674 rotamers at 76 positions.
core.pack.interaction_graph.interaction_graph_factory: Instantiating DensePDInteractionGraph
protocols.relax.FastRelax: CMD: repack  -234.48  0.0237069  0.0237069  0.55
protocols.relax.FastRelax: CMD: min  -236.756  0.0162197  0.0162197  0.55
protocols.relax.FastRelax: MRP: 1  -236.756  -236.756  0.0162197  0.0162197  
protocols.relax.FastRelax: CMD: accept_to_best  -236.756  0.0162197  0.0162197  0.55
protocols.relax.FastRelax: CMD: endrepeat  -236.756  0.0162197  0.0162197  0.55
protocols.relax.FastRelax: CMD: coord_cst_weight  -236.756  0.0162197  0.0162197  0.55
protocols.relax.FastRelax: CMD: scale:fa_rep  -275.342  0.0162197  0.0162197  0.022
core.pack.task: Packer task: initialize from command line() 
core.pack.pack_rotamers: built 2053 rotamers at 76 positions.
core.pack.interaction_graph.interaction_graph_factory: Instantiating DensePDInteractionGraph
protocols.relax.FastRelax: CMD: repack  -276.049  0.0162197  0.0162197  0.022
protocols.relax.FastRelax: CMD: scale:fa_rep  -275.488  0.0162197  0.0162197  0.02805
protocols.relax.FastRelax: CMD: min  -289.889  0.0587533  0.0587533  0.02805
protocols.relax.FastRelax: CMD: coord_cst_weight  -289.889  0.0587533  0.0587533  0.02805
protocols.relax.FastRelax: CMD: scale:fa_rep  -268.278  0.0587533  0.0587533  0.14575
core.pack.task: Packer task: initialize from command line() 
core.pack.pack_rotamers: built 1994 rotamers at 76 positions.
core.pack.interaction_graph.interaction_graph_factory: Instantiating DensePDInteractionGraph
protocols.relax.FastRelax: CMD: repack  -268.278  0.0587533  0.0587533  0.14575
protocols.relax.FastRelax: CMD: scale:fa_rep  -266.763  0.0587533  0.0587533  0.154
protocols.relax.FastRelax: CMD: min  -272.205  0.0384237  0.0384237  0.154
protocols.relax.FastRelax: CMD: coord_cst_weight  -272.205  0.0384237  0.0384237  0.154
protocols.relax.FastRelax: CMD: scale:fa_rep  -254.352  0.0384237  0.0384237  0.30745
core.pack.task: Packer task: initialize from command line() 
core.pack.pack_rotamers: built 1898 rotamers at 76 positions.
core.pack.interaction_graph.interaction_graph_factory: Instantiating DensePDInteractionGraph
protocols.relax.FastRelax: CMD: repack  -254.352  0.0384237  0.0384237  0.30745
protocols.relax.FastRelax: CMD: scale:fa_rep  -252.945  0.0384237  0.0384237  0.31955
protocols.relax.FastRelax: CMD: min  -255.371  0.0237578  0.0237578  0.31955
protocols.relax.FastRelax: CMD: coord_cst_weight  -255.371  0.0237578  0.0237578  0.31955
protocols.relax.FastRelax: CMD: scale:fa_rep  -234.47  0.0237578  0.0237578  0.55
core.pack.task: Packer task: initialize from command line() 
core.pack.pack_rotamers: built 1675 rotamers at 76 positions.
core.pack.interaction_graph.interaction_graph_factory: Instantiating DensePDInteractionGraph
protocols.relax.FastRelax: CMD: repack  -234.47  0.0237578  0.0237578  0.55
protocols.relax.FastRelax: CMD: min  -236.759  0.0162789  0.0162789  0.55
protocols.relax.FastRelax: MRP: 2  -236.759  -236.759  0.0162789  0.0162789  
protocols.relax.FastRelax: CMD: accept_to_best  -236.759  0.0162789  0.0162789  0.55
protocols.relax.FastRelax: CMD: endrepeat  -236.759  0.0162789  0.0162789  0.55
protocols.relax.FastRelax: CMD: coord_cst_weight  -236.759  0.0162789  0.0162789  0.55
protocols.relax.FastRelax: CMD: scale:fa_rep  -275.317  0.0162789  0.0162789  0.022
core.pack.task: Packer task: initialize from command line() 
core.pack.pack_rotamers: built 2053 rotamers at 76 positions.
core.pack.interaction_graph.interaction_graph_factory: Instantiating DensePDInteractionGraph
protocols.relax.FastRelax: CMD: repack  -276.02  0.0162789  0.0162789  0.022
protocols.relax.FastRelax: CMD: scale:fa_rep  -275.461  0.0162789  0.0162789  0.02805
protocols.relax.FastRelax: CMD: min  -289.873  0.058204  0.058204  0.02805
protocols.relax.FastRelax: CMD: coord_cst_weight  -289.873  0.058204  0.058204  0.02805
protocols.relax.FastRelax: CMD: scale:fa_rep  -268.367  0.058204  0.058204  0.14575
core.pack.task: Packer task: initialize from command line() 
core.pack.pack_rotamers: built 1993 rotamers at 76 positions.
core.pack.interaction_graph.interaction_graph_factory: Instantiating DensePDInteractionGraph
protocols.relax.FastRelax: CMD: repack  -268.367  0.058204  0.058204  0.14575
protocols.relax.FastRelax: CMD: scale:fa_rep  -266.86  0.058204  0.058204  0.154
protocols.relax.FastRelax: CMD: min  -272.171  0.0389409  0.0389409  0.154
protocols.relax.FastRelax: CMD: coord_cst_weight  -272.171  0.0389409  0.0389409  0.154
protocols.relax.FastRelax: CMD: scale:fa_rep  -254.229  0.0389409  0.0389409  0.30745
core.pack.task: Packer task: initialize from command line() 
core.pack.pack_rotamers: built 1901 rotamers at 76 positions.
core.pack.interaction_graph.interaction_graph_factory: Instantiating DensePDInteractionGraph
protocols.relax.FastRelax: CMD: repack  -254.229  0.0389409  0.0389409  0.30745
protocols.relax.FastRelax: CMD: scale:fa_rep  -252.814  0.0389409  0.0389409  0.31955
protocols.relax.FastRelax: CMD: min  -255.374  0.0236898  0.0236898  0.31955
protocols.relax.FastRelax: CMD: coord_cst_weight  -255.374  0.0236898  0.0236898  0.31955
protocols.relax.FastRelax: CMD: scale:fa_rep  -234.493  0.0236898  0.0236898  0.55
core.pack.task: Packer task: initialize from command line() 
core.pack.pack_rotamers: built 1675 rotamers at 76 positions.
core.pack.interaction_graph.interaction_graph_factory: Instantiating DensePDInteractionGraph
protocols.relax.FastRelax: CMD: repack  -234.493  0.0236898  0.0236898  0.55
protocols.relax.FastRelax: CMD: min  -236.76  0.0163381  0.0163381  0.55
protocols.relax.FastRelax: MRP: 3  -236.76  -236.76  0.0163381  0.0163381  
protocols.relax.FastRelax: CMD: accept_to_best  -236.76  0.0163381  0.0163381  0.55
protocols.relax.FastRelax: CMD: endrepeat  -236.76  0.0163381  0.0163381  0.55
protocols.relax.FastRelax: CMD: coord_cst_weight  -236.76  0.0163381  0.0163381  0.55
protocols.relax.FastRelax: CMD: scale:fa_rep  -275.276  0.0163381  0.0163381  0.022
core.pack.task: Packer task: initialize from command line() 
core.pack.pack_rotamers: built 2052 rotamers at 76 positions.
core.pack.interaction_graph.interaction_graph_factory: Instantiating DensePDInteractionGraph
protocols.relax.FastRelax: CMD: repack  -275.975  0.0163381  0.0163381  0.022
protocols.relax.FastRelax: CMD: scale:fa_rep  -275.417  0.0163381  0.0163381  0.02805
protocols.relax.FastRelax: CMD: min  -289.882  0.058357  0.058357  0.02805
protocols.relax.FastRelax: CMD: coord_cst_weight  -289.882  0.058357  0.058357  0.02805
protocols.relax.FastRelax: CMD: scale:fa_rep  -268.345  0.058357  0.058357  0.14575
core.pack.task: Packer task: initialize from command line() 
core.pack.pack_rotamers: built 1992 rotamers at 76 positions.
core.pack.interaction_graph.interaction_graph_factory: Instantiating DensePDInteractionGraph
protocols.relax.FastRelax: CMD: repack  -268.345  0.058357  0.058357  0.14575
protocols.relax.FastRelax: CMD: scale:fa_rep  -266.836  0.058357  0.058357  0.154
protocols.relax.FastRelax: CMD: min  -272.216  0.0379885  0.0379885  0.154
protocols.relax.FastRelax: CMD: coord_cst_weight  -272.216  0.0379885  0.0379885  0.154
protocols.relax.FastRelax: CMD: scale:fa_rep  -254.398  0.0379885  0.0379885  0.30745
core.pack.task: Packer task: initialize from command line() 
core.pack.pack_rotamers: built 1899 rotamers at 76 positions.
core.pack.interaction_graph.interaction_graph_factory: Instantiating DensePDInteractionGraph
protocols.relax.FastRelax: CMD: repack  -254.398  0.0379885  0.0379885  0.30745
protocols.relax.FastRelax: CMD: scale:fa_rep  -252.993  0.0379885  0.0379885  0.31955
protocols.relax.FastRelax: CMD: min  -255.377  0.0237101  0.0237101  0.31955
protocols.relax.FastRelax: CMD: coord_cst_weight  -255.377  0.0237101  0.0237101  0.31955
protocols.relax.FastRelax: CMD: scale:fa_rep  -234.498  0.0237101  0.0237101  0.55
core.pack.task: Packer task: initialize from command line() 
core.pack.pack_rotamers: built 1674 rotamers at 76 positions.
core.pack.interaction_graph.interaction_graph_factory: Instantiating DensePDInteractionGraph
protocols.relax.FastRelax: CMD: repack  -234.498  0.0237101  0.0237101  0.55
protocols.relax.FastRelax: CMD: min  -236.759  0.0163276  0.0163276  0.55
protocols.relax.FastRelax: MRP: 4  -236.759  -236.76  0.0163381  0.0163381  
protocols.relax.FastRelax: CMD: accept_to_best  -236.759  0.0163276  0.0163276  0.55
protocols.relax.FastRelax: CMD: endrepeat  -236.759  0.0163276  0.0163276  0.55
protocols::checkpoint: Deleting checkpoints of FastRelax
protocols.rosetta_scripts.ParsedProtocol: setting status to success
protocols.jd2.JobDistributor: structure_ignorechain_0001 reported success in 45 seconds
protocols.jd2.JobDistributor: no more batches to process... 
protocols.jd2.JobDistributor: 1 jobs considered, 1 jobs attempted in 45 seconds
basic.citation_manager.CitationManager: 
The following Rosetta modules were used during this run of Rosetta, and should be cited:

rosetta_scripts Application's citation(s):
Fleishman SJ, Leaver-Fay A, Corn JE, Strauch E-M, Khare SD, Koga N, Ashworth J, Murphy P, Richter F, Lemmon G, Meiler J, and Baker D.  (2011).  RosettaScripts: A Scripting Language Interface to the Rosetta Macromolecular Modeling Suite.  PLoS ONE 6(6):e20161.  doi: 10.1371/journal.pone.0020161.

FastRelax Mover's citation(s):
*Tyka MD, *Keedy DA, André I, Dimaio F, Song Y, Richardson DC, Richardson JS, and Baker D.  (2011).  Alternate states of proteins revealed by detailed energy landscape mapping.  J Mol Biol 405(2):607-18.  doi: 10.1016/j.jmb.2010.11.008.  (*Co-primary authors.)

Khatib F, Cooper S, Tyka MD, Xu K, Makedon I, Popovic Z, Baker D, and Players F.  (2011).  Algorithm discovery by protein folding game players.  Proc Natl Acad Sci USA 108(47):18949-53.  doi: 10.1073/pnas.1115898108.

Maguire JB, Haddox HK, Strickland D, Halabiya SF, Coventry B, Griffin JR, Pulavarti SVSRK, Cummins M, Thieker DF, Klavins E, Szyperski T, DiMaio F, Baker D, and Kuhlman B.  (2021).  Perturbing the energy landscape for improved packing during computational protein design.  Proteins 89(4):436-449.  doi: 10.1002/prot.26030.


