********  (C) Copyright Rosetta Commons Member Institutions.  ***************
* Use of Rosetta for commercial purposes may require purchase of a license. *
********  See LICENSE.md or email license@uw.edu for more details. **********
core.init: Checking for fconfig files in pwd and ./rosetta/flags 
core.init: Rosetta version: 2025.37+HEAD.df75a9c48e df75a9c48e763e52a7aa3f5dfba077f4da88dbf5 https://github.com/RosettaCommons/rosetta.git 2025-09-03T12:23:30
core.init: Rosetta extras: []
core.init: command: rosetta_scripts -database /usr/local/database @flags_relax
basic.random.init_random_generator: 'RNG device' seed mode, using '/dev/urandom', seed=447870334 seed_offset=0 real_seed=447870334
basic.random.init_random_generator: RandomGenerator:init: Normal mode, seed=447870334 RG_type=mt19937
protocols.jd2.PDBJobInputter: Instantiate PDBJobInputter
protocols.jd2.PDBJobInputter: PDBJobInputter::fill_jobs
protocols.jd2.PDBJobInputter: pushed structure.pdb nstruct index 1
protocols.evaluation.ChiWellRmsdEvaluatorCreator: Evaluation Creator active ... 
protocols.jd2.PDBJobInputter: PDBJobInputter::pose_from_job
protocols.jd2.PDBJobInputter: filling pose from PDB structure.pdb
core.chemical.GlobalResidueTypeSet: Finished initializing fa_standard residue type set.  Created 985 residue types
core.chemical.GlobalResidueTypeSet: Total time to initialize 0.555871 seconds.
core.import_pose.import_pose: File 'structure.pdb' automatically determined to be of type PDB from contents.
protocols.rosetta_scripts.RosettaScriptsParser: dock_design_filename=relax.xml
protocols.rosetta_scripts.RosettaScriptsParser: Validating input script...
protocols.rosetta_scripts.RosettaScriptsSchemaValidator: Generating XML Schema for rosetta_scripts...
protocols.rosetta_scripts.RosettaScriptsSchemaValidator: ...done
protocols.rosetta_scripts.RosettaScriptsSchemaValidator: Initializing schema validator...
protocols.rosetta_scripts.RosettaScriptsSchemaValidator: ...done
protocols.rosetta_scripts.RosettaScriptsParser: ...done
protocols.rosetta_scripts.RosettaScriptsParser: Parsed script:
<ROSETTASCRIPTS>
	<SCOREFXNS>
		<ScoreFunction name="beta_sf" weights="beta_nov16"/>
	</SCOREFXNS>
	<RESIDUE_SELECTORS>
		<Neighborhood distance="10000.0" name="surrounding_move_map" resnums="55A,25A"/>
		<Not name="rest_move_map" selector="surrounding_move_map"/>
		<Neighborhood distance="10000.0" name="surrounding_repack" resnums="55A,25A"/>
		<Not name="rest_repack" selector="surrounding_repack"/>
	</RESIDUE_SELECTORS>
	<TASKOPERATIONS>
		<InitializeFromCommandline name="init"/>
		<OperateOnResidueSubset name="repack_res" selector="surrounding_repack">
			<RestrictToRepackingRLT/>
		</OperateOnResidueSubset>
		<OperateOnResidueSubset name="no_repack" selector="rest_repack">
			<PreventRepackingRLT/>
		</OperateOnResidueSubset>
	</TASKOPERATIONS>
	<MOVE_MAP_FACTORIES>
		<MoveMapFactory bb="0" chi="0" name="local_mm">
			<Backbone enable="true" residue_selector="surrounding_move_map"/>
			<Chi enable="true" residue_selector="surrounding_move_map"/>
		</MoveMapFactory>
	</MOVE_MAP_FACTORIES>
	<MOVERS>
		<MutateResidue name="mutant1" new_res="ALA" target="55A"/>
		<MutateResidue name="mutant2" new_res="TRP" target="25A"/>
		<FastRelax disable_design="true" movemap_factory="local_mm" name="relax" repeats="5" scorefxn="beta_sf" task_operations="init,repack_res,no_repack"/>
	</MOVERS>
	<PROTOCOLS>
		<Add mover_name="mutant1"/>
		<Add mover_name="mutant2"/>
		<Add mover_name="relax"/>
	</PROTOCOLS>
	<OUTPUT scorefxn="beta_sf"/>
</ROSETTASCRIPTS>
core.scoring.ScoreFunctionFactory: SCOREFUNCTION: beta_nov16.wts
core.scoring.etable: Starting energy table calculation
core.scoring.etable: smooth_etable: changing atr/rep split to bottom of energy well
core.scoring.etable: smooth_etable: spline smoothing lj etables (maxdis = 6)
core.scoring.etable: smooth_etable: spline smoothing solvation etables (max_dis = 6)
core.scoring.etable: Finished calculating energy tables.
basic.io.database: Database file opened: scoring/score_functions/hbonds/ref2015_params/HBPoly1D.csv
basic.io.database: Database file opened: scoring/score_functions/hbonds/ref2015_params/HBFadeIntervals.csv
basic.io.database: Database file opened: scoring/score_functions/hbonds/ref2015_params/HBEval.csv
basic.io.database: Database file opened: scoring/score_functions/hbonds/ref2015_params/DonStrength.csv
basic.io.database: Database file opened: scoring/score_functions/hbonds/ref2015_params/AccStrength.csv
basic.io.database: Database file opened: scoring/score_functions/rama/fd_beta_nov2016/all.ramaProb
basic.io.database: Database file opened: scoring/score_functions/rama/fd_beta_nov2016/prepro.ramaProb
basic.io.database: Database file opened: scoring/score_functions/omega/omega_ppdep.all.txt
basic.io.database: Database file opened: scoring/score_functions/omega/omega_ppdep.gly.txt
basic.io.database: Database file opened: scoring/score_functions/omega/omega_ppdep.pro.txt
basic.io.database: Database file opened: scoring/score_functions/omega/omega_ppdep.valile.txt
basic.io.database: Database file opened: scoring/score_functions/P_AA_pp/P_AA
basic.io.database: Database file opened: scoring/score_functions/P_AA_pp/P_AA_n
core.scoring.P_AA: shapovalov_lib::shap_p_aa_pp_smooth_level of 1( aka low_smooth ) got activated.
basic.io.database: Database file opened: scoring/score_functions/P_AA_pp/shapovalov/10deg/kappa131/a20.prop
basic.io.database: Database file opened: scoring/score_functions/bondlength_bondangle/hydroxyl_torsion_preference.txt
core.scoring.etable: Starting energy table calculation
core.scoring.etable: smooth_etable: changing atr/rep split to bottom of energy well
core.scoring.etable: smooth_etable: spline smoothing lj etables (maxdis = 6)
core.scoring.etable: smooth_etable: spline smoothing solvation etables (max_dis = 6)
core.scoring.etable: Finished calculating energy tables.
basic.io.database: Database file opened: scoring/score_functions/PairEPotential/pdb_pair_stats_fine
basic.io.database: Database file opened: scoring/score_functions/InterchainPotential/interchain_env_log.txt
basic.io.database: Database file opened: scoring/score_functions/InterchainPotential/interchain_pair_log.txt
basic.io.database: Database file opened: scoring/score_functions/EnvPairPotential/env_log.txt
basic.io.database: Database file opened: scoring/score_functions/EnvPairPotential/cbeta_den.txt
basic.io.database: Database file opened: scoring/score_functions/EnvPairPotential/pair_log.txt
basic.io.database: Database file opened: scoring/score_functions/EnvPairPotential/cenpack_log.txt
core.scoring.ramachandran: shapovalov_lib::shap_rama_smooth_level of 4( aka highest_smooth ) got activated.
basic.io.database: Database file opened: scoring/score_functions/rama/shapovalov/kappa25/all.ramaProb
protocols.jd2.parser.ScoreFunctionLoader: defined score function "beta_sf" with weights "beta_nov16"
protocols.jd2.parser.TaskOperationLoader: Defined TaskOperation named "init" of type InitializeFromCommandline
protocols.jd2.parser.TaskOperationLoader: Defined TaskOperation named "repack_res" of type OperateOnResidueSubset
protocols.jd2.parser.TaskOperationLoader: Defined TaskOperation named "no_repack" of type OperateOnResidueSubset
protocols.jd2.parser.MoveMapFactoryLoader: Defined MoveMap named "local_mm"
protocols.rosetta_scripts.RosettaScriptsParser: Defined mover named "mutant1" of type MutateResidue
protocols.rosetta_scripts.RosettaScriptsParser: Defined mover named "mutant2" of type MutateResidue
protocols.relax.RelaxScriptManager: Reading relax scripts list from database.
core.scoring.ScoreFunctionFactory: SCOREFUNCTION: beta_nov16.wts
protocols.relax.RelaxScriptManager: Looking for MonomerRelax2019.txt
protocols.relax.RelaxScriptManager: ================== Reading script file: /usr/local/database/sampling/relax_scripts/MonomerRelax2019.txt ==================
protocols.relax.RelaxScriptManager: repeat %%nrepeats%%
protocols.relax.RelaxScriptManager: coord_cst_weight 1.0
protocols.relax.RelaxScriptManager: scale:fa_rep 0.040
protocols.relax.RelaxScriptManager: repack
protocols.relax.RelaxScriptManager: scale:fa_rep 0.051
protocols.relax.RelaxScriptManager: min 0.01
protocols.relax.RelaxScriptManager: coord_cst_weight 0.5
protocols.relax.RelaxScriptManager: scale:fa_rep 0.265
protocols.relax.RelaxScriptManager: repack
protocols.relax.RelaxScriptManager: scale:fa_rep 0.280
protocols.relax.RelaxScriptManager: min 0.01
protocols.relax.RelaxScriptManager: coord_cst_weight 0.0
protocols.relax.RelaxScriptManager: scale:fa_rep 0.559
protocols.relax.RelaxScriptManager: repack
protocols.relax.RelaxScriptManager: scale:fa_rep 0.581
protocols.relax.RelaxScriptManager: min 0.01
protocols.relax.RelaxScriptManager: coord_cst_weight 0.0
protocols.relax.RelaxScriptManager: scale:fa_rep 1
protocols.relax.RelaxScriptManager: repack
protocols.relax.RelaxScriptManager: min 0.00001
protocols.relax.RelaxScriptManager: accept_to_best
protocols.relax.RelaxScriptManager: endrepeat
core.pack.task.xml_util: Object relax reading the following task_operations: Adding the following task operations
init repack_res no_repack 
core.select.movemap.util: Found MoveMapFactory local_mm
protocols.rosetta_scripts.RosettaScriptsParser: Defined mover named "relax" of type FastRelax
protocols.rosetta_scripts.ParsedProtocol: ParsedProtocol mover with the following settings
protocols.rosetta_scripts.ParsedProtocol: Added mover "mutant1"
protocols.rosetta_scripts.ParsedProtocol: Added mover "mutant2"
protocols.rosetta_scripts.ParsedProtocol: Added mover "relax"
protocols.jd2.PDBJobInputter: PDBJobInputter::pose_from_job
protocols.jd2.PDBJobInputter: filling pose from saved copy structure.pdb
protocols.rosetta_scripts.ParsedProtocol: =======================BEGIN MOVER MutateResidue - mutant1=======================
protocols.rosetta_scripts.ParsedProtocol: =======================BEGIN MOVER MutateResidue - mutant2=======================
protocols.rosetta_scripts.ParsedProtocol: =======================BEGIN MOVER FastRelax - relax=======================
basic.io.database: Database file opened: scoring/score_functions/elec_cp_reps.dat
core.scoring.elec.util: Read 40 countpair representative atoms
core.pack.dunbrack.RotamerLibrary: shapovalov_lib_fixes_enable option is true.
core.pack.dunbrack.RotamerLibrary: Binary rotamer library selected: /usr/local/database/rotamer/beta_nov2016/Dunbrack10.lib.bin
core.pack.dunbrack.RotamerLibrary: Using Dunbrack library binary file '/usr/local/database/rotamer/beta_nov2016/Dunbrack10.lib.bin'.
core.pack.dunbrack.RotamerLibrary: Dunbrack 2010 library took 0.047267 seconds to load from binary
protocols.relax.FastRelax: CMD: repeat  4099.13  0  0  0.55
protocols.relax.FastRelax: CMD: coord_cst_weight  4099.13  0  0  0.55
protocols.relax.FastRelax: CMD: scale:fa_rep  -23.7857  0  0  0.022
core.pack.task: Packer task: initialize from command line() 
core.pack.pack_rotamers: built 2002 rotamers at 75 positions.
core.pack.interaction_graph.interaction_graph_factory: Instantiating DensePDInteractionGraph
protocols.relax.FastRelax: CMD: repack  -272.651  0  0  0.022
protocols.relax.FastRelax: CMD: scale:fa_rep  -269.436  0  0  0.02805
protocols.relax.FastRelax: CMD: min  -310.036  0.50997  0.50997  0.02805
protocols.relax.FastRelax: CMD: coord_cst_weight  -310.036  0.50997  0.50997  0.02805
protocols.relax.FastRelax: CMD: scale:fa_rep  -201.138  0.50997  0.50997  0.14575
core.pack.task: Packer task: initialize from command line() 
core.pack.pack_rotamers: built 2172 rotamers at 75 positions.
core.pack.interaction_graph.interaction_graph_factory: Instantiating DensePDInteractionGraph
protocols.relax.FastRelax: CMD: repack  -211.088  0.50997  0.50997  0.14575
protocols.relax.FastRelax: CMD: scale:fa_rep  -204.524  0.50997  0.50997  0.154
protocols.relax.FastRelax: CMD: min  -263.804  0.258517  0.258517  0.154
protocols.relax.FastRelax: CMD: coord_cst_weight  -263.804  0.258517  0.258517  0.154
protocols.relax.FastRelax: CMD: scale:fa_rep  -228.377  0.258517  0.258517  0.30745
core.pack.task: Packer task: initialize from command line() 
core.pack.pack_rotamers: built 1724 rotamers at 75 positions.
core.pack.interaction_graph.interaction_graph_factory: Instantiating DensePDInteractionGraph
protocols.relax.FastRelax: CMD: repack  -228.719  0.258517  0.258517  0.30745
protocols.relax.FastRelax: CMD: scale:fa_rep  -225.947  0.258517  0.258517  0.31955
protocols.relax.FastRelax: CMD: min  -232.722  0.214551  0.214551  0.31955
protocols.relax.FastRelax: CMD: coord_cst_weight  -232.722  0.214551  0.214551  0.31955
protocols.relax.FastRelax: CMD: scale:fa_rep  -194.861  0.214551  0.214551  0.55
core.pack.task: Packer task: initialize from command line() 
core.pack.pack_rotamers: built 1630 rotamers at 75 positions.
core.pack.interaction_graph.interaction_graph_factory: Instantiating DensePDInteractionGraph
protocols.relax.FastRelax: CMD: repack  -194.878  0.214551  0.214551  0.55
protocols.relax.FastRelax: CMD: min  -216.386  0.235234  0.235234  0.55
protocols.relax.FastRelax: MRP: 0  -216.386  -216.386  0.235234  0.235234  
protocols.relax.FastRelax: CMD: accept_to_best  -216.386  0.235234  0.235234  0.55
protocols.relax.FastRelax: CMD: endrepeat  -216.386  0.235234  0.235234  0.55
protocols.relax.FastRelax: CMD: coord_cst_weight  -216.386  0.235234  0.235234  0.55
protocols.relax.FastRelax: CMD: scale:fa_rep  -261.856  0.235234  0.235234  0.022
core.pack.task: Packer task: initialize from command line() 
core.pack.pack_rotamers: built 2179 rotamers at 75 positions.
core.pack.interaction_graph.interaction_graph_factory: Instantiating DensePDInteractionGraph
protocols.relax.FastRelax: CMD: repack  -272.433  0.235234  0.235234  0.022
protocols.relax.FastRelax: CMD: scale:fa_rep  -270.893  0.235234  0.235234  0.02805
protocols.relax.FastRelax: CMD: min  -309.002  0.536134  0.536134  0.02805
protocols.relax.FastRelax: CMD: coord_cst_weight  -309.002  0.536134  0.536134  0.02805
protocols.relax.FastRelax: CMD: scale:fa_rep  -204.263  0.536134  0.536134  0.14575
core.pack.task: Packer task: initialize from command line() 
core.pack.pack_rotamers: built 2251 rotamers at 75 positions.
core.pack.interaction_graph.interaction_graph_factory: Instantiating DensePDInteractionGraph
protocols.relax.FastRelax: CMD: repack  -220.603  0.536134  0.536134  0.14575
protocols.relax.FastRelax: CMD: scale:fa_rep  -214.782  0.536134  0.536134  0.154
protocols.relax.FastRelax: CMD: min  -262.243  0.332182  0.332182  0.154
protocols.relax.FastRelax: CMD: coord_cst_weight  -262.243  0.332182  0.332182  0.154
protocols.relax.FastRelax: CMD: scale:fa_rep  -228.184  0.332182  0.332182  0.30745
core.pack.task: Packer task: initialize from command line() 
core.pack.pack_rotamers: built 1864 rotamers at 75 positions.
core.pack.interaction_graph.interaction_graph_factory: Instantiating DensePDInteractionGraph
protocols.relax.FastRelax: CMD: repack  -228.634  0.332182  0.332182  0.30745
protocols.relax.FastRelax: CMD: scale:fa_rep  -225.974  0.332182  0.332182  0.31955
protocols.relax.FastRelax: CMD: min  -238.741  0.31306  0.31306  0.31955
protocols.relax.FastRelax: CMD: coord_cst_weight  -238.741  0.31306  0.31306  0.31955
protocols.relax.FastRelax: CMD: scale:fa_rep  -207.043  0.31306  0.31306  0.55
core.pack.task: Packer task: initialize from command line() 
core.pack.pack_rotamers: built 1794 rotamers at 75 positions.
core.pack.interaction_graph.interaction_graph_factory: Instantiating DensePDInteractionGraph
protocols.relax.FastRelax: CMD: repack  -207.563  0.31306  0.31306  0.55
protocols.relax.FastRelax: CMD: min  -233.013  0.285986  0.285986  0.55
protocols.relax.FastRelax: MRP: 1  -233.013  -233.013  0.285986  0.285986  
protocols.relax.FastRelax: CMD: accept_to_best  -233.013  0.285986  0.285986  0.55
protocols.relax.FastRelax: CMD: endrepeat  -233.013  0.285986  0.285986  0.55
protocols.relax.FastRelax: CMD: coord_cst_weight  -233.013  0.285986  0.285986  0.55
protocols.relax.FastRelax: CMD: scale:fa_rep  -274.691  0.285986  0.285986  0.022
core.pack.task: Packer task: initialize from command line() 
core.pack.pack_rotamers: built 2199 rotamers at 75 positions.
core.pack.interaction_graph.interaction_graph_factory: Instantiating DensePDInteractionGraph
protocols.relax.FastRelax: CMD: repack  -277.396  0.285986  0.285986  0.022
protocols.relax.FastRelax: CMD: scale:fa_rep  -275.339  0.285986  0.285986  0.02805
protocols.relax.FastRelax: CMD: min  -316.364  0.570047  0.570047  0.02805
protocols.relax.FastRelax: CMD: coord_cst_weight  -316.364  0.570047  0.570047  0.02805
protocols.relax.FastRelax: CMD: scale:fa_rep  -210.955  0.570047  0.570047  0.14575
core.pack.task: Packer task: initialize from command line() 
core.pack.pack_rotamers: built 2934 rotamers at 75 positions.
core.pack.interaction_graph.interaction_graph_factory: Instantiating DensePDInteractionGraph
protocols.relax.FastRelax: CMD: repack  -228.692  0.570047  0.570047  0.14575
protocols.relax.FastRelax: CMD: scale:fa_rep  -223.107  0.570047  0.570047  0.154
protocols.relax.FastRelax: CMD: min  -272.294  0.372226  0.372226  0.154
protocols.relax.FastRelax: CMD: coord_cst_weight  -272.294  0.372226  0.372226  0.154
protocols.relax.FastRelax: CMD: scale:fa_rep  -240.237  0.372226  0.372226  0.30745
core.pack.task: Packer task: initialize from command line() 
core.pack.pack_rotamers: built 1861 rotamers at 75 positions.
core.pack.interaction_graph.interaction_graph_factory: Instantiating DensePDInteractionGraph
protocols.relax.FastRelax: CMD: repack  -240.386  0.372226  0.372226  0.30745
protocols.relax.FastRelax: CMD: scale:fa_rep  -237.878  0.372226  0.372226  0.31955
protocols.relax.FastRelax: CMD: min  -246.484  0.345402  0.345402  0.31955
protocols.relax.FastRelax: CMD: coord_cst_weight  -246.484  0.345402  0.345402  0.31955
protocols.relax.FastRelax: CMD: scale:fa_rep  -216.234  0.345402  0.345402  0.55
core.pack.task: Packer task: initialize from command line() 
core.pack.pack_rotamers: built 1803 rotamers at 75 positions.
core.pack.interaction_graph.interaction_graph_factory: Instantiating DensePDInteractionGraph
protocols.relax.FastRelax: CMD: repack  -217.158  0.345402  0.345402  0.55
protocols.relax.FastRelax: CMD: min  -232.115  0.336722  0.336722  0.55
protocols.relax.FastRelax: MRP: 2  -232.115  -233.013  0.285986  0.285986  
protocols.relax.FastRelax: CMD: accept_to_best  -232.115  0.336722  0.336722  0.55
protocols.relax.FastRelax: CMD: endrepeat  -232.115  0.336722  0.336722  0.55
protocols.relax.FastRelax: CMD: coord_cst_weight  -232.115  0.336722  0.336722  0.55
protocols.relax.FastRelax: CMD: scale:fa_rep  -274.737  0.336722  0.336722  0.022
core.pack.task: Packer task: initialize from command line() 
core.pack.pack_rotamers: built 2187 rotamers at 75 positions.
core.pack.interaction_graph.interaction_graph_factory: Instantiating DensePDInteractionGraph
protocols.relax.FastRelax: CMD: repack  -278.491  0.336722  0.336722  0.022
protocols.relax.FastRelax: CMD: scale:fa_rep  -277.199  0.336722  0.336722  0.02805
protocols.relax.FastRelax: CMD: min  -318.477  0.615232  0.615232  0.02805
protocols.relax.FastRelax: CMD: coord_cst_weight  -318.477  0.615232  0.615232  0.02805
protocols.relax.FastRelax: CMD: scale:fa_rep  -220.7  0.615232  0.615232  0.14575
core.pack.task: Packer task: initialize from command line() 
core.pack.pack_rotamers: built 2788 rotamers at 75 positions.
core.pack.interaction_graph.interaction_graph_factory: Instantiating DensePDInteractionGraph
protocols.relax.FastRelax: CMD: repack  -233.324  0.615232  0.615232  0.14575
protocols.relax.FastRelax: CMD: scale:fa_rep  -227.842  0.615232  0.615232  0.154
protocols.relax.FastRelax: CMD: min  -272.026  0.40987  0.40987  0.154
protocols.relax.FastRelax: CMD: coord_cst_weight  -272.026  0.40987  0.40987  0.154
protocols.relax.FastRelax: CMD: scale:fa_rep  -239.656  0.40987  0.40987  0.30745
core.pack.task: Packer task: initialize from command line() 
core.pack.pack_rotamers: built 2109 rotamers at 75 positions.
core.pack.interaction_graph.interaction_graph_factory: Instantiating DensePDInteractionGraph
protocols.relax.FastRelax: CMD: repack  -240.212  0.40987  0.40987  0.30745
protocols.relax.FastRelax: CMD: scale:fa_rep  -237.716  0.40987  0.40987  0.31955
protocols.relax.FastRelax: CMD: min  -244.697  0.372515  0.372515  0.31955
protocols.relax.FastRelax: CMD: coord_cst_weight  -244.697  0.372515  0.372515  0.31955
protocols.relax.FastRelax: CMD: scale:fa_rep  -211.53  0.372515  0.372515  0.55
core.pack.task: Packer task: initialize from command line() 
core.pack.pack_rotamers: built 1802 rotamers at 75 positions.
core.pack.interaction_graph.interaction_graph_factory: Instantiating DensePDInteractionGraph
protocols.relax.FastRelax: CMD: repack  -211.974  0.372515  0.372515  0.55
protocols.relax.FastRelax: CMD: min  -229.328  0.388257  0.388257  0.55
protocols.relax.FastRelax: MRP: 3  -229.328  -233.013  0.285986  0.285986  
protocols.relax.FastRelax: CMD: accept_to_best  -229.328  0.388257  0.388257  0.55
protocols.relax.FastRelax: CMD: endrepeat  -229.328  0.388257  0.388257  0.55
protocols.relax.FastRelax: CMD: coord_cst_weight  -229.328  0.388257  0.388257  0.55
protocols.relax.FastRelax: CMD: scale:fa_rep  -273.257  0.388257  0.388257  0.022
core.pack.task: Packer task: initialize from command line() 
core.pack.pack_rotamers: built 2103 rotamers at 75 positions.
core.pack.interaction_graph.interaction_graph_factory: Instantiating DensePDInteractionGraph
protocols.relax.FastRelax: CMD: repack  -276.51  0.388257  0.388257  0.022
protocols.relax.FastRelax: CMD: scale:fa_rep  -275.459  0.388257  0.388257  0.02805
protocols.relax.FastRelax: CMD: min  -317.884  0.622291  0.622291  0.02805
protocols.relax.FastRelax: CMD: coord_cst_weight  -317.884  0.622291  0.622291  0.02805
protocols.relax.FastRelax: CMD: scale:fa_rep  -218.353  0.622291  0.622291  0.14575
core.pack.task: Packer task: initialize from command line() 
core.pack.pack_rotamers: built 2884 rotamers at 75 positions.
core.pack.interaction_graph.interaction_graph_factory: Instantiating DensePDInteractionGraph
protocols.relax.FastRelax: CMD: repack  -231.628  0.622291  0.622291  0.14575
protocols.relax.FastRelax: CMD: scale:fa_rep  -225.947  0.622291  0.622291  0.154
protocols.relax.FastRelax: CMD: min  -271.22  0.449621  0.449621  0.154
protocols.relax.FastRelax: CMD: coord_cst_weight  -271.22  0.449621  0.449621  0.154
protocols.relax.FastRelax: CMD: scale:fa_rep  -236.043  0.449621  0.449621  0.30745
core.pack.task: Packer task: initialize from command line() 
core.pack.pack_rotamers: built 2047 rotamers at 75 positions.
core.pack.interaction_graph.interaction_graph_factory: Instantiating DensePDInteractionGraph
protocols.relax.FastRelax: CMD: repack  -236.433  0.449621  0.449621  0.30745
protocols.relax.FastRelax: CMD: scale:fa_rep  -233.724  0.449621  0.449621  0.31955
protocols.relax.FastRelax: CMD: min  -245.888  0.404366  0.404366  0.31955
protocols.relax.FastRelax: CMD: coord_cst_weight  -245.888  0.404366  0.404366  0.31955
protocols.relax.FastRelax: CMD: scale:fa_rep  -214.876  0.404366  0.404366  0.55
core.pack.task: Packer task: initialize from command line() 
core.pack.pack_rotamers: built 1801 rotamers at 75 positions.
core.pack.interaction_graph.interaction_graph_factory: Instantiating DensePDInteractionGraph
protocols.relax.FastRelax: CMD: repack  -215.006  0.404366  0.404366  0.55
protocols.relax.FastRelax: CMD: min  -228.499  0.433208  0.433208  0.55
protocols.relax.FastRelax: MRP: 4  -228.499  -233.013  0.285986  0.285986  
protocols.relax.FastRelax: CMD: accept_to_best  -228.499  0.433208  0.433208  0.55
protocols.relax.FastRelax: CMD: endrepeat  -228.499  0.433208  0.433208  0.55
protocols::checkpoint: Deleting checkpoints of FastRelax
protocols.rosetta_scripts.ParsedProtocol: setting status to success
protocols.jd2.JobDistributor: structure_0001 reported success in 31 seconds
protocols.jd2.JobDistributor: no more batches to process... 
protocols.jd2.JobDistributor: 1 jobs considered, 1 jobs attempted in 31 seconds
basic.citation_manager.CitationManager: 
The following Rosetta modules were used during this run of Rosetta, and should be cited:

rosetta_scripts Application's citation(s):
Fleishman SJ, Leaver-Fay A, Corn JE, Strauch E-M, Khare SD, Koga N, Ashworth J, Murphy P, Richter F, Lemmon G, Meiler J, and Baker D.  (2011).  RosettaScripts: A Scripting Language Interface to the Rosetta Macromolecular Modeling Suite.  PLoS ONE 6(6):e20161.  doi: 10.1371/journal.pone.0020161.

FastRelax Mover's citation(s):
*Tyka MD, *Keedy DA, André I, Dimaio F, Song Y, Richardson DC, Richardson JS, and Baker D.  (2011).  Alternate states of proteins revealed by detailed energy landscape mapping.  J Mol Biol 405(2):607-18.  doi: 10.1016/j.jmb.2010.11.008.  (*Co-primary authors.)

Khatib F, Cooper S, Tyka MD, Xu K, Makedon I, Popovic Z, Baker D, and Players F.  (2011).  Algorithm discovery by protein folding game players.  Proc Natl Acad Sci USA 108(47):18949-53.  doi: 10.1073/pnas.1115898108.

Maguire JB, Haddox HK, Strickland D, Halabiya SF, Coventry B, Griffin JR, Pulavarti SVSRK, Cummins M, Thieker DF, Klavins E, Szyperski T, DiMaio F, Baker D, and Kuhlman B.  (2021).  Perturbing the energy landscape for improved packing during computational protein design.  Proteins 89(4):436-449.  doi: 10.1002/prot.26030.


The following UNPUBLISHED Rosetta modules were used during this run of Rosetta.  Their authors should be included in the author list when this work is published:

NeighborhoodResidueSelector ResidueSelector's author(s):
Robert Lindner, Natural Sciences and Mathematics, Ruperto-Carola University, Heidelberg, Germany [rlindner@mpimf-heidelberg.mpg.de]
Jared Adolf-Bryfogle, Schief lab, Scripps Research Institute [jadolfbr@gmail.com]
Gerard Daniel, Institue for Protein Design, University of Washington [gerardda@uw.edu]


