********  (C) Copyright Rosetta Commons Member Institutions.  ***************
* Use of Rosetta for commercial purposes may require purchase of a license. *
********  See LICENSE.md or email license@uw.edu for more details. **********
core.init: Checking for fconfig files in pwd and ./rosetta/flags 
core.init: Rosetta version: 2025.37+HEAD.df75a9c48e df75a9c48e763e52a7aa3f5dfba077f4da88dbf5 https://github.com/RosettaCommons/rosetta.git 2025-09-03T12:23:30
core.init: Rosetta extras: []
core.init: command: rosetta_scripts -database /usr/local/database @flags_relax
basic.random.init_random_generator: 'RNG device' seed mode, using '/dev/urandom', seed=638364515 seed_offset=0 real_seed=638364515
basic.random.init_random_generator: RandomGenerator:init: Normal mode, seed=638364515 RG_type=mt19937
protocols.jd2.PDBJobInputter: Instantiate PDBJobInputter
protocols.jd2.PDBJobInputter: PDBJobInputter::fill_jobs
protocols.jd2.PDBJobInputter: pushed structure.pdb nstruct index 1
protocols.evaluation.ChiWellRmsdEvaluatorCreator: Evaluation Creator active ... 
protocols.jd2.PDBJobInputter: PDBJobInputter::pose_from_job
protocols.jd2.PDBJobInputter: filling pose from PDB structure.pdb
core.chemical.GlobalResidueTypeSet: Finished initializing fa_standard residue type set.  Created 985 residue types
core.chemical.GlobalResidueTypeSet: Total time to initialize 0.57989 seconds.
core.import_pose.import_pose: File 'structure.pdb' automatically determined to be of type PDB from contents.
protocols.rosetta_scripts.RosettaScriptsParser: dock_design_filename=relax.xml
protocols.rosetta_scripts.RosettaScriptsParser: Validating input script...
protocols.rosetta_scripts.RosettaScriptsSchemaValidator: Generating XML Schema for rosetta_scripts...
protocols.rosetta_scripts.RosettaScriptsSchemaValidator: ...done
protocols.rosetta_scripts.RosettaScriptsSchemaValidator: Initializing schema validator...
protocols.rosetta_scripts.RosettaScriptsSchemaValidator: ...done
protocols.rosetta_scripts.RosettaScriptsParser: ...done
protocols.rosetta_scripts.RosettaScriptsParser: Parsed script:
<ROSETTASCRIPTS>
	<SCOREFXNS>
		<ScoreFunction name="beta_sf" weights="beta_nov16"/>
	</SCOREFXNS>
	<RESIDUE_SELECTORS>
		<Neighborhood distance="10000.0" name="surrounding_move_map" resnums="1A,2A,3A,4A,5A,6A,7A,8A,9A,10A,11A,12A,13A,14A,15A,16A,17A,18A,19A,20A,21A,22A,23A,24A,25A,26A,27A,28A,29A,30A,31A,32A,33A,34A,35A,36A,37A,38A,39A,40A,41A,42A,43A,44A,45A,46A,47A,48A,49A,50A,51A,52A,53A,54A,55A,56A,57A,58A,59A,60A,61A,62A,63A,64A,65A,66A,67A,68A,69A,70A,71A,72A,73A,74A,75A"/>
		<Not name="rest_move_map" selector="surrounding_move_map"/>
		<Neighborhood distance="10000.0" name="surrounding_repack" resnums="1A,2A,3A,4A,5A,6A,7A,8A,9A,10A,11A,12A,13A,14A,15A,16A,17A,18A,19A,20A,21A,22A,23A,24A,25A,26A,27A,28A,29A,30A,31A,32A,33A,34A,35A,36A,37A,38A,39A,40A,41A,42A,43A,44A,45A,46A,47A,48A,49A,50A,51A,52A,53A,54A,55A,56A,57A,58A,59A,60A,61A,62A,63A,64A,65A,66A,67A,68A,69A,70A,71A,72A,73A,74A,75A"/>
		<Not name="rest_repack" selector="surrounding_repack"/>
	</RESIDUE_SELECTORS>
	<TASKOPERATIONS>
		<InitializeFromCommandline name="init"/>
		<OperateOnResidueSubset name="repack_res" selector="surrounding_repack">
			<RestrictToRepackingRLT/>
		</OperateOnResidueSubset>
		<OperateOnResidueSubset name="no_repack" selector="rest_repack">
			<PreventRepackingRLT/>
		</OperateOnResidueSubset>
	</TASKOPERATIONS>
	<MOVE_MAP_FACTORIES>
		<MoveMapFactory bb="0" chi="0" name="local_mm">
			<Backbone enable="true" residue_selector="surrounding_move_map"/>
			<Chi enable="true" residue_selector="surrounding_move_map"/>
		</MoveMapFactory>
	</MOVE_MAP_FACTORIES>
	<MOVERS>
		<FastRelax disable_design="true" movemap_factory="local_mm" name="relax" repeats="5" scorefxn="beta_sf" task_operations="repack_res,no_repack"/>
	</MOVERS>
	<PROTOCOLS>
		<Add mover_name="relax"/>
	</PROTOCOLS>
	<OUTPUT scorefxn="beta_sf"/>
</ROSETTASCRIPTS>
core.scoring.ScoreFunctionFactory: SCOREFUNCTION: beta_nov16.wts
core.scoring.etable: Starting energy table calculation
core.scoring.etable: smooth_etable: changing atr/rep split to bottom of energy well
core.scoring.etable: smooth_etable: spline smoothing lj etables (maxdis = 6)
core.scoring.etable: smooth_etable: spline smoothing solvation etables (max_dis = 6)
core.scoring.etable: Finished calculating energy tables.
basic.io.database: Database file opened: scoring/score_functions/hbonds/ref2015_params/HBPoly1D.csv
basic.io.database: Database file opened: scoring/score_functions/hbonds/ref2015_params/HBFadeIntervals.csv
basic.io.database: Database file opened: scoring/score_functions/hbonds/ref2015_params/HBEval.csv
basic.io.database: Database file opened: scoring/score_functions/hbonds/ref2015_params/DonStrength.csv
basic.io.database: Database file opened: scoring/score_functions/hbonds/ref2015_params/AccStrength.csv
basic.io.database: Database file opened: scoring/score_functions/rama/fd_beta_nov2016/all.ramaProb
basic.io.database: Database file opened: scoring/score_functions/rama/fd_beta_nov2016/prepro.ramaProb
basic.io.database: Database file opened: scoring/score_functions/omega/omega_ppdep.all.txt
basic.io.database: Database file opened: scoring/score_functions/omega/omega_ppdep.gly.txt
basic.io.database: Database file opened: scoring/score_functions/omega/omega_ppdep.pro.txt
basic.io.database: Database file opened: scoring/score_functions/omega/omega_ppdep.valile.txt
basic.io.database: Database file opened: scoring/score_functions/P_AA_pp/P_AA
basic.io.database: Database file opened: scoring/score_functions/P_AA_pp/P_AA_n
core.scoring.P_AA: shapovalov_lib::shap_p_aa_pp_smooth_level of 1( aka low_smooth ) got activated.
basic.io.database: Database file opened: scoring/score_functions/P_AA_pp/shapovalov/10deg/kappa131/a20.prop
basic.io.database: Database file opened: scoring/score_functions/bondlength_bondangle/hydroxyl_torsion_preference.txt
core.scoring.etable: Starting energy table calculation
core.scoring.etable: smooth_etable: changing atr/rep split to bottom of energy well
core.scoring.etable: smooth_etable: spline smoothing lj etables (maxdis = 6)
core.scoring.etable: smooth_etable: spline smoothing solvation etables (max_dis = 6)
core.scoring.etable: Finished calculating energy tables.
basic.io.database: Database file opened: scoring/score_functions/PairEPotential/pdb_pair_stats_fine
basic.io.database: Database file opened: scoring/score_functions/InterchainPotential/interchain_env_log.txt
basic.io.database: Database file opened: scoring/score_functions/InterchainPotential/interchain_pair_log.txt
basic.io.database: Database file opened: scoring/score_functions/EnvPairPotential/env_log.txt
basic.io.database: Database file opened: scoring/score_functions/EnvPairPotential/cbeta_den.txt
basic.io.database: Database file opened: scoring/score_functions/EnvPairPotential/pair_log.txt
basic.io.database: Database file opened: scoring/score_functions/EnvPairPotential/cenpack_log.txt
core.scoring.ramachandran: shapovalov_lib::shap_rama_smooth_level of 4( aka highest_smooth ) got activated.
basic.io.database: Database file opened: scoring/score_functions/rama/shapovalov/kappa25/all.ramaProb
protocols.jd2.parser.ScoreFunctionLoader: defined score function "beta_sf" with weights "beta_nov16"
protocols.jd2.parser.TaskOperationLoader: Defined TaskOperation named "init" of type InitializeFromCommandline
protocols.jd2.parser.TaskOperationLoader: Defined TaskOperation named "repack_res" of type OperateOnResidueSubset
protocols.jd2.parser.TaskOperationLoader: Defined TaskOperation named "no_repack" of type OperateOnResidueSubset
protocols.jd2.parser.MoveMapFactoryLoader: Defined MoveMap named "local_mm"
protocols.relax.RelaxScriptManager: Reading relax scripts list from database.
core.scoring.ScoreFunctionFactory: SCOREFUNCTION: beta_nov16.wts
protocols.relax.RelaxScriptManager: Looking for MonomerRelax2019.txt
protocols.relax.RelaxScriptManager: ================== Reading script file: /usr/local/database/sampling/relax_scripts/MonomerRelax2019.txt ==================
protocols.relax.RelaxScriptManager: repeat %%nrepeats%%
protocols.relax.RelaxScriptManager: coord_cst_weight 1.0
protocols.relax.RelaxScriptManager: scale:fa_rep 0.040
protocols.relax.RelaxScriptManager: repack
protocols.relax.RelaxScriptManager: scale:fa_rep 0.051
protocols.relax.RelaxScriptManager: min 0.01
protocols.relax.RelaxScriptManager: coord_cst_weight 0.5
protocols.relax.RelaxScriptManager: scale:fa_rep 0.265
protocols.relax.RelaxScriptManager: repack
protocols.relax.RelaxScriptManager: scale:fa_rep 0.280
protocols.relax.RelaxScriptManager: min 0.01
protocols.relax.RelaxScriptManager: coord_cst_weight 0.0
protocols.relax.RelaxScriptManager: scale:fa_rep 0.559
protocols.relax.RelaxScriptManager: repack
protocols.relax.RelaxScriptManager: scale:fa_rep 0.581
protocols.relax.RelaxScriptManager: min 0.01
protocols.relax.RelaxScriptManager: coord_cst_weight 0.0
protocols.relax.RelaxScriptManager: scale:fa_rep 1
protocols.relax.RelaxScriptManager: repack
protocols.relax.RelaxScriptManager: min 0.00001
protocols.relax.RelaxScriptManager: accept_to_best
protocols.relax.RelaxScriptManager: endrepeat
core.pack.task.xml_util: Object relax reading the following task_operations: Adding the following task operations
repack_res no_repack 
core.select.movemap.util: Found MoveMapFactory local_mm
protocols.rosetta_scripts.RosettaScriptsParser: Defined mover named "relax" of type FastRelax
protocols.rosetta_scripts.ParsedProtocol: ParsedProtocol mover with the following settings
protocols.rosetta_scripts.ParsedProtocol: Added mover "relax"
protocols.jd2.PDBJobInputter: PDBJobInputter::pose_from_job
protocols.jd2.PDBJobInputter: filling pose from saved copy structure.pdb
protocols.rosetta_scripts.ParsedProtocol: =======================BEGIN MOVER FastRelax - relax=======================
basic.io.database: Database file opened: scoring/score_functions/elec_cp_reps.dat
core.scoring.elec.util: Read 40 countpair representative atoms
core.pack.dunbrack.RotamerLibrary: shapovalov_lib_fixes_enable option is true.
core.pack.dunbrack.RotamerLibrary: Binary rotamer library selected: /usr/local/database/rotamer/beta_nov2016/Dunbrack10.lib.bin
core.pack.dunbrack.RotamerLibrary: Using Dunbrack library binary file '/usr/local/database/rotamer/beta_nov2016/Dunbrack10.lib.bin'.
core.pack.dunbrack.RotamerLibrary: Dunbrack 2010 library took 0.052316 seconds to load from binary
protocols.relax.FastRelax: CMD: repeat  -212.748  0  0  0.55
protocols.relax.FastRelax: CMD: coord_cst_weight  -212.748  0  0  0.55
protocols.relax.FastRelax: CMD: scale:fa_rep  -257.149  0  0  0.022
core.pack.pack_rotamers: built 1078 rotamers at 75 positions.
core.pack.interaction_graph.interaction_graph_factory: Instantiating DensePDInteractionGraph
protocols.relax.FastRelax: CMD: repack  -286.152  0  0  0.022
protocols.relax.FastRelax: CMD: scale:fa_rep  -285.123  0  0  0.02805
protocols.relax.FastRelax: CMD: min  -332.729  0.61418  0.61418  0.02805
protocols.relax.FastRelax: CMD: coord_cst_weight  -332.729  0.61418  0.61418  0.02805
protocols.relax.FastRelax: CMD: scale:fa_rep  -231.98  0.61418  0.61418  0.14575
core.pack.pack_rotamers: built 1015 rotamers at 75 positions.
core.pack.interaction_graph.interaction_graph_factory: Instantiating DensePDInteractionGraph
protocols.relax.FastRelax: CMD: repack  -232.409  0.61418  0.61418  0.14575
protocols.relax.FastRelax: CMD: scale:fa_rep  -225.476  0.61418  0.61418  0.154
protocols.relax.FastRelax: CMD: min  -288.217  0.30707  0.30707  0.154
protocols.relax.FastRelax: CMD: coord_cst_weight  -288.217  0.30707  0.30707  0.154
protocols.relax.FastRelax: CMD: scale:fa_rep  -254.976  0.30707  0.30707  0.30745
core.pack.pack_rotamers: built 1001 rotamers at 75 positions.
core.pack.interaction_graph.interaction_graph_factory: Instantiating DensePDInteractionGraph
protocols.relax.FastRelax: CMD: repack  -254.979  0.30707  0.30707  0.30745
protocols.relax.FastRelax: CMD: scale:fa_rep  -252.355  0.30707  0.30707  0.31955
protocols.relax.FastRelax: CMD: min  -265.219  0.218719  0.218719  0.31955
protocols.relax.FastRelax: CMD: coord_cst_weight  -265.219  0.218719  0.218719  0.31955
protocols.relax.FastRelax: CMD: scale:fa_rep  -237.534  0.218719  0.218719  0.55
core.pack.pack_rotamers: built 972 rotamers at 75 positions.
core.pack.interaction_graph.interaction_graph_factory: Instantiating DensePDInteractionGraph
protocols.relax.FastRelax: CMD: repack  -237.535  0.218719  0.218719  0.55
protocols.relax.FastRelax: CMD: min  -248.069  0.210597  0.210597  0.55
protocols.relax.FastRelax: MRP: 0  -248.069  -248.069  0.210597  0.210597  
protocols.relax.FastRelax: CMD: accept_to_best  -248.069  0.210597  0.210597  0.55
protocols.relax.FastRelax: CMD: endrepeat  -248.069  0.210597  0.210597  0.55
protocols.relax.FastRelax: CMD: coord_cst_weight  -248.069  0.210597  0.210597  0.55
protocols.relax.FastRelax: CMD: scale:fa_rep  -289.066  0.210597  0.210597  0.022
core.pack.pack_rotamers: built 1102 rotamers at 75 positions.
core.pack.interaction_graph.interaction_graph_factory: Instantiating DensePDInteractionGraph
protocols.relax.FastRelax: CMD: repack  -293.102  0.210597  0.210597  0.022
protocols.relax.FastRelax: CMD: scale:fa_rep  -292.071  0.210597  0.210597  0.02805
protocols.relax.FastRelax: CMD: min  -330.796  0.560069  0.560069  0.02805
protocols.relax.FastRelax: CMD: coord_cst_weight  -330.796  0.560069  0.560069  0.02805
protocols.relax.FastRelax: CMD: scale:fa_rep  -250.426  0.560069  0.560069  0.14575
core.pack.pack_rotamers: built 1021 rotamers at 75 positions.
core.pack.interaction_graph.interaction_graph_factory: Instantiating DensePDInteractionGraph
protocols.relax.FastRelax: CMD: repack  -251.446  0.560069  0.560069  0.14575
protocols.relax.FastRelax: CMD: scale:fa_rep  -246.007  0.560069  0.560069  0.154
protocols.relax.FastRelax: CMD: min  -290.881  0.326703  0.326703  0.154
protocols.relax.FastRelax: CMD: coord_cst_weight  -290.881  0.326703  0.326703  0.154
protocols.relax.FastRelax: CMD: scale:fa_rep  -261.014  0.326703  0.326703  0.30745
core.pack.pack_rotamers: built 1002 rotamers at 75 positions.
core.pack.interaction_graph.interaction_graph_factory: Instantiating DensePDInteractionGraph
protocols.relax.FastRelax: CMD: repack  -261.024  0.326703  0.326703  0.30745
protocols.relax.FastRelax: CMD: scale:fa_rep  -258.67  0.326703  0.326703  0.31955
protocols.relax.FastRelax: CMD: min  -266.113  0.293086  0.293086  0.31955
protocols.relax.FastRelax: CMD: coord_cst_weight  -266.113  0.293086  0.293086  0.31955
protocols.relax.FastRelax: CMD: scale:fa_rep  -236.963  0.293086  0.293086  0.55
core.pack.pack_rotamers: built 964 rotamers at 75 positions.
core.pack.interaction_graph.interaction_graph_factory: Instantiating DensePDInteractionGraph
protocols.relax.FastRelax: CMD: repack  -237.337  0.293086  0.293086  0.55
protocols.relax.FastRelax: CMD: min  -248.735  0.260483  0.260483  0.55
protocols.relax.FastRelax: MRP: 1  -248.735  -248.735  0.260483  0.260483  
protocols.relax.FastRelax: CMD: accept_to_best  -248.735  0.260483  0.260483  0.55
protocols.relax.FastRelax: CMD: endrepeat  -248.735  0.260483  0.260483  0.55
protocols.relax.FastRelax: CMD: coord_cst_weight  -248.735  0.260483  0.260483  0.55
protocols.relax.FastRelax: CMD: scale:fa_rep  -290.133  0.260483  0.260483  0.022
core.pack.pack_rotamers: built 1102 rotamers at 75 positions.
core.pack.interaction_graph.interaction_graph_factory: Instantiating DensePDInteractionGraph
protocols.relax.FastRelax: CMD: repack  -291.616  0.260483  0.260483  0.022
protocols.relax.FastRelax: CMD: scale:fa_rep  -290.286  0.260483  0.260483  0.02805
protocols.relax.FastRelax: CMD: min  -334.574  0.61865  0.61865  0.02805
protocols.relax.FastRelax: CMD: coord_cst_weight  -334.574  0.61865  0.61865  0.02805
protocols.relax.FastRelax: CMD: scale:fa_rep  -233.718  0.61865  0.61865  0.14575
core.pack.pack_rotamers: built 1029 rotamers at 75 positions.
core.pack.interaction_graph.interaction_graph_factory: Instantiating DensePDInteractionGraph
protocols.relax.FastRelax: CMD: repack  -235.672  0.61865  0.61865  0.14575
protocols.relax.FastRelax: CMD: scale:fa_rep  -229.217  0.61865  0.61865  0.154
protocols.relax.FastRelax: CMD: min  -290.09  0.326588  0.326588  0.154
protocols.relax.FastRelax: CMD: coord_cst_weight  -290.09  0.326588  0.326588  0.154
protocols.relax.FastRelax: CMD: scale:fa_rep  -259.865  0.326588  0.326588  0.30745
core.pack.pack_rotamers: built 1000 rotamers at 75 positions.
core.pack.interaction_graph.interaction_graph_factory: Instantiating DensePDInteractionGraph
protocols.relax.FastRelax: CMD: repack  -260.031  0.326588  0.326588  0.30745
protocols.relax.FastRelax: CMD: scale:fa_rep  -257.631  0.326588  0.326588  0.31955
protocols.relax.FastRelax: CMD: min  -266.296  0.291839  0.291839  0.31955
protocols.relax.FastRelax: CMD: coord_cst_weight  -266.296  0.291839  0.291839  0.31955
protocols.relax.FastRelax: CMD: scale:fa_rep  -237.869  0.291839  0.291839  0.55
core.pack.pack_rotamers: built 964 rotamers at 75 positions.
core.pack.interaction_graph.interaction_graph_factory: Instantiating DensePDInteractionGraph
protocols.relax.FastRelax: CMD: repack  -237.87  0.291839  0.291839  0.55
protocols.relax.FastRelax: CMD: min  -248.684  0.279501  0.279501  0.55
protocols.relax.FastRelax: MRP: 2  -248.684  -248.735  0.260483  0.260483  
protocols.relax.FastRelax: CMD: accept_to_best  -248.684  0.279501  0.279501  0.55
protocols.relax.FastRelax: CMD: endrepeat  -248.684  0.279501  0.279501  0.55
protocols.relax.FastRelax: CMD: coord_cst_weight  -248.684  0.279501  0.279501  0.55
protocols.relax.FastRelax: CMD: scale:fa_rep  -290.144  0.279501  0.279501  0.022
core.pack.pack_rotamers: built 1103 rotamers at 75 positions.
core.pack.interaction_graph.interaction_graph_factory: Instantiating DensePDInteractionGraph
protocols.relax.FastRelax: CMD: repack  -291.885  0.279501  0.279501  0.022
protocols.relax.FastRelax: CMD: scale:fa_rep  -290.769  0.279501  0.279501  0.02805
protocols.relax.FastRelax: CMD: min  -331.892  0.572615  0.572615  0.02805
protocols.relax.FastRelax: CMD: coord_cst_weight  -331.892  0.572615  0.572615  0.02805
protocols.relax.FastRelax: CMD: scale:fa_rep  -248.793  0.572615  0.572615  0.14575
core.pack.pack_rotamers: built 1029 rotamers at 75 positions.
core.pack.interaction_graph.interaction_graph_factory: Instantiating DensePDInteractionGraph
protocols.relax.FastRelax: CMD: repack  -249.769  0.572615  0.572615  0.14575
protocols.relax.FastRelax: CMD: scale:fa_rep  -244.105  0.572615  0.572615  0.154
protocols.relax.FastRelax: CMD: min  -290.34  0.360069  0.360069  0.154
protocols.relax.FastRelax: CMD: coord_cst_weight  -290.34  0.360069  0.360069  0.154
protocols.relax.FastRelax: CMD: scale:fa_rep  -258.844  0.360069  0.360069  0.30745
core.pack.pack_rotamers: built 1007 rotamers at 75 positions.
core.pack.interaction_graph.interaction_graph_factory: Instantiating DensePDInteractionGraph
protocols.relax.FastRelax: CMD: repack  -258.862  0.360069  0.360069  0.30745
protocols.relax.FastRelax: CMD: scale:fa_rep  -256.379  0.360069  0.360069  0.31955
protocols.relax.FastRelax: CMD: min  -266.41  0.321278  0.321278  0.31955
protocols.relax.FastRelax: CMD: coord_cst_weight  -266.41  0.321278  0.321278  0.31955
protocols.relax.FastRelax: CMD: scale:fa_rep  -236.853  0.321278  0.321278  0.55
core.pack.pack_rotamers: built 963 rotamers at 75 positions.
core.pack.interaction_graph.interaction_graph_factory: Instantiating DensePDInteractionGraph
protocols.relax.FastRelax: CMD: repack  -236.863  0.321278  0.321278  0.55
protocols.relax.FastRelax: CMD: min  -249.168  0.318715  0.318715  0.55
protocols.relax.FastRelax: MRP: 3  -249.168  -249.168  0.318715  0.318715  
protocols.relax.FastRelax: CMD: accept_to_best  -249.168  0.318715  0.318715  0.55
protocols.relax.FastRelax: CMD: endrepeat  -249.168  0.318715  0.318715  0.55
protocols.relax.FastRelax: CMD: coord_cst_weight  -249.168  0.318715  0.318715  0.55
protocols.relax.FastRelax: CMD: scale:fa_rep  -291.939  0.318715  0.318715  0.022
core.pack.pack_rotamers: built 1130 rotamers at 75 positions.
core.pack.interaction_graph.interaction_graph_factory: Instantiating DensePDInteractionGraph
protocols.relax.FastRelax: CMD: repack  -293.183  0.318715  0.318715  0.022
protocols.relax.FastRelax: CMD: scale:fa_rep  -292.609  0.318715  0.318715  0.02805
protocols.relax.FastRelax: CMD: min  -334.338  0.640271  0.640271  0.02805
protocols.relax.FastRelax: CMD: coord_cst_weight  -334.338  0.640271  0.640271  0.02805
protocols.relax.FastRelax: CMD: scale:fa_rep  -232.033  0.640271  0.640271  0.14575
core.pack.pack_rotamers: built 1035 rotamers at 75 positions.
core.pack.interaction_graph.interaction_graph_factory: Instantiating DensePDInteractionGraph
protocols.relax.FastRelax: CMD: repack  -233.412  0.640271  0.640271  0.14575
protocols.relax.FastRelax: CMD: scale:fa_rep  -226.396  0.640271  0.640271  0.154
protocols.relax.FastRelax: CMD: min  -293.483  0.364288  0.364288  0.154
protocols.relax.FastRelax: CMD: coord_cst_weight  -293.483  0.364288  0.364288  0.154
protocols.relax.FastRelax: CMD: scale:fa_rep  -262.287  0.364288  0.364288  0.30745
core.pack.pack_rotamers: built 1010 rotamers at 75 positions.
core.pack.interaction_graph.interaction_graph_factory: Instantiating DensePDInteractionGraph
protocols.relax.FastRelax: CMD: repack  -262.288  0.364288  0.364288  0.30745
protocols.relax.FastRelax: CMD: scale:fa_rep  -259.828  0.364288  0.364288  0.31955
protocols.relax.FastRelax: CMD: min  -265.774  0.339968  0.339968  0.31955
protocols.relax.FastRelax: CMD: coord_cst_weight  -265.774  0.339968  0.339968  0.31955
protocols.relax.FastRelax: CMD: scale:fa_rep  -233.736  0.339968  0.339968  0.55
core.pack.pack_rotamers: built 956 rotamers at 75 positions.
core.pack.interaction_graph.interaction_graph_factory: Instantiating DensePDInteractionGraph
protocols.relax.FastRelax: CMD: repack  -233.821  0.339968  0.339968  0.55
protocols.relax.FastRelax: CMD: min  -249.345  0.324998  0.324998  0.55
protocols.relax.FastRelax: MRP: 4  -249.345  -249.345  0.324998  0.324998  
protocols.relax.FastRelax: CMD: accept_to_best  -249.345  0.324998  0.324998  0.55
protocols.relax.FastRelax: CMD: endrepeat  -249.345  0.324998  0.324998  0.55
protocols::checkpoint: Deleting checkpoints of FastRelax
protocols.rosetta_scripts.ParsedProtocol: setting status to success
protocols.jd2.JobDistributor: structure_0001 reported success in 18 seconds
protocols.jd2.JobDistributor: no more batches to process... 
protocols.jd2.JobDistributor: 1 jobs considered, 1 jobs attempted in 18 seconds
basic.citation_manager.CitationManager: 
The following Rosetta modules were used during this run of Rosetta, and should be cited:

rosetta_scripts Application's citation(s):
Fleishman SJ, Leaver-Fay A, Corn JE, Strauch E-M, Khare SD, Koga N, Ashworth J, Murphy P, Richter F, Lemmon G, Meiler J, and Baker D.  (2011).  RosettaScripts: A Scripting Language Interface to the Rosetta Macromolecular Modeling Suite.  PLoS ONE 6(6):e20161.  doi: 10.1371/journal.pone.0020161.

FastRelax Mover's citation(s):
*Tyka MD, *Keedy DA, André I, Dimaio F, Song Y, Richardson DC, Richardson JS, and Baker D.  (2011).  Alternate states of proteins revealed by detailed energy landscape mapping.  J Mol Biol 405(2):607-18.  doi: 10.1016/j.jmb.2010.11.008.  (*Co-primary authors.)

Khatib F, Cooper S, Tyka MD, Xu K, Makedon I, Popovic Z, Baker D, and Players F.  (2011).  Algorithm discovery by protein folding game players.  Proc Natl Acad Sci USA 108(47):18949-53.  doi: 10.1073/pnas.1115898108.

Maguire JB, Haddox HK, Strickland D, Halabiya SF, Coventry B, Griffin JR, Pulavarti SVSRK, Cummins M, Thieker DF, Klavins E, Szyperski T, DiMaio F, Baker D, and Kuhlman B.  (2021).  Perturbing the energy landscape for improved packing during computational protein design.  Proteins 89(4):436-449.  doi: 10.1002/prot.26030.


The following UNPUBLISHED Rosetta modules were used during this run of Rosetta.  Their authors should be included in the author list when this work is published:

NeighborhoodResidueSelector ResidueSelector's author(s):
Robert Lindner, Natural Sciences and Mathematics, Ruperto-Carola University, Heidelberg, Germany [rlindner@mpimf-heidelberg.mpg.de]
Jared Adolf-Bryfogle, Schief lab, Scripps Research Institute [jadolfbr@gmail.com]
Gerard Daniel, Institue for Protein Design, University of Washington [gerardda@uw.edu]


