********  (C) Copyright Rosetta Commons Member Institutions.  ***************
* Use of Rosetta for commercial purposes may require purchase of a license. *
********  See LICENSE.md or email license@uw.edu for more details. **********
core.init: Checking for fconfig files in pwd and ./rosetta/flags 
core.init: Rosetta version: 2025.37+HEAD.df75a9c48e df75a9c48e763e52a7aa3f5dfba077f4da88dbf5 https://github.com/RosettaCommons/rosetta.git 2025-09-03T12:23:30
core.init: Rosetta extras: []
core.init: command: rosetta_scripts -database /usr/local/database @flags_relax
basic.random.init_random_generator: 'RNG device' seed mode, using '/dev/urandom', seed=1737094010 seed_offset=0 real_seed=1737094010
basic.random.init_random_generator: RandomGenerator:init: Normal mode, seed=1737094010 RG_type=mt19937
protocols.jd2.PDBJobInputter: Instantiate PDBJobInputter
protocols.jd2.PDBJobInputter: PDBJobInputter::fill_jobs
protocols.jd2.PDBJobInputter: pushed structure.pdb nstruct indices 1 - 2
protocols.evaluation.ChiWellRmsdEvaluatorCreator: Evaluation Creator active ... 
protocols.jd2.PDBJobInputter: PDBJobInputter::pose_from_job
protocols.jd2.PDBJobInputter: filling pose from PDB structure.pdb
core.chemical.GlobalResidueTypeSet: Finished initializing fa_standard residue type set.  Created 985 residue types
core.chemical.GlobalResidueTypeSet: Total time to initialize 0.562248 seconds.
core.import_pose.import_pose: File 'structure.pdb' automatically determined to be of type PDB from contents.
protocols.rosetta_scripts.RosettaScriptsParser: dock_design_filename=relax.xml
protocols.rosetta_scripts.RosettaScriptsParser: Validating input script...
protocols.rosetta_scripts.RosettaScriptsSchemaValidator: Generating XML Schema for rosetta_scripts...
protocols.rosetta_scripts.RosettaScriptsSchemaValidator: ...done
protocols.rosetta_scripts.RosettaScriptsSchemaValidator: Initializing schema validator...
protocols.rosetta_scripts.RosettaScriptsSchemaValidator: ...done
protocols.rosetta_scripts.RosettaScriptsParser: ...done
protocols.rosetta_scripts.RosettaScriptsParser: Parsed script:
<ROSETTASCRIPTS>
	<SCOREFXNS>
		<ScoreFunction name="beta_sf" weights="beta_nov16_cart"/>
	</SCOREFXNS>
	<RESIDUE_SELECTORS>
		<Neighborhood distance="10000.0" name="surrounding_move_map" resnums="55A,25A"/>
		<Not name="rest_move_map" selector="surrounding_move_map"/>
		<Neighborhood distance="10000.0" name="surrounding_repack" resnums="55A,25A"/>
		<Not name="rest_repack" selector="surrounding_repack"/>
	</RESIDUE_SELECTORS>
	<TASKOPERATIONS>
		<InitializeFromCommandline name="init"/>
		<OperateOnResidueSubset name="repack_res" selector="surrounding_repack">
			<RestrictToRepackingRLT/>
		</OperateOnResidueSubset>
		<OperateOnResidueSubset name="no_repack" selector="rest_repack">
			<PreventRepackingRLT/>
		</OperateOnResidueSubset>
	</TASKOPERATIONS>
	<MOVE_MAP_FACTORIES>
		<MoveMapFactory bb="0" chi="0" name="local_mm">
			<Backbone enable="true" residue_selector="surrounding_move_map"/>
			<Chi enable="true" residue_selector="surrounding_move_map"/>
		</MoveMapFactory>
	</MOVE_MAP_FACTORIES>
	<MOVERS>
		<MutateResidue name="mutant1" new_res="ALA" target="55A"/>
		<MutateResidue name="mutant2" new_res="TRP" target="25A"/>
		<FastRelax cartesian="true" disable_design="true" movemap_factory="local_mm" name="relax" repeats="5" scorefxn="beta_sf" task_operations="repack_res,no_repack"/>
	</MOVERS>
	<PROTOCOLS>
		<Add mover_name="mutant1"/>
		<Add mover_name="mutant2"/>
		<Add mover_name="relax"/>
	</PROTOCOLS>
	<OUTPUT scorefxn="beta_sf"/>
</ROSETTASCRIPTS>
core.scoring.ScoreFunctionFactory: SCOREFUNCTION: beta_nov16_cart.wts
core.scoring.etable: Starting energy table calculation
core.scoring.etable: smooth_etable: changing atr/rep split to bottom of energy well
core.scoring.etable: smooth_etable: spline smoothing lj etables (maxdis = 6)
core.scoring.etable: smooth_etable: spline smoothing solvation etables (max_dis = 6)
core.scoring.etable: Finished calculating energy tables.
basic.io.database: Database file opened: scoring/score_functions/hbonds/ref2015_params/HBPoly1D.csv
basic.io.database: Database file opened: scoring/score_functions/hbonds/ref2015_params/HBFadeIntervals.csv
basic.io.database: Database file opened: scoring/score_functions/hbonds/ref2015_params/HBEval.csv
basic.io.database: Database file opened: scoring/score_functions/hbonds/ref2015_params/DonStrength.csv
basic.io.database: Database file opened: scoring/score_functions/hbonds/ref2015_params/AccStrength.csv
basic.io.database: Database file opened: scoring/score_functions/rama/fd_beta_nov2016/all.ramaProb
basic.io.database: Database file opened: scoring/score_functions/rama/fd_beta_nov2016/prepro.ramaProb
basic.io.database: Database file opened: scoring/score_functions/omega/omega_ppdep.all.txt
basic.io.database: Database file opened: scoring/score_functions/omega/omega_ppdep.gly.txt
basic.io.database: Database file opened: scoring/score_functions/omega/omega_ppdep.pro.txt
basic.io.database: Database file opened: scoring/score_functions/omega/omega_ppdep.valile.txt
basic.io.database: Database file opened: scoring/score_functions/P_AA_pp/P_AA
basic.io.database: Database file opened: scoring/score_functions/P_AA_pp/P_AA_n
core.scoring.P_AA: shapovalov_lib::shap_p_aa_pp_smooth_level of 1( aka low_smooth ) got activated.
basic.io.database: Database file opened: scoring/score_functions/P_AA_pp/shapovalov/10deg/kappa131/a20.prop
basic.io.database: Database file opened: scoring/score_functions/bondlength_bondangle/hydroxyl_torsion_preference.txt
core.energy_methods.CartesianBondedEnergy: Initializing IdealParametersDatabase with default Ks=300 , 80 , 80 , 10 , 80
basic.io.database: Database file opened: scoring/score_functions/bondlength_bondangle/default-lengths.txt
core.energy_methods.CartesianBondedEnergy: Read 759 bb-independent lengths.
basic.io.database: Database file opened: scoring/score_functions/bondlength_bondangle/default-angles.txt
core.energy_methods.CartesianBondedEnergy: Read 1434 bb-independent angles.
basic.io.database: Database file opened: scoring/score_functions/bondlength_bondangle/default-torsions.txt
core.energy_methods.CartesianBondedEnergy: Read 1 bb-independent torsions.
basic.io.database: Database file opened: scoring/score_functions/bondlength_bondangle/default-improper.txt
core.energy_methods.CartesianBondedEnergy: Read 529 bb-independent improper tors.
core.scoring.etable: Starting energy table calculation
core.scoring.etable: smooth_etable: changing atr/rep split to bottom of energy well
core.scoring.etable: smooth_etable: spline smoothing lj etables (maxdis = 6)
core.scoring.etable: smooth_etable: spline smoothing solvation etables (max_dis = 6)
core.scoring.etable: Finished calculating energy tables.
basic.io.database: Database file opened: scoring/score_functions/PairEPotential/pdb_pair_stats_fine
basic.io.database: Database file opened: scoring/score_functions/InterchainPotential/interchain_env_log.txt
basic.io.database: Database file opened: scoring/score_functions/InterchainPotential/interchain_pair_log.txt
basic.io.database: Database file opened: scoring/score_functions/EnvPairPotential/env_log.txt
basic.io.database: Database file opened: scoring/score_functions/EnvPairPotential/cbeta_den.txt
basic.io.database: Database file opened: scoring/score_functions/EnvPairPotential/pair_log.txt
basic.io.database: Database file opened: scoring/score_functions/EnvPairPotential/cenpack_log.txt
core.scoring.ramachandran: shapovalov_lib::shap_rama_smooth_level of 4( aka highest_smooth ) got activated.
basic.io.database: Database file opened: scoring/score_functions/rama/shapovalov/kappa25/all.ramaProb
protocols.jd2.parser.ScoreFunctionLoader: defined score function "beta_sf" with weights "beta_nov16_cart"
protocols.jd2.parser.TaskOperationLoader: Defined TaskOperation named "init" of type InitializeFromCommandline
protocols.jd2.parser.TaskOperationLoader: Defined TaskOperation named "repack_res" of type OperateOnResidueSubset
protocols.jd2.parser.TaskOperationLoader: Defined TaskOperation named "no_repack" of type OperateOnResidueSubset
protocols.jd2.parser.MoveMapFactoryLoader: Defined MoveMap named "local_mm"
protocols.rosetta_scripts.RosettaScriptsParser: Defined mover named "mutant1" of type MutateResidue
protocols.rosetta_scripts.RosettaScriptsParser: Defined mover named "mutant2" of type MutateResidue
protocols.relax.RelaxScriptManager: Reading relax scripts list from database.
core.scoring.ScoreFunctionFactory: SCOREFUNCTION: beta_nov16_cart.wts
protocols.relax.RelaxScriptManager: Looking for MonomerRelax2019.txt
protocols.relax.RelaxScriptManager: ================== Reading script file: /usr/local/database/sampling/relax_scripts/MonomerRelax2019.txt ==================
protocols.relax.RelaxScriptManager: repeat %%nrepeats%%
protocols.relax.RelaxScriptManager: coord_cst_weight 1.0
protocols.relax.RelaxScriptManager: scale:fa_rep 0.040
protocols.relax.RelaxScriptManager: repack
protocols.relax.RelaxScriptManager: scale:fa_rep 0.051
protocols.relax.RelaxScriptManager: min 0.01
protocols.relax.RelaxScriptManager: coord_cst_weight 0.5
protocols.relax.RelaxScriptManager: scale:fa_rep 0.265
protocols.relax.RelaxScriptManager: repack
protocols.relax.RelaxScriptManager: scale:fa_rep 0.280
protocols.relax.RelaxScriptManager: min 0.01
protocols.relax.RelaxScriptManager: coord_cst_weight 0.0
protocols.relax.RelaxScriptManager: scale:fa_rep 0.559
protocols.relax.RelaxScriptManager: repack
protocols.relax.RelaxScriptManager: scale:fa_rep 0.581
protocols.relax.RelaxScriptManager: min 0.01
protocols.relax.RelaxScriptManager: coord_cst_weight 0.0
protocols.relax.RelaxScriptManager: scale:fa_rep 1
protocols.relax.RelaxScriptManager: repack
protocols.relax.RelaxScriptManager: min 0.00001
protocols.relax.RelaxScriptManager: accept_to_best
protocols.relax.RelaxScriptManager: endrepeat
core.pack.task.xml_util: Object relax reading the following task_operations: Adding the following task operations
repack_res no_repack 
core.select.movemap.util: Found MoveMapFactory local_mm
protocols.rosetta_scripts.RosettaScriptsParser: Defined mover named "relax" of type FastRelax
protocols.rosetta_scripts.ParsedProtocol: ParsedProtocol mover with the following settings
protocols.rosetta_scripts.ParsedProtocol: Added mover "mutant1"
protocols.rosetta_scripts.ParsedProtocol: Added mover "mutant2"
protocols.rosetta_scripts.ParsedProtocol: Added mover "relax"
protocols.jd2.PDBJobInputter: PDBJobInputter::pose_from_job
protocols.jd2.PDBJobInputter: filling pose from saved copy structure.pdb
protocols.rosetta_scripts.ParsedProtocol: =======================BEGIN MOVER MutateResidue - mutant1=======================
protocols.rosetta_scripts.ParsedProtocol: =======================BEGIN MOVER MutateResidue - mutant2=======================
protocols.rosetta_scripts.ParsedProtocol: =======================BEGIN MOVER FastRelax - relax=======================
core.energy_methods.CartesianBondedEnergy: Creating new peptide-bonded energy container (75)
basic.io.database: Database file opened: scoring/score_functions/elec_cp_reps.dat
core.scoring.elec.util: Read 40 countpair representative atoms
core.pack.dunbrack.RotamerLibrary: shapovalov_lib_fixes_enable option is true.
core.pack.dunbrack.RotamerLibrary: Binary rotamer library selected: /usr/local/database/rotamer/beta_nov2016/Dunbrack10.lib.bin
core.pack.dunbrack.RotamerLibrary: Using Dunbrack library binary file '/usr/local/database/rotamer/beta_nov2016/Dunbrack10.lib.bin'.
core.pack.dunbrack.RotamerLibrary: Dunbrack 2010 library took 0.050033 seconds to load from binary
protocols.relax.FastRelax: CMD: repeat  4134.09  0  0  0.55
protocols.relax.FastRelax: CMD: coord_cst_weight  4134.09  0  0  0.55
protocols.relax.FastRelax: CMD: scale:fa_rep  11.1799  0  0  0.022
core.pack.pack_rotamers: built 1045 rotamers at 75 positions.
core.pack.interaction_graph.interaction_graph_factory: Instantiating DensePDInteractionGraph
protocols.relax.FastRelax: CMD: repack  -242.463  0  0  0.022
protocols.relax.FastRelax: CMD: scale:fa_rep  -238.096  0  0  0.02805
protocols.relax.FastRelax: CMD: min  -337.186  0.783907  0.783907  0.02805
protocols.relax.FastRelax: CMD: coord_cst_weight  -337.186  0.783907  0.783907  0.02805
protocols.relax.FastRelax: CMD: scale:fa_rep  -182.95  0.783907  0.783907  0.14575
core.pack.pack_rotamers: built 985 rotamers at 75 positions.
core.pack.interaction_graph.interaction_graph_factory: Instantiating DensePDInteractionGraph
protocols.relax.FastRelax: CMD: repack  -183.584  0.783907  0.783907  0.14575
protocols.relax.FastRelax: CMD: scale:fa_rep  -172.945  0.783907  0.783907  0.154
protocols.relax.FastRelax: CMD: min  -274.039  0.423153  0.423153  0.154
protocols.relax.FastRelax: CMD: coord_cst_weight  -274.039  0.423153  0.423153  0.154
protocols.relax.FastRelax: CMD: scale:fa_rep  -236.017  0.423153  0.423153  0.30745
core.pack.pack_rotamers: built 950 rotamers at 75 positions.
core.pack.interaction_graph.interaction_graph_factory: Instantiating DensePDInteractionGraph
protocols.relax.FastRelax: CMD: repack  -236.017  0.423153  0.423153  0.30745
protocols.relax.FastRelax: CMD: scale:fa_rep  -233.019  0.423153  0.423153  0.31955
protocols.relax.FastRelax: CMD: min  -246.016  0.292647  0.292647  0.31955
protocols.relax.FastRelax: CMD: coord_cst_weight  -246.016  0.292647  0.292647  0.31955
protocols.relax.FastRelax: CMD: scale:fa_rep  -217.344  0.292647  0.292647  0.55
core.pack.pack_rotamers: built 932 rotamers at 75 positions.
core.pack.interaction_graph.interaction_graph_factory: Instantiating DensePDInteractionGraph
protocols.relax.FastRelax: CMD: repack  -217.344  0.292647  0.292647  0.55
protocols.relax.FastRelax: CMD: min  -223.789  0.248386  0.248386  0.55
protocols.relax.FastRelax: MRP: 0  -223.789  -223.789  0.248386  0.248386  
protocols.relax.FastRelax: CMD: accept_to_best  -223.789  0.248386  0.248386  0.55
protocols.relax.FastRelax: CMD: endrepeat  -223.789  0.248386  0.248386  0.55
protocols.relax.FastRelax: CMD: coord_cst_weight  -223.789  0.248386  0.248386  0.55
protocols.relax.FastRelax: CMD: scale:fa_rep  -264.72  0.248386  0.248386  0.022
core.pack.pack_rotamers: built 1080 rotamers at 75 positions.
core.pack.interaction_graph.interaction_graph_factory: Instantiating DensePDInteractionGraph
protocols.relax.FastRelax: CMD: repack  -268.471  0.248386  0.248386  0.022
protocols.relax.FastRelax: CMD: scale:fa_rep  -267.066  0.248386  0.248386  0.02805
protocols.relax.FastRelax: CMD: min  -345.211  0.862396  0.862396  0.02805
protocols.relax.FastRelax: CMD: coord_cst_weight  -345.211  0.862396  0.862396  0.02805
protocols.relax.FastRelax: CMD: scale:fa_rep  -185.108  0.862396  0.862396  0.14575
core.pack.pack_rotamers: built 982 rotamers at 75 positions.
core.pack.interaction_graph.interaction_graph_factory: Instantiating DensePDInteractionGraph
protocols.relax.FastRelax: CMD: repack  -185.368  0.862396  0.862396  0.14575
protocols.relax.FastRelax: CMD: scale:fa_rep  -174.234  0.862396  0.862396  0.154
protocols.relax.FastRelax: CMD: min  -281.449  0.562959  0.562959  0.154
protocols.relax.FastRelax: CMD: coord_cst_weight  -281.449  0.562959  0.562959  0.154
protocols.relax.FastRelax: CMD: scale:fa_rep  -241.109  0.562959  0.562959  0.30745
core.pack.pack_rotamers: built 940 rotamers at 75 positions.
core.pack.interaction_graph.interaction_graph_factory: Instantiating DensePDInteractionGraph
protocols.relax.FastRelax: CMD: repack  -241.109  0.562959  0.562959  0.30745
protocols.relax.FastRelax: CMD: scale:fa_rep  -237.929  0.562959  0.562959  0.31955
protocols.relax.FastRelax: CMD: min  -251.795  0.467694  0.467694  0.31955
protocols.relax.FastRelax: CMD: coord_cst_weight  -251.795  0.467694  0.467694  0.31955
protocols.relax.FastRelax: CMD: scale:fa_rep  -221.309  0.467694  0.467694  0.55
core.pack.pack_rotamers: built 924 rotamers at 75 positions.
core.pack.interaction_graph.interaction_graph_factory: Instantiating DensePDInteractionGraph
protocols.relax.FastRelax: CMD: repack  -221.309  0.467694  0.467694  0.55
protocols.relax.FastRelax: CMD: min  -228.231  0.420678  0.420678  0.55
protocols.relax.FastRelax: MRP: 1  -228.231  -228.231  0.420678  0.420678  
protocols.relax.FastRelax: CMD: accept_to_best  -228.231  0.420678  0.420678  0.55
protocols.relax.FastRelax: CMD: endrepeat  -228.231  0.420678  0.420678  0.55
protocols.relax.FastRelax: CMD: coord_cst_weight  -228.231  0.420678  0.420678  0.55
protocols.relax.FastRelax: CMD: scale:fa_rep  -271.381  0.420678  0.420678  0.022
core.pack.pack_rotamers: built 1077 rotamers at 75 positions.
core.pack.interaction_graph.interaction_graph_factory: Instantiating DensePDInteractionGraph
protocols.relax.FastRelax: CMD: repack  -275.044  0.420678  0.420678  0.022
protocols.relax.FastRelax: CMD: scale:fa_rep  -273.489  0.420678  0.420678  0.02805
protocols.relax.FastRelax: CMD: min  -346.49  0.836965  0.836965  0.02805
protocols.relax.FastRelax: CMD: coord_cst_weight  -346.49  0.836965  0.836965  0.02805
protocols.relax.FastRelax: CMD: scale:fa_rep  -189.268  0.836965  0.836965  0.14575
core.pack.pack_rotamers: built 986 rotamers at 75 positions.
core.pack.interaction_graph.interaction_graph_factory: Instantiating DensePDInteractionGraph
protocols.relax.FastRelax: CMD: repack  -190.069  0.836965  0.836965  0.14575
protocols.relax.FastRelax: CMD: scale:fa_rep  -179.436  0.836965  0.836965  0.154
protocols.relax.FastRelax: CMD: min  -280.514  0.59838  0.59838  0.154
protocols.relax.FastRelax: CMD: coord_cst_weight  -280.514  0.59838  0.59838  0.154
protocols.relax.FastRelax: CMD: scale:fa_rep  -239.652  0.59838  0.59838  0.30745
core.pack.pack_rotamers: built 935 rotamers at 75 positions.
core.pack.interaction_graph.interaction_graph_factory: Instantiating DensePDInteractionGraph
protocols.relax.FastRelax: CMD: repack  -239.652  0.59838  0.59838  0.30745
protocols.relax.FastRelax: CMD: scale:fa_rep  -236.429  0.59838  0.59838  0.31955
protocols.relax.FastRelax: CMD: min  -251.423  0.46576  0.46576  0.31955
protocols.relax.FastRelax: CMD: coord_cst_weight  -251.423  0.46576  0.46576  0.31955
protocols.relax.FastRelax: CMD: scale:fa_rep  -221.432  0.46576  0.46576  0.55
core.pack.pack_rotamers: built 926 rotamers at 75 positions.
core.pack.interaction_graph.interaction_graph_factory: Instantiating DensePDInteractionGraph
protocols.relax.FastRelax: CMD: repack  -221.432  0.46576  0.46576  0.55
protocols.relax.FastRelax: CMD: min  -228.578  0.423978  0.423978  0.55
protocols.relax.FastRelax: MRP: 2  -228.578  -228.578  0.423978  0.423978  
protocols.relax.FastRelax: CMD: accept_to_best  -228.578  0.423978  0.423978  0.55
protocols.relax.FastRelax: CMD: endrepeat  -228.578  0.423978  0.423978  0.55
protocols.relax.FastRelax: CMD: coord_cst_weight  -228.578  0.423978  0.423978  0.55
protocols.relax.FastRelax: CMD: scale:fa_rep  -271.76  0.423978  0.423978  0.022
core.pack.pack_rotamers: built 1082 rotamers at 75 positions.
core.pack.interaction_graph.interaction_graph_factory: Instantiating DensePDInteractionGraph
protocols.relax.FastRelax: CMD: repack  -277.217  0.423978  0.423978  0.022
protocols.relax.FastRelax: CMD: scale:fa_rep  -275.357  0.423978  0.423978  0.02805
protocols.relax.FastRelax: CMD: min  -348.509  0.950041  0.950041  0.02805
protocols.relax.FastRelax: CMD: coord_cst_weight  -348.509  0.950041  0.950041  0.02805
protocols.relax.FastRelax: CMD: scale:fa_rep  -174.659  0.950041  0.950041  0.14575
core.pack.pack_rotamers: built 962 rotamers at 75 positions.
core.pack.interaction_graph.interaction_graph_factory: Instantiating DensePDInteractionGraph
protocols.relax.FastRelax: CMD: repack  -175.248  0.950041  0.950041  0.14575
protocols.relax.FastRelax: CMD: scale:fa_rep  -163.536  0.950041  0.950041  0.154
protocols.relax.FastRelax: CMD: min  -281.489  0.605517  0.605517  0.154
protocols.relax.FastRelax: CMD: coord_cst_weight  -281.489  0.605517  0.605517  0.154
protocols.relax.FastRelax: CMD: scale:fa_rep  -242.203  0.605517  0.605517  0.30745
core.pack.pack_rotamers: built 933 rotamers at 75 positions.
core.pack.interaction_graph.interaction_graph_factory: Instantiating DensePDInteractionGraph
protocols.relax.FastRelax: CMD: repack  -242.203  0.605517  0.605517  0.30745
protocols.relax.FastRelax: CMD: scale:fa_rep  -239.106  0.605517  0.605517  0.31955
protocols.relax.FastRelax: CMD: min  -252.34  0.500559  0.500559  0.31955
protocols.relax.FastRelax: CMD: coord_cst_weight  -252.34  0.500559  0.500559  0.31955
protocols.relax.FastRelax: CMD: scale:fa_rep  -222.346  0.500559  0.500559  0.55
core.pack.pack_rotamers: built 913 rotamers at 75 positions.
core.pack.interaction_graph.interaction_graph_factory: Instantiating DensePDInteractionGraph
protocols.relax.FastRelax: CMD: repack  -222.346  0.500559  0.500559  0.55
protocols.relax.FastRelax: CMD: min  -228.891  0.443148  0.443148  0.55
protocols.relax.FastRelax: MRP: 3  -228.891  -228.891  0.443148  0.443148  
protocols.relax.FastRelax: CMD: accept_to_best  -228.891  0.443148  0.443148  0.55
protocols.relax.FastRelax: CMD: endrepeat  -228.891  0.443148  0.443148  0.55
protocols.relax.FastRelax: CMD: coord_cst_weight  -228.891  0.443148  0.443148  0.55
protocols.relax.FastRelax: CMD: scale:fa_rep  -272.749  0.443148  0.443148  0.022
core.pack.pack_rotamers: built 1080 rotamers at 75 positions.
core.pack.interaction_graph.interaction_graph_factory: Instantiating DensePDInteractionGraph
protocols.relax.FastRelax: CMD: repack  -279.25  0.443148  0.443148  0.022
protocols.relax.FastRelax: CMD: scale:fa_rep  -277.188  0.443148  0.443148  0.02805
protocols.relax.FastRelax: CMD: min  -349.77  0.924947  0.924947  0.02805
protocols.relax.FastRelax: CMD: coord_cst_weight  -349.77  0.924947  0.924947  0.02805
protocols.relax.FastRelax: CMD: scale:fa_rep  -180.221  0.924947  0.924947  0.14575
core.pack.pack_rotamers: built 978 rotamers at 75 positions.
core.pack.interaction_graph.interaction_graph_factory: Instantiating DensePDInteractionGraph
protocols.relax.FastRelax: CMD: repack  -180.753  0.924947  0.924947  0.14575
protocols.relax.FastRelax: CMD: scale:fa_rep  -169.014  0.924947  0.924947  0.154
protocols.relax.FastRelax: CMD: min  -283.293  0.586974  0.586974  0.154
protocols.relax.FastRelax: CMD: coord_cst_weight  -283.293  0.586974  0.586974  0.154
protocols.relax.FastRelax: CMD: scale:fa_rep  -243.714  0.586974  0.586974  0.30745
core.pack.pack_rotamers: built 939 rotamers at 75 positions.
core.pack.interaction_graph.interaction_graph_factory: Instantiating DensePDInteractionGraph
protocols.relax.FastRelax: CMD: repack  -243.714  0.586974  0.586974  0.30745
protocols.relax.FastRelax: CMD: scale:fa_rep  -240.593  0.586974  0.586974  0.31955
protocols.relax.FastRelax: CMD: min  -253.771  0.481515  0.481515  0.31955
protocols.relax.FastRelax: CMD: coord_cst_weight  -253.771  0.481515  0.481515  0.31955
protocols.relax.FastRelax: CMD: scale:fa_rep  -223.229  0.481515  0.481515  0.55
core.pack.pack_rotamers: built 919 rotamers at 75 positions.
core.pack.interaction_graph.interaction_graph_factory: Instantiating DensePDInteractionGraph
protocols.relax.FastRelax: CMD: repack  -223.229  0.481515  0.481515  0.55
protocols.relax.FastRelax: CMD: min  -229.899  0.437491  0.437491  0.55
protocols.relax.FastRelax: MRP: 4  -229.899  -229.899  0.437491  0.437491  
protocols.relax.FastRelax: CMD: accept_to_best  -229.899  0.437491  0.437491  0.55
protocols.relax.FastRelax: CMD: endrepeat  -229.899  0.437491  0.437491  0.55
protocols::checkpoint: Deleting checkpoints of FastRelax
protocols.rosetta_scripts.ParsedProtocol: setting status to success
protocols.jd2.JobDistributor: structure_0001 reported success in 84 seconds
protocols.jd2.PDBJobInputter: PDBJobInputter::pose_from_job
protocols.jd2.PDBJobInputter: filling pose from saved copy structure.pdb
protocols.jd2.PDBJobInputter: PDBJobInputter::pose_from_job
protocols.jd2.PDBJobInputter: filling pose from PDB structure.pdb
core.import_pose.import_pose: File 'structure.pdb' automatically determined to be of type PDB from contents.
protocols.rosetta_scripts.ParsedProtocol: =======================BEGIN MOVER MutateResidue - mutant1=======================
protocols.rosetta_scripts.ParsedProtocol: =======================BEGIN MOVER MutateResidue - mutant2=======================
protocols.rosetta_scripts.ParsedProtocol: =======================BEGIN MOVER FastRelax - relax=======================
core.energy_methods.CartesianBondedEnergy: Creating new peptide-bonded energy container (75)
protocols.relax.FastRelax: CMD: repeat  4134.09  0  0  0.55
protocols.relax.FastRelax: CMD: coord_cst_weight  4134.09  0  0  0.55
protocols.relax.FastRelax: CMD: scale:fa_rep  11.1799  0  0  0.022
core.pack.pack_rotamers: built 1045 rotamers at 75 positions.
core.pack.interaction_graph.interaction_graph_factory: Instantiating DensePDInteractionGraph
protocols.relax.FastRelax: CMD: repack  -242.463  0  0  0.022
protocols.relax.FastRelax: CMD: scale:fa_rep  -238.096  0  0  0.02805
protocols.relax.FastRelax: CMD: min  -337.186  0.783907  0.783907  0.02805
protocols.relax.FastRelax: CMD: coord_cst_weight  -337.186  0.783907  0.783907  0.02805
protocols.relax.FastRelax: CMD: scale:fa_rep  -182.95  0.783907  0.783907  0.14575
core.pack.pack_rotamers: built 985 rotamers at 75 positions.
core.pack.interaction_graph.interaction_graph_factory: Instantiating DensePDInteractionGraph
protocols.relax.FastRelax: CMD: repack  -183.584  0.783907  0.783907  0.14575
protocols.relax.FastRelax: CMD: scale:fa_rep  -172.945  0.783907  0.783907  0.154
protocols.relax.FastRelax: CMD: min  -274.039  0.423153  0.423153  0.154
protocols.relax.FastRelax: CMD: coord_cst_weight  -274.039  0.423153  0.423153  0.154
protocols.relax.FastRelax: CMD: scale:fa_rep  -236.017  0.423153  0.423153  0.30745
core.pack.pack_rotamers: built 950 rotamers at 75 positions.
core.pack.interaction_graph.interaction_graph_factory: Instantiating DensePDInteractionGraph
protocols.relax.FastRelax: CMD: repack  -236.017  0.423153  0.423153  0.30745
protocols.relax.FastRelax: CMD: scale:fa_rep  -233.019  0.423153  0.423153  0.31955
protocols.relax.FastRelax: CMD: min  -246.016  0.292647  0.292647  0.31955
protocols.relax.FastRelax: CMD: coord_cst_weight  -246.016  0.292647  0.292647  0.31955
protocols.relax.FastRelax: CMD: scale:fa_rep  -217.344  0.292647  0.292647  0.55
core.pack.pack_rotamers: built 932 rotamers at 75 positions.
core.pack.interaction_graph.interaction_graph_factory: Instantiating DensePDInteractionGraph
protocols.relax.FastRelax: CMD: repack  -217.344  0.292647  0.292647  0.55
protocols.relax.FastRelax: CMD: min  -223.789  0.248386  0.248386  0.55
protocols.relax.FastRelax: MRP: 0  -223.789  -223.789  0.248386  0.248386  
protocols.relax.FastRelax: CMD: accept_to_best  -223.789  0.248386  0.248386  0.55
protocols.relax.FastRelax: CMD: endrepeat  -223.789  0.248386  0.248386  0.55
protocols.relax.FastRelax: CMD: coord_cst_weight  -223.789  0.248386  0.248386  0.55
protocols.relax.FastRelax: CMD: scale:fa_rep  -264.72  0.248386  0.248386  0.022
core.pack.pack_rotamers: built 1080 rotamers at 75 positions.
core.pack.interaction_graph.interaction_graph_factory: Instantiating DensePDInteractionGraph
protocols.relax.FastRelax: CMD: repack  -268.471  0.248386  0.248386  0.022
protocols.relax.FastRelax: CMD: scale:fa_rep  -267.066  0.248386  0.248386  0.02805
protocols.relax.FastRelax: CMD: min  -345.211  0.862396  0.862396  0.02805
protocols.relax.FastRelax: CMD: coord_cst_weight  -345.211  0.862396  0.862396  0.02805
protocols.relax.FastRelax: CMD: scale:fa_rep  -185.108  0.862396  0.862396  0.14575
core.pack.pack_rotamers: built 982 rotamers at 75 positions.
core.pack.interaction_graph.interaction_graph_factory: Instantiating DensePDInteractionGraph
protocols.relax.FastRelax: CMD: repack  -185.368  0.862396  0.862396  0.14575
protocols.relax.FastRelax: CMD: scale:fa_rep  -174.234  0.862396  0.862396  0.154
protocols.relax.FastRelax: CMD: min  -281.449  0.562959  0.562959  0.154
protocols.relax.FastRelax: CMD: coord_cst_weight  -281.449  0.562959  0.562959  0.154
protocols.relax.FastRelax: CMD: scale:fa_rep  -241.109  0.562959  0.562959  0.30745
core.pack.pack_rotamers: built 940 rotamers at 75 positions.
core.pack.interaction_graph.interaction_graph_factory: Instantiating DensePDInteractionGraph
protocols.relax.FastRelax: CMD: repack  -241.109  0.562959  0.562959  0.30745
protocols.relax.FastRelax: CMD: scale:fa_rep  -237.929  0.562959  0.562959  0.31955
protocols.relax.FastRelax: CMD: min  -251.795  0.467694  0.467694  0.31955
protocols.relax.FastRelax: CMD: coord_cst_weight  -251.795  0.467694  0.467694  0.31955
protocols.relax.FastRelax: CMD: scale:fa_rep  -221.309  0.467694  0.467694  0.55
core.pack.pack_rotamers: built 924 rotamers at 75 positions.
core.pack.interaction_graph.interaction_graph_factory: Instantiating DensePDInteractionGraph
protocols.relax.FastRelax: CMD: repack  -221.309  0.467694  0.467694  0.55
protocols.relax.FastRelax: CMD: min  -228.231  0.420678  0.420678  0.55
protocols.relax.FastRelax: MRP: 1  -228.231  -228.231  0.420678  0.420678  
protocols.relax.FastRelax: CMD: accept_to_best  -228.231  0.420678  0.420678  0.55
protocols.relax.FastRelax: CMD: endrepeat  -228.231  0.420678  0.420678  0.55
protocols.relax.FastRelax: CMD: coord_cst_weight  -228.231  0.420678  0.420678  0.55
protocols.relax.FastRelax: CMD: scale:fa_rep  -271.381  0.420678  0.420678  0.022
core.pack.pack_rotamers: built 1077 rotamers at 75 positions.
core.pack.interaction_graph.interaction_graph_factory: Instantiating DensePDInteractionGraph
protocols.relax.FastRelax: CMD: repack  -275.623  0.420678  0.420678  0.022
protocols.relax.FastRelax: CMD: scale:fa_rep  -274.201  0.420678  0.420678  0.02805
protocols.relax.FastRelax: CMD: min  -344.999  0.836631  0.836631  0.02805
protocols.relax.FastRelax: CMD: coord_cst_weight  -344.999  0.836631  0.836631  0.02805
protocols.relax.FastRelax: CMD: scale:fa_rep  -193.14  0.836631  0.836631  0.14575
core.pack.pack_rotamers: built 990 rotamers at 75 positions.
core.pack.interaction_graph.interaction_graph_factory: Instantiating DensePDInteractionGraph
protocols.relax.FastRelax: CMD: repack  -193.549  0.836631  0.836631  0.14575
protocols.relax.FastRelax: CMD: scale:fa_rep  -182.999  0.836631  0.836631  0.154
protocols.relax.FastRelax: CMD: min  -282.069  0.566201  0.566201  0.154
protocols.relax.FastRelax: CMD: coord_cst_weight  -282.069  0.566201  0.566201  0.154
protocols.relax.FastRelax: CMD: scale:fa_rep  -242.338  0.566201  0.566201  0.30745
core.pack.pack_rotamers: built 934 rotamers at 75 positions.
core.pack.interaction_graph.interaction_graph_factory: Instantiating DensePDInteractionGraph
protocols.relax.FastRelax: CMD: repack  -242.338  0.566201  0.566201  0.30745
protocols.relax.FastRelax: CMD: scale:fa_rep  -239.205  0.566201  0.566201  0.31955
protocols.relax.FastRelax: CMD: min  -252.748  0.467344  0.467344  0.31955
protocols.relax.FastRelax: CMD: coord_cst_weight  -252.748  0.467344  0.467344  0.31955
protocols.relax.FastRelax: CMD: scale:fa_rep  -222.763  0.467344  0.467344  0.55
core.pack.pack_rotamers: built 924 rotamers at 75 positions.
core.pack.interaction_graph.interaction_graph_factory: Instantiating DensePDInteractionGraph
protocols.relax.FastRelax: CMD: repack  -222.763  0.467344  0.467344  0.55
protocols.relax.FastRelax: CMD: min  -229.605  0.421388  0.421388  0.55
protocols.relax.FastRelax: MRP: 2  -229.605  -229.605  0.421388  0.421388  
protocols.relax.FastRelax: CMD: accept_to_best  -229.605  0.421388  0.421388  0.55
protocols.relax.FastRelax: CMD: endrepeat  -229.605  0.421388  0.421388  0.55
protocols.relax.FastRelax: CMD: coord_cst_weight  -229.605  0.421388  0.421388  0.55
protocols.relax.FastRelax: CMD: scale:fa_rep  -272.333  0.421388  0.421388  0.022
core.pack.pack_rotamers: built 1077 rotamers at 75 positions.
core.pack.interaction_graph.interaction_graph_factory: Instantiating DensePDInteractionGraph
protocols.relax.FastRelax: CMD: repack  -276.348  0.421388  0.421388  0.022
protocols.relax.FastRelax: CMD: scale:fa_rep  -275.132  0.421388  0.421388  0.02805
protocols.relax.FastRelax: CMD: min  -345.293  0.844176  0.844176  0.02805
protocols.relax.FastRelax: CMD: coord_cst_weight  -345.293  0.844176  0.844176  0.02805
protocols.relax.FastRelax: CMD: scale:fa_rep  -192.952  0.844176  0.844176  0.14575
core.pack.pack_rotamers: built 988 rotamers at 75 positions.
core.pack.interaction_graph.interaction_graph_factory: Instantiating DensePDInteractionGraph
protocols.relax.FastRelax: CMD: repack  -193.459  0.844176  0.844176  0.14575
protocols.relax.FastRelax: CMD: scale:fa_rep  -182.886  0.844176  0.844176  0.154
protocols.relax.FastRelax: CMD: min  -281.895  0.573313  0.573313  0.154
protocols.relax.FastRelax: CMD: coord_cst_weight  -281.895  0.573313  0.573313  0.154
protocols.relax.FastRelax: CMD: scale:fa_rep  -241.886  0.573313  0.573313  0.30745
core.pack.pack_rotamers: built 933 rotamers at 75 positions.
core.pack.interaction_graph.interaction_graph_factory: Instantiating DensePDInteractionGraph
protocols.relax.FastRelax: CMD: repack  -241.886  0.573313  0.573313  0.30745
protocols.relax.FastRelax: CMD: scale:fa_rep  -238.731  0.573313  0.573313  0.31955
protocols.relax.FastRelax: CMD: min  -252.832  0.455041  0.455041  0.31955
protocols.relax.FastRelax: CMD: coord_cst_weight  -252.832  0.455041  0.455041  0.31955
protocols.relax.FastRelax: CMD: scale:fa_rep  -222.953  0.455041  0.455041  0.55
core.pack.pack_rotamers: built 926 rotamers at 75 positions.
core.pack.interaction_graph.interaction_graph_factory: Instantiating DensePDInteractionGraph
protocols.relax.FastRelax: CMD: repack  -222.953  0.455041  0.455041  0.55
protocols.relax.FastRelax: CMD: min  -229.562  0.426674  0.426674  0.55
protocols.relax.FastRelax: MRP: 3  -229.562  -229.605  0.421388  0.421388  
protocols.relax.FastRelax: CMD: accept_to_best  -229.562  0.426674  0.426674  0.55
protocols.relax.FastRelax: CMD: endrepeat  -229.562  0.426674  0.426674  0.55
protocols.relax.FastRelax: CMD: coord_cst_weight  -229.562  0.426674  0.426674  0.55
protocols.relax.FastRelax: CMD: scale:fa_rep  -272.585  0.426674  0.426674  0.022
core.pack.pack_rotamers: built 1075 rotamers at 75 positions.
core.pack.interaction_graph.interaction_graph_factory: Instantiating DensePDInteractionGraph
protocols.relax.FastRelax: CMD: repack  -276.665  0.426674  0.426674  0.022
protocols.relax.FastRelax: CMD: scale:fa_rep  -275.418  0.426674  0.426674  0.02805
protocols.relax.FastRelax: CMD: min  -345.319  0.843298  0.843298  0.02805
protocols.relax.FastRelax: CMD: coord_cst_weight  -345.319  0.843298  0.843298  0.02805
protocols.relax.FastRelax: CMD: scale:fa_rep  -193.05  0.843298  0.843298  0.14575
core.pack.pack_rotamers: built 989 rotamers at 75 positions.
core.pack.interaction_graph.interaction_graph_factory: Instantiating DensePDInteractionGraph
protocols.relax.FastRelax: CMD: repack  -193.565  0.843298  0.843298  0.14575
protocols.relax.FastRelax: CMD: scale:fa_rep  -182.999  0.843298  0.843298  0.154
protocols.relax.FastRelax: CMD: min  -281.851  0.573206  0.573206  0.154
protocols.relax.FastRelax: CMD: coord_cst_weight  -281.851  0.573206  0.573206  0.154
protocols.relax.FastRelax: CMD: scale:fa_rep  -241.932  0.573206  0.573206  0.30745
core.pack.pack_rotamers: built 936 rotamers at 75 positions.
core.pack.interaction_graph.interaction_graph_factory: Instantiating DensePDInteractionGraph
protocols.relax.FastRelax: CMD: repack  -241.932  0.573206  0.573206  0.30745
protocols.relax.FastRelax: CMD: scale:fa_rep  -238.784  0.573206  0.573206  0.31955
protocols.relax.FastRelax: CMD: min  -252.794  0.456251  0.456251  0.31955
protocols.relax.FastRelax: CMD: coord_cst_weight  -252.794  0.456251  0.456251  0.31955
protocols.relax.FastRelax: CMD: scale:fa_rep  -222.92  0.456251  0.456251  0.55
core.pack.pack_rotamers: built 926 rotamers at 75 positions.
core.pack.interaction_graph.interaction_graph_factory: Instantiating DensePDInteractionGraph
protocols.relax.FastRelax: CMD: repack  -222.92  0.456251  0.456251  0.55
protocols.relax.FastRelax: CMD: min  -229.57  0.425854  0.425854  0.55
protocols.relax.FastRelax: MRP: 4  -229.57  -229.605  0.421388  0.421388  
protocols.relax.FastRelax: CMD: accept_to_best  -229.57  0.425854  0.425854  0.55
protocols.relax.FastRelax: CMD: endrepeat  -229.57  0.425854  0.425854  0.55
protocols::checkpoint: Deleting checkpoints of FastRelax
protocols.rosetta_scripts.ParsedProtocol: setting status to success
protocols.jd2.JobDistributor: structure_0002 reported success in 77 seconds
protocols.jd2.JobDistributor: no more batches to process... 
protocols.jd2.JobDistributor: 2 jobs considered, 2 jobs attempted in 161 seconds
basic.citation_manager.CitationManager: 
The following Rosetta modules were used during this run of Rosetta, and should be cited:

rosetta_scripts Application's citation(s):
Fleishman SJ, Leaver-Fay A, Corn JE, Strauch E-M, Khare SD, Koga N, Ashworth J, Murphy P, Richter F, Lemmon G, Meiler J, and Baker D.  (2011).  RosettaScripts: A Scripting Language Interface to the Rosetta Macromolecular Modeling Suite.  PLoS ONE 6(6):e20161.  doi: 10.1371/journal.pone.0020161.

FastRelax Mover's citation(s):
*Tyka MD, *Keedy DA, André I, Dimaio F, Song Y, Richardson DC, Richardson JS, and Baker D.  (2011).  Alternate states of proteins revealed by detailed energy landscape mapping.  J Mol Biol 405(2):607-18.  doi: 10.1016/j.jmb.2010.11.008.  (*Co-primary authors.)

Khatib F, Cooper S, Tyka MD, Xu K, Makedon I, Popovic Z, Baker D, and Players F.  (2011).  Algorithm discovery by protein folding game players.  Proc Natl Acad Sci USA 108(47):18949-53.  doi: 10.1073/pnas.1115898108.

Maguire JB, Haddox HK, Strickland D, Halabiya SF, Coventry B, Griffin JR, Pulavarti SVSRK, Cummins M, Thieker DF, Klavins E, Szyperski T, DiMaio F, Baker D, and Kuhlman B.  (2021).  Perturbing the energy landscape for improved packing during computational protein design.  Proteins 89(4):436-449.  doi: 10.1002/prot.26030.


The following UNPUBLISHED Rosetta modules were used during this run of Rosetta.  Their authors should be included in the author list when this work is published:

NeighborhoodResidueSelector ResidueSelector's author(s):
Robert Lindner, Natural Sciences and Mathematics, Ruperto-Carola University, Heidelberg, Germany [rlindner@mpimf-heidelberg.mpg.de]
Jared Adolf-Bryfogle, Schief lab, Scripps Research Institute [jadolfbr@gmail.com]
Gerard Daniel, Institue for Protein Design, University of Washington [gerardda@uw.edu]


