********  (C) Copyright Rosetta Commons Member Institutions.  ***************
* Use of Rosetta for commercial purposes may require purchase of a license. *
********  See LICENSE.md or email license@uw.edu for more details. **********
core.init: Checking for fconfig files in pwd and ./rosetta/flags 
core.init: Rosetta version: 2025.37+HEAD.df75a9c48e df75a9c48e763e52a7aa3f5dfba077f4da88dbf5 https://github.com/RosettaCommons/rosetta.git 2025-09-03T12:23:30
core.init: Rosetta extras: []
core.init: command: rosetta_scripts @flags_prepare_relax
basic.random.init_random_generator: 'RNG device' seed mode, using '/dev/urandom', seed=556471417 seed_offset=0 real_seed=556471417
basic.random.init_random_generator: RandomGenerator:init: Normal mode, seed=556471417 RG_type=mt19937
core.init: found database environment variable ROSETTA3_DB: /usr/local/database
protocols.jd2.PDBJobInputter: Instantiate PDBJobInputter
protocols.jd2.PDBJobInputter: PDBJobInputter::fill_jobs
protocols.jd2.PDBJobInputter: pushed pab1_raw.pdb nstruct index 1
protocols.evaluation.ChiWellRmsdEvaluatorCreator: Evaluation Creator active ... 
protocols.jd2.PDBJobInputter: PDBJobInputter::pose_from_job
protocols.jd2.PDBJobInputter: filling pose from PDB pab1_raw.pdb
core.chemical.GlobalResidueTypeSet: Finished initializing fa_standard residue type set.  Created 985 residue types
core.chemical.GlobalResidueTypeSet: Total time to initialize 0.519449 seconds.
core.import_pose.import_pose: File 'pab1_raw.pdb' automatically determined to be of type PDB from contents.
core.scoring.ScoreFunctionFactory: SCOREFUNCTION: beta_nov16_cart.wts
core.scoring.etable: Starting energy table calculation
core.scoring.etable: smooth_etable: changing atr/rep split to bottom of energy well
core.scoring.etable: smooth_etable: spline smoothing lj etables (maxdis = 6)
core.scoring.etable: smooth_etable: spline smoothing solvation etables (max_dis = 6)
core.scoring.etable: Finished calculating energy tables.
basic.io.database: Database file opened: scoring/score_functions/hbonds/ref2015_params/HBPoly1D.csv
basic.io.database: Database file opened: scoring/score_functions/hbonds/ref2015_params/HBFadeIntervals.csv
basic.io.database: Database file opened: scoring/score_functions/hbonds/ref2015_params/HBEval.csv
basic.io.database: Database file opened: scoring/score_functions/hbonds/ref2015_params/DonStrength.csv
basic.io.database: Database file opened: scoring/score_functions/hbonds/ref2015_params/AccStrength.csv
basic.io.database: Database file opened: scoring/score_functions/rama/fd_beta_nov2016/all.ramaProb
basic.io.database: Database file opened: scoring/score_functions/rama/fd_beta_nov2016/prepro.ramaProb
basic.io.database: Database file opened: scoring/score_functions/omega/omega_ppdep.all.txt
basic.io.database: Database file opened: scoring/score_functions/omega/omega_ppdep.gly.txt
basic.io.database: Database file opened: scoring/score_functions/omega/omega_ppdep.pro.txt
basic.io.database: Database file opened: scoring/score_functions/omega/omega_ppdep.valile.txt
basic.io.database: Database file opened: scoring/score_functions/P_AA_pp/P_AA
basic.io.database: Database file opened: scoring/score_functions/P_AA_pp/P_AA_n
core.scoring.P_AA: shapovalov_lib::shap_p_aa_pp_smooth_level of 1( aka low_smooth ) got activated.
basic.io.database: Database file opened: scoring/score_functions/P_AA_pp/shapovalov/10deg/kappa131/a20.prop
basic.io.database: Database file opened: scoring/score_functions/bondlength_bondangle/hydroxyl_torsion_preference.txt
core.energy_methods.CartesianBondedEnergy: Initializing IdealParametersDatabase with default Ks=300 , 80 , 80 , 10 , 80
basic.io.database: Database file opened: scoring/score_functions/bondlength_bondangle/default-lengths.txt
core.energy_methods.CartesianBondedEnergy: Read 759 bb-independent lengths.
basic.io.database: Database file opened: scoring/score_functions/bondlength_bondangle/default-angles.txt
core.energy_methods.CartesianBondedEnergy: Read 1434 bb-independent angles.
basic.io.database: Database file opened: scoring/score_functions/bondlength_bondangle/default-torsions.txt
core.energy_methods.CartesianBondedEnergy: Read 1 bb-independent torsions.
basic.io.database: Database file opened: scoring/score_functions/bondlength_bondangle/default-improper.txt
core.energy_methods.CartesianBondedEnergy: Read 529 bb-independent improper tors.
core.energy_methods.CartesianBondedEnergy: Creating new peptide-bonded energy container (75)
basic.io.database: Database file opened: scoring/score_functions/elec_cp_reps.dat
core.scoring.elec.util: Read 40 countpair representative atoms
core.pack.dunbrack.RotamerLibrary: shapovalov_lib_fixes_enable option is true.
core.pack.dunbrack.RotamerLibrary: Binary rotamer library selected: /usr/local/database/rotamer/beta_nov2016/Dunbrack10.lib.bin
core.pack.dunbrack.RotamerLibrary: Using Dunbrack library binary file '/usr/local/database/rotamer/beta_nov2016/Dunbrack10.lib.bin'.
core.pack.dunbrack.RotamerLibrary: Dunbrack 2010 library took 0.092503 seconds to load from binary
core.pack.task: Packer task: initialize from command line() 
core.pack.pack_rotamers: built 192 rotamers at 75 positions.
core.pack.interaction_graph.interaction_graph_factory: Instantiating DensePDInteractionGraph
protocols.rosetta_scripts.RosettaScriptsParser: dock_design_filename=prepare_relax.xml
protocols.rosetta_scripts.RosettaScriptsParser: Validating input script...
protocols.rosetta_scripts.RosettaScriptsSchemaValidator: Generating XML Schema for rosetta_scripts...
protocols.rosetta_scripts.RosettaScriptsSchemaValidator: ...done
protocols.rosetta_scripts.RosettaScriptsSchemaValidator: Initializing schema validator...
protocols.rosetta_scripts.RosettaScriptsSchemaValidator: ...done
protocols.rosetta_scripts.RosettaScriptsParser: ...done
protocols.rosetta_scripts.RosettaScriptsParser: Parsed script:
<ROSETTASCRIPTS>
	<SCOREFXNS>
		<ScoreFunction name="beta_sf" weights="beta_nov16_cart"/>
	</SCOREFXNS>
	<MOVERS>
		<FastRelax cartesian="true" disable_design="true" name="relax" repeats="5" scorefxn="beta_sf"/>
	</MOVERS>
	<PROTOCOLS>
		<Add mover_name="relax"/>
	</PROTOCOLS>
	<OUTPUT scorefxn="beta_sf"/>
</ROSETTASCRIPTS>
core.scoring.ScoreFunctionFactory: SCOREFUNCTION: beta_nov16_cart.wts
core.scoring.etable: Starting energy table calculation
core.scoring.etable: smooth_etable: changing atr/rep split to bottom of energy well
core.scoring.etable: smooth_etable: spline smoothing lj etables (maxdis = 6)
core.scoring.etable: smooth_etable: spline smoothing solvation etables (max_dis = 6)
core.scoring.etable: Finished calculating energy tables.
basic.io.database: Database file opened: scoring/score_functions/PairEPotential/pdb_pair_stats_fine
basic.io.database: Database file opened: scoring/score_functions/InterchainPotential/interchain_env_log.txt
basic.io.database: Database file opened: scoring/score_functions/InterchainPotential/interchain_pair_log.txt
basic.io.database: Database file opened: scoring/score_functions/EnvPairPotential/env_log.txt
basic.io.database: Database file opened: scoring/score_functions/EnvPairPotential/cbeta_den.txt
basic.io.database: Database file opened: scoring/score_functions/EnvPairPotential/pair_log.txt
basic.io.database: Database file opened: scoring/score_functions/EnvPairPotential/cenpack_log.txt
core.scoring.ramachandran: shapovalov_lib::shap_rama_smooth_level of 4( aka highest_smooth ) got activated.
basic.io.database: Database file opened: scoring/score_functions/rama/shapovalov/kappa25/all.ramaProb
protocols.jd2.parser.ScoreFunctionLoader: defined score function "beta_sf" with weights "beta_nov16_cart"
protocols.relax.RelaxScriptManager: Reading relax scripts list from database.
core.scoring.ScoreFunctionFactory: SCOREFUNCTION: beta_nov16_cart.wts
protocols.relax.RelaxScriptManager: Looking for MonomerRelax2019.txt
protocols.relax.RelaxScriptManager: ================== Reading script file: /usr/local/database/sampling/relax_scripts/MonomerRelax2019.txt ==================
protocols.relax.RelaxScriptManager: repeat %%nrepeats%%
protocols.relax.RelaxScriptManager: coord_cst_weight 1.0
protocols.relax.RelaxScriptManager: scale:fa_rep 0.040
protocols.relax.RelaxScriptManager: repack
protocols.relax.RelaxScriptManager: scale:fa_rep 0.051
protocols.relax.RelaxScriptManager: min 0.01
protocols.relax.RelaxScriptManager: coord_cst_weight 0.5
protocols.relax.RelaxScriptManager: scale:fa_rep 0.265
protocols.relax.RelaxScriptManager: repack
protocols.relax.RelaxScriptManager: scale:fa_rep 0.280
protocols.relax.RelaxScriptManager: min 0.01
protocols.relax.RelaxScriptManager: coord_cst_weight 0.0
protocols.relax.RelaxScriptManager: scale:fa_rep 0.559
protocols.relax.RelaxScriptManager: repack
protocols.relax.RelaxScriptManager: scale:fa_rep 0.581
protocols.relax.RelaxScriptManager: min 0.01
protocols.relax.RelaxScriptManager: coord_cst_weight 0.0
protocols.relax.RelaxScriptManager: scale:fa_rep 1
protocols.relax.RelaxScriptManager: repack
protocols.relax.RelaxScriptManager: min 0.00001
protocols.relax.RelaxScriptManager: accept_to_best
protocols.relax.RelaxScriptManager: endrepeat
protocols.rosetta_scripts.RosettaScriptsParser: Defined mover named "relax" of type FastRelax
protocols.rosetta_scripts.ParsedProtocol: ParsedProtocol mover with the following settings
protocols.rosetta_scripts.ParsedProtocol: Added mover "relax"
protocols.jd2.PDBJobInputter: PDBJobInputter::pose_from_job
protocols.jd2.PDBJobInputter: filling pose from saved copy pab1_raw.pdb
protocols.rosetta_scripts.ParsedProtocol: =======================BEGIN MOVER FastRelax - relax=======================
core.energy_methods.CartesianBondedEnergy: Creating new peptide-bonded energy container (76)
core.energy_methods.CartesianBondedEnergy: Adding undefined angle VRT: X,ORIG,Y to DB with theta0 = 1.5708 , Ktheta = 80
core.energy_methods.CartesianBondedEnergy: Adding undefined length VRT: ORIG,X, to DB with d0 = 1 , Kd = 300
core.energy_methods.CartesianBondedEnergy: Adding undefined length VRT: ORIG,Y, to DB with d0 = 1 , Kd = 300
protocols.relax.FastRelax: CMD: repeat  -217.132  0  0  0.55
protocols.relax.FastRelax: CMD: coord_cst_weight  -217.132  0  0  0.55
protocols.relax.FastRelax: CMD: scale:fa_rep  -260.809  0  0  0.022
core.pack.task: Packer task: initialize from command line() 
core.pack.pack_rotamers: built 2029 rotamers at 76 positions.
core.pack.interaction_graph.interaction_graph_factory: Instantiating DensePDInteractionGraph
protocols.relax.FastRelax: CMD: repack  -266.207  0  0  0.022
protocols.relax.FastRelax: CMD: scale:fa_rep  -264.148  0  0  0.02805
protocols.relax.FastRelax: CMD: min  -308.584  0.118262  0.118262  0.02805
protocols.relax.FastRelax: CMD: coord_cst_weight  -311.859  0.118262  0.118262  0.02805
protocols.relax.FastRelax: CMD: scale:fa_rep  -261.439  0.118262  0.118262  0.14575
core.pack.task: Packer task: initialize from command line() 
core.pack.pack_rotamers: built 1998 rotamers at 76 positions.
core.pack.interaction_graph.interaction_graph_factory: Instantiating DensePDInteractionGraph
protocols.relax.FastRelax: CMD: repack  -263.41  0.118262  0.118262  0.14575
protocols.relax.FastRelax: CMD: scale:fa_rep  -260.165  0.118262  0.118262  0.154
protocols.relax.FastRelax: CMD: min  -281.172  0.107728  0.107728  0.154
protocols.relax.FastRelax: CMD: coord_cst_weight  -284.051  0.107728  0.107728  0.154
protocols.relax.FastRelax: CMD: scale:fa_rep  -258.278  0.107728  0.107728  0.30745
core.pack.task: Packer task: initialize from command line() 
core.pack.pack_rotamers: built 1887 rotamers at 76 positions.
core.pack.interaction_graph.interaction_graph_factory: Instantiating DensePDInteractionGraph
protocols.relax.FastRelax: CMD: repack  -258.278  0.107728  0.107728  0.30745
protocols.relax.FastRelax: CMD: scale:fa_rep  -256.246  0.107728  0.107728  0.31955
protocols.relax.FastRelax: CMD: min  -262.644  0.16934  0.16934  0.31955
protocols.relax.FastRelax: CMD: coord_cst_weight  -262.644  0.16934  0.16934  0.31955
protocols.relax.FastRelax: CMD: scale:fa_rep  -236.344  0.16934  0.16934  0.55
core.pack.task: Packer task: initialize from command line() 
core.pack.pack_rotamers: built 1936 rotamers at 76 positions.
core.pack.interaction_graph.interaction_graph_factory: Instantiating DensePDInteractionGraph
protocols.relax.FastRelax: CMD: repack  -236.344  0.16934  0.16934  0.55
protocols.relax.FastRelax: CMD: min  -242.088  0.159056  0.159056  0.55
protocols.relax.FastRelax: MRP: 0  -242.088  -242.088  0.159056  0.159056  
protocols.relax.FastRelax: CMD: accept_to_best  -242.088  0.159056  0.159056  0.55
protocols.relax.FastRelax: CMD: endrepeat  -242.088  0.159056  0.159056  0.55
protocols.relax.FastRelax: CMD: coord_cst_weight  -227.068  0.159056  0.159056  0.55
protocols.relax.FastRelax: CMD: scale:fa_rep  -265.795  0.159056  0.159056  0.022
core.pack.task: Packer task: initialize from command line() 
core.pack.pack_rotamers: built 2292 rotamers at 76 positions.
core.pack.interaction_graph.interaction_graph_factory: Instantiating DensePDInteractionGraph
protocols.relax.FastRelax: CMD: repack  -270.437  0.159056  0.159056  0.022
protocols.relax.FastRelax: CMD: scale:fa_rep  -269.184  0.159056  0.159056  0.02805
protocols.relax.FastRelax: CMD: min  -308.567  0.120077  0.120077  0.02805
protocols.relax.FastRelax: CMD: coord_cst_weight  -311.877  0.120077  0.120077  0.02805
protocols.relax.FastRelax: CMD: scale:fa_rep  -261.623  0.120077  0.120077  0.14575
core.pack.task: Packer task: initialize from command line() 
core.pack.pack_rotamers: built 2001 rotamers at 76 positions.
core.pack.interaction_graph.interaction_graph_factory: Instantiating DensePDInteractionGraph
protocols.relax.FastRelax: CMD: repack  -263.553  0.120077  0.120077  0.14575
protocols.relax.FastRelax: CMD: scale:fa_rep  -260.307  0.120077  0.120077  0.154
protocols.relax.FastRelax: CMD: min  -281.13  0.108542  0.108542  0.154
protocols.relax.FastRelax: CMD: coord_cst_weight  -284.025  0.108542  0.108542  0.154
protocols.relax.FastRelax: CMD: scale:fa_rep  -258.275  0.108542  0.108542  0.30745
core.pack.task: Packer task: initialize from command line() 
core.pack.pack_rotamers: built 1889 rotamers at 76 positions.
core.pack.interaction_graph.interaction_graph_factory: Instantiating DensePDInteractionGraph
protocols.relax.FastRelax: CMD: repack  -258.275  0.108542  0.108542  0.30745
protocols.relax.FastRelax: CMD: scale:fa_rep  -256.245  0.108542  0.108542  0.31955
protocols.relax.FastRelax: CMD: min  -262.477  0.153465  0.153465  0.31955
protocols.relax.FastRelax: CMD: coord_cst_weight  -262.477  0.153465  0.153465  0.31955
protocols.relax.FastRelax: CMD: scale:fa_rep  -236.322  0.153465  0.153465  0.55
core.pack.task: Packer task: initialize from command line() 
core.pack.pack_rotamers: built 1803 rotamers at 76 positions.
core.pack.interaction_graph.interaction_graph_factory: Instantiating DensePDInteractionGraph
protocols.relax.FastRelax: CMD: repack  -236.322  0.153465  0.153465  0.55
protocols.relax.FastRelax: CMD: min  -242.198  0.161692  0.161692  0.55
protocols.relax.FastRelax: MRP: 1  -242.198  -242.198  0.161692  0.161692  
protocols.relax.FastRelax: CMD: accept_to_best  -242.198  0.161692  0.161692  0.55
protocols.relax.FastRelax: CMD: endrepeat  -242.198  0.161692  0.161692  0.55
protocols.relax.FastRelax: CMD: coord_cst_weight  -226.702  0.161692  0.161692  0.55
protocols.relax.FastRelax: CMD: scale:fa_rep  -265.201  0.161692  0.161692  0.022
core.pack.task: Packer task: initialize from command line() 
core.pack.pack_rotamers: built 2294 rotamers at 76 positions.
core.pack.interaction_graph.interaction_graph_factory: Instantiating DensePDInteractionGraph
protocols.relax.FastRelax: CMD: repack  -269.878  0.161692  0.161692  0.022
protocols.relax.FastRelax: CMD: scale:fa_rep  -268.426  0.161692  0.161692  0.02805
protocols.relax.FastRelax: CMD: min  -309.997  0.120276  0.120276  0.02805
protocols.relax.FastRelax: CMD: coord_cst_weight  -313.371  0.120276  0.120276  0.02805
protocols.relax.FastRelax: CMD: scale:fa_rep  -261.633  0.120276  0.120276  0.14575
core.pack.task: Packer task: initialize from command line() 
core.pack.pack_rotamers: built 2005 rotamers at 76 positions.
core.pack.interaction_graph.interaction_graph_factory: Instantiating DensePDInteractionGraph
protocols.relax.FastRelax: CMD: repack  -263.589  0.120276  0.120276  0.14575
protocols.relax.FastRelax: CMD: scale:fa_rep  -260.244  0.120276  0.120276  0.154
protocols.relax.FastRelax: CMD: min  -282.072  0.113532  0.113532  0.154
protocols.relax.FastRelax: CMD: coord_cst_weight  -285.344  0.113532  0.113532  0.154
protocols.relax.FastRelax: CMD: scale:fa_rep  -258.944  0.113532  0.113532  0.30745
core.pack.task: Packer task: initialize from command line() 
core.pack.pack_rotamers: built 1886 rotamers at 76 positions.
core.pack.interaction_graph.interaction_graph_factory: Instantiating DensePDInteractionGraph
protocols.relax.FastRelax: CMD: repack  -258.944  0.113532  0.113532  0.30745
protocols.relax.FastRelax: CMD: scale:fa_rep  -256.863  0.113532  0.113532  0.31955
protocols.relax.FastRelax: CMD: min  -264.373  0.217566  0.217566  0.31955
protocols.relax.FastRelax: CMD: coord_cst_weight  -264.373  0.217566  0.217566  0.31955
protocols.relax.FastRelax: CMD: scale:fa_rep  -237.082  0.217566  0.217566  0.55
core.pack.task: Packer task: initialize from command line() 
core.pack.pack_rotamers: built 1804 rotamers at 76 positions.
core.pack.interaction_graph.interaction_graph_factory: Instantiating DensePDInteractionGraph
protocols.relax.FastRelax: CMD: repack  -237.082  0.217566  0.217566  0.55
protocols.relax.FastRelax: CMD: min  -243.151  0.205703  0.205703  0.55
protocols.relax.FastRelax: MRP: 2  -243.151  -243.151  0.205703  0.205703  
protocols.relax.FastRelax: CMD: accept_to_best  -243.151  0.205703  0.205703  0.55
protocols.relax.FastRelax: CMD: endrepeat  -243.151  0.205703  0.205703  0.55
protocols.relax.FastRelax: CMD: coord_cst_weight  -217.807  0.205703  0.205703  0.55
protocols.relax.FastRelax: CMD: scale:fa_rep  -257.477  0.205703  0.205703  0.022
core.pack.task: Packer task: initialize from command line() 
core.pack.pack_rotamers: built 2292 rotamers at 76 positions.
core.pack.interaction_graph.interaction_graph_factory: Instantiating DensePDInteractionGraph
protocols.relax.FastRelax: CMD: repack  -262.822  0.205703  0.205703  0.022
protocols.relax.FastRelax: CMD: scale:fa_rep  -261.134  0.205703  0.205703  0.02805
protocols.relax.FastRelax: CMD: min  -311.197  0.126043  0.126043  0.02805
protocols.relax.FastRelax: CMD: coord_cst_weight  -314.714  0.126043  0.126043  0.02805
protocols.relax.FastRelax: CMD: scale:fa_rep  -262.016  0.126043  0.126043  0.14575
core.pack.task: Packer task: initialize from command line() 
core.pack.pack_rotamers: built 2004 rotamers at 76 positions.
core.pack.interaction_graph.interaction_graph_factory: Instantiating DensePDInteractionGraph
protocols.relax.FastRelax: CMD: repack  -264.028  0.126043  0.126043  0.14575
protocols.relax.FastRelax: CMD: scale:fa_rep  -260.686  0.126043  0.126043  0.154
protocols.relax.FastRelax: CMD: min  -282.719  0.122066  0.122066  0.154
protocols.relax.FastRelax: CMD: coord_cst_weight  -286.239  0.122066  0.122066  0.154
protocols.relax.FastRelax: CMD: scale:fa_rep  -259.44  0.122066  0.122066  0.30745
core.pack.task: Packer task: initialize from command line() 
core.pack.pack_rotamers: built 1892 rotamers at 76 positions.
core.pack.interaction_graph.interaction_graph_factory: Instantiating DensePDInteractionGraph
protocols.relax.FastRelax: CMD: repack  -259.44  0.122066  0.122066  0.30745
protocols.relax.FastRelax: CMD: scale:fa_rep  -257.327  0.122066  0.122066  0.31955
protocols.relax.FastRelax: CMD: min  -265.35  0.224148  0.224148  0.31955
protocols.relax.FastRelax: CMD: coord_cst_weight  -265.35  0.224148  0.224148  0.31955
protocols.relax.FastRelax: CMD: scale:fa_rep  -238.131  0.224148  0.224148  0.55
core.pack.task: Packer task: initialize from command line() 
core.pack.pack_rotamers: built 1811 rotamers at 76 positions.
core.pack.interaction_graph.interaction_graph_factory: Instantiating DensePDInteractionGraph
protocols.relax.FastRelax: CMD: repack  -238.131  0.224148  0.224148  0.55
protocols.relax.FastRelax: CMD: min  -244.218  0.219682  0.219682  0.55
protocols.relax.FastRelax: MRP: 3  -244.218  -244.218  0.219682  0.219682  
protocols.relax.FastRelax: CMD: accept_to_best  -244.218  0.219682  0.219682  0.55
protocols.relax.FastRelax: CMD: endrepeat  -244.218  0.219682  0.219682  0.55
protocols.relax.FastRelax: CMD: coord_cst_weight  -215.059  0.219682  0.219682  0.55
protocols.relax.FastRelax: CMD: scale:fa_rep  -254.152  0.219682  0.219682  0.022
core.pack.task: Packer task: initialize from command line() 
core.pack.pack_rotamers: built 2281 rotamers at 76 positions.
core.pack.interaction_graph.interaction_graph_factory: Instantiating DensePDInteractionGraph
protocols.relax.FastRelax: CMD: repack  -259.331  0.219682  0.219682  0.022
protocols.relax.FastRelax: CMD: scale:fa_rep  -258.249  0.219682  0.219682  0.02805
protocols.relax.FastRelax: CMD: min  -311.179  0.12646  0.12646  0.02805
protocols.relax.FastRelax: CMD: coord_cst_weight  -314.72  0.12646  0.12646  0.02805
protocols.relax.FastRelax: CMD: scale:fa_rep  -261.858  0.12646  0.12646  0.14575
core.pack.task: Packer task: initialize from command line() 
core.pack.pack_rotamers: built 2003 rotamers at 76 positions.
core.pack.interaction_graph.interaction_graph_factory: Instantiating DensePDInteractionGraph
protocols.relax.FastRelax: CMD: repack  -263.745  0.12646  0.12646  0.14575
protocols.relax.FastRelax: CMD: scale:fa_rep  -260.375  0.12646  0.12646  0.154
protocols.relax.FastRelax: CMD: min  -282.726  0.122252  0.122252  0.154
protocols.relax.FastRelax: CMD: coord_cst_weight  -286.25  0.122252  0.122252  0.154
protocols.relax.FastRelax: CMD: scale:fa_rep  -259.544  0.122252  0.122252  0.30745
core.pack.task: Packer task: initialize from command line() 
core.pack.pack_rotamers: built 1892 rotamers at 76 positions.
core.pack.interaction_graph.interaction_graph_factory: Instantiating DensePDInteractionGraph
protocols.relax.FastRelax: CMD: repack  -259.544  0.122252  0.122252  0.30745
protocols.relax.FastRelax: CMD: scale:fa_rep  -257.438  0.122252  0.122252  0.31955
protocols.relax.FastRelax: CMD: min  -265.37  0.226681  0.226681  0.31955
protocols.relax.FastRelax: CMD: coord_cst_weight  -265.37  0.226681  0.226681  0.31955
protocols.relax.FastRelax: CMD: scale:fa_rep  -238.281  0.226681  0.226681  0.55
core.pack.task: Packer task: initialize from command line() 
core.pack.pack_rotamers: built 1813 rotamers at 76 positions.
core.pack.interaction_graph.interaction_graph_factory: Instantiating DensePDInteractionGraph
protocols.relax.FastRelax: CMD: repack  -238.281  0.226681  0.226681  0.55
protocols.relax.FastRelax: CMD: min  -244.211  0.219104  0.219104  0.55
protocols.relax.FastRelax: MRP: 4  -244.211  -244.218  0.219682  0.219682  
protocols.relax.FastRelax: CMD: accept_to_best  -244.211  0.219104  0.219104  0.55
protocols.relax.FastRelax: CMD: endrepeat  -244.211  0.219104  0.219104  0.55
protocols::checkpoint: Deleting checkpoints of FastRelax
protocols.rosetta_scripts.ParsedProtocol: setting status to success
protocols.jd2.JobDistributor: prepare_pab1_raw_0001 reported success in 66 seconds
protocols.jd2.JobDistributor: no more batches to process... 
protocols.jd2.JobDistributor: 1 jobs considered, 1 jobs attempted in 66 seconds
basic.citation_manager.CitationManager: 
The following Rosetta modules were used during this run of Rosetta, and should be cited:

rosetta_scripts Application's citation(s):
Fleishman SJ, Leaver-Fay A, Corn JE, Strauch E-M, Khare SD, Koga N, Ashworth J, Murphy P, Richter F, Lemmon G, Meiler J, and Baker D.  (2011).  RosettaScripts: A Scripting Language Interface to the Rosetta Macromolecular Modeling Suite.  PLoS ONE 6(6):e20161.  doi: 10.1371/journal.pone.0020161.

FastRelax Mover's citation(s):
*Tyka MD, *Keedy DA, André I, Dimaio F, Song Y, Richardson DC, Richardson JS, and Baker D.  (2011).  Alternate states of proteins revealed by detailed energy landscape mapping.  J Mol Biol 405(2):607-18.  doi: 10.1016/j.jmb.2010.11.008.  (*Co-primary authors.)

Khatib F, Cooper S, Tyka MD, Xu K, Makedon I, Popovic Z, Baker D, and Players F.  (2011).  Algorithm discovery by protein folding game players.  Proc Natl Acad Sci USA 108(47):18949-53.  doi: 10.1073/pnas.1115898108.

Maguire JB, Haddox HK, Strickland D, Halabiya SF, Coventry B, Griffin JR, Pulavarti SVSRK, Cummins M, Thieker DF, Klavins E, Szyperski T, DiMaio F, Baker D, and Kuhlman B.  (2021).  Perturbing the energy landscape for improved packing during computational protein design.  Proteins 89(4):436-449.  doi: 10.1002/prot.26030.


